== e120 PART B: chain-geometry pair density dial ==
  B F=(33, 34) M=64 single (33,) intact: SAT [0.0s]
  B F=(33, 34) M=64 single (34,) intact: SAT [0.0s]
  B F=(33, 34) M=64 k=64: UNSAT [0.0s]
  B F=(33, 34) M=64 k=32: SAT [0.0s] dropped=[97, 98, 99, 100, 101, 102, 103, 104, 105, 106, 107, 108, 109, 110, 111, 112, 113, 114, 115, 116, 117, 118, 119, 120, 121, 122, 123, 124, 125, 126, 127, 128]
  B F=(33, 34) M=64 k=48: SAT [0.0s] dropped=[65, 66, 67, 68, 69, 70, 71, 72, 73, 74, 75, 76, 77, 78, 79]
  B F=(33, 34) M=64 k=56: SAT [0.0s] dropped=[66, 68, 70, 72, 74, 76, 78, 80]
  B F=(33, 34) M=64 k=60: UNSAT [2.0s]
  B F=(33, 34) M=64 k=58: UNSAT [22.8s]
  B F=(33, 34) M=64 k=57: UNSAT [121.8s]
  >> B F=(33, 34) M=64: k_crit=56 d*=8 rho*=0.875 escape drops [66, 68, 70, 72, 74, 76, 78, 80]
  B F=(49, 50) M=96 single (49,) intact: SAT [0.1s]
  B F=(49, 50) M=96 single (50,) intact: SAT [0.1s]
  B F=(49, 50) M=96 k=96: UNSAT [0.1s]
  B F=(49, 50) M=96 k=48: SAT [0.1s] dropped=[145, 146, 147, 148, 149, 150, 151, 152, 153, 154, 155, 156, 157, 158, 159, 160, 161, 162, 163, 164, 165, 166, 167, 168, 169, 170, 171, 172, 173, 174, 175, 176, 177, 178, 179, 180, 181, 182, 183, 184, 185, 186, 187, 188, 189, 190, 191, 192]
  B F=(49, 50) M=96 k=72: SAT [0.2s] dropped=[97, 98, 99, 100, 101, 102, 103, 104, 105, 106, 107, 108, 109, 110, 111, 112, 113, 114, 115, 116, 117, 118, 119]
  B F=(49, 50) M=96 k=84: SAT [0.2s] dropped=[98, 100, 102, 104, 106, 108, 110, 112, 114, 116, 118, 120]
  B F=(49, 50) M=96 k=90: UNSAT [60.7s]
== e120 PART B: chain-geometry pair density dial ==
  B F=(49, 50) M=96 single (49,) intact: SAT [0.1s]
  B F=(49, 50) M=96 single (50,) intact: SAT [0.1s]
  B F=(49, 50) M=96 k=96: UNSAT [0.1s]
  B F=(49, 50) M=96 k=48: SAT [0.1s] dropped=[145, 146, 147, 148, 149, 150, 151, 152, 153, 154, 155, 156, 157, 158, 159, 160, 161, 162, 163, 164, 165, 166, 167, 168, 169, 170, 171, 172, 173, 174, 175, 176, 177, 178, 179, 180, 181, 182, 183, 184, 185, 186, 187, 188, 189, 190, 191, 192]
  B F=(49, 50) M=96 k=72: SAT [0.2s] dropped=[97, 98, 99, 100, 101, 102, 103, 104, 105, 106, 107, 108, 109, 110, 111, 112, 113, 114, 115, 116, 117, 118, 119]
  B F=(49, 50) M=96 k=84: SAT [0.2s] dropped=[98, 100, 102, 104, 106, 108, 110, 112, 114, 116, 118, 120]
  B F=(49, 50) M=96 k=90: UNSAT [55.5s]
