== e120 PART A: fixed-pair density dial ==
  A F=(15, 16) M=64 k=64: UNSAT [0.0s]
  A F=(15, 16) M=64 k=52: SAT [0.0s] dropped=[117, 118, 119, 120, 121, 122, 123, 124, 125, 126, 127, 128]
  A F=(15, 16) M=64 k=58: SAT [0.0s] dropped=[65, 66, 67, 69, 70, 71]
  A F=(15, 16) M=64 k=61: SAT [0.0s] dropped=[66, 68, 69]
  A F=(15, 16) M=64 k=62: UNSAT [0.3s]
  >> A F=(15, 16) M=64: k_crit=61 d*=3 rho*=0.953 escape drops [66, 68, 69]
  A F=(15, 16) M=96 k=96: UNSAT [0.1s]
  A F=(15, 16) M=96 k=84: SAT [0.1s] dropped=[181, 182, 183, 184, 185, 186, 187, 188, 189, 190, 191, 192]
  A F=(15, 16) M=96 k=90: SAT [0.1s] dropped=[97, 98, 99, 101, 102, 103]
  A F=(15, 16) M=96 k=93: SAT [0.1s] dropped=[98, 100, 101]
  A F=(15, 16) M=96 k=94: UNSAT [1.4s]
  >> A F=(15, 16) M=96: k_crit=93 d*=3 rho*=0.969 escape drops [98, 100, 101]
  A F=(15, 16) M=128 k=128: UNSAT [0.3s]
  A F=(15, 16) M=128 k=116: SAT [0.2s] dropped=[245, 246, 247, 248, 249, 250, 251, 252, 253, 254, 255, 256]
  A F=(15, 16) M=128 k=122: SAT [0.2s] dropped=[129, 130, 131, 133, 134, 135]
  A F=(15, 16) M=128 k=125: SAT [0.4s] dropped=[130, 132, 133]
  A F=(15, 16) M=128 k=126: UNSAT [4.7s]
  >> A F=(15, 16) M=128: k_crit=125 d*=3 rho*=0.977 escape drops [130, 132, 133]
  A F=(11, 12) M=64 k=64: UNSAT [0.0s]
  A F=(11, 12) M=64 k=52: SAT [0.0s] dropped=[117, 118, 119, 120, 121, 122, 123, 124, 125, 126, 127, 128]
  A F=(11, 12) M=64 k=58: SAT [0.0s] dropped=[65, 66, 67, 69, 70, 71]
  A F=(11, 12) M=64 k=61: SAT [0.0s] dropped=[65, 66, 69]
  A F=(11, 12) M=64 k=62: SAT [0.0s] dropped=[66, 68]
  A F=(11, 12) M=64 k=63: UNSAT [0.1s]
  >> A F=(11, 12) M=64: k_crit=62 d*=2 rho*=0.969 escape drops [66, 68]
  A F=(11, 12) M=96 k=96: UNSAT [0.1s]
  A F=(11, 12) M=96 k=84: SAT [0.1s] dropped=[181, 182, 183, 184, 185, 186, 187, 188, 189, 190, 191, 192]
  A F=(11, 12) M=96 k=90: SAT [0.1s] dropped=[97, 98, 99, 101, 102, 103]
  A F=(11, 12) M=96 k=93: SAT [0.2s] dropped=[98, 99, 100]
  A F=(11, 12) M=96 k=94: SAT [0.1s] dropped=[97, 100]
  A F=(11, 12) M=96 k=95: UNSAT [0.3s]
  >> A F=(11, 12) M=96: k_crit=94 d*=2 rho*=0.979 escape drops [97, 100]
  A F=(11, 12) M=128 k=128: UNSAT [0.2s]
  A F=(11, 12) M=128 k=116: SAT [0.2s] dropped=[245, 246, 247, 248, 249, 250, 251, 252, 253, 254, 255, 256]
  A F=(11, 12) M=128 k=122: SAT [0.2s] dropped=[129, 130, 131, 133, 134, 135]
  A F=(11, 12) M=128 k=125: SAT [0.2s] dropped=[129, 130, 133]
  A F=(11, 12) M=128 k=126: SAT [0.3s] dropped=[130, 132]
  A F=(11, 12) M=128 k=127: UNSAT [0.7s]
  >> A F=(11, 12) M=128: k_crit=126 d*=2 rho*=0.984 escape drops [130, 132]
TOTAL 14.2s
