M=16: A4a(11) A4b(11) A4c(11) A4d(11) A4c(13) B2(13) B6(13) A4a(15) A4b(15) A4c(15) A4d(15) B2(15) B6(15) D3(15) A4a(17) A4b(17) A4d(17) B2(17) A4a(19) A4b(19) A4d(19) D3(21)  (0.0s, total 0s)
M=17: A4a(15) A4c(15) C(15) A4a(17) A4c(17) C(17) A4a(19) C(19)  (0.0s, total 0s)
M=18: B2(11) A4a(13) A4b(13) A4c(13) A4d(13) A4c(15) A4d(15) B2(15) B6(15) A4a(17) A4b(17) A4c(17) A4d(17) B2(17) B6(17) A4a(19) A4b(19) A4d(19) B2(19) A4a(21) A4b(21) A4d(21) D3(21)  (0.0s, total 0s)
M=19: A4a(17) A4c(17) C(17) A4a(19) A4c(19) C(19) A4a(21) C(21)  (0.0s, total 0s)
M=20: B2(13) A4a(15) A4b(15) A4c(15) A4d(15) A4a(17) A4b(17) A4c(17) A4d(17) B2(17) B6(17) A4a(19) A4b(19) A4c(19) A4d(19) B2(19) B6(19) A4a(21) A4b(21) A4d(21) B2(21) D3(21)  (0.0s, total 0s)
M=21: C(11) A4a(19) A4c(19) C(19) A4a(21) A4c(21) C(21)  (0.0s, total 0s)
M=22: B6(11) B2(15) A4a(17) A4b(17) A4c(17) A4d(17) B6(17) A4a(19) A4b(19) A4c(19) A4d(19) B2(19) B6(19) A4a(21) A4b(21) A4c(21) A4d(21) B2(21) B6(21)  (0.0s, total 0s)
M=23: A4a(13) A4c(13) C(13) A4a(21) A4c(21) C(21)  (0.0s, total 0s)
M=24: A4a(11) A4b(11) A4c(11) A4d(11) B6(13) D3(15) B2(17) B6(17) A4a(19) A4b(19) A4c(19) A4d(19) B2(19) B6(19) A4a(21) A4b(21) A4c(21) A4d(21) B2(21) B6(21)  (0.0s, total 0s)
M=25: A4a(15) A4c(15) C(15) A4a(19) A4c(19) C(19) A4a(21) A4c(21) C(21)  (0.0s, total 0s)
M=26: B2(11) A4a(13) A4b(13) A4c(13) A4d(13) B6(15) A4d(19) B2(19) B6(19) A4a(21) A4b(21) A4c(21) A4d(21) B2(21) B6(21)  (0.0s, total 0s)
M=27: A4a(17) A4c(17) C(17) A4a(21) A4c(21) C(21)  (0.0s, total 0s)
M=28: B2(13) A4a(15) A4b(15) A4c(15) A4d(15) B6(17) A4a(21) A4b(21) A4c(21) A4d(21) B2(21) B6(21) D3(21)  (0.0s, total 0s)
M=29: C(11) A4a(19) A4c(19) C(19)  (0.0s, total 0s)
M=30: B6(11) B2(15) A4a(17) A4b(17) A4c(17) A4d(17) A4c(19) B6(19) A4d(21) B6(21)  (0.0s, total 0s)
M=31: A4a(13) C(13) A4a(21) A4c(21) C(21)  (0.0s, total 0s)
M=32: A4a(11) A4b(11) A4c(11) A4d(11) B6(13) D3(15) B2(17) A4a(19) A4b(19) A4c(19) A4d(19) A4c(21) B2(21) B6(21)  (0.0s, total 0s)
M=33: A4a(15) C(15)  (0.0s, total 0s)
M=34: B2(11) A4a(13) A4b(13) A4c(13) A4d(13) B6(15) B2(19) A4a(21) A4b(21) A4c(21) A4d(21)  (0.0s, total 0s)
M=35: A4a(17) C(17)  (0.0s, total 0s)
M=36: B2(13) A4a(15) A4b(15) A4c(15) A4d(15) B6(17) B2(21) D3(21)  (0.1s, total 0s)
M=37: A4a(11) C(11) A4a(19) C(19)  (0.0s, total 0s)
M=38: B6(11) B2(15) A4a(17) A4b(17) A4c(17) A4d(17) B6(19)  (0.0s, total 0s)
M=39: A4a(13) C(13) A4a(21) A4c(21) C(21)  (0.1s, total 0s)
M=40: A4a(11) A4b(11) A4c(11) A4d(11) B6(13) D3(15) B2(17) A4a(19) A4b(19) A4c(19) A4d(19) B6(21)  (0.1s, total 1s)
M=41: A4a(15) C(15)  (0.1s, total 1s)
M=42: B2(11) A4a(13) A4b(13) A4c(13) A4d(13) B6(15) B2(19) A4a(21) A4b(21) A4c(21) A4d(21)  (0.1s, total 1s)
M=43: A4a(17) C(17)  (0.1s, total 1s)
M=44: B2(13) A4a(15) A4b(15) A4c(15) A4d(15) B6(17) B2(21) D3(21)  (0.1s, total 1s)
M=45: A4a(11) C(11) A4a(19) C(19)  (0.1s, total 1s)
M=46: B6(11) B2(15) A4a(17) A4b(17) A4c(17) A4d(17) B6(19)  (0.1s, total 1s)
M=47: A4a(13) C(13) A4a(21) C(21)  (0.0s, total 1s)
M=48: A4a(11) A4b(11) A4c(11) A4d(11) B6(13) D3(15) B2(17) A4a(19) A4b(19) A4c(19) A4d(19) B6(21)  (0.1s, total 1s)
M=49: A4a(15) C(15)  (0.1s, total 1s)
M=50: B2(11) A4a(13) A4b(13) A4c(13) A4d(13) B6(15) B2(19) A4a(21) A4b(21) A4c(21) A4d(21)  (0.1s, total 1s)
M=51: A4a(17) C(17)  (0.1s, total 1s)
M=52: B2(13) A4a(15) A4b(15) A4c(15) A4d(15) B6(17) B2(21) D3(21)  (0.1s, total 2s)
M=53: A4a(11) C(11) A4a(19) C(19)  (0.1s, total 2s)
M=54: B6(11) B2(15) A4a(17) A4b(17) A4c(17) A4d(17) B6(19)  (0.1s, total 2s)
M=55: A4a(13) C(13) A4a(21) C(21)  (0.1s, total 2s)
M=56: A4a(11) A4b(11) A4c(11) A4d(11) B6(13) D3(15) B2(17) A4a(19) A4b(19) A4c(19) A4d(19) B6(21)  (0.2s, total 2s)
M=57: A4a(15) C(15)  (0.2s, total 2s)
M=58: B2(11) A4a(13) A4b(13) A4c(13) A4d(13) B6(15) B2(19) A4a(21) A4b(21) A4c(21) A4d(21)  (0.2s, total 2s)
M=59: A4a(17) C(17)  (0.1s, total 3s)
M=60: B2(13) A4a(15) A4b(15) A4c(15) A4d(15) B6(17) B2(21) D3(21)  (0.2s, total 3s)
M=61: A4a(11) C(11) A4a(19) C(19)  (0.2s, total 3s)
M=62: B6(11) B2(15) A4a(17) A4b(17) A4c(17) A4d(17) B6(19)  (0.2s, total 3s)
M=63: A4a(13) C(13) A4a(21) C(21)  (0.2s, total 3s)
M=64: A4a(11) A4b(11) A4c(11) A4d(11) B6(13) D3(15) B2(17) A4a(19) A4b(19) A4c(19) A4d(19) B6(21)  (0.2s, total 4s)
M=65: A4a(15) C(15)  (0.2s, total 4s)
M=66: B2(11) A4a(13) A4b(13) A4c(13) A4d(13) B6(15) B2(19) A4a(21) A4b(21) A4c(21) A4d(21)  (0.3s, total 4s)
M=67: A4a(17) C(17)  (0.2s, total 4s)
M=68: B2(13) A4a(15) A4b(15) A4c(15) A4d(15) B6(17) B2(21) D3(21)  (0.3s, total 5s)
M=69: A4a(11) C(11) A4a(19) C(19)  (0.4s, total 5s)
M=70: B6(11) B2(15) A4a(17) A4b(17) A4c(17) A4d(17) B6(19)  (0.4s, total 6s)
M=71: A4a(13) C(13) A4a(21) C(21)  (0.4s, total 6s)
M=72: A4a(11) A4b(11) A4c(11) A4d(11) B6(13) D3(15) B2(17) A4a(19) A4b(19) A4c(19) A4d(19) B6(21)  (0.5s, total 6s)
M=73: A4a(15) C(15)  (0.4s, total 7s)
M=74: B2(11) A4a(13) A4b(13) A4c(13) A4d(13) B6(15) B2(19) A4a(21) A4b(21) A4c(21) A4d(21)  (0.5s, total 7s)
M=75: A4a(17) C(17)  (0.4s, total 8s)
M=76: B2(13) A4a(15) A4b(15) A4c(15) A4d(15) B6(17) B2(21) D3(21)  (0.5s, total 8s)
M=77: A4a(11) C(11) A4a(19) C(19)  (0.5s, total 9s)
M=78: B6(11) B2(15) A4a(17) A4b(17) A4c(17) A4d(17) B6(19)  (0.5s, total 9s)
M=79: A4a(13) C(13) A4a(21) C(21)  (0.4s, total 10s)
M=80: A4a(11) A4b(11) A4c(11) A4d(11) B6(13) D3(15) B2(17) A4a(19) A4b(19) A4c(19) A4d(19) B6(21)  (0.6s, total 10s)
M=81: A4a(15) C(15)  (0.4s, total 11s)
M=82: B2(11) A4a(13) A4b(13) A4c(13) A4d(13) B6(15) B2(19) A4a(21) A4b(21) A4c(21) A4d(21)  (0.7s, total 11s)
M=83: A4a(17) C(17)  (0.5s, total 12s)
M=84: B2(13) A4a(15) A4b(15) A4c(15) A4d(15) B6(17) B2(21) D3(21)  (1.1s, total 13s)
M=85: A4a(11) C(11) A4a(19) C(19)  (0.9s, total 14s)
M=86: B6(11) B2(15) A4a(17) A4b(17) A4c(17) A4d(17) B6(19)  (0.8s, total 15s)
M=87: A4a(13) C(13) A4a(21) C(21)  (0.8s, total 16s)
M=88: A4a(11) A4b(11) A4c(11) A4d(11) B6(13) D3(15) B2(17) A4a(19) A4b(19) A4c(19) A4d(19) B6(21)  (0.8s, total 16s)
M=89: A4a(15) C(15)  (0.8s, total 17s)
M=90: B2(11) A4a(13) A4b(13) A4c(13) A4d(13) B6(15) B2(19) A4a(21) A4b(21) A4c(21) A4d(21)  (1.2s, total 18s)
M=91: A4a(17) C(17)  (0.9s, total 19s)
M=92: B2(13) A4a(15) A4b(15) A4c(15) A4d(15) B6(17) B2(21) D3(21)  (1.0s, total 20s)
M=93: A4a(11) C(11) A4a(19) C(19)  (1.0s, total 21s)
M=94: B6(11) B2(15) A4a(17) A4b(17) A4c(17) A4d(17) B6(19)  (1.4s, total 23s)
M=95: A4a(13) C(13) A4a(21) C(21)  (1.1s, total 24s)
M=96: A4a(11) A4b(11) A4c(11) A4d(11) B6(13) D3(15) B2(17) A4a(19) A4b(19) A4c(19) A4d(19) B6(21)  (1.3s, total 25s)
M=97: A4a(15) C(15)  (0.9s, total 26s)
M=98: B2(11) A4a(13) A4b(13) A4c(13) A4d(13) B6(15) B2(19) A4a(21) A4b(21) A4c(21) A4d(21)  (1.2s, total 27s)
M=99: A4a(17) C(17)  (1.0s, total 28s)
M=100: B2(13) A4a(15) A4b(15) A4c(15) A4d(15) B6(17) B2(21) D3(21)  (1.6s, total 30s)
M=101: A4a(11) C(11) A4a(19) C(19)  (1.1s, total 31s)
M=102: B6(11) B2(15) A4a(17) A4b(17) A4c(17) A4d(17) B6(19)  (1.4s, total 32s)
M=103: A4a(13) C(13) A4a(21) C(21)  (1.4s, total 34s)
M=104: A4a(11) A4b(11) A4c(11) A4d(11) B6(13) D3(15) B2(17) A4a(19) A4b(19) A4c(19) A4d(19) B6(21)  (2.2s, total 36s)
M=105: A4a(15) C(15)  (1.4s, total 37s)
M=106: B2(11) A4a(13) A4b(13) A4c(13) A4d(13) B6(15) B2(19) A4a(21) A4b(21) A4c(21) A4d(21)  (2.2s, total 39s)
M=107: A4a(17) C(17)  (1.7s, total 41s)
M=108: B2(13) A4a(15) A4b(15) A4c(15) A4d(15) B6(17) B2(21) D3(21)  (2.4s, total 44s)
M=109: A4a(11) C(11) A4a(19) C(19)  (1.9s, total 46s)
M=110: B6(11) B2(15) A4a(17) A4b(17) A4c(17) A4d(17) B6(19)  (2.5s, total 48s)
M=111: A4a(13) C(13) A4a(21) C(21)  (1.7s, total 50s)
M=112: A4a(11) A4b(11) A4c(11) A4d(11) B6(13) D3(15) B2(17) A4a(19) A4b(19) A4c(19) A4d(19) B6(21)  (2.1s, total 52s)
M=113: A4a(15) C(15)  (1.9s, total 54s)
M=114: B2(11) A4a(13) A4b(13) A4c(13) A4d(13) B6(15) B2(19) A4a(21) A4b(21) A4c(21) A4d(21)  (1.9s, total 55s)
M=115: A4a(17) C(17)  (1.3s, total 57s)
M=116: B2(13) A4a(15) A4b(15) A4c(15) A4d(15) B6(17) B2(21) D3(21)  (2.2s, total 59s)
M=117: A4a(11) C(11) A4a(19) C(19)  (1.9s, total 61s)
M=118: B6(11) B2(15) A4a(17) A4b(17) A4c(17) A4d(17) B6(19)  (2.2s, total 63s)
M=119: A4a(13) C(13) A4a(21) C(21)  (2.0s, total 65s)
M=120: A4a(11) A4b(11) A4c(11) A4d(11) B6(13) D3(15) B2(17) A4a(19) A4b(19) A4c(19) A4d(19) B6(21)  (2.2s, total 67s)
M=121: A4a(15) C(15)  (2.0s, total 69s)
M=122: B2(11) A4a(13) A4b(13) A4c(13) A4d(13) B6(15) B2(19) A4a(21) A4b(21) A4c(21) A4d(21)  (3.5s, total 73s)
M=123: A4a(17) C(17)  (2.6s, total 75s)
M=124: B2(13) A4a(15) A4b(15) A4c(15) A4d(15) B6(17) B2(21) D3(21)  (4.4s, total 80s)
M=125: A4a(11) C(11) A4a(19) C(19)  (3.0s, total 83s)
M=126: B6(11) B2(15) A4a(17) A4b(17) A4c(17) A4d(17) B6(19)  (3.4s, total 86s)
M=127: A4a(13) C(13) A4a(21) C(21)  (3.1s, total 89s)
M=128: A4a(11) A4b(11) A4c(11) A4d(11) B6(13) D3(15) B2(17) A4a(19) A4b(19) A4c(19) A4d(19) B6(21)  (3.2s, total 92s)
M=129: A4a(15) C(15)  (3.1s, total 96s)
M=130: B2(11) A4a(13) A4b(13) A4c(13) A4d(13) B6(15) B2(19) A4a(21) A4b(21) A4c(21) A4d(21)  (3.7s, total 99s)
M=131: A4a(17) C(17)  (2.6s, total 102s)
M=132: B2(13) A4a(15) A4b(15) A4c(15) A4d(15) B6(17) B2(21) D3(21)  (3.6s, total 106s)
M=133: A4a(11) C(11) A4a(19) C(19)  (2.6s, total 108s)
M=134: B6(11) B2(15) A4a(17) A4b(17) A4c(17) A4d(17) B6(19)  (3.3s, total 111s)
M=135: A4a(13) C(13) A4a(21) C(21)  (2.8s, total 114s)
M=136: A4a(11) A4b(11) A4c(11) A4d(11) B6(13) D3(15) B2(17) A4a(19) A4b(19) A4c(19) A4d(19) B6(21)  (3.9s, total 118s)
M=137: A4a(15) C(15)  (3.3s, total 122s)
M=138: B2(11) A4a(13) A4b(13) A4c(13) A4d(13) B6(15) B2(19) A4a(21) A4b(21) A4c(21) A4d(21)  (4.5s, total 126s)
M=139: A4a(17) C(17)  (5.6s, total 132s)
M=140: B2(13) A4a(15) A4b(15) A4c(15) A4d(15) B6(17) B2(21) D3(21)  (4.8s, total 137s)
M=141: A4a(11) C(11) A4a(19) C(19)  (4.2s, total 141s)
M=142: B6(11) B2(15) A4a(17) A4b(17) A4c(17) A4d(17) B6(19)  (5.1s, total 146s)
M=143: A4a(13) C(13) A4a(21) C(21)  (3.6s, total 149s)
M=144: A4a(11) A4b(11) A4c(11) A4d(11) B6(13) D3(15) B2(17) A4a(19) A4b(19) A4c(19) A4d(19) B6(21)  (4.5s, total 154s)
M=145: A4a(15) C(15)  (4.2s, total 158s)
M=146: B2(11) A4a(13) A4b(13) A4c(13) A4d(13) B6(15) B2(19) A4a(21) A4b(21) A4c(21) A4d(21)  (5.6s, total 164s)
M=147: A4a(17) C(17)  (4.0s, total 168s)
M=148: B2(13) A4a(15) A4b(15) A4c(15) A4d(15) B6(17) B2(21) D3(21)  (7.4s, total 175s)
M=149: A4a(11) C(11) A4a(19) C(19)  (4.8s, total 180s)
M=150: B6(11) B2(15) A4a(17) A4b(17) A4c(17) A4d(17) B6(19)  (6.4s, total 186s)
M=151: A4a(13) C(13) A4a(21) C(21)  (4.3s, total 191s)
M=152: A4a(11) A4b(11) A4c(11) A4d(11) B6(13) D3(15) B2(17) A4a(19) A4b(19) A4c(19) A4d(19) B6(21)  (7.0s, total 198s)
M=153: A4a(15) C(15)  (7.3s, total 205s)
M=154: B2(11) A4a(13) A4b(13) A4c(13) A4d(13) B6(15) B2(19) A4a(21) A4b(21) A4c(21) A4d(21)  (7.9s, total 213s)
M=155: A4a(17) C(17)  (5.0s, total 218s)
M=156: B2(13) A4a(15) A4b(15) A4c(15) A4d(15) B6(17) B2(21) D3(21)  (6.5s, total 224s)
M=157: A4a(11) C(11) A4a(19) C(19)  (6.2s, total 231s)
M=158: B6(11) B2(15) A4a(17) A4b(17) A4c(17) A4d(17) B6(19)  (8.0s, total 239s)
M=159: A4a(13) C(13) A4a(21) C(21)  (8.1s, total 247s)
M=160: A4a(11) A4b(11) A4c(11) A4d(11) B6(13) D3(15) B2(17) A4a(19) A4b(19) A4c(19) A4d(19) B6(21)  (4.7s, total 251s)

=== fitted laws (true firing sets) ===
A4a(x=11) {t0<b6,t1<b5,t2<b5,t3<b4}: M mod 8 in [0, 5], M >= 30 (+2 sporadic [16, 24])
A4a(x=13) {t2<b6,t3<b5,t4<b5,t5<b4}: M mod 8 in [2, 7] (from 18)
A4a(x=15) {t4<b6,t5<b5,t6<b5,t7<b4}: irregular (37 scales: [16, 17, 20, 25, 28, 33, 36, 41, 44, 49, 52, 57, 60, 65, 68, 73, 76, 81, 84, 89, 92, 97, 100, 105, 108, 113, 116, 121, 124, 129, 132, 137, 140, 145, 148, 153, 156])
A4a(x=17) {t6<b6,t7<b5,t8<b5,t9<b4}: irregular (40 scales: [16, 17, 18, 19, 20, 22, 27, 30, 35, 38, 43, 46, 51, 54, 59, 62, 67, 70, 75, 78, 83, 86, 91, 94, 99, 102, 107, 110, 115, 118, 123, 126, 131, 134, 139, 142, 147, 150, 155, 158])
A4a(x=19) {t8<b6,t9<b5,t10<b5,t11<b4}: irregular (43 scales: [16, 17, 18, 19, 20, 21, 22, 24, 25, 29, 32, 37, 40, 45, 48, 53, 56, 61, 64, 69, 72, 77, 80, 85, 88, 93, 96, 101, 104, 109, 112, 117, 120, 125, 128, 133, 136, 141, 144, 149, 152, 157, 160])
A4a(x=21) {t10<b6,t11<b5,t12<b5,t13<b4}: irregular (44 scales: [18, 19, 20, 21, 22, 23, 24, 25, 26, 27, 28, 31, 34, 39, 42, 47, 50, 55, 58, 63, 66, 71, 74, 79, 82, 87, 90, 95, 98, 103, 106, 111, 114, 119, 122, 127, 130, 135, 138, 143, 146, 151, 154, 159])
A4b(x=11) {t0<b6,t2<b5,t3<b4,t7<b2}: M mod 8 in [0] (from 16)
A4b(x=13) {t2<b6,t4<b5,t5<b4,t9<b2}: M mod 8 in [2] (from 18)
A4b(x=15) {t4<b6,t6<b5,t7<b4,t11<b2}: irregular (19 scales: [16, 20, 28, 36, 44, 52, 60, 68, 76, 84, 92, 100, 108, 116, 124, 132, 140, 148, 156])
A4b(x=17) {t6<b6,t8<b5,t9<b4,t13<b2}: irregular (21 scales: [16, 18, 20, 22, 30, 38, 46, 54, 62, 70, 78, 86, 94, 102, 110, 118, 126, 134, 142, 150, 158])
A4b(x=19) {t8<b6,t10<b5,t11<b4,t15<b2}: irregular (22 scales: [16, 18, 20, 22, 24, 32, 40, 48, 56, 64, 72, 80, 88, 96, 104, 112, 120, 128, 136, 144, 152, 160])
A4b(x=21) {t10<b6,t12<b5,t13<b4,t17<b2}: irregular (22 scales: [18, 20, 22, 24, 26, 28, 34, 42, 50, 58, 66, 74, 82, 90, 98, 106, 114, 122, 130, 138, 146, 154])
A4c(x=11) {t0<b6,t2<b5,t7<b2,t9<b1}: M mod 8 in [0] (from 16)
A4c(x=13) {t2<b6,t4<b5,t9<b2,t11<b1}: irregular (20 scales: [16, 18, 23, 26, 34, 42, 50, 58, 66, 74, 82, 90, 98, 106, 114, 122, 130, 138, 146, 154])
A4c(x=15) {t4<b6,t6<b5,t11<b2,t13<b1}: irregular (22 scales: [16, 17, 18, 20, 25, 28, 36, 44, 52, 60, 68, 76, 84, 92, 100, 108, 116, 124, 132, 140, 148, 156])
A4c(x=17) {t6<b6,t8<b5,t13<b2,t15<b1}: irregular (23 scales: [17, 18, 19, 20, 22, 27, 30, 38, 46, 54, 62, 70, 78, 86, 94, 102, 110, 118, 126, 134, 142, 150, 158])
A4c(x=19) {t8<b6,t10<b5,t15<b2,t17<b1}: irregular (25 scales: [19, 20, 21, 22, 24, 25, 29, 30, 32, 40, 48, 56, 64, 72, 80, 88, 96, 104, 112, 120, 128, 136, 144, 152, 160])
A4c(x=21) {t10<b6,t12<b5,t17<b2,t19<b1}: irregular (27 scales: [21, 22, 23, 24, 25, 26, 27, 28, 31, 32, 34, 39, 42, 50, 58, 66, 74, 82, 90, 98, 106, 114, 122, 130, 138, 146, 154])
A4d(x=11) {t1<b5,t2<b5,t3<b4,t6<b3}: M mod 8 in [0] (from 16)
A4d(x=13) {t3<b5,t4<b5,t5<b4,t8<b3}: M mod 8 in [2] (from 18)
A4d(x=15) {t5<b5,t6<b5,t7<b4,t10<b3}: irregular (20 scales: [16, 18, 20, 28, 36, 44, 52, 60, 68, 76, 84, 92, 100, 108, 116, 124, 132, 140, 148, 156])
A4d(x=17) {t7<b5,t8<b5,t9<b4,t12<b3}: irregular (21 scales: [16, 18, 20, 22, 30, 38, 46, 54, 62, 70, 78, 86, 94, 102, 110, 118, 126, 134, 142, 150, 158])
A4d(x=19) {t9<b5,t10<b5,t11<b4,t14<b3}: irregular (23 scales: [16, 18, 20, 22, 24, 26, 32, 40, 48, 56, 64, 72, 80, 88, 96, 104, 112, 120, 128, 136, 144, 152, 160])
A4d(x=21) {t11<b5,t12<b5,t13<b4,t16<b3}: irregular (23 scales: [18, 20, 22, 24, 26, 28, 30, 34, 42, 50, 58, 66, 74, 82, 90, 98, 106, 114, 122, 130, 138, 146, 154])
B2(x=11) {t2<b5,t5<b3,t7<b2}: M mod 8 in [2] (from 18)
B2(x=13) {t4<b5,t7<b3,t9<b2}: irregular (19 scales: [16, 20, 28, 36, 44, 52, 60, 68, 76, 84, 92, 100, 108, 116, 124, 132, 140, 148, 156])
B2(x=15) {t6<b5,t9<b3,t11<b2}: irregular (20 scales: [16, 18, 22, 30, 38, 46, 54, 62, 70, 78, 86, 94, 102, 110, 118, 126, 134, 142, 150, 158])
B2(x=17) {t8<b5,t11<b3,t13<b2}: irregular (21 scales: [16, 18, 20, 24, 32, 40, 48, 56, 64, 72, 80, 88, 96, 104, 112, 120, 128, 136, 144, 152, 160])
B2(x=19) {t10<b5,t13<b3,t15<b2}: irregular (21 scales: [18, 20, 22, 24, 26, 34, 42, 50, 58, 66, 74, 82, 90, 98, 106, 114, 122, 130, 138, 146, 154])
B2(x=21) {t12<b5,t15<b3,t17<b2}: irregular (22 scales: [20, 22, 24, 26, 28, 32, 36, 44, 52, 60, 68, 76, 84, 92, 100, 108, 116, 124, 132, 140, 148, 156])
B6(x=11) {t3<b4,t5<b3,t10<b1}: M mod 8 in [6] (from 22)
B6(x=13) {t5<b4,t7<b3,t12<b1}: M mod 8 in [0] (from 16)
B6(x=15) {t7<b4,t9<b3,t14<b1}: irregular (19 scales: [16, 18, 26, 34, 42, 50, 58, 66, 74, 82, 90, 98, 106, 114, 122, 130, 138, 146, 154])
B6(x=17) {t9<b4,t11<b3,t16<b1}: irregular (21 scales: [18, 20, 22, 24, 28, 36, 44, 52, 60, 68, 76, 84, 92, 100, 108, 116, 124, 132, 140, 148, 156])
B6(x=19) {t11<b4,t13<b3,t18<b1}: irregular (21 scales: [20, 22, 24, 26, 30, 38, 46, 54, 62, 70, 78, 86, 94, 102, 110, 118, 126, 134, 142, 150, 158])
B6(x=21) {t13<b4,t15<b3,t20<b1}: irregular (22 scales: [22, 24, 26, 28, 30, 32, 40, 48, 56, 64, 72, 80, 88, 96, 104, 112, 120, 128, 136, 144, 152, 160])
C(x=11) {t0<b6,t2<b5,t5<b3}: M mod 8 in [5] (from 21)
C(x=13) {t2<b6,t4<b5,t7<b3}: M mod 8 in [7] (from 23)
C(x=15) {t4<b6,t6<b5,t9<b3}: M mod 8 in [1] (from 17)
C(x=17) {t6<b6,t8<b5,t11<b3}: irregular (19 scales: [17, 19, 27, 35, 43, 51, 59, 67, 75, 83, 91, 99, 107, 115, 123, 131, 139, 147, 155])
C(x=19) {t8<b6,t10<b5,t13<b3}: irregular (21 scales: [17, 19, 21, 25, 29, 37, 45, 53, 61, 69, 77, 85, 93, 101, 109, 117, 125, 133, 141, 149, 157])
C(x=21) {t10<b6,t12<b5,t15<b3}: irregular (22 scales: [19, 21, 23, 25, 27, 31, 39, 47, 55, 63, 71, 79, 87, 95, 103, 111, 119, 127, 135, 143, 151, 159])
D3(x=15) {t3<b6,t5<b5,t10<b3}: M mod 8 in [0] (from 16)
D3(x=21) {t5<b8,t7<b7,t12<b5}: irregular (20 scales: [16, 18, 20, 28, 36, 44, 52, 60, 68, 76, 84, 92, 100, 108, 116, 124, 132, 140, 148, 156])
-> /Users/will/Dev/personal/tasks/math/erdos197/data/e124b_lane_probe.json
