M=24 A4a minus t3<b4: forced = [('b4', 'b5'), ('b4', 'm0+1'), ('b4', 'm0-1'), ('b4', 't3'), ('b6', 'b5'), ('b6', 'm0+1'), ('b6', 'm0-1'), ('b6', 't3'), ('m0+2', 'b5'), ('m0+2', 'm0+1'), ('m0+2', 'm0-1'), ('m0+2', 't1'), ('m0+2', 't3'), ('m0-2', 'b5'), ('m0-2', 'm0+1'), ('m0-2', 'm0-1'), ('m0-2', 't3'), ('t0', 'b5'), ('t0', 'b6'), ('t0', 'm0+1'), ('t0', 'm0-1'), ('t0', 't1'), ('t0', 't3'), ('t1', 'b5'), ('t2', 'b5'), ('t2', 'm0+1'), ('t2', 't1'), ('t2', 't3')]
    + phase t0 hi: NEW forced = [('b4', 'b6'), ('b4', 'm0+2'), ('b4', 'm0-2'), ('b4', 't1'), ('t0', 'm0+2'), ('t0', 't2')]
    phase t1 lo: contradictory on its own
    + phase t2 lo: NEW forced = [('b6', 'b4'), ('b6', 't1'), ('m0+2', 'b4'), ('m0+2', 'b6'), ('m0+2', 't0'), ('m0+2', 't2'), ('m0-2', 'b4'), ('m0-2', 't1'), ('t0', 'b4'), ('t2', 'b4'), ('t2', 'b6'), ('t2', 'm0-1'), ('t2', 't0')]
    + phase t2 hi: NEW forced = [('b4', 'b6'), ('b4', 'm0+2'), ('b4', 'm0-2'), ('b4', 't1'), ('t0', 'm0+2'), ('t0', 't2')]
    phase t3 lo: contradictory on its own
M=24 A4a minus t2<b5: forced = [('b5', 'b4'), ('b5', 'b6'), ('b5', 'm0+2'), ('b5', 'm0-2'), ('b5', 't2'), ('m0+1', 'b4'), ('m0+1', 'b6'), ('m0+1', 'm0+2'), ('m0+1', 'm0-2'), ('m0+1', 't0'), ('m0+1', 't2'), ('m0-1', 'b4'), ('m0-1', 'b6'), ('m0-1', 'm0+2'), ('m0-1', 'm0-2'), ('m0-1', 't2'), ('t0', 'b6'), ('t1', 'b4'), ('t1', 'b5'), ('t1', 'b6'), ('t1', 'm0+2'), ('t1', 'm0-2'), ('t1', 't0'), ('t1', 't2'), ('t3', 'b4'), ('t3', 'b6'), ('t3', 'm0+2'), ('t3', 't0'), ('t3', 't2')]
    + phase t0 hi: NEW forced = [('b4', 'b6'), ('b4', 'm0+2'), ('b4', 'm0-2'), ('b5', 't0'), ('m0-1', 't0'), ('t0', 'm0+2'), ('t0', 't2'), ('t3', 'm0-2')]
    phase t1 hi: contradictory on its own
    + phase t2 lo: NEW forced = [('b5', 't0'), ('b6', 'b4'), ('m0+2', 'b4'), ('m0+2', 'b6'), ('m0+2', 't0'), ('m0+2', 't2'), ('m0-1', 't0'), ('m0-2', 'b4'), ('t0', 'b4'), ('t2', 'b4'), ('t2', 'b6'), ('t2', 't0')]
    + phase t2 hi: NEW forced = [('b4', 'b6'), ('b4', 'm0+2'), ('b4', 'm0-2'), ('t0', 'm0+2'), ('t0', 't2'), ('t3', 'm0-2')]
    phase t3 hi: contradictory on its own
M=24 A4a minus t1<b5: forced = [('b4', 'b5'), ('b4', 'm0+1'), ('b4', 'm0-1'), ('b4', 't1'), ('b5', 'm0+1'), ('b5', 'm0-1'), ('b5', 't1'), ('b6', 'b4'), ('b6', 'b5'), ('b6', 'm0+1'), ('b6', 'm0-1'), ('b6', 't1'), ('b6', 't3'), ('m0+1', 'm0-1'), ('m0+1', 't1'), ('m0+2', 'b4'), ('m0+2', 'b5'), ('m0+2', 'b6'), ('m0+2', 'm0+1'), ('m0+2', 'm0-1'), ('m0+2', 't0'), ('m0+2', 't1'), ('m0+2', 't2'), ('m0+2', 't3'), ('m0-2', 'b4'), ('m0-2', 'b5'), ('m0-2', 'm0+1'), ('m0-2', 'm0-1'), ('m0-2', 't1'), ('m0-2', 't3'), ('t0', 'b4'), ('t0', 'b5'), ('t0', 'b6'), ('t0', 'm0+1'), ('t0', 'm0-1'), ('t0', 't1'), ('t0', 't3'), ('t2', 'b4'), ('t2', 'b5'), ('t2', 'b6'), ('t2', 'm0+1'), ('t2', 'm0-1'), ('t2', 't0'), ('t2', 't1'), ('t2', 't3'), ('t3', 'b4'), ('t3', 'b5'), ('t3', 'm0+1'), ('t3', 'm0-1'), ('t3', 't1')]
    phase t0 hi: contradictory on its own
    phase t1 lo: contradictory on its own
    phase t2 hi: contradictory on its own
    phase t3 lo: contradictory on its own
M=24 A4a minus t0<b6: forced = [('b5', 'b4'), ('b5', 'b6'), ('b5', 'm0+2'), ('b5', 'm0-2'), ('b5', 't0'), ('b6', 'b4'), ('b6', 'm0+2'), ('b6', 't0'), ('m0+1', 'b4'), ('m0+1', 'b5'), ('m0+1', 'b6'), ('m0+1', 'm0+2'), ('m0+1', 'm0-2'), ('m0+1', 't0'), ('m0+1', 't2'), ('m0+1', 't3'), ('m0+2', 'b4'), ('m0+2', 't0'), ('m0-1', 'b4'), ('m0-1', 'b6'), ('m0-1', 'm0+2'), ('m0-1', 'm0-2'), ('m0-1', 't0'), ('m0-2', 'b4'), ('t1', 'b4'), ('t1', 'b5'), ('t1', 'b6'), ('t1', 'm0+2'), ('t1', 'm0-2'), ('t1', 't0'), ('t1', 't2'), ('t2', 'b4'), ('t2', 'b5'), ('t2', 'b6'), ('t2', 'm0+2'), ('t2', 'm0-2'), ('t2', 't0'), ('t3', 'b4'), ('t3', 'b5'), ('t3', 'b6'), ('t3', 'm0+2'), ('t3', 'm0-2'), ('t3', 't0'), ('t3', 't2')]
    + phase t0 hi: NEW forced = [('m0-2', 't0')]
    phase t1 hi: contradictory on its own
    phase t2 hi: contradictory on its own
    phase t3 hi: contradictory on its own
  (0s)
M=24 A4b minus t7<b2: forced = [('b2', 'b4'), ('b2', 'b5'), ('b2', 'm0+1'), ('b2', 'm0-1'), ('b2', 't3'), ('b2', 't7'), ('b4', 'b5'), ('b4', 'm0+1'), ('b4', 'm0-1'), ('b5', 'm0+1'), ('b5', 'm0-1'), ('b6', 'b4'), ('b6', 'b5'), ('b6', 'm0+1'), ('b6', 'm0-1'), ('b6', 't3'), ('b6', 't7'), ('m0+1', 'm0-1'), ('m0+2', 'b4'), ('m0+2', 'b5'), ('m0+2', 'b6'), ('m0+2', 'm0+1'), ('m0+2', 'm0-1'), ('m0+2', 't0'), ('m0+2', 't2'), ('m0+2', 't3'), ('m0+2', 't7'), ('m0-2', 'b4'), ('m0-2', 'b5'), ('m0-2', 'm0+1'), ('m0-2', 'm0-1'), ('m0-2', 't3'), ('m0-2', 't7'), ('t0', 'b4'), ('t0', 'b5'), ('t0', 'b6'), ('t0', 'm0+1'), ('t0', 'm0-1'), ('t0', 't3'), ('t0', 't7'), ('t2', 'b4'), ('t2', 'b5'), ('t2', 'b6'), ('t2', 'm0+1'), ('t2', 'm0-1'), ('t2', 't0'), ('t2', 't3'), ('t2', 't7'), ('t3', 'b4'), ('t3', 'b5'), ('t3', 'm0+1'), ('t3', 'm0-1'), ('t7', 'm0-1')]
    phase t0 hi: contradictory on its own
    phase t2 hi: contradictory on its own
    phase t3 lo: contradictory on its own
    phase t7 lo: contradictory on its own
M=24 A4b minus t3<b4: forced = [('b2', 'b5'), ('b2', 'm0+1'), ('b2', 'm0-1'), ('b4', 'b2'), ('b4', 'b5'), ('b4', 'b6'), ('b4', 'm0+1'), ('b4', 'm0+2'), ('b4', 'm0-1'), ('b4', 'm0-2'), ('b4', 't3'), ('b4', 't7'), ('b5', 'm0-1'), ('b6', 'b5'), ('b6', 'm0+1'), ('b6', 'm0-1'), ('m0+1', 'm0-1'), ('m0+2', 'b2'), ('m0+2', 'b5'), ('m0+2', 'm0+1'), ('m0+2', 'm0-1'), ('m0+2', 't3'), ('m0+2', 't7'), ('m0-2', 'b2'), ('m0-2', 'b5'), ('m0-2', 'm0+1'), ('m0-2', 'm0-1'), ('m0-2', 't3'), ('m0-2', 't7'), ('t0', 'b2'), ('t0', 'b5'), ('t0', 'b6'), ('t0', 'm0+1'), ('t0', 'm0+2'), ('t0', 'm0-1'), ('t0', 't2'), ('t0', 't3'), ('t0', 't7'), ('t2', 'b2'), ('t2', 'b5'), ('t2', 'm0+1'), ('t2', 'm0-1'), ('t2', 't3'), ('t2', 't7'), ('t3', 'm0-1'), ('t7', 'b2'), ('t7', 'b5'), ('t7', 'm0+1'), ('t7', 'm0-1'), ('t7', 't3')]
    + phase t0 lo: NEW forced = [('t0', 'm0-2')]
    phase t2 lo: contradictory on its own
    phase t3 lo: contradictory on its own
    phase t7 lo: contradictory on its own
M=24 A4b minus t2<b5: forced = [('b5', 'b2'), ('b5', 'b4'), ('b5', 'b6'), ('b5', 'm0+2'), ('b5', 'm0-2'), ('b5', 't2'), ('m0+1', 'b2'), ('m0+1', 'b4'), ('m0+1', 'b6'), ('m0+1', 'm0+2'), ('m0+1', 'm0-2'), ('m0+1', 't0'), ('m0+1', 't2'), ('m0-1', 'b2'), ('m0-1', 'b4'), ('m0-1', 'b6'), ('m0-1', 'm0+2'), ('m0-1', 'm0-2'), ('m0-1', 't2'), ('t0', 'b6'), ('t3', 'b4'), ('t3', 'b6'), ('t3', 'm0+2'), ('t3', 't0'), ('t3', 't2'), ('t7', 'b2'), ('t7', 'b6'), ('t7', 'm0+2'), ('t7', 'm0-2'), ('t7', 't0'), ('t7', 't2')]
    + phase t0 hi: NEW forced = [('b4', 'b2'), ('b4', 'b6'), ('b4', 'm0+2'), ('b4', 'm0-2'), ('b5', 't0'), ('m0-1', 't0'), ('t0', 'm0+2'), ('t0', 't2'), ('t3', 'b2'), ('t3', 'm0-2')]
    + phase t2 lo: NEW forced = [('b2', 'b4'), ('b5', 't0'), ('b6', 'b4'), ('m0+2', 'b4'), ('m0+2', 'b6'), ('m0+2', 't0'), ('m0+2', 't2'), ('m0-1', 't0'), ('m0-2', 'b4'), ('t0', 'b4'), ('t2', 'b4'), ('t2', 'b6'), ('t2', 't0'), ('t7', 'b4')]
    + phase t2 hi: NEW forced = [('b4', 'b2'), ('b4', 'b6'), ('b4', 'm0+2'), ('b4', 'm0-2'), ('t0', 'm0+2'), ('t0', 't2'), ('t3', 'b2'), ('t3', 'm0-2')]
    phase t3 hi: contradictory on its own
    phase t7 hi: contradictory on its own
M=24 A4b minus t0<b6: forced = [('b2', 'b4'), ('b5', 'b2'), ('b5', 'b4'), ('b5', 'b6'), ('b5', 'm0+2'), ('b5', 'm0-2'), ('b5', 't0'), ('b6', 'b4'), ('b6', 'm0+2'), ('b6', 't0'), ('m0+1', 'b2'), ('m0+1', 'b4'), ('m0+1', 'b5'), ('m0+1', 'b6'), ('m0+1', 'm0+2'), ('m0+1', 'm0-2'), ('m0+1', 't0'), ('m0+1', 't2'), ('m0+1', 't3'), ('m0+2', 'b4'), ('m0+2', 't0'), ('m0-1', 'b2'), ('m0-1', 'b4'), ('m0-1', 'b6'), ('m0-1', 'm0+2'), ('m0-1', 'm0-2'), ('m0-1', 't0'), ('m0-2', 'b4'), ('t2', 'b2'), ('t2', 'b4'), ('t2', 'b5'), ('t2', 'b6'), ('t2', 'm0+2'), ('t2', 'm0-2'), ('t2', 't0'), ('t3', 'b2'), ('t3', 'b4'), ('t3', 'b5'), ('t3', 'b6'), ('t3', 'm0+2'), ('t3', 'm0-2'), ('t3', 't0'), ('t3', 't2'), ('t7', 'b2'), ('t7', 'b4'), ('t7', 'b5'), ('t7', 'b6'), ('t7', 'm0+2'), ('t7', 'm0-2'), ('t7', 't0'), ('t7', 't2')]
    + phase t0 hi: NEW forced = [('b2', 't0'), ('m0-2', 't0')]
    phase t2 hi: contradictory on its own
    phase t3 hi: contradictory on its own
    phase t7 hi: contradictory on its own
  (0s)
M=24 A4c minus t9<b1: forced = [('b1', 'b5'), ('b1', 'm0+1'), ('b1', 'm0-1'), ('b1', 't9'), ('b2', 'b1'), ('b2', 'b5'), ('b2', 'm0+1'), ('b2', 'm0-1'), ('b2', 't9'), ('b5', 'm0-1'), ('b6', 'b1'), ('b6', 'b5'), ('b6', 'm0+1'), ('b6', 'm0-1'), ('b6', 't9'), ('m0+1', 'm0-1'), ('m0+1', 't9'), ('m0+2', 'b1'), ('m0+2', 'b2'), ('m0+2', 'b5'), ('m0+2', 'm0+1'), ('m0+2', 'm0-1'), ('m0+2', 't7'), ('m0+2', 't9'), ('m0-2', 'b1'), ('m0-2', 'b2'), ('m0-2', 'b5'), ('m0-2', 'm0+1'), ('m0-2', 'm0-1'), ('m0-2', 't7'), ('m0-2', 't9'), ('t0', 'b1'), ('t0', 'b2'), ('t0', 'b5'), ('t0', 'b6'), ('t0', 'm0+1'), ('t0', 'm0+2'), ('t0', 'm0-1'), ('t0', 't2'), ('t0', 't7'), ('t0', 't9'), ('t2', 'b1'), ('t2', 'b2'), ('t2', 'b5'), ('t2', 'm0+1'), ('t2', 'm0-1'), ('t2', 't7'), ('t2', 't9'), ('t7', 'b1'), ('t7', 'b2'), ('t7', 'b5'), ('t7', 'm0+1'), ('t7', 'm0-1'), ('t7', 't9')]
    + phase t0 lo: NEW forced = [('t0', 'm0-2')]
    phase t2 lo: contradictory on its own
    phase t7 lo: contradictory on its own
    phase t9 lo: contradictory on its own
M=24 A4c minus t7<b2: forced = [('b2', 'b1'), ('b2', 'b5'), ('b2', 'm0+1'), ('b2', 'm0-1'), ('b2', 't7'), ('b6', 'b1'), ('b6', 'b5'), ('b6', 'm0+1'), ('b6', 'm0-1'), ('b6', 't7'), ('b6', 't9'), ('m0+2', 'b1'), ('m0+2', 'b5'), ('m0+2', 'm0+1'), ('m0+2', 'm0-1'), ('m0+2', 't7'), ('m0+2', 't9'), ('m0-2', 'b1'), ('m0-2', 'b5'), ('m0-2', 'm0+1'), ('m0-2', 'm0-1'), ('m0-2', 't7'), ('m0-2', 't9'), ('t0', 'b1'), ('t0', 'b5'), ('t0', 'b6'), ('t0', 'm0+1'), ('t0', 'm0-1'), ('t0', 't7'), ('t0', 't9'), ('t2', 'b1'), ('t2', 'b5'), ('t2', 'm0+1'), ('t2', 't7'), ('t2', 't9'), ('t9', 'b1')]
    + phase t0 hi: NEW forced = [('t0', 'm0+2'), ('t0', 't2')]
    + phase t2 lo: NEW forced = [('b2', 't9'), ('m0+2', 'b6'), ('m0+2', 't0'), ('m0+2', 't2'), ('t2', 'b6'), ('t2', 'm0-1'), ('t2', 't0')]
    + phase t2 hi: NEW forced = [('t0', 'm0+2'), ('t0', 't2')]
    phase t7 lo: contradictory on its own
    phase t9 lo: contradictory on its own
M=24 A4c minus t2<b5: forced = [('b1', 'b2'), ('b1', 'b6'), ('b1', 'm0-2'), ('b5', 'b2'), ('b5', 'b6'), ('b5', 'm0+2'), ('b5', 'm0-2'), ('b5', 't2'), ('m0+1', 'b2'), ('m0+1', 'b6'), ('m0+1', 'm0+2'), ('m0+1', 'm0-2'), ('m0+1', 't0'), ('m0+1', 't2'), ('m0-1', 'b2'), ('m0-1', 'b6'), ('m0-1', 'm0+2'), ('m0-1', 'm0-2'), ('m0-1', 't2'), ('t0', 'b6'), ('t7', 'b2'), ('t7', 'b6'), ('t7', 'm0+2'), ('t7', 'm0-2'), ('t7', 't0'), ('t7', 't2'), ('t9', 'b1'), ('t9', 'b2'), ('t9', 'b6'), ('t9', 'm0+2'), ('t9', 'm0-2'), ('t9', 't0'), ('t9', 't2')]
    + phase t0 hi: NEW forced = [('b1', 'm0+2'), ('b1', 't0'), ('b1', 't2'), ('b5', 't0'), ('m0-1', 't0'), ('t0', 'm0+2'), ('t0', 't2')]
    + phase t2 lo: NEW forced = [('b5', 't0'), ('m0+2', 'b6'), ('m0+2', 't0'), ('m0+2', 't2'), ('m0-1', 't0'), ('t2', 'b6'), ('t2', 't0')]
    + phase t2 hi: NEW forced = [('b1', 'm0+2'), ('b1', 't2'), ('t0', 'm0+2'), ('t0', 't2')]
    phase t7 hi: contradictory on its own
    phase t9 hi: contradictory on its own
M=24 A4c minus t0<b6: forced = [('b1', 'b2'), ('b1', 'b6'), ('b1', 'm0+2'), ('b1', 'm0-2'), ('b1', 't0'), ('b5', 'b2'), ('b5', 'b6'), ('b5', 'm0+2'), ('b5', 'm0-2'), ('b5', 't0'), ('b6', 'm0+2'), ('b6', 't0'), ('m0+1', 'b2'), ('m0+1', 'b5'), ('m0+1', 'b6'), ('m0+1', 'm0+2'), ('m0+1', 'm0-2'), ('m0+1', 't0'), ('m0+1', 't2'), ('m0+2', 't0'), ('m0-1', 'b2'), ('m0-1', 'b6'), ('m0-1', 'm0+2'), ('m0-1', 'm0-2'), ('m0-1', 't0'), ('t2', 'b2'), ('t2', 'b5'), ('t2', 'b6'), ('t2', 'm0+2'), ('t2', 'm0-2'), ('t2', 't0'), ('t7', 'b2'), ('t7', 'b5'), ('t7', 'b6'), ('t7', 'm0+2'), ('t7', 'm0-2'), ('t7', 't0'), ('t7', 't2'), ('t9', 'b1'), ('t9', 'b2'), ('t9', 'b5'), ('t9', 'b6'), ('t9', 'm0+2'), ('t9', 'm0-2'), ('t9', 't0'), ('t9', 't2')]
    + phase t0 hi: NEW forced = [('b2', 't0'), ('m0-2', 't0')]
    phase t2 hi: contradictory on its own
    phase t7 hi: contradictory on its own
    phase t9 hi: contradictory on its own
  (0s)
M=24 A4d minus t6<b3: forced = [('b3', 'b4'), ('b3', 'm0+2'), ('b3', 'm0-2'), ('b3', 't6'), ('b5', 'b4'), ('b5', 'm0+2'), ('b5', 'm0-2'), ('m0+1', 'b4'), ('m0+1', 'b5'), ('m0+1', 'm0+2'), ('m0+1', 'm0-2'), ('m0+1', 't2'), ('m0+1', 't3'), ('m0+1', 't6'), ('m0+2', 'b4'), ('m0-1', 'b4'), ('m0-1', 'm0+2'), ('m0-1', 'm0-2'), ('m0-1', 't6'), ('m0-2', 'b4'), ('t1', 'b4'), ('t1', 'b5'), ('t1', 'm0+2'), ('t1', 'm0-2'), ('t1', 't2'), ('t1', 't6'), ('t2', 'b4'), ('t2', 'b5'), ('t2', 'm0+2'), ('t2', 'm0-2'), ('t3', 'b4'), ('t3', 'b5'), ('t3', 'm0+2'), ('t3', 'm0-2'), ('t3', 't2'), ('t3', 't6')]
    phase t1 hi: contradictory on its own
    phase t2 hi: contradictory on its own
    phase t3 hi: contradictory on its own
    phase t6 hi: contradictory on its own
M=24 A4d minus t3<b4: forced = [('b4', 'b3'), ('b4', 'b5'), ('b4', 'm0+1'), ('b4', 'm0-1'), ('b4', 't3'), ('m0+2', 'b5'), ('m0+2', 'm0+1'), ('m0+2', 'm0-1'), ('m0+2', 't1'), ('m0+2', 't3'), ('m0-2', 'b3'), ('m0-2', 'b5'), ('m0-2', 'm0+1'), ('m0-2', 'm0-1'), ('m0-2', 't3'), ('t1', 'b5'), ('t2', 'b5'), ('t2', 'm0+1'), ('t2', 't1'), ('t2', 't3'), ('t6', 'b3'), ('t6', 'b5'), ('t6', 'm0+1'), ('t6', 'm0-1'), ('t6', 't1'), ('t6', 't3')]
    phase t1 lo: contradictory on its own
    + phase t2 lo: NEW forced = [('m0+2', 'b3'), ('m0+2', 'b4'), ('m0-2', 'b4'), ('m0-2', 't1'), ('t2', 'b3'), ('t2', 'm0-1')]
    + phase t2 hi: NEW forced = [('b4', 'm0+2'), ('b4', 'm0-2'), ('b4', 't1')]
    phase t3 lo: contradictory on its own
    + phase t6 lo: NEW forced = [('m0+2', 'b3'), ('m0+2', 'b4'), ('m0-2', 'b4'), ('m0-2', 't1'), ('t2', 'b3'), ('t2', 'm0-1')]
    + phase t6 hi: NEW forced = [('b4', 'm0+2'), ('b4', 'm0-2'), ('b4', 't1')]
M=24 A4d minus t2<b5: forced = [('b3', 'b4'), ('b3', 'm0-2'), ('b5', 'b3'), ('b5', 'b4'), ('b5', 'm0+2'), ('b5', 'm0-1'), ('b5', 'm0-2'), ('b5', 't2'), ('b5', 't6'), ('m0+1', 'b3'), ('m0+1', 'b4'), ('m0+1', 'b5'), ('m0+1', 'm0+2'), ('m0+1', 'm0-1'), ('m0+1', 'm0-2'), ('m0+1', 't1'), ('m0+1', 't2'), ('m0+1', 't3'), ('m0+1', 't6'), ('m0+2', 'b4'), ('m0-1', 'b3'), ('m0-1', 'b4'), ('m0-1', 'm0+2'), ('m0-1', 'm0-2'), ('m0-1', 't2'), ('m0-1', 't6'), ('m0-2', 'b4'), ('t1', 'b3'), ('t1', 'b4'), ('t1', 'b5'), ('t1', 'm0+2'), ('t1', 'm0-1'), ('t1', 'm0-2'), ('t1', 't2'), ('t1', 't6'), ('t3', 'b3'), ('t3', 'b4'), ('t3', 'b5'), ('t3', 'm0+2'), ('t3', 'm0-1'), ('t3', 'm0-2'), ('t3', 't1'), ('t3', 't2'), ('t3', 't6'), ('t6', 'b3'), ('t6', 'b4'), ('t6', 'm0-2')]
    phase t1 hi: contradictory on its own
    phase t2 hi: contradictory on its own
    phase t3 hi: contradictory on its own
    phase t6 hi: contradictory on its own
M=24 A4d minus t1<b5: forced = [('b4', 'b3'), ('b4', 'b5'), ('b4', 'm0+1'), ('b4', 'm0-1'), ('b4', 't1'), ('b5', 'b3'), ('b5', 'm0+1'), ('b5', 'm0-1'), ('b5', 't1'), ('m0+1', 'b3'), ('m0+1', 'm0-1'), ('m0+1', 't1'), ('m0+2', 'b3'), ('m0+2', 'b4'), ('m0+2', 'b5'), ('m0+2', 'm0+1'), ('m0+2', 'm0-1'), ('m0+2', 't1'), ('m0+2', 't3'), ('m0-2', 'b3'), ('m0-2', 'b4'), ('m0-2', 'b5'), ('m0-2', 'm0+1'), ('m0-2', 'm0-1'), ('m0-2', 't1'), ('m0-2', 't3'), ('t2', 'b3'), ('t2', 'b4'), ('t2', 'b5'), ('t2', 'm0+1'), ('t2', 'm0-1'), ('t2', 't1'), ('t2', 't3'), ('t3', 'b3'), ('t3', 'b4'), ('t3', 'b5'), ('t3', 'm0+1'), ('t3', 'm0-1'), ('t3', 't1'), ('t6', 'b3'), ('t6', 'b4'), ('t6', 'b5'), ('t6', 'm0+1'), ('t6', 'm0-1'), ('t6', 't1'), ('t6', 't3')]
    phase t1 lo: contradictory on its own
    phase t2 hi: contradictory on its own
    phase t3 lo: contradictory on its own
    phase t6 hi: contradictory on its own
  (0s)
M=32 A4a minus t3<b4: forced = [('b4', 'b5'), ('b4', 'm0+1'), ('b4', 'm0-1'), ('b4', 't3'), ('b6', 'b5'), ('b6', 'm0+1'), ('b6', 'm0-1'), ('b6', 't3'), ('m0+2', 'b5'), ('m0+2', 'm0+1'), ('m0+2', 'm0-1'), ('m0+2', 't1'), ('m0+2', 't3'), ('m0-2', 'b5'), ('m0-2', 'm0+1'), ('m0-2', 'm0-1'), ('m0-2', 't3'), ('t0', 'b5'), ('t0', 'b6'), ('t0', 'm0+1'), ('t0', 'm0-1'), ('t0', 't1'), ('t0', 't3'), ('t1', 'b5'), ('t2', 'b5'), ('t2', 'm0+1'), ('t2', 't1'), ('t2', 't3')]
    + phase t0 hi: NEW forced = [('b4', 'b6'), ('b4', 'm0+2'), ('b4', 'm0-2'), ('b4', 't1'), ('t0', 'm0+2'), ('t0', 't2')]
    phase t1 lo: contradictory on its own
    + phase t2 lo: NEW forced = [('b6', 'b4'), ('b6', 't1'), ('m0+2', 'b4'), ('m0+2', 'b6'), ('m0+2', 'm0-2'), ('m0+2', 't0'), ('m0+2', 't2'), ('m0-2', 'b4'), ('m0-2', 't1'), ('t0', 'b4'), ('t2', 'b4'), ('t2', 'b6'), ('t2', 'm0-1'), ('t2', 't0')]
    + phase t2 hi: NEW forced = [('b4', 'b6'), ('b4', 'm0+2'), ('b4', 'm0-2'), ('b4', 't1'), ('t0', 'm0+2'), ('t0', 't2')]
    phase t3 lo: contradictory on its own
M=32 A4a minus t2<b5: forced = [('b5', 'b4'), ('b5', 'b6'), ('b5', 'm0+2'), ('b5', 'm0-2'), ('b5', 't2'), ('m0+1', 'b4'), ('m0+1', 'b6'), ('m0+1', 'm0+2'), ('m0+1', 'm0-2'), ('m0+1', 't0'), ('m0+1', 't2'), ('m0-1', 'b4'), ('m0-1', 'b6'), ('m0-1', 'm0+2'), ('m0-1', 'm0-2'), ('m0-1', 't2'), ('t0', 'b6'), ('t1', 'b4'), ('t1', 'b5'), ('t1', 'b6'), ('t1', 'm0+2'), ('t1', 'm0-2'), ('t1', 't0'), ('t1', 't2'), ('t3', 'b4'), ('t3', 'b6'), ('t3', 'm0+2'), ('t3', 'm0-2'), ('t3', 't0'), ('t3', 't2')]
    + phase t0 hi: NEW forced = [('b4', 'b6'), ('b4', 'm0+2'), ('b4', 'm0-2'), ('b5', 't0'), ('m0-1', 't0'), ('t0', 'm0+2'), ('t0', 't2')]
    phase t1 hi: contradictory on its own
    + phase t2 lo: NEW forced = [('b5', 't0'), ('b6', 'b4'), ('m0+2', 'b4'), ('m0+2', 'b6'), ('m0+2', 'm0-2'), ('m0+2', 't0'), ('m0+2', 't2'), ('m0-1', 't0'), ('m0-2', 'b4'), ('t0', 'b4'), ('t2', 'b4'), ('t2', 'b6'), ('t2', 't0')]
    + phase t2 hi: NEW forced = [('b4', 'b6'), ('b4', 'm0+2'), ('b4', 'm0-2'), ('t0', 'm0+2'), ('t0', 't2')]
    phase t3 hi: contradictory on its own
M=32 A4a minus t1<b5: forced = [('b4', 'b5'), ('b4', 'm0+1'), ('b4', 'm0-1'), ('b4', 't1'), ('b5', 'm0+1'), ('b5', 'm0-1'), ('b5', 't1'), ('b6', 'b4'), ('b6', 'b5'), ('b6', 'm0+1'), ('b6', 'm0-1'), ('b6', 't1'), ('b6', 't3'), ('m0+1', 'm0-1'), ('m0+1', 't1'), ('m0+2', 'b4'), ('m0+2', 'b5'), ('m0+2', 'b6'), ('m0+2', 'm0+1'), ('m0+2', 'm0-1'), ('m0+2', 'm0-2'), ('m0+2', 't0'), ('m0+2', 't1'), ('m0+2', 't2'), ('m0+2', 't3'), ('m0-2', 'b4'), ('m0-2', 'b5'), ('m0-2', 'm0+1'), ('m0-2', 'm0-1'), ('m0-2', 't1'), ('m0-2', 't3'), ('t0', 'b4'), ('t0', 'b5'), ('t0', 'b6'), ('t0', 'm0+1'), ('t0', 'm0-1'), ('t0', 't1'), ('t0', 't3'), ('t2', 'b4'), ('t2', 'b5'), ('t2', 'b6'), ('t2', 'm0+1'), ('t2', 'm0-1'), ('t2', 't0'), ('t2', 't1'), ('t2', 't3'), ('t3', 'b4'), ('t3', 'b5'), ('t3', 'm0+1'), ('t3', 'm0-1'), ('t3', 't1')]
    phase t0 hi: contradictory on its own
    phase t1 lo: contradictory on its own
    phase t2 hi: contradictory on its own
    phase t3 lo: contradictory on its own
M=32 A4a minus t0<b6: forced = [('b5', 'b4'), ('b5', 'b6'), ('b5', 'm0+2'), ('b5', 'm0-2'), ('b5', 't0'), ('b6', 'b4'), ('b6', 'm0+2'), ('b6', 't0'), ('m0+1', 'b4'), ('m0+1', 'b5'), ('m0+1', 'b6'), ('m0+1', 'm0+2'), ('m0+1', 'm0-2'), ('m0+1', 't0'), ('m0+1', 't2'), ('m0+1', 't3'), ('m0+2', 'b4'), ('m0+2', 't0'), ('m0-1', 'b4'), ('m0-1', 'b6'), ('m0-1', 'm0+2'), ('m0-1', 'm0-2'), ('m0-1', 't0'), ('m0-2', 'b4'), ('m0-2', 'm0+2'), ('m0-2', 't0'), ('t1', 'b4'), ('t1', 'b5'), ('t1', 'b6'), ('t1', 'm0+2'), ('t1', 'm0-2'), ('t1', 't0'), ('t1', 't2'), ('t2', 'b4'), ('t2', 'b5'), ('t2', 'b6'), ('t2', 'm0+2'), ('t2', 'm0-2'), ('t2', 't0'), ('t3', 'b4'), ('t3', 'b5'), ('t3', 'b6'), ('t3', 'm0+2'), ('t3', 'm0-2'), ('t3', 't0'), ('t3', 't2')]
    phase t1 hi: contradictory on its own
    phase t2 hi: contradictory on its own
    phase t3 hi: contradictory on its own
  (0s)
M=32 A4b minus t7<b2: forced = [('b2', 'b4'), ('b2', 'b5'), ('b2', 'b6'), ('b2', 'm0+1'), ('b2', 'm0-1'), ('b2', 'm0-2'), ('b2', 't3'), ('b2', 't7'), ('b4', 'b5'), ('b4', 'm0+1'), ('b4', 'm0-1'), ('b4', 't7'), ('b5', 'm0+1'), ('b5', 'm0-1'), ('b6', 'b4'), ('b6', 'b5'), ('b6', 'm0+1'), ('b6', 'm0-1'), ('b6', 't3'), ('b6', 't7'), ('m0+1', 'm0-1'), ('m0+2', 'b4'), ('m0+2', 'b5'), ('m0+2', 'b6'), ('m0+2', 'm0+1'), ('m0+2', 'm0-1'), ('m0+2', 'm0-2'), ('m0+2', 't0'), ('m0+2', 't2'), ('m0+2', 't3'), ('m0+2', 't7'), ('m0-2', 'b4'), ('m0-2', 'b5'), ('m0-2', 'm0+1'), ('m0-2', 'm0-1'), ('m0-2', 't3'), ('m0-2', 't7'), ('t0', 'b4'), ('t0', 'b5'), ('t0', 'b6'), ('t0', 'm0+1'), ('t0', 'm0-1'), ('t0', 't3'), ('t0', 't7'), ('t2', 'b4'), ('t2', 'b5'), ('t2', 'b6'), ('t2', 'm0+1'), ('t2', 'm0-1'), ('t2', 't0'), ('t2', 't3'), ('t2', 't7'), ('t3', 'b4'), ('t3', 'b5'), ('t3', 'm0+1'), ('t3', 'm0-1'), ('t3', 't7'), ('t7', 'm0-1')]
    phase t0 hi: contradictory on its own
    phase t2 hi: contradictory on its own
    phase t3 lo: contradictory on its own
    phase t7 lo: contradictory on its own
M=32 A4b minus t3<b4: forced = [('b2', 'b5'), ('b2', 'm0+1'), ('b2', 'm0-1'), ('b2', 't3'), ('b4', 'b2'), ('b4', 'b5'), ('b4', 'b6'), ('b4', 'm0+1'), ('b4', 'm0+2'), ('b4', 'm0-1'), ('b4', 'm0-2'), ('b4', 't3'), ('b4', 't7'), ('b5', 'm0-1'), ('b6', 'b2'), ('b6', 'b5'), ('b6', 'm0+1'), ('b6', 'm0+2'), ('b6', 'm0-1'), ('b6', 't3'), ('b6', 't7'), ('m0+1', 'b5'), ('m0+1', 'm0-1'), ('m0+1', 't3'), ('m0+2', 'b2'), ('m0+2', 'b5'), ('m0+2', 'm0+1'), ('m0+2', 'm0-1'), ('m0+2', 't3'), ('m0+2', 't7'), ('m0-2', 'b2'), ('m0-2', 'b5'), ('m0-2', 'm0+1'), ('m0-2', 'm0+2'), ('m0-2', 'm0-1'), ('m0-2', 't3'), ('m0-2', 't7'), ('t0', 'b2'), ('t0', 'b5'), ('t0', 'b6'), ('t0', 'm0+1'), ('t0', 'm0+2'), ('t0', 'm0-1'), ('t0', 't2'), ('t0', 't3'), ('t0', 't7'), ('t2', 'b2'), ('t2', 'b5'), ('t2', 'm0+1'), ('t2', 'm0+2'), ('t2', 'm0-1'), ('t2', 't3'), ('t2', 't7'), ('t3', 'm0-1'), ('t7', 'b2'), ('t7', 'b5'), ('t7', 'm0+1'), ('t7', 'm0-1'), ('t7', 't3')]
    + phase t0 lo: NEW forced = [('t0', 'm0-2')]
    phase t2 lo: contradictory on its own
    phase t3 lo: contradictory on its own
    phase t7 lo: contradictory on its own
M=32 A4b minus t2<b5: forced = [('b5', 'b2'), ('b5', 'b4'), ('b5', 'b6'), ('b5', 'm0+2'), ('b5', 'm0-2'), ('b5', 't2'), ('m0+1', 'b2'), ('m0+1', 'b4'), ('m0+1', 'b6'), ('m0+1', 'm0+2'), ('m0+1', 'm0-2'), ('m0+1', 't0'), ('m0+1', 't2'), ('m0-1', 'b2'), ('m0-1', 'b4'), ('m0-1', 'b6'), ('m0-1', 'm0+2'), ('m0-1', 'm0-2'), ('m0-1', 't2'), ('t0', 'b6'), ('t3', 'b4'), ('t3', 'b6'), ('t3', 'm0+2'), ('t3', 'm0-2'), ('t3', 't0'), ('t3', 't2'), ('t7', 'b2'), ('t7', 'b6'), ('t7', 'm0+2'), ('t7', 'm0-2'), ('t7', 't0'), ('t7', 't2')]
    + phase t0 hi: NEW forced = [('b4', 'b2'), ('b4', 'b6'), ('b4', 'm0+2'), ('b4', 'm0-2'), ('b5', 't0'), ('m0-1', 't0'), ('t0', 'm0+2'), ('t0', 't2'), ('t3', 'b2')]
    + phase t2 lo: NEW forced = [('b2', 'b4'), ('b2', 'b6'), ('b2', 'm0-2'), ('b5', 't0'), ('b6', 'b4'), ('m0+2', 'b4'), ('m0+2', 'b6'), ('m0+2', 'm0-2'), ('m0+2', 't0'), ('m0+2', 't2'), ('m0-1', 't0'), ('m0-2', 'b4'), ('t0', 'b4'), ('t2', 'b4'), ('t2', 'b6'), ('t2', 't0'), ('t7', 'b4')]
    + phase t2 hi: NEW forced = [('b4', 'b2'), ('b4', 'b6'), ('b4', 'm0+2'), ('b4', 'm0-2'), ('t0', 'm0+2'), ('t0', 't2'), ('t3', 'b2')]
    phase t3 hi: contradictory on its own
    phase t7 hi: contradictory on its own
M=32 A4b minus t0<b6: forced = [('b2', 'b4'), ('b5', 'b2'), ('b5', 'b4'), ('b5', 'b6'), ('b5', 'm0+2'), ('b5', 'm0-2'), ('b5', 't0'), ('b6', 'b2'), ('b6', 'b4'), ('b6', 'm0+2'), ('b6', 't0'), ('m0+1', 'b2'), ('m0+1', 'b4'), ('m0+1', 'b5'), ('m0+1', 'b6'), ('m0+1', 'm0+2'), ('m0+1', 'm0-2'), ('m0+1', 't0'), ('m0+1', 't2'), ('m0+1', 't3'), ('m0+2', 'b4'), ('m0+2', 't0'), ('m0-1', 'b2'), ('m0-1', 'b4'), ('m0-1', 'b6'), ('m0-1', 'm0+2'), ('m0-1', 'm0-2'), ('m0-1', 't0'), ('m0-2', 'b2'), ('m0-2', 'b4'), ('m0-2', 'm0+2'), ('m0-2', 't0'), ('t2', 'b2'), ('t2', 'b4'), ('t2', 'b5'), ('t2', 'b6'), ('t2', 'm0+2'), ('t2', 'm0-2'), ('t2', 't0'), ('t3', 'b2'), ('t3', 'b4'), ('t3', 'b5'), ('t3', 'b6'), ('t3', 'm0+2'), ('t3', 'm0-2'), ('t3', 't0'), ('t3', 't2'), ('t7', 'b2'), ('t7', 'b4'), ('t7', 'b5'), ('t7', 'b6'), ('t7', 'm0+2'), ('t7', 'm0-2'), ('t7', 't0'), ('t7', 't2'), ('t7', 't3')]
    + phase t0 hi: NEW forced = [('b2', 't0')]
    phase t2 hi: contradictory on its own
    phase t3 hi: contradictory on its own
    phase t7 hi: contradictory on its own
  (1s)
M=32 A4c minus t9<b1: forced = [('b1', 'b5'), ('b1', 'm0-1'), ('b1', 't9'), ('b2', 'b1'), ('b2', 'b5'), ('b2', 'm0+1'), ('b2', 'm0-1'), ('b2', 't9'), ('b5', 'm0-1'), ('b6', 'b1'), ('b6', 'b2'), ('b6', 'b5'), ('b6', 'm0+1'), ('b6', 'm0+2'), ('b6', 'm0-1'), ('b6', 't7'), ('b6', 't9'), ('m0+1', 'b5'), ('m0+1', 'm0-1'), ('m0+1', 't9'), ('m0+2', 'b1'), ('m0+2', 'b2'), ('m0+2', 'b5'), ('m0+2', 'm0+1'), ('m0+2', 'm0-1'), ('m0+2', 't7'), ('m0+2', 't9'), ('m0-2', 'b1'), ('m0-2', 'b2'), ('m0-2', 'b5'), ('m0-2', 'm0+1'), ('m0-2', 'm0+2'), ('m0-2', 'm0-1'), ('m0-2', 't7'), ('m0-2', 't9'), ('t0', 'b1'), ('t0', 'b2'), ('t0', 'b5'), ('t0', 'b6'), ('t0', 'm0+1'), ('t0', 'm0+2'), ('t0', 'm0-1'), ('t0', 't2'), ('t0', 't7'), ('t0', 't9'), ('t2', 'b1'), ('t2', 'b2'), ('t2', 'b5'), ('t2', 'm0+1'), ('t2', 'm0+2'), ('t2', 'm0-1'), ('t2', 't7'), ('t2', 't9'), ('t7', 'b1'), ('t7', 'b2'), ('t7', 'b5'), ('t7', 'm0+1'), ('t7', 'm0-1'), ('t7', 't9')]
    + phase t0 lo: NEW forced = [('t0', 'm0-2')]
    phase t2 lo: contradictory on its own
    phase t7 lo: contradictory on its own
    phase t9 lo: contradictory on its own
M=32 A4c minus t7<b2: forced = [('b2', 'b1'), ('b2', 'b5'), ('b2', 'm0+1'), ('b2', 'm0-1'), ('b2', 't7'), ('b6', 'b1'), ('b6', 'b5'), ('b6', 'm0+1'), ('b6', 'm0-1'), ('b6', 't7'), ('m0+2', 'b1'), ('m0+2', 'b5'), ('m0+2', 'm0+1'), ('m0+2', 'm0-1'), ('m0+2', 't7'), ('m0+2', 't9'), ('m0-2', 'b1'), ('m0-2', 'b5'), ('m0-2', 'm0+1'), ('m0-2', 'm0-1'), ('m0-2', 't7'), ('m0-2', 't9'), ('t0', 'b1'), ('t0', 'b5'), ('t0', 'b6'), ('t0', 'm0+1'), ('t0', 'm0-1'), ('t0', 't7'), ('t0', 't9'), ('t2', 'b1'), ('t2', 'b5'), ('t2', 'm0+1'), ('t2', 't7'), ('t2', 't9'), ('t9', 'b1')]
    + phase t0 hi: NEW forced = [('t0', 'm0+2'), ('t0', 't2')]
    + phase t2 lo: NEW forced = [('b2', 'b6'), ('b2', 'm0-2'), ('b2', 't9'), ('b6', 't9'), ('m0+2', 'b6'), ('m0+2', 'm0-2'), ('m0+2', 't0'), ('m0+2', 't2'), ('t2', 'b6'), ('t2', 'm0-1'), ('t2', 't0')]
    + phase t2 hi: NEW forced = [('t0', 'm0+2'), ('t0', 't2')]
    phase t7 lo: contradictory on its own
    phase t9 lo: contradictory on its own
M=32 A4c minus t2<b5: forced = [('b1', 'b2'), ('b1', 'b6'), ('b1', 'm0-2'), ('b5', 'b2'), ('b5', 'b6'), ('b5', 'm0+2'), ('b5', 'm0-2'), ('b5', 't2'), ('m0+1', 'b2'), ('m0+1', 'b6'), ('m0+1', 'm0+2'), ('m0+1', 'm0-2'), ('m0+1', 't0'), ('m0+1', 't2'), ('m0-1', 'b2'), ('m0-1', 'b6'), ('m0-1', 'm0+2'), ('m0-1', 'm0-2'), ('m0-1', 't2'), ('t0', 'b6'), ('t7', 'b2'), ('t7', 'b6'), ('t7', 'm0+2'), ('t7', 'm0-2'), ('t7', 't0'), ('t7', 't2'), ('t9', 'b1'), ('t9', 'b2'), ('t9', 'b6'), ('t9', 'm0+2'), ('t9', 'm0-2'), ('t9', 't0'), ('t9', 't2')]
    + phase t0 hi: NEW forced = [('b1', 'm0+2'), ('b1', 't0'), ('b1', 't2'), ('b5', 't0'), ('m0-1', 't0'), ('t0', 'm0+2'), ('t0', 't2')]
    + phase t2 lo: NEW forced = [('b2', 'b6'), ('b2', 'm0-2'), ('b5', 't0'), ('m0+2', 'b6'), ('m0+2', 'm0-2'), ('m0+2', 't0'), ('m0+2', 't2'), ('m0-1', 't0'), ('t2', 'b6'), ('t2', 't0')]
    + phase t2 hi: NEW forced = [('b1', 'm0+2'), ('b1', 't2'), ('t0', 'm0+2'), ('t0', 't2')]
    phase t7 hi: contradictory on its own
    phase t9 hi: contradictory on its own
M=32 A4c minus t0<b6: forced = [('b1', 'b2'), ('b1', 'b5'), ('b1', 'b6'), ('b1', 'm0+2'), ('b1', 'm0-2'), ('b1', 't0'), ('b5', 'b2'), ('b5', 'b6'), ('b5', 'm0+2'), ('b5', 'm0-2'), ('b5', 't0'), ('b6', 'b2'), ('b6', 'm0+2'), ('b6', 't0'), ('m0+1', 'b2'), ('m0+1', 'b5'), ('m0+1', 'b6'), ('m0+1', 'm0+2'), ('m0+1', 'm0-2'), ('m0+1', 't0'), ('m0+1', 't2'), ('m0+2', 't0'), ('m0-1', 'b1'), ('m0-1', 'b2'), ('m0-1', 'b5'), ('m0-1', 'b6'), ('m0-1', 'm0+1'), ('m0-1', 'm0+2'), ('m0-1', 'm0-2'), ('m0-1', 't0'), ('m0-1', 't2'), ('m0-1', 't7'), ('m0-2', 'b2'), ('m0-2', 'm0+2'), ('m0-2', 't0'), ('t2', 'b2'), ('t2', 'b5'), ('t2', 'b6'), ('t2', 'm0+2'), ('t2', 'm0-2'), ('t2', 't0'), ('t7', 'b2'), ('t7', 'b5'), ('t7', 'b6'), ('t7', 'm0+2'), ('t7', 'm0-2'), ('t7', 't0'), ('t7', 't2'), ('t9', 'b1'), ('t9', 'b2'), ('t9', 'b5'), ('t9', 'b6'), ('t9', 'm0+1'), ('t9', 'm0+2'), ('t9', 'm0-2'), ('t9', 't0'), ('t9', 't2'), ('t9', 't7')]
    + phase t0 hi: NEW forced = [('b2', 't0')]
    phase t2 hi: contradictory on its own
    phase t7 hi: contradictory on its own
    phase t9 hi: contradictory on its own
  (1s)
M=32 A4d minus t6<b3: forced = [('b3', 'b4'), ('b3', 'm0+2'), ('b3', 'm0-2'), ('b3', 't6'), ('b5', 'b4'), ('b5', 'm0+2'), ('b5', 'm0-2'), ('b5', 't6'), ('m0+1', 'b4'), ('m0+1', 'b5'), ('m0+1', 'm0+2'), ('m0+1', 'm0-2'), ('m0+1', 't2'), ('m0+1', 't3'), ('m0+1', 't6'), ('m0+2', 'b4'), ('m0-1', 'b4'), ('m0-1', 'm0+2'), ('m0-1', 'm0-2'), ('m0-1', 't6'), ('m0-2', 'b4'), ('m0-2', 'm0+2'), ('m0-2', 't6'), ('t1', 'b4'), ('t1', 'b5'), ('t1', 'm0+2'), ('t1', 'm0-2'), ('t1', 't2'), ('t1', 't6'), ('t2', 'b4'), ('t2', 'b5'), ('t2', 'm0+2'), ('t2', 'm0-2'), ('t2', 't6'), ('t3', 'b4'), ('t3', 'b5'), ('t3', 'm0+2'), ('t3', 'm0-2'), ('t3', 't2'), ('t3', 't6')]
    phase t1 hi: contradictory on its own
    phase t2 hi: contradictory on its own
    phase t3 hi: contradictory on its own
    phase t6 hi: contradictory on its own
M=32 A4d minus t3<b4: forced = [('b4', 'b3'), ('b4', 'b5'), ('b4', 'm0+1'), ('b4', 'm0-1'), ('b4', 't3'), ('m0+2', 'b5'), ('m0+2', 'm0+1'), ('m0+2', 'm0-1'), ('m0+2', 't1'), ('m0+2', 't3'), ('m0-2', 'b3'), ('m0-2', 'b5'), ('m0-2', 'm0+1'), ('m0-2', 'm0-1'), ('m0-2', 't3'), ('t1', 'b5'), ('t2', 'b5'), ('t2', 'm0+1'), ('t2', 't1'), ('t2', 't3'), ('t6', 'b3'), ('t6', 'b5'), ('t6', 'm0+1'), ('t6', 'm0-1'), ('t6', 't1'), ('t6', 't3')]
    phase t1 lo: contradictory on its own
    + phase t2 lo: NEW forced = [('m0+2', 'b3'), ('m0+2', 'b4'), ('m0-2', 'b4'), ('m0-2', 't1'), ('t2', 'b3'), ('t2', 'm0-1')]
    + phase t2 hi: NEW forced = [('b4', 'm0+2'), ('b4', 'm0-2'), ('b4', 't1')]
    phase t3 lo: contradictory on its own
    + phase t6 lo: NEW forced = [('m0+2', 'b3'), ('m0+2', 'b4'), ('m0-2', 'b4'), ('m0-2', 't1'), ('t2', 'b3'), ('t2', 'm0-1')]
    + phase t6 hi: NEW forced = [('b4', 'm0+2'), ('b4', 'm0-2'), ('b4', 't1')]
M=32 A4d minus t2<b5: forced = [('b3', 'b4'), ('b3', 'm0-2'), ('b5', 'b3'), ('b5', 'b4'), ('b5', 'm0+2'), ('b5', 'm0-1'), ('b5', 'm0-2'), ('b5', 't2'), ('b5', 't6'), ('m0+1', 'b3'), ('m0+1', 'b4'), ('m0+1', 'b5'), ('m0+1', 'm0+2'), ('m0+1', 'm0-1'), ('m0+1', 'm0-2'), ('m0+1', 't1'), ('m0+1', 't2'), ('m0+1', 't3'), ('m0+1', 't6'), ('m0+2', 'b4'), ('m0+2', 'm0-2'), ('m0+2', 't2'), ('m0-1', 'b3'), ('m0-1', 'b4'), ('m0-1', 'm0+2'), ('m0-1', 'm0-2'), ('m0-1', 't2'), ('m0-1', 't6'), ('m0-2', 'b4'), ('t1', 'b3'), ('t1', 'b4'), ('t1', 'b5'), ('t1', 'm0+2'), ('t1', 'm0-1'), ('t1', 'm0-2'), ('t1', 't2'), ('t1', 't6'), ('t3', 'b3'), ('t3', 'b4'), ('t3', 'b5'), ('t3', 'm0+2'), ('t3', 'm0-1'), ('t3', 'm0-2'), ('t3', 't1'), ('t3', 't2'), ('t3', 't6'), ('t6', 'b3'), ('t6', 'b4'), ('t6', 'm0-2'), ('t6', 't2')]
    phase t1 hi: contradictory on its own
    phase t2 hi: contradictory on its own
    phase t3 hi: contradictory on its own
    phase t6 hi: contradictory on its own
M=32 A4d minus t1<b5: forced = [('b4', 'b3'), ('b4', 'b5'), ('b4', 'm0+1'), ('b4', 'm0-1'), ('b4', 't1'), ('b5', 'b3'), ('b5', 'm0+1'), ('b5', 'm0-1'), ('b5', 't1'), ('m0+1', 'b3'), ('m0+1', 'm0-1'), ('m0+1', 't1'), ('m0+2', 'b3'), ('m0+2', 'b4'), ('m0+2', 'b5'), ('m0+2', 'm0+1'), ('m0+2', 'm0-1'), ('m0+2', 't1'), ('m0+2', 't3'), ('m0-2', 'b3'), ('m0-2', 'b4'), ('m0-2', 'b5'), ('m0-2', 'm0+1'), ('m0-2', 'm0-1'), ('m0-2', 't1'), ('m0-2', 't3'), ('t2', 'b3'), ('t2', 'b4'), ('t2', 'b5'), ('t2', 'm0+1'), ('t2', 'm0-1'), ('t2', 't1'), ('t2', 't3'), ('t3', 'b3'), ('t3', 'b4'), ('t3', 'b5'), ('t3', 'm0+1'), ('t3', 'm0-1'), ('t3', 't1'), ('t6', 'b3'), ('t6', 'b4'), ('t6', 'b5'), ('t6', 'm0+1'), ('t6', 'm0-1'), ('t6', 't1'), ('t6', 't3')]
    phase t1 lo: contradictory on its own
    phase t2 hi: contradictory on its own
    phase t3 lo: contradictory on its own
    phase t6 hi: contradictory on its own
  (1s)
-> /Users/will/Dev/personal/tasks/math/erdos197/data/e124c_k4_anatomy.json
