sweep reconstructed: M = 16..128 (113 scales)
FULL RUNG {11,12}: M mod 2 in [0, 1] [113/113 scales]
FULL RUNG {13,14}: M mod 2 in [0, 1] [113/113 scales]
FULL RUNG {15,16}: M mod 2 in [0, 1] [113/113 scales]
FULL RUNG {17,18}: M mod 2 in [0, 1] [113/113 scales]
FULL RUNG {19,20}: M mod 2 in [0, 1] [113/113 scales]
FULL RUNG {21,22}: M mod 2 in [0, 1] [113/113 scales]

=== pair {11,12}: 110 distinct cores ===
  size 2: 2 cores
    {t7<b2,t10<b1}: irregular [1 scales, 16..16]
    {t8<b2,t9<b1}: irregular [1 scales, 17..17]
  size 3: 43 cores
    {t0<b6,t2<b5,t5<b3}: M mod 8 in [5] [14 scales, 21..125]
    {t1<b5,t4<b4,t7<b2}: M mod 8 in [3] [14 scales, 19..123]
    {t2<b5,t5<b3,t7<b2}: M mod 8 in [2] [14 scales, 18..122]
    {t3<b4,t5<b3,t10<b1}: M mod 8 in [6] [14 scales, 22..126]
    {t4<b4,t6<b3,t9<b1}: M mod 8 in [7] [14 scales, 23..127]
    {t1<b5,t3<b4,t8<b2}: M mod 8 in [5], M >= 30 (0 sporadic below) [12 scales, 37..125]
    {t2<b5,t4<b4,t7<b2}: M mod 8 in [6], M >= 31 (0 sporadic below) [12 scales, 38..126]
    {t4<b4,t5<b3,t10<b1}: irregular [12 scales, 17..125]
    {t0<b6,t3<b4,t5<b3}: M mod 8 in [1], M >= 34 (0 sporadic below) [11 scales, 41..121]
    {t4<b4,t7<b2,t9<b1}: M mod 8 in [3], M >= 68 (4 sporadic below) [11 scales, 19..123]
    {t0<b6,t1<b5,t6<b3}: M mod 8 in [3], M >= 60 (1 sporadic below) [9 scales, 43..123]
    {t0<b6,t3<b4,t6<b3}: M mod 8 in [4], M >= 61 (1 sporadic below) [9 scales, 44..124]
  size 4: 65 cores
    {t2<b5,t3<b4,t6<b3,t7<b2}: irregular [18 scales, 24..128]
    {t3<b4,t6<b3,t7<b2,t10<b1}: irregular [18 scales, 24..128]
    {t0<b6,t2<b5,t3<b4,t8<b2}: irregular [16 scales, 28..128]
    {t0<b6,t3<b4,t6<b3,t8<b2}: irregular [16 scales, 28..128]
    {t1<b5,t3<b4,t6<b3,t9<b1}: irregular [16 scales, 28..128]
    {t1<b5,t6<b3,t7<b2,t9<b1}: irregular [16 scales, 28..128]
    {t2<b5,t3<b4,t7<b2,t10<b1}: irregular [16 scales, 24..128]
    {t0<b6,t3<b4,t8<b2,t10<b1}: irregular [15 scales, 28..128]
    {t0<b6,t1<b5,t2<b5,t3<b4}: M mod 8 in [0], M >= 17 (0 sporadic below) [14 scales, 24..128]
    {t0<b6,t2<b5,t3<b4,t7<b2}: M mod 8 in [0], M >= 17 (0 sporadic below) [14 scales, 24..128]
    {t0<b6,t2<b5,t7<b2,t9<b1}: M mod 8 in [0], M >= 17 (0 sporadic below) [14 scales, 24..128]
    {t1<b5,t2<b5,t3<b4,t6<b3}: M mod 8 in [0], M >= 17 (0 sporadic below) [14 scales, 24..128]

=== pair {13,14}: 155 distinct cores ===
  size 2: 4 cores
    {t9<b2,t12<b1}: irregular [3 scales, 16..20]
    {t10<b2,t11<b1}: irregular [3 scales, 17..21]
    {t8<b3,t9<b2}: irregular [2 scales, 16..18]
    {t7<b3,t10<b2}: irregular [1 scales, 17..17]
  size 3: 93 cores
    {t1<b6,t4<b5,t7<b3}: irregular [15 scales, 16..124]
    {t1<b6,t6<b4,t8<b3}: irregular [15 scales, 16..124]
    {t3<b5,t6<b4,t9<b2}: irregular [15 scales, 17..125]
    {t4<b5,t6<b4,t9<b2}: M mod 8 in [0] [15 scales, 16..128]
    {t4<b5,t7<b3,t9<b2}: irregular [15 scales, 16..124]
    {t5<b4,t7<b3,t12<b1}: M mod 8 in [0] [15 scales, 16..128]
    {t0<b7,t2<b6,t5<b4}: M mod 8 in [6] [14 scales, 22..126]
    {t0<b7,t2<b6,t11<b1}: M mod 8 in [1] [14 scales, 17..121]
    {t0<b7,t3<b5,t6<b4}: M mod 8 in [5] [14 scales, 21..125]
    {t1<b6,t3<b5,t8<b3}: M mod 8 in [6] [14 scales, 22..126]
    {t2<b6,t4<b5,t7<b3}: M mod 8 in [7] [14 scales, 23..127]
    {t2<b6,t5<b4,t7<b3}: M mod 8 in [3] [14 scales, 19..123]
  size 4: 58 cores
    {t0<b7,t1<b6,t4<b5,t5<b4}: irregular [1 scales, 26..26]
    {t0<b7,t1<b6,t4<b5,t9<b2}: irregular [1 scales, 26..26]
    {t0<b7,t1<b6,t4<b5,t11<b1}: irregular [1 scales, 26..26]
    {t0<b7,t1<b6,t5<b4,t10<b2}: irregular [1 scales, 26..26]
    {t0<b7,t1<b6,t5<b4,t12<b1}: irregular [1 scales, 26..26]
    {t0<b7,t1<b6,t8<b3,t11<b1}: irregular [1 scales, 26..26]
    {t0<b7,t1<b6,t9<b2,t10<b2}: irregular [1 scales, 26..26]
    {t0<b7,t1<b6,t9<b2,t12<b1}: irregular [1 scales, 26..26]
    {t0<b7,t1<b6,t10<b2,t11<b1}: irregular [1 scales, 26..26]
    {t0<b7,t1<b6,t11<b1,t12<b1}: irregular [1 scales, 26..26]
    {t0<b7,t2<b6,t5<b4,t10<b2}: irregular [1 scales, 26..26]
    {t0<b7,t3<b5,t4<b5,t5<b4}: irregular [1 scales, 26..26]

=== pair {15,16}: 173 distinct cores ===
  size 2: 10 cores
    {t11<b2,t14<b1}: irregular [5 scales, 16..24]
    {t12<b2,t13<b1}: irregular [5 scales, 17..25]
    {t10<b3,t11<b2}: irregular [4 scales, 16..22]
    {t9<b3,t12<b2}: irregular [3 scales, 17..21]
    {t7<b4,t10<b3}: irregular [2 scales, 16..18]
    {t7<b4,t14<b1}: irregular [2 scales, 16..18]
    {t8<b4,t9<b3}: irregular [2 scales, 17..19]
    {t8<b4,t13<b1}: irregular [2 scales, 17..19]
    {t6<b5,t7<b4}: irregular [1 scales, 16..16]
    {t6<b5,t11<b2}: irregular [1 scales, 16..16]
  size 3: 163 cores
    {t0<b8,t1<b7,t6<b5}: irregular [15 scales, 17..125]
    {t0<b8,t10<b3,t13<b1}: irregular [15 scales, 19..123]
    {t1<b7,t4<b6,t7<b4}: irregular [15 scales, 17..125]
    {t1<b7,t6<b5,t8<b4}: irregular [15 scales, 17..125]
    {t2<b7,t3<b6,t8<b4}: irregular [15 scales, 18..126]
    {t2<b7,t4<b6,t7<b4}: M mod 8 in [0] [15 scales, 16..128]
    {t3<b6,t5<b5,t10<b3}: M mod 8 in [0] [15 scales, 16..128]
    {t3<b6,t6<b5,t9<b3}: irregular [15 scales, 18..126]
    {t3<b6,t8<b4,t10<b3}: irregular [15 scales, 18..126]
    {t4<b6,t7<b4,t9<b3}: irregular [15 scales, 17..125]
    {t5<b5,t8<b4,t11<b2}: irregular [15 scales, 19..127]
    {t6<b5,t9<b3,t11<b2}: irregular [15 scales, 18..126]

=== pair {17,18}: 277 distinct cores ===
  size 2: 30 cores
    {t14<b2,t15<b1}: irregular [7 scales, 17..29]
    {t12<b3,t13<b2}: irregular [6 scales, 16..26]
    {t13<b2,t16<b1}: irregular [6 scales, 18..28]
    {t11<b3,t14<b2}: irregular [5 scales, 17..25]
    {t9<b4,t12<b3}: irregular [4 scales, 16..22]
    {t10<b4,t11<b3}: irregular [4 scales, 17..23]
    {t10<b4,t15<b1}: irregular [4 scales, 17..23]
    {t8<b5,t9<b4}: irregular [3 scales, 16..20]
    {t8<b5,t13<b2}: irregular [3 scales, 16..20]
    {t9<b4,t16<b1}: irregular [3 scales, 18..22]
    {t7<b5,t10<b4}: irregular [2 scales, 17..19]
    {t7<b5,t14<b2}: irregular [2 scales, 17..19]
  size 3: 247 cores
    {t2<b8,t11<b3,t16<b1}: irregular [16 scales, 19..123]
    {t3<b7,t6<b6,t16<b1}: irregular [16 scales, 19..127]
    {t3<b7,t14<b2,t16<b1}: irregular [16 scales, 19..127]
    {t0<b9,t1<b8,t6<b6}: irregular [15 scales, 18..126]
    {t0<b9,t10<b4,t13<b2}: irregular [15 scales, 20..124]
    {t1<b8,t4<b7,t7<b5}: irregular [15 scales, 18..126]
    {t1<b8,t6<b6,t8<b5}: irregular [15 scales, 18..126]
    {t1<b8,t6<b6,t16<b1}: irregular [15 scales, 18..126]
    {t1<b8,t11<b3,t16<b1}: irregular [15 scales, 20..124]
    {t2<b8,t3<b7,t8<b5}: irregular [15 scales, 19..127]
    {t2<b8,t12<b3,t15<b1}: irregular [15 scales, 21..125]
    {t3<b7,t6<b6,t9<b4}: irregular [15 scales, 19..127]

=== pair {19,20}: 401 distinct cores ===
  size 2: 44 cores
    {t14<b3,t15<b2}: irregular [8 scales, 16..30]
    {t16<b2,t17<b1}: irregular [8 scales, 19..33]
    {t13<b3,t16<b2}: irregular [7 scales, 17..29]
    {t15<b2,t18<b1}: irregular [7 scales, 20..32]
    {t11<b4,t14<b3}: irregular [6 scales, 16..26]
    {t12<b4,t13<b3}: irregular [6 scales, 17..27]
    {t10<b5,t11<b4}: irregular [5 scales, 16..24]
    {t10<b5,t15<b2}: irregular [5 scales, 16..24]
    {t12<b4,t17<b1}: irregular [5 scales, 19..27]
    {t9<b5,t12<b4}: irregular [4 scales, 17..23]
    {t9<b5,t16<b2}: irregular [4 scales, 17..23]
    {t11<b4,t18<b1}: irregular [4 scales, 20..26]
  size 3: 357 cores
    {t0<b10,t5<b7,t18<b1}: irregular [16 scales, 21..121]
    {t1<b9,t12<b4,t15<b2}: irregular [16 scales, 19..123]
    {t2<b9,t11<b4,t16<b2}: irregular [16 scales, 20..124]
    {t3<b8,t6<b7,t16<b2}: irregular [16 scales, 20..128]
    {t3<b8,t14<b3,t16<b2}: irregular [16 scales, 20..128]
    {t3<b8,t14<b3,t17<b1}: irregular [16 scales, 20..124]
    {t4<b8,t13<b3,t18<b1}: irregular [16 scales, 21..125]
    {t5<b7,t8<b6,t18<b1}: irregular [16 scales, 21..121]
    {t5<b7,t16<b2,t18<b1}: irregular [16 scales, 21..121]
    {t6<b7,t7<b6,t17<b1}: irregular [16 scales, 20..128]
    {t6<b7,t15<b2,t17<b1}: irregular [16 scales, 20..128]
    {t0<b10,t1<b9,t6<b7}: irregular [15 scales, 19..127]

=== pair {21,22}: 533 distinct cores ===
  size 2: 53 cores
    {t16<b3,t17<b2}: irregular [9 scales, 18..34]
    {t18<b2,t19<b1}: irregular [9 scales, 21..37]
    {t14<b4,t15<b3}: irregular [8 scales, 17..31]
    {t15<b3,t18<b2}: irregular [8 scales, 19..33]
    {t17<b2,t20<b1}: irregular [8 scales, 22..36]
    {t12<b5,t13<b4}: irregular [7 scales, 16..28]
    {t13<b4,t16<b3}: irregular [7 scales, 18..30]
    {t11<b5,t14<b4}: irregular [6 scales, 17..27]
    {t12<b5,t17<b2}: irregular [6 scales, 18..28]
    {t14<b4,t19<b1}: irregular [6 scales, 21..31]
    {t9<b6,t12<b5}: irregular [5 scales, 16..24]
    {t10<b6,t11<b5}: irregular [5 scales, 17..25]
  size 3: 480 cores
    {t0<b11,t5<b8,t18<b2}: irregular [16 scales, 22..122]
    {t0<b11,t5<b8,t19<b1}: irregular [16 scales, 22..126]
    {t0<b11,t13<b4,t19<b1}: irregular [16 scales, 22..126]
    {t1<b10,t8<b7,t19<b1}: irregular [16 scales, 22..122]
    {t2<b10,t7<b7,t20<b1}: irregular [16 scales, 23..123]
    {t3<b9,t14<b4,t17<b2}: irregular [16 scales, 21..125]
    {t4<b9,t13<b4,t18<b2}: irregular [16 scales, 22..126]
    {t5<b8,t8<b7,t18<b2}: irregular [16 scales, 22..122]
    {t5<b8,t16<b3,t18<b2}: irregular [16 scales, 22..122]
    {t5<b8,t16<b3,t19<b1}: irregular [16 scales, 22..126]
    {t6<b8,t15<b3,t20<b1}: irregular [16 scales, 23..127]
    {t7<b7,t10<b6,t20<b1}: irregular [16 scales, 23..123]

-> /Users/will/Dev/personal/tasks/math/erdos197/data/e122_n2_residue_recon.json
