M=24: HALF-A 4/4, HALF-B 4/4, solver xcheck ok  (0s)
M=32: HALF-A 4/4, HALF-B 4/4, solver xcheck ok  (0s)
M=40: HALF-A 4/4, HALF-B 4/4, solver xcheck ok  (0s)
M=48: HALF-A 4/4, HALF-B 4/4, solver xcheck ok  (0s)
M=56: HALF-A 4/4, HALF-B 4/4, solver xcheck ok  (0s)
M=64: HALF-A 4/4, HALF-B 4/4, solver xcheck ok  (0s)
M=72: HALF-A 4/4, HALF-B 4/4, solver xcheck ok  (0s)
M=80: HALF-A 4/4, HALF-B 4/4, solver xcheck ok  (1s)
M=88: HALF-A 4/4, HALF-B 4/4, solver xcheck ok  (1s)
M=96: HALF-A 4/4, HALF-B 4/4, solver xcheck ok  (1s)
M=104: HALF-A 4/4, HALF-B 4/4  (2s)
M=112: HALF-A 4/4, HALF-B 4/4  (2s)
M=120: HALF-A 4/4, HALF-B 4/4  (2s)
M=128: HALF-A 4/4, HALF-B 4/4  (2s)
M=136: HALF-A 4/4, HALF-B 4/4  (2s)
M=144: HALF-A 4/4, HALF-B 4/4  (3s)
M=152: HALF-A 4/4, HALF-B 4/4  (3s)
M=160: HALF-A 4/4, HALF-B 4/4  (3s)
M=168: HALF-A 4/4, HALF-B 4/4  (4s)
M=176: HALF-A 4/4, HALF-B 4/4  (4s)
M=28 (4 mod 8 control): survivors A=1 B=1, solver SAT xcheck ok  (4s)
M=36 (4 mod 8 control): survivors A=1 B=2, solver SAT xcheck ok  (4s)
M=44 (4 mod 8 control): survivors A=2 B=2, solver SAT xcheck ok  (4s)
M=52 (4 mod 8 control): survivors A=2 B=2, solver SAT xcheck ok  (5s)
M=60 (4 mod 8 control): survivors A=2 B=2, solver SAT xcheck ok  (5s)
M=68 (4 mod 8 control): survivors A=2 B=2, solver SAT xcheck ok  (5s)
M=76 (4 mod 8 control): survivors A=2 B=2, solver SAT xcheck ok  (5s)
M=84 (4 mod 8 control): survivors A=2 B=2, solver SAT xcheck ok  (6s)
M=92 (4 mod 8 control): survivors A=2 B=2, solver SAT xcheck ok  (6s)
M=100 (4 mod 8 control): survivors A=2 B=2  (7s)
M=108 (4 mod 8 control): survivors A=2 B=2  (7s)
M=116 (4 mod 8 control): survivors A=2 B=2  (7s)
M=124 (4 mod 8 control): survivors A=2 B=2  (7s)
M=132 (4 mod 8 control): survivors A=2 B=2  (7s)
M=140 (4 mod 8 control): survivors A=2 B=2  (8s)
M=148 (4 mod 8 control): survivors A=2 B=2  (8s)
M=156 (4 mod 8 control): survivors A=2 B=2  (8s)
M=164 (4 mod 8 control): survivors A=2 B=2  (9s)
M=172 (4 mod 8 control): survivors A=2 B=2  (9s)
M=180 (4 mod 8 control): survivors A=2 B=2  (10s)

SCHEMA: 20/20 dyadic scales verified, 0 failures -> /Users/will/Dev/personal/tasks/math/erdos197/data/e124i_k4_schema.json
M=256: A True B True (1s)
M=512: A True B True (9s)
M=1024: A True B True (71s)
M=2048: A True B True (539s)
M=1024: A True B True (71s)
M=2048: A True B True (539s)
