M=18: HALF-A2 4/4, HALF-B2 4/4, solver xcheck ok  (0s)
M=26: HALF-A2 4/4, HALF-B2 4/4, solver xcheck ok  (0s)
M=34: HALF-A2 4/4, HALF-B2 4/4, solver xcheck ok  (0s)
M=42: HALF-A2 4/4, HALF-B2 4/4, solver xcheck ok  (0s)
M=50: HALF-A2 4/4, HALF-B2 4/4, solver xcheck ok  (0s)
M=58: HALF-A2 4/4, HALF-B2 4/4, solver xcheck ok  (0s)
M=66: HALF-A2 4/4, HALF-B2 4/4, solver xcheck ok  (0s)
M=74: HALF-A2 4/4, HALF-B2 4/4, solver xcheck ok  (0s)
M=82: HALF-A2 4/4, HALF-B2 4/4, solver xcheck ok  (1s)
M=90: HALF-A2 4/4, HALF-B2 4/4, solver xcheck ok  (1s)
M=98: HALF-A2 4/4, HALF-B2 4/4  (1s)
M=106: HALF-A2 4/4, HALF-B2 4/4  (1s)
M=114: HALF-A2 4/4, HALF-B2 4/4  (1s)
M=122: HALF-A2 4/4, HALF-B2 4/4  (1s)
M=130: HALF-A2 4/4, HALF-B2 4/4  (1s)
M=138: HALF-A2 4/4, HALF-B2 4/4  (2s)
M=146: HALF-A2 4/4, HALF-B2 4/4  (2s)
M=154: HALF-A2 4/4, HALF-B2 4/4  (2s)
M=162: HALF-A2 4/4, HALF-B2 4/4  (2s)
M=170: HALF-A2 4/4, HALF-B2 4/4  (3s)
M=22 (6 mod 8 control): survivors A2=2 B2=3, solver SAT xcheck ok  (3s)
M=30 (6 mod 8 control): survivors A2=1 B2=2, solver SAT xcheck ok  (3s)
M=38 (6 mod 8 control): survivors A2=2 B2=2, solver SAT xcheck ok  (3s)
M=46 (6 mod 8 control): survivors A2=1 B2=2, solver SAT xcheck ok  (3s)
M=54 (6 mod 8 control): survivors A2=4 B2=2, solver SAT xcheck ok  (3s)
M=62 (6 mod 8 control): survivors A2=4 B2=2, solver SAT xcheck ok  (3s)
M=70 (6 mod 8 control): survivors A2=4 B2=2, solver SAT xcheck ok  (3s)
M=78 (6 mod 8 control): survivors A2=4 B2=2, solver SAT xcheck ok  (3s)
M=86 (6 mod 8 control): survivors A2=4 B2=2, solver SAT xcheck ok  (4s)
M=94 (6 mod 8 control): survivors A2=4 B2=2, solver SAT xcheck ok  (4s)
M=102 (6 mod 8 control): survivors A2=4 B2=2  (4s)
M=110 (6 mod 8 control): survivors A2=4 B2=2  (4s)
M=118 (6 mod 8 control): survivors A2=4 B2=2  (4s)
M=126 (6 mod 8 control): survivors A2=4 B2=2  (4s)
M=134 (6 mod 8 control): survivors A2=4 B2=2  (4s)
M=142 (6 mod 8 control): survivors A2=4 B2=2  (4s)
M=150 (6 mod 8 control): survivors A2=4 B2=2  (5s)
M=158 (6 mod 8 control): survivors A2=4 B2=2  (5s)
M=166 (6 mod 8 control): survivors A2=4 B2=2  (5s)
M=174 (6 mod 8 control): survivors A2=4 B2=2  (5s)

SCHEMA: 20/20 scales verified, 0 failures -> /Users/will/Dev/personal/tasks/math/erdos197/data/e124l_b2_schema.json
M=258: A2 True B2 True (2s)
M=514: A2 True B2 True (9s)
