M=24 (0 mod 8):
  t0 lo (t0 < m0 positionally) killed by: ['t0b6 +t1b5 +t2b5 +t3b4']
  t0 hi (t0 > m0 positionally) killed by: ['t0b6 +t2b5 +t3b4']
  t1 lo (t1 < m0 positionally) killed by: ['t0b6 +t2b5']
  t1 hi (t1 > m0 positionally) killed by: ['t1b5 +t3b4']
  t2 lo (t2 < m0 positionally) killed by: ['t0b6 +t1b5 +t2b5 +t3b4']
  t2 hi (t2 > m0 positionally) killed by: ['t2b5 +t3b4']
  t3 lo (t3 < m0 positionally) killed by: ['t0b6 +t2b5']
  t3 hi (t3 > m0 positionally) killed by: ['t1b5 +t3b4']
M=32 (0 mod 8):
  t0 lo (t0 < m0 positionally) killed by: ['t0b6 +t1b5 +t2b5 +t3b4']
  t0 hi (t0 > m0 positionally) killed by: ['t0b6 +t2b5 +t3b4']
  t1 lo (t1 < m0 positionally) killed by: ['t0b6 +t2b5']
  t1 hi (t1 > m0 positionally) killed by: ['t1b5 +t3b4']
  t2 lo (t2 < m0 positionally) killed by: ['t0b6 +t1b5 +t2b5 +t3b4']
  t2 hi (t2 > m0 positionally) killed by: ['t2b5 +t3b4']
  t3 lo (t3 < m0 positionally) killed by: ['t0b6 +t2b5']
  t3 hi (t3 > m0 positionally) killed by: ['t1b5 +t3b4']
M=40 (0 mod 8):
  t0 lo (t0 < m0 positionally) killed by: ['t0b6 +t1b5 +t2b5 +t3b4']
  t0 hi (t0 > m0 positionally) killed by: ['t0b6 +t2b5 +t3b4']
  t1 lo (t1 < m0 positionally) killed by: ['t0b6 +t2b5']
  t1 hi (t1 > m0 positionally) killed by: ['t1b5 +t3b4']
  t2 lo (t2 < m0 positionally) killed by: ['t0b6 +t1b5 +t2b5 +t3b4']
  t2 hi (t2 > m0 positionally) killed by: ['t2b5 +t3b4']
  t3 lo (t3 < m0 positionally) killed by: ['t0b6 +t2b5']
  t3 hi (t3 > m0 positionally) killed by: ['t1b5 +t3b4']
M=48 (0 mod 8):
  t0 lo (t0 < m0 positionally) killed by: ['t0b6 +t1b5 +t2b5 +t3b4']
  t0 hi (t0 > m0 positionally) killed by: ['t0b6 +t2b5 +t3b4']
  t1 lo (t1 < m0 positionally) killed by: ['t0b6 +t2b5']
  t1 hi (t1 > m0 positionally) killed by: ['t1b5 +t3b4']
  t2 lo (t2 < m0 positionally) killed by: ['t0b6 +t1b5 +t2b5 +t3b4']
  t2 hi (t2 > m0 positionally) killed by: ['t2b5 +t3b4']
  t3 lo (t3 < m0 positionally) killed by: ['t0b6 +t2b5']
  t3 hi (t3 > m0 positionally) killed by: ['t1b5 +t3b4']
M=28 (4 mod 8):
  t1 hi (t1 > m0 positionally) killed by: ['t0b6 +t3b4']
  t2 hi (t2 > m0 positionally) killed by: ['t0b6 +t2b5 +t3b4']
  t3 hi (t3 > m0 positionally) killed by: ['t0b6 +t3b4']
M=36 (4 mod 8):
  t0 lo (t0 < m0 positionally) killed by: ['t2b5 +t3b4']
  t1 hi (t1 > m0 positionally) killed by: ['t0b6 +t3b4']
  t2 hi (t2 > m0 positionally) killed by: ['t0b6 +t2b5 +t3b4']
  t3 hi (t3 > m0 positionally) killed by: ['t0b6 +t3b4']
done
