M=26 (2 mod 8):
  t2 lo: killed by ['t5b3 +t7b2']
  t2 hi: killed by ['t2b5 +t5b3']
  t5 lo: killed by ['t2b5 +t5b3 +t7b2']
  t5 hi: killed by ['t2b5 +t5b3 +t7b2']
  t7 lo: killed by ['t2b5 +t5b3 +t7b2']
  t7 hi: killed by ['t2b5 +t7b2']
  t1 lo: killed by ['t2b5 +t5b3 +t7b2']
  t1 hi: killed by ['t2b5 +t5b3 +t7b2']
  t3 lo: killed by ['t2b5 +t5b3 +t7b2']
  t3 hi: killed by ['t2b5 +t7b2']
  t9 lo: killed by ['t2b5 +t5b3 +t7b2']
  t9 hi: killed by ['t2b5 +t5b3 +t7b2']
  t0 lo: killed by ['t2b5 +t5b3 +t7b2']
  t0 hi: killed by ['t2b5 +t5b3 +t7b2']
M=34 (2 mod 8):
  t2 lo: killed by ['t5b3 +t7b2']
  t2 hi: killed by ['t2b5 +t5b3']
  t5 lo: killed by ['t2b5 +t5b3 +t7b2']
  t5 hi: killed by ['t2b5 +t5b3 +t7b2']
  t7 lo: killed by ['t2b5 +t5b3 +t7b2']
  t7 hi: killed by ['t2b5 +t7b2']
  t1 lo: killed by ['t2b5 +t5b3 +t7b2']
  t1 hi: killed by ['t2b5 +t5b3 +t7b2']
  t3 lo: killed by ['t2b5 +t5b3 +t7b2']
  t3 hi: killed by ['t2b5 +t7b2']
  t9 lo: killed by ['t2b5 +t5b3 +t7b2']
  t9 hi: killed by ['t2b5 +t5b3 +t7b2']
  t0 lo: killed by ['t2b5 +t5b3 +t7b2']
  t0 hi: killed by ['t2b5 +t5b3 +t7b2']
M=42 (2 mod 8):
  t2 lo: killed by ['t5b3 +t7b2']
  t2 hi: killed by ['t2b5 +t5b3']
  t5 lo: killed by ['t2b5 +t5b3 +t7b2']
  t5 hi: killed by ['t2b5 +t5b3 +t7b2']
  t7 lo: killed by ['t2b5 +t5b3 +t7b2']
  t7 hi: killed by ['t2b5 +t7b2']
  t1 lo: killed by ['t2b5 +t5b3 +t7b2']
  t1 hi: killed by ['t2b5 +t5b3 +t7b2']
  t3 lo: killed by ['t2b5 +t5b3 +t7b2']
  t3 hi: killed by ['t2b5 +t7b2']
  t9 lo: killed by ['t2b5 +t5b3 +t7b2']
  t9 hi: killed by ['t2b5 +t5b3 +t7b2']
  t0 lo: killed by ['t5b3 +t7b2']
  t0 hi: killed by ['t2b5 +t5b3 +t7b2']
M=50 (2 mod 8):
  t2 lo: killed by ['t5b3 +t7b2']
  t2 hi: killed by ['t2b5 +t5b3']
  t5 lo: killed by ['t2b5 +t5b3 +t7b2']
  t5 hi: killed by ['t2b5 +t5b3 +t7b2']
  t7 lo: killed by ['t2b5 +t5b3 +t7b2']
  t7 hi: killed by ['t2b5 +t7b2']
  t1 lo: killed by ['t2b5 +t5b3 +t7b2']
  t1 hi: killed by ['t2b5 +t5b3 +t7b2']
  t3 lo: killed by ['t2b5 +t5b3 +t7b2']
  t3 hi: killed by ['t2b5 +t7b2']
  t9 lo: killed by ['t2b5 +t5b3 +t7b2']
  t9 hi: killed by ['t2b5 +t5b3 +t7b2']
  t0 lo: killed by ['t2b5 +t5b3 +t7b2']
  t0 hi: killed by ['t2b5 +t5b3 +t7b2']
M=22 (6 mod 8):
  t5 lo: killed by ['t2b5 +t7b2']
  t1 lo: killed by ['t2b5 +t7b2']
  t3 lo: killed by ['t2b5 +t5b3 +t7b2']
  t9 lo: killed by ['t2b5 +t7b2']
M=30 (6 mod 8):
  t5 lo: killed by ['t2b5 +t7b2']
  t1 lo: killed by ['t2b5 +t7b2']
  t3 lo: killed by ['t2b5 +t5b3 +t7b2']
  t9 lo: killed by ['t2b5 +t7b2']
