start M=48 bounds=(2, 2, 2) n=336: UNSAT [95.1s]
  drop 64 vals (chunk=64) -> n=272 [63.9s]
  drop 32 vals (chunk=32) -> n=240 [63.0s]
  drop 16 vals (chunk=32) -> n=224 [66.8s]
  drop 16 vals (chunk=16) -> n=208 [42.8s]
  drop 16 vals (chunk=16) -> n=192 [28.0s]
  drop 4 vals (chunk=4) -> n=188 [23.6s]
  drop 4 vals (chunk=4) -> n=184 [29.4s]
  drop 4 vals (chunk=4) -> n=180 [21.0s]
  drop 4 vals (chunk=4) -> n=176 [23.4s]
  drop 4 vals (chunk=4) -> n=172 [24.8s]
  drop 2 vals (chunk=2) -> n=170 [21.8s]
  drop 2 vals (chunk=2) -> n=168 [20.0s]
  drop 2 vals (chunk=2) -> n=166 [23.9s]
  drop 2 vals (chunk=2) -> n=164 [116.5s]
  drop 2 vals (chunk=2) -> n=162 [154.5s]
  drop 2 vals (chunk=2) -> n=160 [68.8s]
  drop 2 vals (chunk=2) -> n=158 [70.1s]
  drop 1 vals (chunk=1) -> n=157 [63.6s]
  drop 1 vals (chunk=1) -> n=156 [52.7s]
  drop 1 vals (chunk=1) -> n=155 [30.4s]
  drop 1 vals (chunk=1) -> n=154 [59.6s]
  drop 1 vals (chunk=1) -> n=153 [62.7s]
MINIMAL SUPPORT n=153 blocks={'B0': 20, 'B1': 60, 'B2': 73} (346 solves, 7840.2s)
support = [65, 66, 67, 77, 78, 81, 82, 83, 84, 85, 87, 88, 89, 90, 91, 92, 93, 94, 95, 96, 129, 130, 131, 132, 133, 134, 135, 136, 137, 138, 139, 140, 145, 146, 147, 148, 149, 150, 151, 152, 153, 154, 155, 156, 157, 158, 159, 160, 161, 162, 163, 164, 165, 166, 167, 168, 169, 170, 171, 172, 173, 174, 175, 176, 177, 178, 179, 180, 181, 182, 183, 184, 185, 186, 187, 188, 189, 190, 191, 192, 193, 194, 195, 196, 197, 198, 199, 200, 201, 202, 203, 204, 205, 206, 207, 208, 209, 210, 211, 212, 213, 214, 215, 216, 219, 220, 221, 222, 225, 226, 227, 228, 229, 230, 231, 232, 233, 234, 235, 236, 237, 238, 245, 246, 247, 248, 249, 250, 251, 252, 253, 254, 255, 256, 261, 262, 265, 269, 270, 271, 272, 290, 291, 292, 293, 295, 296, 297, 298, 301, 302, 303, 304]
Glucose42 re-verify: UNSAT [25.2s]
criticality: 153 necessary, 0 redundant, 0 cardinality-locked
B0 n=20 bot_off=[17, 18, 19, 29, 30, 33, 34, 35, 36, 37, 39, 40, 41, 42, 43, 44, 45, 46, 47, 48] top_off=[31, 30, 29, 19, 18, 15, 14, 13, 12, 11, 9, 8, 7, 6, 5, 4, 3, 2, 1, 0] mid_off=[-7, -6, -5, 5, 6, 9, 10, 11, 12, 13, 15, 16, 17, 18, 19, 20, 21, 22, 23, 24] mod4=[0, 1, 2, 3]
B1 n=60 bot_off=[33, 34, 35, 36, 37, 38, 39, 40, 41, 42, 43, 44, 49, 50, 51, 52, 53, 54, 55, 56, 57, 58, 59, 60, 61, 62, 63, 64, 65, 66, 67, 68, 69, 70, 71, 72, 73, 74, 75, 76, 77, 78, 79, 80, 81, 82, 83, 84, 85, 86, 87, 88, 89, 90, 91, 92, 93, 94, 95, 96] top_off=[63, 62, 61, 60, 59, 58, 57, 56, 55, 54, 53, 52, 47, 46, 45, 44, 43, 42, 41, 40, 39, 38, 37, 36, 35, 34, 33, 32, 31, 30, 29, 28, 27, 26, 25, 24, 23, 22, 21, 20, 19, 18, 17, 16, 15, 14, 13, 12, 11, 10, 9, 8, 7, 6, 5, 4, 3, 2, 1, 0] mid_off=[-15, -14, -13, -12, -11, -10, -9, -8, -7, -6, -5, -4, 1, 2, 3, 4, 5, 6, 7, 8, 9, 10, 11, 12, 13, 14, 15, 16, 17, 18, 19, 20, 21, 22, 23, 24, 25, 26, 27, 28, 29, 30, 31, 32, 33, 34, 35, 36, 37, 38, 39, 40, 41, 42, 43, 44, 45, 46, 47, 48] mod4=[0, 1, 2, 3]
B2 n=73 bot_off=[1, 2, 3, 4, 5, 6, 7, 8, 9, 10, 11, 12, 13, 14, 15, 16, 17, 18, 19, 20, 21, 22, 23, 24, 27, 28, 29, 30, 33, 34, 35, 36, 37, 38, 39, 40, 41, 42, 43, 44, 45, 46, 53, 54, 55, 56, 57, 58, 59, 60, 61, 62, 63, 64, 69, 70, 73, 77, 78, 79, 80, 98, 99, 100, 101, 103, 104, 105, 106, 109, 110, 111, 112] top_off=[191, 190, 189, 188, 187, 186, 185, 184, 183, 182, 181, 180, 179, 178, 177, 176, 175, 174, 173, 172, 171, 170, 169, 168, 165, 164, 163, 162, 159, 158, 157, 156, 155, 154, 153, 152, 151, 150, 149, 148, 147, 146, 139, 138, 137, 136, 135, 134, 133, 132, 131, 130, 129, 128, 123, 122, 119, 115, 114, 113, 112, 94, 93, 92, 91, 89, 88, 87, 86, 83, 82, 81, 80] mid_off=[-95, -94, -93, -92, -91, -90, -89, -88, -87, -86, -85, -84, -83, -82, -81, -80, -79, -78, -77, -76, -75, -74, -73, -72, -69, -68, -67, -66, -63, -62, -61, -60, -59, -58, -57, -56, -55, -54, -53, -52, -51, -50, -43, -42, -41, -40, -39, -38, -37, -36, -35, -34, -33, -32, -27, -26, -23, -19, -18, -17, -16, 2, 3, 4, 5, 7, 8, 9, 10, 13, 14, 15, 16] mod4=[0, 1, 2, 3]
FINAL written to /Users/will/Dev/personal/tasks/math/erdos197/data/e126_mus_M48_b222.json
