start M=64 bounds=(2, 2, 2) n=448: UNSAT [534.5s]
  drop 64 vals (chunk=64) -> n=384 [348.7s]
  drop 32 vals (chunk=32) -> n=352 [286.7s]
  drop 32 vals (chunk=32) -> n=320 [201.2s]
  drop 32 vals (chunk=32) -> n=288 [110.8s]
  drop 16 vals (chunk=16) -> n=272 [108.7s]
  drop 16 vals (chunk=16) -> n=256 [111.9s]
  drop 16 vals (chunk=16) -> n=240 [130.9s]
  drop 16 vals (chunk=16) -> n=224 [135.9s]
  drop 8 vals (chunk=8) -> n=216 [153.4s]
  drop 4 vals (chunk=4) -> n=212 [157.0s]
  drop 4 vals (chunk=4) -> n=208 [169.5s]
  drop 4 vals (chunk=4) -> n=204 [155.3s]
  drop 4 vals (chunk=4) -> n=200 [148.1s]
  drop 4 vals (chunk=4) -> n=196 [140.7s]
  drop 2 vals (chunk=2) -> n=194 [138.8s]
  drop 2 vals (chunk=2) -> n=192 [149.3s]
  drop 1 vals (chunk=1) -> n=191 [153.5s]
  drop 1 vals (chunk=1) -> n=190 [140.5s]
  drop 1 vals (chunk=1) -> n=189 [155.3s]
  drop 1 vals (chunk=1) -> n=188 [158.3s]
MINIMAL SUPPORT n=188 blocks={'B0': 17, 'B1': 79, 'B2': 92} (409 solves, 19638.7s)
support = [73, 89, 90, 91, 92, 113, 114, 115, 116, 121, 122, 123, 124, 125, 126, 127, 128, 177, 178, 179, 180, 181, 182, 183, 184, 185, 186, 187, 188, 189, 190, 191, 192, 193, 194, 195, 196, 197, 198, 199, 201, 202, 203, 204, 205, 206, 207, 208, 209, 210, 211, 212, 213, 214, 215, 216, 217, 218, 219, 220, 221, 222, 223, 224, 225, 226, 227, 228, 229, 230, 231, 232, 233, 234, 235, 236, 237, 238, 239, 240, 241, 242, 243, 244, 245, 246, 247, 248, 249, 250, 251, 252, 253, 254, 255, 256, 257, 258, 259, 260, 261, 262, 263, 264, 265, 266, 267, 268, 269, 270, 271, 272, 273, 274, 275, 276, 277, 278, 279, 280, 281, 282, 283, 284, 285, 286, 287, 288, 289, 290, 291, 292, 293, 294, 295, 296, 297, 298, 299, 300, 301, 302, 303, 304, 305, 306, 307, 308, 309, 310, 311, 312, 313, 314, 315, 316, 317, 318, 321, 322, 323, 324, 325, 326, 327, 328, 329, 330, 331, 332, 333, 334, 335, 336, 385, 386, 387, 389, 390, 391, 392, 393, 394, 395, 396, 397, 398, 399]
Glucose42 re-verify: UNSAT [107.7s]
criticality: 182 necessary, 6 redundant, 0 cardinality-locked
B0 n=17 bot_off=[9, 25, 26, 27, 28, 49, 50, 51, 52, 57, 58, 59, 60, 61, 62, 63, 64] top_off=[55, 39, 38, 37, 36, 15, 14, 13, 12, 7, 6, 5, 4, 3, 2, 1, 0] mid_off=[-23, -7, -6, -5, -4, 17, 18, 19, 20, 25, 26, 27, 28, 29, 30, 31, 32] mod4=[0, 1, 2, 3]
B1 n=79 bot_off=[49, 50, 51, 52, 53, 54, 55, 56, 57, 58, 59, 60, 61, 62, 63, 64, 65, 66, 67, 68, 69, 70, 71, 73, 74, 75, 76, 77, 78, 79, 80, 81, 82, 83, 84, 85, 86, 87, 88, 89, 90, 91, 92, 93, 94, 95, 96, 97, 98, 99, 100, 101, 102, 103, 104, 105, 106, 107, 108, 109, 110, 111, 112, 113, 114, 115, 116, 117, 118, 119, 120, 121, 122, 123, 124, 125, 126, 127, 128] top_off=[79, 78, 77, 76, 75, 74, 73, 72, 71, 70, 69, 68, 67, 66, 65, 64, 63, 62, 61, 60, 59, 58, 57, 55, 54, 53, 52, 51, 50, 49, 48, 47, 46, 45, 44, 43, 42, 41, 40, 39, 38, 37, 36, 35, 34, 33, 32, 31, 30, 29, 28, 27, 26, 25, 24, 23, 22, 21, 20, 19, 18, 17, 16, 15, 14, 13, 12, 11, 10, 9, 8, 7, 6, 5, 4, 3, 2, 1, 0] mid_off=[-15, -14, -13, -12, -11, -10, -9, -8, -7, -6, -5, -4, -3, -2, -1, 0, 1, 2, 3, 4, 5, 6, 7, 9, 10, 11, 12, 13, 14, 15, 16, 17, 18, 19, 20, 21, 22, 23, 24, 25, 26, 27, 28, 29, 30, 31, 32, 33, 34, 35, 36, 37, 38, 39, 40, 41, 42, 43, 44, 45, 46, 47, 48, 49, 50, 51, 52, 53, 54, 55, 56, 57, 58, 59, 60, 61, 62, 63, 64] mod4=[0, 1, 2, 3]
B2 n=92 bot_off=[1, 2, 3, 4, 5, 6, 7, 8, 9, 10, 11, 12, 13, 14, 15, 16, 17, 18, 19, 20, 21, 22, 23, 24, 25, 26, 27, 28, 29, 30, 31, 32, 33, 34, 35, 36, 37, 38, 39, 40, 41, 42, 43, 44, 45, 46, 47, 48, 49, 50, 51, 52, 53, 54, 55, 56, 57, 58, 59, 60, 61, 62, 65, 66, 67, 68, 69, 70, 71, 72, 73, 74, 75, 76, 77, 78, 79, 80, 129, 130, 131, 133, 134, 135, 136, 137, 138, 139, 140, 141, 142, 143] top_off=[255, 254, 253, 252, 251, 250, 249, 248, 247, 246, 245, 244, 243, 242, 241, 240, 239, 238, 237, 236, 235, 234, 233, 232, 231, 230, 229, 228, 227, 226, 225, 224, 223, 222, 221, 220, 219, 218, 217, 216, 215, 214, 213, 212, 211, 210, 209, 208, 207, 206, 205, 204, 203, 202, 201, 200, 199, 198, 197, 196, 195, 194, 191, 190, 189, 188, 187, 186, 185, 184, 183, 182, 181, 180, 179, 178, 177, 176, 127, 126, 125, 123, 122, 121, 120, 119, 118, 117, 116, 115, 114, 113] mid_off=[-127, -126, -125, -124, -123, -122, -121, -120, -119, -118, -117, -116, -115, -114, -113, -112, -111, -110, -109, -108, -107, -106, -105, -104, -103, -102, -101, -100, -99, -98, -97, -96, -95, -94, -93, -92, -91, -90, -89, -88, -87, -86, -85, -84, -83, -82, -81, -80, -79, -78, -77, -76, -75, -74, -73, -72, -71, -70, -69, -68, -67, -66, -63, -62, -61, -60, -59, -58, -57, -56, -55, -54, -53, -52, -51, -50, -49, -48, 1, 2, 3, 5, 6, 7, 8, 9, 10, 11, 12, 13, 14, 15] mod4=[0, 1, 2, 3]
FINAL written to /Users/will/Dev/personal/tasks/math/erdos197/data/e126_mus_M64_b222.json
