start M=32 bounds=(3, 3, 3) n=224: UNSAT [21.9s]
  drop 32 vals (chunk=32) -> n=192 [20.4s]
  drop 16 vals (chunk=16) -> n=176 [8.7s]
  drop 8 vals (chunk=8) -> n=168 [6.7s]
  drop 8 vals (chunk=8) -> n=160 [5.8s]
  drop 8 vals (chunk=8) -> n=152 [7.0s]
  drop 8 vals (chunk=8) -> n=144 [6.1s]
  drop 8 vals (chunk=8) -> n=136 [4.7s]
  drop 8 vals (chunk=8) -> n=128 [6.7s]
  drop 4 vals (chunk=4) -> n=124 [9.0s]
  drop 2 vals (chunk=2) -> n=122 [9.1s]
  drop 2 vals (chunk=2) -> n=120 [7.5s]
  drop 2 vals (chunk=2) -> n=118 [7.0s]
  drop 1 vals (chunk=1) -> n=117 [4.8s]
  drop 1 vals (chunk=1) -> n=116 [4.6s]
MINIMAL SUPPORT n=116 blocks={'B0': 15, 'B1': 47, 'B2': 54} (253 solves, 916.7s)
support = [33, 34, 41, 42, 45, 47, 48, 57, 58, 59, 60, 61, 62, 63, 64, 81, 82, 83, 84, 85, 86, 87, 88, 89, 90, 91, 92, 93, 94, 95, 96, 97, 98, 99, 100, 101, 102, 103, 104, 105, 106, 107, 108, 109, 110, 111, 112, 113, 114, 115, 116, 117, 118, 119, 121, 122, 123, 124, 125, 126, 127, 128, 129, 130, 131, 132, 133, 134, 135, 136, 137, 138, 139, 140, 141, 142, 143, 144, 145, 146, 147, 148, 149, 150, 151, 152, 153, 154, 155, 156, 157, 158, 159, 160, 161, 162, 163, 164, 165, 166, 167, 168, 177, 178, 179, 180, 181, 182, 183, 184, 185, 186, 187, 188, 191, 192]
Glucose42 re-verify: UNSAT [2.8s]
criticality: 116 necessary, 0 redundant, 0 cardinality-locked
B0 n=15 bot_off=[1, 2, 9, 10, 13, 15, 16, 25, 26, 27, 28, 29, 30, 31, 32] top_off=[31, 30, 23, 22, 19, 17, 16, 7, 6, 5, 4, 3, 2, 1, 0] mid_off=[-15, -14, -7, -6, -3, -1, 0, 9, 10, 11, 12, 13, 14, 15, 16] mod4=[0, 1, 2, 3]
B1 n=47 bot_off=[17, 18, 19, 20, 21, 22, 23, 24, 25, 26, 27, 28, 29, 30, 31, 32, 33, 34, 35, 36, 37, 38, 39, 40, 41, 42, 43, 44, 45, 46, 47, 48, 49, 50, 51, 52, 53, 54, 55, 57, 58, 59, 60, 61, 62, 63, 64] top_off=[47, 46, 45, 44, 43, 42, 41, 40, 39, 38, 37, 36, 35, 34, 33, 32, 31, 30, 29, 28, 27, 26, 25, 24, 23, 22, 21, 20, 19, 18, 17, 16, 15, 14, 13, 12, 11, 10, 9, 7, 6, 5, 4, 3, 2, 1, 0] mid_off=[-15, -14, -13, -12, -11, -10, -9, -8, -7, -6, -5, -4, -3, -2, -1, 0, 1, 2, 3, 4, 5, 6, 7, 8, 9, 10, 11, 12, 13, 14, 15, 16, 17, 18, 19, 20, 21, 22, 23, 25, 26, 27, 28, 29, 30, 31, 32] mod4=[0, 1, 2, 3]
B2 n=54 bot_off=[1, 2, 3, 4, 5, 6, 7, 8, 9, 10, 11, 12, 13, 14, 15, 16, 17, 18, 19, 20, 21, 22, 23, 24, 25, 26, 27, 28, 29, 30, 31, 32, 33, 34, 35, 36, 37, 38, 39, 40, 49, 50, 51, 52, 53, 54, 55, 56, 57, 58, 59, 60, 63, 64] top_off=[127, 126, 125, 124, 123, 122, 121, 120, 119, 118, 117, 116, 115, 114, 113, 112, 111, 110, 109, 108, 107, 106, 105, 104, 103, 102, 101, 100, 99, 98, 97, 96, 95, 94, 93, 92, 91, 90, 89, 88, 79, 78, 77, 76, 75, 74, 73, 72, 71, 70, 69, 68, 65, 64] mid_off=[-63, -62, -61, -60, -59, -58, -57, -56, -55, -54, -53, -52, -51, -50, -49, -48, -47, -46, -45, -44, -43, -42, -41, -40, -39, -38, -37, -36, -35, -34, -33, -32, -31, -30, -29, -28, -27, -26, -25, -24, -15, -14, -13, -12, -11, -10, -9, -8, -7, -6, -5, -4, -1, 0] mod4=[0, 1, 2, 3]
FINAL written to /Users/will/Dev/personal/tasks/math/erdos197/data/e126_mus_M32_b333.json
