=== M=32 bounds=[3, 3, 3] n=116 ===
  B0 n=15: [33,34](1.031M..1.062M) u [41,42](1.281M..1.312M) u {45}(1.406M..1.406M) u [47,48](1.469M..1.500M) u [57,64](1.781M..2.000M)
  B1 n=47: [81,119](2.531M..3.719M) u [121,128](3.781M..4.000M)
  B2 n=54: [129,168](4.031M..5.250M) u [177,188](5.531M..5.875M) u [191,192](5.969M..6.000M)

=== M=48 bounds=[2, 2, 2] n=153 ===
  B0 n=20: [65,67](1.354M..1.396M) u [77,78](1.604M..1.625M) u [81,85](1.688M..1.771M) u [87,96](1.812M..2.000M)
  B1 n=60: [129,140](2.688M..2.917M) u [145,192](3.021M..4.000M)
  B2 n=73: [193,216](4.021M..4.500M) u [219,222](4.562M..4.625M) u [225,238](4.688M..4.958M) u [245,256](5.104M..5.333M) u [261,262](5.438M..5.458M) u {265}(5.521M..5.521M) u [269,272](5.604M..5.667M) u [290,293](6.042M..6.104M) u [295,298](6.146M..6.208M) u [301,304](6.271M..6.333M)

C1 M=32: min middle b of 3-block AP = 81 = 5M/2+1  OK
C1 M=48: min middle b of 3-block AP = 121 = 5M/2+1  OK
C2 M=32: max 3-block image with a>4M/3: 213 (20M/3 = 213.3)  OK
C2 M=48: max 3-block image with a>4M/3: 319 (20M/3 = 320.0)  OK
C3 M=32: B2 subset of (4M,20M/3]: True (max 192 = 6.000M, cap 213.3)
C4 M=32: B1 subset of (5M/2,4M]: True (min 81 = 2.531M, floor 80.0)
C5 M=32: B0 values outside (4M/3,2M]: [33, 34, 41, 42]
C3 M=48: B2 subset of (4M,20M/3]: True (max 304 = 6.333M, cap 320.0)
C4 M=48: B1 subset of (5M/2,4M]: True (min 129 = 2.688M, floor 120.0)
C5 M=48: B0 values outside (4M/3,2M]: []
C6 M=32: B0 runs = [(33, 34), (41, 42), (45, 45), (47, 48), (57, 64)]; singletons = [45]; 14/15 values in runs >= 2
C6 M=48: B0 runs = [(65, 67), (77, 78), (81, 85), (87, 96)]; singletons = []; 20/20 values in runs >= 2
C7 M=32: 3-block-unreachable B2 top zone = [224,256] (33 vals), expected [7M,8M] = [224,256]: OK
C7 M=48: 3-block-unreachable B2 top zone = [336,384] (49 vals), expected [7M,8M] = [336,384]: OK
