[A_11_r0] x=11 M=80: single-puncture escapes=NONE controls={'[82, 84]': 'SAT'} (3.4s)
[A_11_r0] x=11 M=112: single-puncture escapes=NONE controls={'[114, 116]': 'SAT'} (9.6s)
[A_11_r0] x=11 M=144: single-puncture escapes=NONE controls={'[146, 148]': 'SAT'} (40.8s)
[B] x=15 M=80: singles esc=NONE; 435 support-pairs esc=NONE; rand esc=NONE; ctrl={'esc3': 'UNSAT'} (7.6s)
[B] x=15 M=112: singles esc=NONE; 435 support-pairs esc=NONE; rand esc=NONE; ctrl={'esc3': 'SAT'} (7.9s)
[B] x=15 M=144: singles esc=NONE; 435 support-pairs esc=NONE; rand esc=NONE; ctrl={'esc3': 'UNSAT'} (10.6s)
[C] x=15 M=80 puncture b3: {'core_units': [['t5', 'b5'], ['t4', 'b6'], ['t3', 'b6'], ['t2', 'b7']], 'core_vals': ['b5', 'b6', 'b7', 't5', 't4', 't3', 't2'], 'catalogued_cores_avoiding_v': [], 'secs': 0.5}
[C] x=15 M=80 puncture b5: {'core_units': [['t7', 'b4'], ['t4', 'b6'], ['t2', 'b7']], 'core_vals': ['b4', 'b6', 'b7', 't7', 't4', 't2'], 'catalogued_cores_avoiding_v': ['B6(15)'], 'secs': 0.3}
[C] x=15 M=80 puncture b6: {'core_units': [['t11', 'b2'], ['t6', 'b5'], ['t5', 'b5'], ['t2', 'b7']], 'core_vals': ['b2', 'b5', 'b7', 't11', 't6', 't5', 't2'], 'catalogued_cores_avoiding_v': ['B6(15)'], 'secs': 0.4}
[C] x=15 M=80 puncture t3: {'core_units': [['t7', 'b4'], ['t4', 'b6'], ['t2', 'b7']], 'core_vals': ['b4', 'b6', 'b7', 't7', 't4', 't2'], 'catalogued_cores_avoiding_v': ['B6(15)'], 'secs': 0.5}
[C] x=15 M=80 puncture t5: {'core_units': [['t7', 'b4'], ['t4', 'b6'], ['t2', 'b7']], 'core_vals': ['b4', 'b6', 'b7', 't7', 't4', 't2'], 'catalogued_cores_avoiding_v': ['B6(15)'], 'secs': 0.5}
[C] x=15 M=80 puncture t10: {'core_units': [['t5', 'b5'], ['t4', 'b6'], ['t3', 'b6'], ['t2', 'b7']], 'core_vals': ['b5', 'b6', 'b7', 't5', 't4', 't3', 't2'], 'catalogued_cores_avoiding_v': ['B6(15)'], 'secs': 0.4}
[C] x=15 M=80 puncture m0: {'core_units': [['t5', 'b5'], ['t4', 'b6'], ['t3', 'b6'], ['t2', 'b7']], 'core_vals': ['b5', 'b6', 'b7', 't5', 't4', 't3', 't2'], 'catalogued_cores_avoiding_v': ['D3=C3', 'B6(15)'], 'secs': 0.5}
[C] x=15 M=80 puncture m0-1: {'core_units': [['t5', 'b5'], ['t4', 'b6'], ['t3', 'b6'], ['t2', 'b7']], 'core_vals': ['b5', 'b6', 'b7', 't5', 't4', 't3', 't2'], 'catalogued_cores_avoiding_v': ['D3=C3', 'B6(15)'], 'secs': 0.5}
[C] x=15 M=80 puncture m0+1: {'core_units': [['t7', 'b4'], ['t4', 'b6'], ['t2', 'b7']], 'core_vals': ['b4', 'b6', 'b7', 't7', 't4', 't2'], 'catalogued_cores_avoiding_v': ['D3=C3', 'B6(15)'], 'secs': 0.4}
[C] x=15 M=80 puncture t1: {'core_units': [['t5', 'b5'], ['t4', 'b6'], ['t3', 'b6'], ['t2', 'b7']], 'core_vals': ['b5', 'b6', 'b7', 't5', 't4', 't3', 't2'], 'catalogued_cores_avoiding_v': ['D3=C3', 'B6(15)'], 'secs': 0.6}
[C] x=11 M=80 puncture b4: {'core_units': [['t9', 'b1'], ['t7', 'b2'], ['t2', 'b5'], ['t0', 'b6']], 'core_vals': ['b1', 'b2', 'b5', 'b6', 't9', 't7', 't2', 't0'], 'catalogued_cores_avoiding_v': ['A4c', 'B2', 'C'], 'secs': 0.4}
[C] x=11 M=80 puncture b5: {'core_units': [['t8', 'b2'], ['t6', 'b3'], ['t3', 'b4'], ['t0', 'b6']], 'core_vals': ['b2', 'b3', 'b4', 'b6', 't8', 't6', 't3', 't0'], 'catalogued_cores_avoiding_v': ['B6'], 'secs': 0.5}
[C] x=11 M=80 puncture b6: {'core_units': [['t6', 'b3'], ['t3', 'b4'], ['t2', 'b5'], ['t1', 'b5']], 'core_vals': ['b3', 'b4', 'b5', 't6', 't3', 't2', 't1'], 'catalogued_cores_avoiding_v': ['A4d', 'B2', 'B6'], 'secs': 0.4}
[C] x=11 M=80 puncture t0: {'core_units': [['t6', 'b3'], ['t3', 'b4'], ['t2', 'b5'], ['t1', 'b5']], 'core_vals': ['b3', 'b4', 'b5', 't6', 't3', 't2', 't1'], 'catalogued_cores_avoiding_v': ['A4d', 'B2', 'B6'], 'secs': 0.4}
[C] x=11 M=80 puncture t1: {'core_units': [['t7', 'b2'], ['t3', 'b4'], ['t2', 'b5'], ['t0', 'b6']], 'core_vals': ['b2', 'b4', 'b5', 'b6', 't7', 't3', 't2', 't0'], 'catalogued_cores_avoiding_v': ['A4b', 'A4c', 'B2', 'B6', 'C'], 'secs': 0.3}
[C] x=11 M=80 puncture t2: {'core_units': [['t8', 'b2'], ['t6', 'b3'], ['t3', 'b4'], ['t0', 'b6']], 'core_vals': ['b2', 'b3', 'b4', 'b6', 't8', 't6', 't3', 't0'], 'catalogued_cores_avoiding_v': ['B6'], 'secs': 0.2}
[C] x=11 M=80 puncture t3: {'core_units': [['t9', 'b1'], ['t7', 'b2'], ['t2', 'b5'], ['t0', 'b6']], 'core_vals': ['b1', 'b2', 'b5', 'b6', 't9', 't7', 't2', 't0'], 'catalogued_cores_avoiding_v': ['A4c', 'B2', 'C'], 'secs': 0.3}
[C] x=11 M=80 puncture m0: {'core_units': [['t3', 'b4'], ['t2', 'b5'], ['t1', 'b5'], ['t0', 'b6']], 'core_vals': ['b4', 'b5', 'b6', 't3', 't2', 't1', 't0'], 'catalogued_cores_avoiding_v': ['A4a', 'A4b', 'A4c', 'A4d', 'B2', 'B6', 'C'], 'secs': 0.5}
[D_11_r2] x=11 M=82: single-puncture escapes=[84, 157] controls={'[84, 86]': 'SAT'} (0.7s)
[D_11_r2] x=11 M=114: single-puncture escapes=[116, 221] controls={'[116, 118]': 'SAT'} (1.9s)
total 90s -> /Users/will/Dev/personal/tasks/math/erdos197/data/e130_n3_puncture.json
