[b] b2+b6: core(M80)=[['t13', 'b1'], ['t7', 'b4'], ['t5', 'b5'], ['t2', 'b7']] -> ['UNSAT', 'UNSAT', 'UNSAT', 'UNSAT']
[b] b3+b7: core(M80)=[['t12', 'b2'], ['t6', 'b5'], ['t5', 'b5'], ['t3', 'b6']] -> ['UNSAT', 'UNSAT', 'UNSAT', 'UNSAT']
[b] b3+t2: core(M80)=[['t12', 'b2'], ['t6', 'b5'], ['t5', 'b5'], ['t3', 'b6']] -> ['UNSAT', 'UNSAT', 'UNSAT', 'UNSAT']
[b] b4+b5: core(M80)=[['t11', 'b2'], ['t4', 'b6'], ['t3', 'b6'], ['t2', 'b7']] -> ['UNSAT', 'UNSAT', 'UNSAT', 'UNSAT']
[b] b4+t5: core(M80)=[['t11', 'b2'], ['t4', 'b6'], ['t3', 'b6'], ['t2', 'b7']] -> ['UNSAT', 'UNSAT', 'UNSAT', 'UNSAT']
[b] b5+b6: core(M80)=[['t11', 'b2'], ['t9', 'b3'], ['t7', 'b4'], ['t2', 'b7']] -> ['UNSAT', 'SAT', 'UNSAT', 'UNSAT']
[b] b5+b7: core(M80)=[['t10', 'b3'], ['t7', 'b4'], ['t4', 'b6']] -> ['UNSAT', 'UNSAT', 'UNSAT', 'UNSAT']
[b] b5+t2: core(M80)=[['t10', 'b3'], ['t7', 'b4'], ['t4', 'b6']] -> ['UNSAT', 'UNSAT', 'UNSAT', 'UNSAT']
[b] b5+t4: core(M80)=[['t9', 'b3'], ['t7', 'b4'], ['t3', 'b6'], ['t2', 'b7']] -> ['UNSAT', 'SAT', 'UNSAT', 'UNSAT']
[b] b5+t7: core(M80)=[['t11', 'b2'], ['t4', 'b6'], ['t3', 'b6'], ['t2', 'b7']] -> ['UNSAT', 'UNSAT', 'UNSAT', 'UNSAT']
[b] b6+b7: core(M80)=[['t11', 'b2'], ['t10', 'b3'], ['t5', 'b5']] -> ['UNSAT', 'UNSAT', 'UNSAT', 'UNSAT']
[b] b6+t11: core(M80)=[['t12', 'b2'], ['t7', 'b4'], ['t6', 'b5']] -> ['UNSAT', 'UNSAT', 'UNSAT', 'UNSAT']
[b] b6+t2: core(M80)=[['t11', 'b2'], ['t10', 'b3'], ['t5', 'b5']] -> ['UNSAT', 'UNSAT', 'UNSAT', 'UNSAT']
[b] b6+t5: core(M80)=[['t11', 'b2'], ['t7', 'b4'], ['t6', 'b5'], ['t2', 'b7']] -> ['UNSAT', 'UNSAT', 'UNSAT', 'UNSAT']
[b] b6+t6: core(M80)=[['t11', 'b2'], ['t9', 'b3'], ['t5', 'b5'], ['t2', 'b7']] -> ['UNSAT', 'SAT', 'UNSAT', 'UNSAT']
[b] b7+t10: core(M80)=[['t12', 'b2'], ['t6', 'b5'], ['t5', 'b5'], ['t3', 'b6']] -> ['UNSAT', 'UNSAT', 'UNSAT', 'UNSAT']
[b] b7+t3: core(M80)=[['t10', 'b3'], ['t7', 'b4'], ['t4', 'b6']] -> ['UNSAT', 'UNSAT', 'UNSAT', 'UNSAT']
[b] b7+t5: core(M80)=[['t10', 'b3'], ['t7', 'b4'], ['t4', 'b6']] -> ['UNSAT', 'UNSAT', 'UNSAT', 'UNSAT']
[b] t10+t2: core(M80)=[['t12', 'b2'], ['t6', 'b5'], ['t5', 'b5'], ['t3', 'b6']] -> ['UNSAT', 'UNSAT', 'UNSAT', 'UNSAT']
[b] t2+t3: core(M80)=[['t10', 'b3'], ['t7', 'b4'], ['t4', 'b6']] -> ['UNSAT', 'UNSAT', 'UNSAT', 'UNSAT']
[b] t2+t5: core(M80)=[['t10', 'b3'], ['t7', 'b4'], ['t4', 'b6']] -> ['UNSAT', 'UNSAT', 'UNSAT', 'UNSAT']
[b] t4+t5: core(M80)=[['t7', 'b4'], ['t6', 'b5'], ['t3', 'b6'], ['t2', 'b7']] -> ['UNSAT', 'UNSAT', 'UNSAT', 'UNSAT']
[b] t5+t7: core(M80)=[['t11', 'b2'], ['t4', 'b6'], ['t3', 'b6'], ['t2', 'b7']] -> ['UNSAT', 'UNSAT', 'UNSAT', 'UNSAT']
non-firing (buster, M): [('b5+b6', 112), ('b5+t4', 112), ('b6+t6', 112)]  (59s)
