[T] x=11 M=80: support-2-escapes=[['b1', 'b4'], ['b1', 't3'], ['b2', 'b4'], ['b2', 'b5'], ['b2', 't3'], ['b2', 't1'], ['b4', 't9'], ['b4', 't7'], ['t9', 't3'], ['t7', 't3']] bottom-cross-escapes=[]
[T] x=11 M=112: support-2-escapes=[['b1', 'b4'], ['b1', 't3'], ['b2', 'b4'], ['b2', 'b5'], ['b2', 't3'], ['b2', 't1'], ['b4', 't9'], ['b4', 't7'], ['t9', 't3'], ['t7', 't3']] bottom-cross-escapes=[]
[T] x=11 M=144: support-2-escapes=[['b1', 'b4'], ['b1', 't3'], ['b2', 'b4'], ['b2', 'b5'], ['b2', 't3'], ['b2', 't1'], ['b4', 't9'], ['b4', 't7'], ['t9', 't3'], ['t7', 't3']] bottom-cross-escapes=[]
partT done (8s)
[S] catalogue-busting 2-subsets (hit all 4 core supports): [['b2', 'b6'], ['b3', 'b7'], ['b3', 't2'], ['b4', 'b5'], ['b4', 't5'], ['b5', 'b6'], ['b5', 'b7'], ['b5', 't2'], ['b5', 't4'], ['b5', 't7'], ['b6', 'b7'], ['b6', 't11'], ['b6', 't2'], ['b6', 't5'], ['b6', 't6'], ['b7', 't10'], ['b7', 't3'], ['b7', 't5'], ['t10', 't2'], ['t2', 't3'], ['t2', 't5'], ['t4', 't5'], ['t5', 't7']]
[S] M=80 P=['b2', 'b6']: UNSAT, fresh core [['t13', 'b1'], ['t7', 'b4'], ['t5', 'b5'], ['t2', 'b7']]
[S] M=80 P=['b3', 'b7']: UNSAT, fresh core [['t12', 'b2'], ['t6', 'b5'], ['t5', 'b5'], ['t3', 'b6']]
[S] M=80 P=['b3', 't2']: UNSAT, fresh core [['t12', 'b2'], ['t6', 'b5'], ['t5', 'b5'], ['t3', 'b6']]
[S] M=80 P=['b4', 'b5']: UNSAT, fresh core [['t11', 'b2'], ['t4', 'b6'], ['t3', 'b6'], ['t2', 'b7']]
[S] M=80 P=['b4', 't5']: UNSAT, fresh core [['t11', 'b2'], ['t4', 'b6'], ['t3', 'b6'], ['t2', 'b7']]
[S] M=80 P=['b5', 'b6']: UNSAT, fresh core [['t11', 'b2'], ['t9', 'b3'], ['t7', 'b4'], ['t2', 'b7']]
[S] M=80 P=['b5', 'b7']: UNSAT, fresh core [['t10', 'b3'], ['t7', 'b4'], ['t4', 'b6']]
[S] M=80 P=['b5', 't2']: UNSAT, fresh core [['t10', 'b3'], ['t7', 'b4'], ['t4', 'b6']]
[S] M=80 P=['b5', 't4']: UNSAT, fresh core [['t9', 'b3'], ['t7', 'b4'], ['t3', 'b6'], ['t2', 'b7']]
[S] M=80 P=['b5', 't7']: UNSAT, fresh core [['t11', 'b2'], ['t4', 'b6'], ['t3', 'b6'], ['t2', 'b7']]
[S] M=80 P=['b6', 'b7']: UNSAT, fresh core [['t11', 'b2'], ['t10', 'b3'], ['t5', 'b5']]
[S] M=80 P=['b6', 't11']: UNSAT, fresh core [['t12', 'b2'], ['t7', 'b4'], ['t6', 'b5']]
[S] M=80 P=['b6', 't2']: UNSAT, fresh core [['t11', 'b2'], ['t10', 'b3'], ['t5', 'b5']]
[S] M=80 P=['b6', 't5']: UNSAT, fresh core [['t11', 'b2'], ['t7', 'b4'], ['t6', 'b5'], ['t2', 'b7']]
[S] M=80 P=['b6', 't6']: UNSAT, fresh core [['t11', 'b2'], ['t9', 'b3'], ['t5', 'b5'], ['t2', 'b7']]
[S] M=80 P=['b7', 't10']: UNSAT, fresh core [['t12', 'b2'], ['t6', 'b5'], ['t5', 'b5'], ['t3', 'b6']]
[S] M=80 P=['b7', 't3']: UNSAT, fresh core [['t10', 'b3'], ['t7', 'b4'], ['t4', 'b6']]
[S] M=80 P=['b7', 't5']: UNSAT, fresh core [['t10', 'b3'], ['t7', 'b4'], ['t4', 'b6']]
[S] M=80 P=['t10', 't2']: UNSAT, fresh core [['t12', 'b2'], ['t6', 'b5'], ['t5', 'b5'], ['t3', 'b6']]
[S] M=80 P=['t2', 't3']: UNSAT, fresh core [['t10', 'b3'], ['t7', 'b4'], ['t4', 'b6']]
[S] M=80 P=['t2', 't5']: UNSAT, fresh core [['t10', 'b3'], ['t7', 'b4'], ['t4', 'b6']]
[S] M=80 P=['t4', 't5']: UNSAT, fresh core [['t7', 'b4'], ['t6', 'b5'], ['t3', 'b6'], ['t2', 'b7']]
[S] M=80 P=['t5', 't7']: UNSAT, fresh core [['t11', 'b2'], ['t4', 'b6'], ['t3', 'b6'], ['t2', 'b7']]
[S] M=112 P=['b2', 'b6']: UNSAT, fresh core [['t13', 'b1'], ['t7', 'b4'], ['t5', 'b5'], ['t2', 'b7']]
[S] M=112 P=['b3', 'b7']: UNSAT, fresh core [['t12', 'b2'], ['t6', 'b5'], ['t5', 'b5'], ['t3', 'b6']]
[S] M=112 P=['b3', 't2']: UNSAT, fresh core [['t12', 'b2'], ['t6', 'b5'], ['t5', 'b5'], ['t3', 'b6']]
[S] M=112 P=['b4', 'b5']: UNSAT, fresh core [['t11', 'b2'], ['t4', 'b6'], ['t3', 'b6'], ['t2', 'b7']]
[S] M=112 P=['b4', 't5']: UNSAT, fresh core [['t11', 'b2'], ['t4', 'b6'], ['t3', 'b6'], ['t2', 'b7']]
[S] M=112 P=['b5', 'b6']: UNSAT, fresh core [['t11', 'b2'], ['t10', 'b3'], ['t7', 'b4'], ['t2', 'b7']]
[S] M=112 P=['b5', 'b7']: UNSAT, fresh core [['t10', 'b3'], ['t7', 'b4'], ['t4', 'b6']]
[S] M=112 P=['b5', 't2']: UNSAT, fresh core [['t10', 'b3'], ['t7', 'b4'], ['t4', 'b6']]
[S] M=112 P=['b5', 't4']: UNSAT, fresh core [['t10', 'b3'], ['t7', 'b4'], ['t3', 'b6'], ['t2', 'b7']]
[S] M=112 P=['b5', 't7']: UNSAT, fresh core [['t11', 'b2'], ['t4', 'b6'], ['t3', 'b6'], ['t2', 'b7']]
[S] M=112 P=['b6', 'b7']: UNSAT, fresh core [['t11', 'b2'], ['t10', 'b3'], ['t5', 'b5']]
[S] M=112 P=['b6', 't11']: UNSAT, fresh core [['t12', 'b2'], ['t7', 'b4'], ['t6', 'b5']]
[S] M=112 P=['b6', 't2']: UNSAT, fresh core [['t11', 'b2'], ['t10', 'b3'], ['t5', 'b5']]
[S] M=112 P=['b6', 't5']: UNSAT, fresh core [['t11', 'b2'], ['t7', 'b4'], ['t6', 'b5'], ['t2', 'b7']]
[S] M=112 P=['b6', 't6']: UNSAT, fresh core [['t11', 'b2'], ['t10', 'b3'], ['t5', 'b5']]
[S] M=112 P=['b7', 't10']: UNSAT, fresh core [['t12', 'b2'], ['t6', 'b5'], ['t5', 'b5'], ['t3', 'b6']]
[S] M=112 P=['b7', 't3']: UNSAT, fresh core [['t10', 'b3'], ['t7', 'b4'], ['t4', 'b6']]
[S] M=112 P=['b7', 't5']: UNSAT, fresh core [['t10', 'b3'], ['t7', 'b4'], ['t4', 'b6']]
[S] M=112 P=['t10', 't2']: UNSAT, fresh core [['t12', 'b2'], ['t6', 'b5'], ['t5', 'b5'], ['t3', 'b6']]
[S] M=112 P=['t2', 't3']: UNSAT, fresh core [['t10', 'b3'], ['t7', 'b4'], ['t4', 'b6']]
[S] M=112 P=['t2', 't5']: UNSAT, fresh core [['t10', 'b3'], ['t7', 'b4'], ['t4', 'b6']]
[S] M=112 P=['t4', 't5']: UNSAT, fresh core [['t7', 'b4'], ['t6', 'b5'], ['t3', 'b6'], ['t2', 'b7']]
[S] M=112 P=['t5', 't7']: UNSAT, fresh core [['t11', 'b2'], ['t4', 'b6'], ['t3', 'b6'], ['t2', 'b7']]
[S] M=144 P=['b2', 'b6']: UNSAT, fresh core [['t9', 'b3'], ['t7', 'b4'], ['t5', 'b5'], ['t2', 'b7'], ['t1', 'b7']]
[S] M=144 P=['b3', 'b7']: UNSAT, fresh core [['t8', 'b4'], ['t6', 'b5'], ['t5', 'b5'], ['t4', 'b6'], ['t3', 'b6'], ['t0', 'b8']]
[S] M=144 P=['b3', 't2']: UNSAT, fresh core [['t8', 'b4'], ['t6', 'b5'], ['t5', 'b5'], ['t4', 'b6'], ['t3', 'b6'], ['t0', 'b8']]
[S] M=144 P=['b4', 'b5']: UNSAT, fresh core [['t11', 'b2'], ['t4', 'b6'], ['t3', 'b6'], ['t2', 'b7']]
[S] M=144 P=['b4', 't5']: UNSAT, fresh core [['t11', 'b2'], ['t4', 'b6'], ['t3', 'b6'], ['t2', 'b7']]
[S] M=144 P=['b5', 'b6']: UNSAT, fresh core [['t11', 'b2'], ['t9', 'b3'], ['t7', 'b4'], ['t2', 'b7']]
[S] M=144 P=['b5', 'b7']: UNSAT, fresh core [['t10', 'b3'], ['t7', 'b4'], ['t4', 'b6']]
[S] M=144 P=['b5', 't2']: UNSAT, fresh core [['t10', 'b3'], ['t7', 'b4'], ['t4', 'b6']]
[S] M=144 P=['b5', 't4']: UNSAT, fresh core [['t9', 'b3'], ['t7', 'b4'], ['t3', 'b6'], ['t2', 'b7']]
[S] M=144 P=['b5', 't7']: UNSAT, fresh core [['t11', 'b2'], ['t4', 'b6'], ['t3', 'b6'], ['t2', 'b7']]
[S] M=144 P=['b6', 'b7']: UNSAT, fresh core [['t11', 'b2'], ['t10', 'b3'], ['t5', 'b5']]
[S] M=144 P=['b6', 't11']: UNSAT, fresh core [['t9', 'b3'], ['t7', 'b4'], ['t5', 'b5'], ['t2', 'b7'], ['t1', 'b7']]
[S] M=144 P=['b6', 't2']: UNSAT, fresh core [['t10', 'b3'], ['t9', 'b3'], ['t7', 'b4'], ['t5', 'b5'], ['t1', 'b7']]
[S] M=144 P=['b6', 't5']: UNSAT, fresh core [['t11', 'b2'], ['t7', 'b4'], ['t6', 'b5'], ['t2', 'b7']]
[S] M=144 P=['b6', 't6']: UNSAT, fresh core [['t9', 'b3'], ['t7', 'b4'], ['t5', 'b5'], ['t2', 'b7'], ['t1', 'b7']]
[S] M=144 P=['b7', 't10']: UNSAT, fresh core [['t8', 'b4'], ['t6', 'b5'], ['t5', 'b5'], ['t4', 'b6'], ['t3', 'b6'], ['t0', 'b8']]
[S] M=144 P=['b7', 't3']: UNSAT, fresh core [['t8', 'b4'], ['t7', 'b4'], ['t6', 'b5'], ['t4', 'b6'], ['t0', 'b8']]
[S] M=144 P=['b7', 't5']: UNSAT, fresh core [['t8', 'b4'], ['t7', 'b4'], ['t6', 'b5'], ['t4', 'b6'], ['t0', 'b8']]
[S] M=144 P=['t10', 't2']: UNSAT, fresh core [['t8', 'b4'], ['t6', 'b5'], ['t5', 'b5'], ['t4', 'b6'], ['t3', 'b6'], ['t0', 'b8']]
[S] M=144 P=['t2', 't3']: UNSAT, fresh core [['t8', 'b4'], ['t7', 'b4'], ['t6', 'b5'], ['t4', 'b6'], ['t0', 'b8']]
[S] M=144 P=['t2', 't5']: UNSAT, fresh core [['t8', 'b4'], ['t7', 'b4'], ['t6', 'b5'], ['t4', 'b6'], ['t0', 'b8']]
[S] M=144 P=['t4', 't5']: UNSAT, fresh core [['t7', 'b4'], ['t6', 'b5'], ['t3', 'b6'], ['t2', 'b7']]
[S] M=144 P=['t5', 't7']: UNSAT, fresh core [['t11', 'b2'], ['t4', 'b6'], ['t3', 'b6'], ['t2', 'b7']]
partS done (33s)
total 41s -> /Users/will/Dev/personal/tasks/math/erdos197/data/e132_spotchecks.json
