[R] x11_r0_M72: intact=UNSAT 1-escapes=NONE
[R] x11_r0_M96: intact=UNSAT 1-escapes=NONE
[R] x11_r0_M120: intact=UNSAT 1-escapes=NONE
[R] x11_r1_M73: intact=UNSAT 1-escapes=NONE
[R] x11_r1_M97: intact=UNSAT 1-escapes=NONE
[R] x11_r1_M121: intact=UNSAT 1-escapes=NONE
[R] x11_r2_M74: intact=UNSAT 1-escapes=NONE
[R] x11_r2_M98: intact=UNSAT 1-escapes=['b2', 't7']
[R] x11_r2_M122: intact=UNSAT 1-escapes=NONE
[R] x11_r3_M75: intact=UNSAT 1-escapes=NONE
[R] x11_r3_M99: intact=UNSAT 1-escapes=NONE
[R] x11_r3_M123: intact=UNSAT 1-escapes=NONE
[R] x11_r4_M76: intact=UNSAT 1-escapes=NONE
[R] x11_r4_M100: intact=UNSAT 1-escapes=NONE
[R] x11_r4_M124: intact=UNSAT 1-escapes=NONE
[R] x11_r5_M77: intact=UNSAT 1-escapes=NONE
[R] x11_r5_M101: intact=UNSAT 1-escapes=NONE
[R] x11_r5_M125: intact=UNSAT 1-escapes=NONE
[R] x11_r6_M78: intact=UNSAT 1-escapes=['b4']
[R] x11_r6_M102: intact=UNSAT 1-escapes=NONE
[R] x11_r6_M126: intact=UNSAT 1-escapes=['b4']
[R] x11_r7_M79: intact=UNSAT 1-escapes=NONE
[R] x11_r7_M103: intact=UNSAT 1-escapes=NONE
[R] x11_r7_M127: intact=UNSAT 1-escapes=NONE
[R] x15_r0_M72: intact=UNSAT 1-escapes=NONE
[R] x15_r0_M96: intact=UNSAT 1-escapes=NONE
[R] x15_r0_M120: intact=UNSAT 1-escapes=NONE
[R] x15_r1_M73: intact=UNSAT 1-escapes=NONE
[R] x15_r1_M97: intact=UNSAT 1-escapes=NONE
[R] x15_r1_M121: intact=UNSAT 1-escapes=NONE
[R] x15_r2_M74: intact=UNSAT 1-escapes=NONE
[R] x15_r2_M98: intact=UNSAT 1-escapes=NONE
[R] x15_r2_M122: intact=UNSAT 1-escapes=NONE
[R] x15_r3_M75: intact=UNSAT 1-escapes=NONE
[R] x15_r3_M99: intact=UNSAT 1-escapes=NONE
[R] x15_r3_M123: intact=UNSAT 1-escapes=NONE
[R] x15_r4_M76: intact=UNSAT 1-escapes=NONE
[R] x15_r4_M100: intact=UNSAT 1-escapes=NONE
[R] x15_r4_M124: intact=UNSAT 1-escapes=NONE
[R] x15_r5_M77: intact=UNSAT 1-escapes=NONE
[R] x15_r5_M101: intact=UNSAT 1-escapes=NONE
[R] x15_r5_M125: intact=UNSAT 1-escapes=NONE
[R] x15_r6_M78: intact=UNSAT 1-escapes=NONE
[R] x15_r6_M102: intact=UNSAT 1-escapes=NONE
[R] x15_r6_M126: intact=UNSAT 1-escapes=NONE
[R] x15_r7_M79: intact=UNSAT 1-escapes=NONE
[R] x15_r7_M103: intact=UNSAT 1-escapes=NONE
[R] x15_r7_M127: intact=UNSAT 1-escapes=NONE
partR done (26s)
total 26s -> /Users/will/Dev/personal/tasks/math/erdos197/data/e132_spotchecks.json
