resume: +840 patterns from previous run
ADV(64) bounds=(2, 2, 2): straddle=4264 seed patterns=3018+840
[1] sizes A=[32, 39, 71] B=[32, 41, 72] kills=[('B', 1, 45)] [0.0s]
      blk1 |S|=45 offs=[-148, -140, -138, -136, -134, -132, -130, -128, -76, -72, -70, -68, -66, -62, -60, -58, -56, -54, -52, -50, -48, -46, -44, -42, -40, -38, -36, -34, -32, -30, -28, -26, -24, -22, -20, -18, -16, -14, -12, -10, -8, -6, -4, -2, 0]
[2] sizes A=[32, 40, 71] B=[32, 40, 72] kills=[('B', 1, 34)] [0.1s]
      blk1 |S|=34 offs=[-136, -132, -130, -128, -76, -72, -68, -66, -60, -58, -56, -54, -52, -50, -48, -44, -42, -40, -36, -34, -32, -30, -28, -26, -24, -22, -20, -18, -16, -14, -12, -8, -4, 0]
[3] sizes A=[32, 41, 71] B=[32, 39, 72] kills=[('B', 1, 35)] [0.0s]
      blk1 |S|=35 offs=[-132, -130, -128, -76, -72, -66, -60, -58, -56, -54, -52, -50, -48, -46, -44, -42, -40, -38, -36, -34, -32, -30, -28, -26, -24, -22, -20, -18, -16, -14, -12, -8, -6, -4, 0]
[4] sizes A=[32, 42, 71] B=[32, 38, 72] kills=[('B', 1, 37)] [0.1s]
      blk1 |S|=37 offs=[-142, -134, -132, -130, -128, -76, -66, -60, -56, -54, -52, -50, -48, -46, -44, -42, -40, -38, -36, -34, -32, -30, -28, -26, -24, -22, -20, -18, -16, -14, -12, -10, -8, -6, -4, -2, 0]
[5] sizes A=[32, 39, 71] B=[32, 41, 72] kills=[('B', 1, 51)] [0.0s]
      blk1 |S|=51 offs=[-156, -154, -152, -150, -148, -146, -144, -142, -140, -138, -134, -132, -130, -128, -78, -76, -74, -70, -68, -66, -62, -60, -58, -56, -54, -52, -50, -46, -44, -42, -40, -38, -36, -34, -32, -30, -28, -26, -24, -22, -20, -18, -16, -14, -12, -10, -8, -6, -4, -2, 0]
[6] sizes A=[32, 39, 71] B=[32, 41, 72] kills=[('B', 1, 48)] [0.0s]
      blk1 |S|=48 offs=[-156, -152, -148, -144, -140, -138, -136, -134, -132, -130, -128, -78, -74, -70, -68, -66, -62, -60, -58, -56, -54, -52, -50, -48, -46, -44, -42, -40, -38, -36, -34, -32, -30, -28, -26, -24, -22, -20, -18, -16, -14, -12, -10, -8, -6, -4, -2, 0]
[7] sizes A=[32, 40, 71] B=[32, 40, 72] kills=[('B', 1, 45)] [0.0s]
      blk1 |S|=45 offs=[-156, -152, -148, -144, -138, -134, -132, -130, -128, -78, -74, -68, -66, -62, -60, -58, -56, -54, -52, -50, -48, -46, -44, -42, -40, -38, -36, -34, -32, -30, -28, -26, -24, -22, -20, -18, -16, -14, -12, -10, -8, -6, -4, -2, 0]
[8] sizes A=[32, 41, 71] B=[32, 39, 72] kills=[('A', 2, 24), ('B', 2, 76)] [0.2s]
      blk2 |S|=24 offs=[-72, -70, -64, 2, 4, 8, 16, 24, 32, 40, 56, 62, 68, 72, 80, 86, 88, 92, 104, 120, 122, 128, 136, 140]
      blk2 |S|=76 offs=[-79, -77, -73, -69, 1, 3, 5, 7, 9, 11, 13, 15, 17, 19, 21, 23, 25, 27, 29, 31, 33, 35, 37, 39, 41, 43, 45, 47, 49, 51, 53, 55, 57, 59, 61, 63, 65, 67, 69, 71, 73, 75, 77, 79, 81, 83, 85, 87, 89, 91, 93, 95, 97, 99, 101, 103, 105, 107, 109, 111, 113, 115, 117, 119, 121, 123, 125, 127, 129, 131, 133, 135, 137, 139, 141, 143]
[9] sizes A=[32, 41, 71] B=[32, 39, 72] kills=[('A', 1, 22), ('B', 1, 22)] [0.1s]
      blk1 |S|=22 offs=[-139, -135, -131, -79, -75, -71, -67, -63, -59, -55, -51, -47, -43, -39, -35, -31, -27, -23, -19, -15, -7, -3]
      blk1 |S|=22 offs=[-138, -134, -130, -78, -74, -70, -66, -62, -58, -54, -50, -46, -42, -38, -34, -30, -26, -22, -18, -14, -6, -2]
[10] sizes A=[32, 42, 71] B=[32, 38, 72] kills=[('A', 1, 39)] [0.1s]
      blk1 |S|=39 offs=[-141, -139, -135, -133, -131, -129, -77, -75, -71, -67, -65, -61, -57, -55, -53, -49, -47, -45, -43, -41, -39, -37, -33, -31, -29, -27, -25, -23, -21, -19, -17, -15, -13, -11, -9, -7, -5, -3, -1]
[11] sizes A=[32, 41, 71] B=[32, 39, 72] kills=[('A', 1, 37)] [0.1s]
      blk1 |S|=37 offs=[-139, -135, -133, -131, -129, -77, -75, -67, -65, -63, -61, -57, -55, -53, -49, -47, -45, -43, -41, -39, -37, -35, -33, -31, -29, -25, -23, -21, -19, -17, -15, -13, -11, -9, -7, -5, -1]
[12] sizes A=[32, 41, 71] B=[32, 39, 72] kills=[('A', 1, 45)] [0.0s]
      blk1 |S|=45 offs=[-157, -153, -147, -141, -139, -135, -133, -131, -129, -79, -77, -75, -67, -63, -61, -59, -57, -55, -53, -51, -49, -47, -45, -43, -41, -39, -37, -35, -33, -31, -29, -27, -25, -23, -21, -19, -17, -15, -13, -11, -9, -7, -5, -3, -1]
[13] sizes A=[32, 40, 71] B=[32, 40, 72] kills=[('A', 2, 76), ('B', 2, 24)] [0.2s]
      blk2 |S|=76 offs=[-78, -76, -72, -68, -64, 2, 4, 6, 8, 10, 12, 14, 16, 18, 20, 22, 24, 26, 28, 30, 32, 34, 36, 38, 40, 42, 44, 46, 48, 50, 52, 54, 56, 58, 60, 62, 64, 66, 68, 70, 72, 74, 76, 78, 80, 82, 84, 86, 88, 90, 92, 94, 96, 98, 100, 102, 104, 106, 108, 110, 112, 114, 116, 118, 120, 122, 124, 126, 128, 130, 132, 134, 136, 138, 140, 142]
      blk2 |S|=24 offs=[-73, -71, -65, 1, 3, 7, 15, 23, 31, 39, 55, 61, 67, 71, 79, 85, 87, 91, 103, 119, 121, 127, 135, 139]
[14] sizes A=[32, 40, 71] B=[32, 40, 72] kills=[('B', 1, 44)] [0.1s]
      blk1 |S|=44 offs=[-144, -140, -138, -136, -134, -132, -130, -128, -74, -70, -68, -66, -62, -60, -58, -56, -54, -52, -50, -48, -46, -44, -42, -40, -38, -36, -34, -32, -30, -28, -26, -24, -22, -20, -18, -16, -14, -12, -10, -8, -6, -4, -2, 0]
[15] sizes A=[32, 41, 71] B=[32, 39, 72] kills=[('B', 1, 41)] [0.0s]
      blk1 |S|=41 offs=[-140, -136, -134, -132, -130, -128, -70, -68, -66, -62, -60, -58, -56, -54, -52, -50, -48, -46, -44, -42, -40, -38, -36, -34, -32, -30, -28, -26, -24, -22, -20, -18, -16, -14, -12, -10, -8, -6, -4, -2, 0]
[16] sizes A=[32, 41, 71] B=[32, 39, 72] kills=[('A', 2, 76), ('B', 2, 72)] [0.3s]
      blk2 |S|=76 offs=[-76, -74, -72, -68, -64, 2, 4, 6, 8, 10, 12, 14, 16, 18, 20, 22, 24, 26, 28, 30, 32, 34, 36, 38, 40, 42, 44, 46, 48, 50, 52, 54, 56, 58, 60, 62, 64, 66, 68, 70, 72, 74, 76, 78, 80, 82, 84, 86, 88, 90, 92, 94, 96, 98, 100, 102, 104, 106, 108, 110, 112, 114, 116, 118, 120, 122, 124, 126, 128, 130, 132, 134, 136, 138, 140, 142]
      blk2 |S|=72 offs=[-77, -73, -71, -69, 1, 3, 5, 7, 9, 13, 15, 17, 19, 21, 23, 27, 29, 31, 33, 35, 37, 39, 41, 43, 45, 47, 49, 51, 53, 55, 59, 63, 65, 67, 69, 71, 73, 75, 77, 79, 81, 83, 85, 87, 89, 91, 93, 95, 97, 99, 101, 103, 105, 107, 109, 111, 113, 115, 117, 119, 121, 123, 125, 127, 129, 131, 133, 135, 137, 139, 141, 143]
[17] sizes A=[32, 40, 71] B=[32, 40, 72] kills=[('B', 1, 48)] [0.0s]
      blk1 |S|=48 offs=[-156, -152, -150, -148, -144, -140, -138, -136, -134, -132, -130, -128, -78, -72, -70, -66, -62, -60, -58, -56, -54, -52, -50, -48, -46, -44, -42, -40, -38, -36, -34, -32, -30, -28, -26, -24, -22, -20, -18, -16, -14, -12, -10, -8, -6, -4, -2, 0]
[18] sizes A=[32, 41, 71] B=[32, 39, 72] kills=[('B', 1, 41)] [0.0s]
      blk1 |S|=41 offs=[-144, -140, -134, -132, -130, -128, -72, -70, -66, -62, -60, -58, -56, -54, -52, -50, -48, -46, -44, -42, -40, -38, -36, -34, -32, -30, -28, -26, -24, -22, -20, -18, -16, -14, -12, -10, -8, -6, -4, -2, 0]
[19] sizes A=[32, 42, 71] B=[32, 38, 72] kills=[('B', 1, 37)] [0.1s]
      blk1 |S|=37 offs=[-142, -138, -134, -132, -130, -128, -72, -66, -60, -58, -56, -52, -50, -48, -46, -44, -42, -40, -38, -36, -34, -32, -30, -28, -26, -24, -20, -18, -16, -14, -12, -10, -8, -6, -4, -2, 0]
[20] sizes A=[32, 37, 71] B=[32, 43, 72] kills=[('A', 1, 42), ('B', 1, 50)] [0.1s]
      blk1 |S|=42 offs=[-145, -143, -139, -135, -133, -131, -129, -73, -67, -65, -63, -61, -59, -57, -55, -53, -51, -49, -47, -45, -43, -41, -39, -37, -35, -33, -31, -29, -27, -25, -23, -21, -19, -17, -15, -13, -11, -9, -7, -5, -3, -1]
      blk1 |S|=50 offs=[-156, -152, -150, -148, -146, -144, -140, -138, -134, -132, -130, -128, -78, -76, -74, -70, -68, -64, -62, -60, -58, -56, -54, -52, -50, -48, -46, -44, -42, -40, -38, -36, -34, -32, -30, -28, -26, -24, -22, -20, -18, -16, -14, -12, -10, -8, -6, -4, -2, 0]
[21] sizes A=[32, 38, 71] B=[32, 42, 72] kills=[('A', 1, 38), ('B', 1, 47)] [0.1s]
      blk1 |S|=38 offs=[-143, -135, -133, -131, -129, -77, -67, -65, -61, -57, -55, -53, -51, -49, -47, -45, -43, -41, -39, -37, -35, -33, -31, -29, -27, -25, -23, -21, -19, -17, -15, -13, -11, -9, -7, -5, -3, -1]
      blk1 |S|=47 offs=[-156, -152, -150, -144, -140, -136, -134, -132, -130, -128, -78, -76, -70, -68, -64, -62, -60, -58, -56, -54, -52, -50, -48, -46, -44, -42, -40, -38, -36, -34, -32, -30, -28, -26, -24, -22, -20, -18, -16, -14, -12, -10, -8, -6, -4, -2, 0]
[22] sizes A=[32, 39, 71] B=[32, 41, 72] kills=[('B', 1, 43)] [0.1s]
      blk1 |S|=43 offs=[-150, -140, -136, -134, -132, -130, -128, -78, -76, -68, -64, -62, -60, -58, -56, -54, -52, -50, -48, -46, -44, -42, -40, -38, -36, -34, -32, -30, -28, -26, -24, -22, -20, -18, -16, -14, -12, -10, -8, -6, -4, -2, 0]
[23] sizes A=[32, 40, 71] B=[32, 40, 72] kills=[('B', 1, 37)] [0.0s]
      blk1 |S|=37 offs=[-150, -136, -134, -132, -130, -128, -78, -76, -64, -62, -60, -58, -56, -52, -50, -48, -44, -42, -40, -38, -36, -34, -32, -28, -26, -24, -22, -20, -18, -16, -14, -12, -8, -6, -4, -2, 0]
[24] sizes A=[32, 41, 71] B=[32, 39, 72] kills=[('A', 2, 77), ('B', 2, 77)] [0.3s]
      blk2 |S|=77 offs=[-76, -74, -72, -70, -68, -66, 2, 4, 6, 8, 10, 12, 14, 16, 18, 20, 22, 24, 26, 28, 30, 32, 34, 36, 38, 40, 42, 44, 46, 48, 50, 52, 54, 56, 58, 60, 62, 64, 66, 68, 70, 72, 74, 76, 78, 80, 82, 84, 86, 88, 90, 92, 94, 96, 98, 100, 102, 104, 106, 108, 110, 112, 114, 116, 118, 120, 122, 124, 126, 128, 130, 132, 134, 136, 138, 140, 142]
      blk2 |S|=77 offs=[-79, -77, -75, -73, -71, 1, 3, 5, 7, 9, 11, 13, 15, 17, 19, 21, 23, 25, 27, 29, 31, 33, 35, 37, 39, 41, 43, 45, 47, 49, 51, 53, 55, 57, 59, 61, 63, 65, 67, 69, 71, 73, 75, 77, 79, 81, 83, 85, 87, 89, 91, 93, 95, 97, 99, 101, 103, 105, 107, 109, 111, 113, 115, 117, 119, 121, 123, 125, 127, 129, 131, 133, 135, 137, 139, 141, 143]
[25] sizes A=[32, 41, 71] B=[32, 39, 72] kills=[('A', 1, 44)] [0.0s]
      blk1 |S|=44 offs=[-149, -141, -139, -137, -135, -133, -131, -129, -75, -69, -67, -65, -63, -61, -59, -57, -55, -53, -51, -49, -47, -45, -43, -41, -39, -37, -35, -33, -31, -29, -27, -25, -23, -21, -19, -17, -15, -13, -11, -9, -7, -5, -3, -1]
[26] sizes A=[32, 38, 71] B=[32, 42, 72] kills=[('A', 1, 40), ('B', 1, 44)] [0.0s]
      blk1 |S|=40 offs=[-137, -135, -133, -131, -129, -75, -69, -65, -63, -61, -59, -57, -55, -53, -51, -49, -47, -45, -43, -41, -39, -37, -35, -33, -31, -29, -27, -25, -23, -21, -19, -17, -15, -13, -11, -9, -7, -5, -3, -1]
      blk1 |S|=44 offs=[-152, -144, -136, -134, -132, -130, -128, -78, -74, -72, -70, -64, -62, -60, -58, -56, -54, -52, -50, -48, -46, -44, -42, -40, -38, -36, -34, -32, -30, -28, -26, -24, -22, -20, -18, -16, -14, -12, -10, -8, -6, -4, -2, 0]
[27] sizes A=[32, 39, 71] B=[32, 41, 72] kills=[('B', 1, 45)] [0.1s]
      blk1 |S|=45 offs=[-152, -144, -140, -138, -136, -134, -132, -130, -128, -78, -72, -70, -64, -62, -60, -58, -56, -54, -52, -50, -48, -46, -44, -42, -40, -38, -36, -34, -32, -30, -28, -26, -24, -22, -20, -18, -16, -14, -12, -10, -8, -6, -4, -2, 0]
[28] sizes A=[32, 40, 71] B=[32, 40, 72] kills=[('B', 1, 38)] [0.1s]
      blk1 |S|=38 offs=[-140, -134, -132, -130, -128, -78, -72, -64, -62, -60, -56, -54, -52, -50, -48, -46, -44, -42, -40, -38, -36, -34, -32, -30, -28, -26, -24, -22, -20, -18, -16, -14, -12, -10, -8, -6, -2, 0]
[29] sizes A=[32, 40, 71] B=[32, 40, 72] kills=[('A', 2, 44), ('B', 2, 54)] [0.4s]
      blk2 |S|=44 offs=[-72, -70, -68, -66, 2, 4, 6, 10, 12, 14, 18, 22, 26, 30, 34, 38, 42, 46, 50, 54, 58, 62, 66, 70, 72, 74, 78, 80, 82, 86, 90, 94, 98, 102, 106, 110, 114, 118, 122, 126, 130, 134, 138, 142]
      blk2 |S|=54 offs=[-79, -77, -75, -71, -67, 1, 3, 5, 9, 11, 13, 15, 17, 19, 21, 23, 25, 27, 29, 31, 33, 35, 41, 43, 51, 55, 69, 73, 75, 77, 79, 81, 85, 87, 95, 101, 103, 105, 107, 109, 111, 113, 115, 119, 121, 123, 125, 127, 129, 131, 133, 135, 137, 141]
[30] sizes A=[32, 40, 71] B=[32, 40, 72] kills=[('A', 1, 22)] [0.0s]
      blk1 |S|=22 offs=[-137, -133, -129, -77, -73, -69, -65, -61, -57, -53, -49, -45, -41, -37, -33, -29, -25, -21, -17, -13, -5, -1]
[31] sizes A=[32, 39, 71] B=[32, 41, 72] kills=[('A', 2, 21), ('B', 2, 77)] [0.2s]
      blk2 |S|=21 offs=[-76, -72, -68, -66, 2, 6, 8, 20, 24, 36, 40, 56, 70, 72, 88, 104, 108, 120, 124, 136, 138]
      blk2 |S|=77 offs=[-79, -75, -73, -71, -67, 1, 3, 5, 7, 9, 11, 13, 15, 17, 19, 21, 23, 25, 27, 29, 31, 33, 35, 37, 39, 41, 43, 45, 47, 49, 51, 53, 55, 57, 59, 61, 63, 65, 67, 69, 71, 73, 75, 77, 79, 81, 83, 85, 87, 89, 91, 93, 95, 97, 99, 101, 103, 105, 107, 109, 111, 113, 115, 117, 119, 121, 123, 125, 127, 129, 131, 133, 135, 137, 139, 141, 143]
[32] sizes A=[32, 38, 71] B=[32, 42, 72] kills=[('A', 1, 40), ('B', 1, 48)] [0.1s]
      blk1 |S|=40 offs=[-137, -135, -133, -131, -129, -71, -69, -65, -63, -61, -59, -57, -55, -53, -51, -49, -47, -45, -43, -41, -39, -37, -35, -33, -31, -29, -27, -25, -23, -21, -19, -17, -15, -13, -11, -9, -7, -5, -3, -1]
      blk1 |S|=48 offs=[-152, -150, -146, -144, -142, -138, -136, -134, -132, -130, -128, -76, -72, -70, -68, -64, -62, -60, -58, -56, -54, -52, -50, -48, -46, -44, -42, -40, -38, -36, -34, -32, -30, -28, -26, -24, -22, -20, -18, -16, -14, -12, -10, -8, -6, -4, -2, 0]
[33] sizes A=[32, 40, 71] B=[32, 40, 72] kills=[('A', 0, 37), ('A', 1, 48), ('B', 1, 47)] [0.1s]
      blk0 |S|=37 offs=[1, 3, 5, 7, 9, 11, 13, 15, 17, 19, 21, 23, 25, 27, 29, 31, 33, 35, 37, 39, 41, 43, 45, 47, 49, 51, 53, 55, 57, 59, 61, 63, 113, 115, 119, 121, 125]
      blk1 |S|=48 offs=[-157, -153, -149, -145, -143, -141, -137, -135, -133, -131, -129, -79, -77, -73, -71, -67, -63, -61, -59, -57, -55, -53, -51, -49, -47, -45, -43, -41, -39, -37, -35, -33, -31, -29, -27, -25, -23, -21, -19, -17, -15, -13, -11, -9, -7, -5, -3, -1]
      blk1 |S|=47 offs=[-156, -152, -150, -148, -144, -142, -134, -132, -130, -128, -78, -76, -74, -68, -66, -64, -62, -58, -56, -54, -52, -50, -48, -46, -44, -42, -40, -38, -36, -34, -32, -30, -28, -26, -24, -22, -20, -18, -16, -14, -12, -10, -8, -6, -4, -2, 0]
[34] sizes A=[32, 40, 71] B=[32, 40, 72] kills=[('A', 0, 33), ('A', 1, 34), ('B', 1, 45)] [0.1s]
      blk0 |S|=33 offs=[1, 3, 5, 7, 9, 11, 13, 15, 19, 21, 23, 27, 29, 31, 33, 35, 37, 39, 41, 43, 45, 47, 49, 51, 53, 55, 57, 59, 61, 63, 113, 115, 119]
      blk1 |S|=34 offs=[-139, -131, -129, -79, -77, -73, -67, -57, -55, -53, -49, -47, -45, -43, -41, -39, -37, -33, -31, -29, -27, -25, -23, -21, -19, -17, -15, -13, -11, -9, -7, -5, -3, -1]
      blk1 |S|=45 offs=[-156, -152, -146, -140, -138, -134, -132, -130, -128, -78, -76, -74, -66, -64, -62, -58, -56, -54, -52, -50, -48, -46, -44, -42, -40, -38, -36, -34, -32, -30, -28, -26, -24, -22, -20, -18, -16, -14, -12, -10, -8, -6, -4, -2, 0]
[35] sizes A=[32, 41, 71] B=[32, 39, 72] kills=[('A', 1, 48), ('B', 1, 22)] [0.1s]
      blk1 |S|=48 offs=[-157, -153, -149, -147, -145, -143, -141, -139, -135, -133, -131, -129, -79, -75, -73, -69, -67, -61, -59, -57, -55, -53, -51, -49, -47, -45, -43, -41, -39, -37, -35, -33, -31, -29, -27, -25, -23, -21, -19, -17, -15, -13, -11, -9, -7, -5, -3, -1]
      blk1 |S|=22 offs=[-136, -132, -128, -76, -72, -68, -64, -60, -56, -52, -48, -44, -40, -36, -32, -28, -24, -20, -16, -12, -4, 0]
[36] sizes A=[32, 41, 71] B=[32, 39, 72] kills=[('A', 1, 44)] [0.1s]
      blk1 |S|=44 offs=[-157, -153, -149, -145, -135, -133, -131, -129, -79, -75, -73, -67, -63, -61, -59, -57, -55, -53, -51, -49, -47, -45, -43, -41, -39, -37, -35, -33, -31, -29, -27, -25, -23, -21, -19, -17, -15, -13, -11, -9, -7, -5, -3, -1]
[37] sizes A=[32, 40, 71] B=[32, 40, 72] kills=[('A', 1, 39)] [0.1s]
      blk1 |S|=39 offs=[-143, -139, -135, -131, -129, -79, -73, -67, -63, -61, -59, -57, -55, -53, -51, -49, -47, -45, -43, -41, -39, -37, -35, -33, -31, -29, -27, -25, -23, -21, -19, -17, -13, -11, -9, -7, -5, -3, -1]
[38] sizes A=[32, 41, 71] B=[32, 39, 72] kills=[('A', 1, 40)] [0.0s]
      blk1 |S|=40 offs=[-141, -135, -133, -131, -129, -79, -73, -69, -65, -63, -61, -57, -55, -53, -51, -49, -47, -45, -43, -41, -39, -37, -35, -33, -31, -29, -27, -25, -23, -21, -19, -17, -15, -13, -11, -9, -7, -5, -3, -1]
[39] sizes A=[32, 40, 71] B=[32, 40, 72] kills=[('A', 2, 75), ('B', 2, 75)] [0.3s]
      blk2 |S|=75 offs=[-76, -74, -72, -68, 2, 4, 6, 8, 10, 12, 14, 16, 18, 20, 22, 24, 26, 28, 30, 32, 34, 36, 38, 40, 42, 44, 46, 48, 50, 52, 54, 56, 58, 60, 62, 64, 66, 68, 70, 72, 74, 76, 78, 80, 82, 84, 86, 88, 90, 92, 94, 96, 98, 100, 102, 104, 106, 108, 110, 112, 114, 116, 118, 120, 122, 124, 126, 128, 130, 132, 134, 136, 138, 140, 142]
      blk2 |S|=75 offs=[-77, -75, -73, -69, 1, 3, 5, 7, 9, 11, 13, 15, 17, 19, 21, 23, 25, 27, 29, 31, 33, 35, 37, 39, 41, 43, 45, 47, 49, 51, 53, 55, 57, 59, 61, 63, 65, 67, 69, 71, 73, 75, 77, 79, 81, 83, 85, 87, 89, 91, 93, 95, 97, 99, 101, 103, 105, 107, 109, 111, 113, 115, 117, 119, 121, 123, 125, 127, 131, 133, 135, 137, 139, 141, 143]
[40] sizes A=[32, 40, 71] B=[32, 40, 72] kills=[('A', 1, 44), ('B', 1, 38)] [0.1s]
      blk1 |S|=44 offs=[-157, -153, -141, -137, -135, -133, -131, -129, -79, -71, -69, -67, -63, -61, -59, -57, -55, -53, -51, -49, -47, -45, -43, -41, -39, -37, -35, -33, -31, -29, -27, -25, -23, -21, -19, -17, -15, -13, -11, -9, -7, -5, -3, -1]
      blk1 |S|=38 offs=[-134, -132, -130, -128, -78, -68, -66, -64, -60, -58, -56, -54, -52, -50, -48, -46, -44, -42, -40, -38, -36, -34, -32, -30, -28, -26, -24, -22, -20, -18, -16, -14, -12, -8, -6, -4, -2, 0]
[41] sizes A=[32, 39, 71] B=[32, 41, 72] kills=[('A', 1, 37)] [0.1s]
      blk1 |S|=37 offs=[-141, -135, -133, -131, -129, -79, -69, -65, -61, -59, -57, -55, -53, -51, -49, -47, -45, -43, -41, -39, -37, -35, -33, -31, -29, -27, -25, -23, -21, -19, -17, -15, -11, -9, -7, -3, -1]
[42] sizes A=[32, 40, 71] B=[32, 40, 72] kills=[('A', 1, 45), ('B', 1, 41)] [0.1s]
      blk1 |S|=45 offs=[-157, -153, -149, -145, -137, -135, -133, -131, -129, -79, -77, -71, -67, -63, -61, -59, -57, -55, -53, -51, -49, -47, -45, -43, -41, -39, -37, -35, -33, -31, -29, -27, -25, -23, -21, -19, -17, -15, -13, -11, -9, -7, -5, -3, -1]
      blk1 |S|=41 offs=[-142, -134, -132, -130, -128, -74, -72, -70, -64, -62, -60, -58, -56, -54, -52, -50, -48, -46, -44, -42, -40, -38, -36, -34, -32, -30, -28, -26, -24, -22, -20, -18, -16, -14, -12, -10, -8, -6, -4, -2, 0]
[43] sizes A=[32, 12, 95] B=[32, 68, 48] kills=[('B', 1, 48)] [0.1s]
      blk1 |S|=48 offs=[-77, -71, -69, -67, -65, -63, -61, -59, -57, -55, -53, -51, -49, -47, -45, -43, -41, -39, -37, -35, -33, -31, -29, -27, -25, -23, -21, -19, -17, -15, -13, -1, 1, 3, 5, 7, 9, 11, 13, 15, 19, 23, 27, 31, 35, 39, 47, 51]
[44] sizes A=[32, 13, 95] B=[32, 67, 48] kills=[('B', 1, 46)] [0.1s]
      blk1 |S|=46 offs=[-77, -71, -69, -67, -65, -63, -61, -59, -57, -55, -53, -51, -49, -47, -45, -43, -41, -39, -37, -35, -33, -31, -29, -27, -25, -23, -21, -19, -17, -15, -13, 1, 3, 5, 7, 9, 11, 13, 15, 19, 23, 27, 31, 35, 39, 47]
[45] sizes A=[32, 14, 95] B=[32, 66, 48] kills=[('B', 1, 44)] [0.1s]
      blk1 |S|=44 offs=[-77, -71, -69, -67, -65, -63, -61, -59, -57, -55, -53, -51, -49, -47, -45, -43, -41, -39, -37, -35, -33, -31, -29, -27, -25, -23, -21, -19, -17, -15, 1, 3, 5, 7, 9, 11, 13, 15, 19, 23, 27, 31, 35, 39]
[46] sizes A=[32, 15, 95] B=[32, 65, 48] kills=[('B', 1, 42)] [0.1s]
      blk1 |S|=42 offs=[-77, -69, -67, -65, -63, -61, -59, -57, -55, -53, -51, -49, -47, -45, -43, -41, -39, -37, -35, -33, -31, -29, -27, -25, -23, -21, -19, -17, -15, 1, 3, 5, 7, 9, 11, 15, 19, 23, 27, 31, 35, 39]
[47] sizes A=[32, 15, 96] B=[32, 65, 47] kills=[('B', 1, 48)] [0.1s]
      blk1 |S|=48 offs=[-77, -67, -65, -63, -61, -59, -57, -55, -53, -51, -49, -47, -45, -43, -41, -39, -37, -35, -33, -31, -29, -27, -25, -23, -21, -19, -17, -15, -13, 1, 3, 5, 7, 9, 11, 13, 15, 17, 19, 23, 25, 27, 29, 31, 35, 39, 47, 51]
[48] sizes A=[32, 15, 96] B=[32, 65, 47] kills=[('B', 1, 43)] [0.1s]
      blk1 |S|=43 offs=[-73, -67, -65, -63, -61, -59, -57, -55, -53, -51, -49, -47, -45, -43, -41, -39, -37, -35, -33, -31, -29, -27, -25, -23, -21, -19, -17, -15, -13, 1, 3, 5, 7, 9, 11, 15, 19, 23, 27, 31, 35, 39, 43]
[49] sizes A=[32, 15, 96] B=[32, 65, 47] kills=[('B', 1, 42)] [0.1s]
      blk1 |S|=42 offs=[-73, -69, -67, -65, -63, -61, -59, -57, -55, -53, -51, -49, -47, -45, -43, -41, -39, -37, -35, -33, -31, -29, -27, -25, -23, -21, -19, -17, -15, 1, 3, 5, 7, 9, 11, 15, 19, 23, 27, 31, 35, 39]
[50] sizes A=[32, 14, 96] B=[32, 66, 47] kills=[('B', 1, 33)] [0.1s]
      blk1 |S|=33 offs=[-79, -75, -65, -63, -61, -59, -57, -55, -53, -51, -49, -47, -45, -41, -39, -37, -35, -33, -31, -27, -25, -23, -17, -15, -13, 1, 3, 5, 9, 13, 21, 29, 49]
[51] sizes A=[32, 14, 96] B=[32, 66, 47] kills=[('B', 1, 29)] [0.1s]
      blk1 |S|=29 offs=[-79, -75, -69, -67, -63, -59, -57, -55, -51, -49, -47, -45, -43, -41, -39, -37, -35, -33, -31, -29, -27, -23, -19, -15, 1, 7, 9, 13, 29]
[52] sizes A=[62, 2, 89] B=[2, 78, 54] kills=[('B', 1, 30)] [0.2s]
      blk1 |S|=30 offs=[-79, -77, -75, -71, -69, -67, -63, -59, -57, -55, -51, -49, -47, -43, -39, -35, -33, -31, -29, -27, -23, -19, -11, -7, -3, 5, 15, 17, 25, 39]
[53] sizes A=[62, 2, 90] B=[2, 78, 53] kills=[('B', 1, 38)] [0.2s]
      blk1 |S|=38 offs=[-79, -77, -75, -73, -71, -69, -67, -65, -63, -61, -59, -57, -55, -53, -51, -49, -47, -45, -43, -39, -37, -35, -33, -31, -29, -27, -25, -23, -21, -13, -11, -9, -3, 5, 15, 17, 19, 23]
[54] sizes A=[62, 2, 91] B=[2, 78, 52] kills=[('B', 1, 51)] [0.2s]
      blk1 |S|=51 offs=[-79, -77, -75, -73, -71, -69, -67, -65, -63, -61, -59, -57, -55, -53, -51, -49, -47, -45, -43, -41, -39, -37, -35, -33, -31, -29, -27, -25, -23, -21, -19, -17, -15, -13, -11, -9, -7, -5, -3, 5, 11, 15, 17, 21, 23, 27, 29, 31, 33, 35, 49]
[55] sizes A=[62, 2, 92] B=[2, 78, 51] kills=[('B', 1, 30)] [0.2s]
      blk1 |S|=30 offs=[-79, -75, -73, -71, -67, -63, -61, -59, -55, -53, -51, -49, -43, -39, -37, -35, -33, -31, -27, -23, -19, -15, -13, -11, -3, 5, 11, 17, 35, 49]
[56] sizes A=[62, 2, 93] B=[2, 78, 50] kills=[('B', 1, 34)] [0.2s]
      blk1 |S|=34 offs=[-79, -77, -75, -73, -71, -69, -67, -63, -59, -55, -53, -51, -49, -47, -45, -43, -41, -39, -37, -35, -33, -31, -29, -27, -23, -19, -15, -3, 5, 15, 17, 29, 31, 35]
[57] sizes A=[62, 2, 94] B=[2, 78, 49] kills=[('B', 1, 34)] [0.2s]
      blk1 |S|=34 offs=[-79, -77, -75, -73, -71, -69, -67, -63, -59, -57, -55, -53, -51, -47, -45, -43, -39, -37, -35, -33, -31, -29, -27, -23, -19, -17, -15, -11, -7, -3, 5, 17, 27, 39]
[58] sizes A=[62, 2, 95] B=[2, 78, 48] kills=[('B', 1, 28)] [0.2s]
      blk1 |S|=28 offs=[-79, -77, -75, -73, -71, -67, -63, -59, -55, -51, -49, -43, -39, -37, -35, -33, -31, -27, -23, -21, -19, -15, -11, -3, 5, 17, 31, 35]
[59] sizes A=[62, 2, 96] B=[2, 78, 47] kills=[('B', 1, 24)] [0.2s]
      blk1 |S|=24 offs=[-79, -75, -73, -71, -67, -63, -59, -55, -51, -47, -43, -39, -37, -35, -31, -27, -23, -19, -15, -11, -3, 5, 17, 35]
[60] sizes A=[62, 2, 97] B=[2, 78, 46] kills=[('B', 1, 24)] [0.2s]
      blk1 |S|=24 offs=[-79, -77, -75, -73, -71, -67, -59, -55, -51, -43, -37, -35, -33, -31, -27, -23, -19, -15, -11, -3, 5, 17, 39, 43]
[61] sizes A=[62, 2, 98] B=[2, 78, 45] kills=[('B', 1, 28)] [0.2s]
      blk1 |S|=28 offs=[-79, -77, -75, -73, -71, -69, -67, -59, -55, -51, -49, -43, -39, -37, -35, -31, -29, -27, -23, -19, -11, -9, -7, -3, 5, 17, 39, 59]
[62] sizes A=[62, 2, 99] B=[2, 78, 44] kills=[('B', 1, 23)] [0.2s]
      blk1 |S|=23 offs=[-79, -75, -73, -71, -69, -67, -59, -55, -51, -43, -37, -35, -31, -27, -23, -19, -17, -11, -3, 5, 17, 39, 63]
[63] sizes A=[62, 2, 100] B=[2, 78, 43] kills=[('B', 1, 28)] [0.2s]
      blk1 |S|=28 offs=[-79, -77, -75, -73, -71, -69, -67, -63, -59, -55, -51, -49, -43, -39, -37, -35, -33, -31, -27, -23, -21, -19, -17, -15, -11, 5, 17, 39]
[64] sizes A=[62, 2, 101] B=[2, 78, 42] kills=[('B', 1, 42)] [0.2s]
      blk1 |S|=42 offs=[-79, -77, -75, -73, -71, -67, -65, -63, -61, -59, -57, -55, -53, -51, -49, -47, -45, -43, -41, -39, -37, -35, -33, -31, -29, -27, -25, -23, -21, -19, -17, -13, -11, -9, -7, -5, -3, 5, 21, 29, 39, 49]
[65] sizes A=[62, 2, 102] B=[2, 78, 41] kills=[('B', 1, 25)] [0.2s]
      blk1 |S|=25 offs=[-79, -75, -71, -67, -63, -61, -59, -51, -47, -43, -39, -35, -33, -31, -27, -23, -19, -15, -11, -3, 5, 21, 33, 39, 49]
[66] sizes A=[62, 2, 103] B=[2, 78, 40] kills=[('B', 1, 22)] [0.2s]
      blk1 |S|=22 offs=[-79, -75, -71, -67, -61, -59, -55, -51, -49, -47, -43, -37, -35, -31, -27, -23, -19, -11, -9, 5, 33, 39]
[67] sizes A=[62, 2, 104] B=[2, 78, 39] kills=[('B', 1, 25)] [0.2s]
      blk1 |S|=25 offs=[-79, -75, -67, -63, -61, -59, -55, -51, -47, -43, -39, -37, -35, -31, -27, -23, -19, -11, -9, -7, -3, 5, 21, 39, 41]
[68] sizes A=[62, 2, 105] B=[2, 78, 38] kills=[('B', 1, 28)] [0.2s]
      blk1 |S|=28 offs=[-79, -77, -75, -67, -61, -59, -55, -51, -49, -43, -37, -35, -33, -31, -29, -27, -25, -23, -21, -19, -17, -15, -13, -11, -9, -7, 5, 39]
[69] sizes A=[62, 2, 106] B=[2, 78, 37] kills=[('B', 1, 6)] [0.2s]
      blk1 |S|=6 offs=[-75, -43, -27, -11, 5, 21]
[70] sizes A=[62, 2, 107] B=[2, 78, 36] kills=[('B', 1, 35)] [0.2s]
      blk1 |S|=35 offs=[-130, -128, -78, -76, -72, -70, -68, -66, -62, -58, -54, -52, -50, -48, -46, -42, -38, -36, -34, -32, -30, -28, -26, -24, -22, -20, -18, -16, -14, -12, -10, -8, -6, -4, -2]
[71] ADV UNSAT after 929 discovered patterns [0.0s solve, 8s total] — COV(64) holds with |catalogue| = 3947
e147: UNSAT at M=64; +929 patterns; -> /Users/will/Dev/personal/tasks/math/erdos197/experiments/../data/e147_cegar_M64.json
