ADV(48) bounds=(2, 2, 2): straddle=2544 seed patterns=1887
[1] sizes A=[38, 3, 97] B=[10, 61, 14] kills=[('B', 1, 23)] [0.1s]
      blk1 |S|=23 offs=[-62, -60, -58, -56, -54, -50, -46, -44, -42, -40, -34, -30, -28, -26, -20, -18, -12, -10, -8, -6, 2, 4, 30]
[2] sizes A=[38, 3, 98] B=[10, 61, 13] kills=[('B', 1, 20)] [0.0s]
      blk1 |S|=20 offs=[-62, -60, -58, -56, -54, -50, -44, -42, -40, -34, -30, -28, -26, -24, -20, -18, -12, -6, 2, 4]
[3] sizes A=[38, 3, 99] B=[10, 61, 12] kills=[('B', 1, 39)] [0.0s]
      blk1 |S|=39 offs=[-115, -111, -109, -105, -103, -101, -99, -97, -63, -61, -59, -57, -55, -53, -51, -49, -47, -45, -43, -41, -39, -37, -35, -33, -31, -29, -27, -25, -23, -21, -19, -17, -15, -13, -11, -9, -7, -5, -3]
[4] sizes A=[39, 3, 99] B=[9, 61, 12] kills=[('B', 1, 40)] [0.0s]
      blk1 |S|=40 offs=[-113, -111, -109, -107, -105, -103, -101, -99, -97, -63, -61, -59, -57, -55, -53, -51, -49, -47, -45, -43, -41, -39, -37, -35, -33, -31, -29, -27, -25, -23, -21, -19, -17, -15, -13, -11, -9, -7, -5, -3]
[5] sizes A=[40, 2, 99] B=[8, 62, 12] kills=[('B', 1, 39)] [0.0s]
      blk1 |S|=39 offs=[-111, -109, -107, -105, -103, -101, -99, -97, -63, -61, -59, -57, -55, -53, -51, -49, -47, -45, -43, -41, -39, -37, -35, -33, -31, -29, -27, -25, -23, -21, -19, -17, -15, -13, -11, -9, -7, -5, -3]
[6] sizes A=[42, 2, 97] B=[6, 62, 14] kills=[('B', 1, 36)] [0.1s]
      blk1 |S|=36 offs=[-105, -103, -101, -99, -97, -63, -61, -59, -57, -55, -53, -51, -49, -47, -45, -43, -41, -39, -37, -35, -33, -31, -29, -27, -25, -23, -21, -19, -17, -15, -13, -11, -9, -7, -5, -3]
[7] sizes A=[44, 3, 93] B=[4, 61, 18] kills=[('B', 1, 32)] [0.1s]
      blk1 |S|=32 offs=[-103, -101, -99, -97, -63, -61, -59, -57, -55, -53, -51, -43, -41, -39, -37, -35, -33, -31, -29, -27, -25, -23, -21, -19, -17, -15, -13, -11, -9, -7, -5, -3]
[8] sizes A=[20, 61, 19] B=[28, 3, 92] kills=[('A', 1, 27)] [0.1s]
      blk1 |S|=27 offs=[-60, -58, -56, -52, -48, -46, -44, -40, -38, -36, -34, -32, -30, -28, -26, -24, -22, -20, -16, -12, -8, -4, 0, 2, 8, 12, 16]
[9] sizes A=[22, 60, 21] B=[26, 4, 90] kills=[('A', 1, 34)] [0.0s]
      blk1 |S|=34 offs=[-60, -58, -56, -54, -52, -50, -48, -46, -44, -42, -40, -38, -36, -34, -32, -30, -28, -26, -24, -22, -20, -18, -16, -14, -12, -10, -8, -6, 0, 2, 4, 8, 12, 16]
[10] sizes A=[22, 59, 21] B=[26, 5, 90] kills=[('A', 1, 33)] [0.0s]
      blk1 |S|=33 offs=[-60, -58, -56, -54, -52, -50, -48, -46, -44, -42, -40, -38, -36, -34, -32, -30, -28, -26, -24, -22, -20, -18, -16, -14, -12, -10, -8, -6, 2, 4, 8, 12, 16]
[11] sizes A=[22, 62, 13] B=[26, 2, 98] kills=[('A', 1, 43)] [0.1s]
      blk1 |S|=43 offs=[-125, -117, -115, -113, -111, -109, -107, -105, -103, -101, -99, -97, -63, -61, -59, -57, -55, -53, -51, -49, -47, -45, -43, -41, -39, -37, -35, -33, -31, -29, -27, -25, -23, -21, -19, -17, -15, -13, -11, -9, -7, -5, -1]
[12] sizes A=[21, 62, 13] B=[27, 2, 98] kills=[('A', 1, 39)] [0.1s]
      blk1 |S|=39 offs=[-115, -113, -107, -105, -103, -101, -99, -97, -63, -61, -59, -57, -55, -53, -51, -49, -47, -45, -43, -41, -39, -37, -35, -33, -31, -29, -27, -25, -23, -21, -19, -17, -15, -13, -11, -9, -7, -5, -1]
[13] sizes A=[23, 62, 14] B=[25, 2, 97] kills=[('A', 0, 27), ('A', 1, 44)] [0.1s]
      blk0 |S|=27 offs=[1, 3, 5, 7, 9, 11, 13, 15, 17, 19, 23, 25, 27, 29, 31, 33, 35, 37, 39, 41, 43, 45, 47, 81, 83, 85, 87]
      blk1 |S|=44 offs=[-125, -119, -117, -115, -113, -111, -109, -107, -105, -103, -101, -99, -97, -63, -61, -59, -57, -55, -53, -51, -49, -47, -45, -43, -41, -39, -37, -35, -33, -31, -29, -27, -25, -23, -21, -19, -17, -15, -13, -11, -9, -7, -3, -1]
[14] sizes A=[22, 62, 14] B=[26, 2, 97] kills=[('A', 1, 42)] [0.0s]
      blk1 |S|=42 offs=[-119, -117, -113, -111, -109, -107, -105, -103, -101, -99, -97, -63, -61, -59, -57, -55, -53, -51, -49, -47, -45, -43, -41, -39, -37, -35, -33, -31, -29, -27, -25, -23, -21, -19, -17, -15, -13, -11, -9, -7, -3, -1]
[15] sizes A=[26, 2, 69] B=[22, 62, 42] kills=[('B', 1, 41)] [0.1s]
      blk1 |S|=41 offs=[-62, -60, -58, -56, -54, -52, -50, -48, -46, -44, -42, -40, -38, -36, -34, -32, -30, -28, -26, -24, -22, -20, -18, -16, -12, -10, -8, -6, -4, -2, 0, 4, 6, 8, 12, 14, 16, 18, 22, 50, 58]
[16] sizes A=[26, 2, 70] B=[22, 62, 41] kills=[('B', 1, 40)] [0.0s]
      blk1 |S|=40 offs=[-62, -60, -58, -56, -54, -52, -50, -48, -46, -44, -42, -40, -38, -36, -34, -32, -30, -28, -26, -24, -22, -20, -18, -16, -12, -10, -8, -6, -4, -2, 0, 4, 6, 8, 12, 14, 16, 18, 22, 58]
[17] sizes A=[26, 2, 71] B=[22, 62, 40] kills=[('B', 1, 39)] [0.0s]
      blk1 |S|=39 offs=[-62, -60, -58, -56, -54, -52, -50, -48, -46, -44, -42, -40, -38, -36, -34, -32, -30, -28, -26, -24, -22, -20, -18, -16, -12, -10, -8, -6, -4, -2, 0, 4, 6, 8, 12, 14, 16, 18, 22]
[18] sizes A=[26, 2, 72] B=[22, 62, 39] kills=[('B', 1, 31)] [0.1s]
      blk1 |S|=31 offs=[-62, -60, -58, -56, -54, -52, -50, -48, -46, -44, -42, -40, -38, -36, -34, -32, -30, -28, -26, -24, -22, -20, -18, -16, -10, -2, 0, 4, 6, 8, 12]
[19] sizes A=[26, 2, 76] B=[22, 62, 35] kills=[('B', 1, 31)] [0.1s]
      blk1 |S|=31 offs=[-62, -60, -58, -56, -52, -48, -46, -44, -42, -40, -38, -36, -34, -32, -28, -26, -24, -22, -20, -18, -16, -8, -4, 0, 4, 8, 12, 16, 22, 42, 46]
[20] sizes A=[26, 2, 77] B=[22, 62, 34] kills=[('B', 1, 31)] [0.1s]
      blk1 |S|=31 offs=[-62, -60, -56, -54, -52, -50, -48, -46, -44, -40, -38, -36, -34, -32, -28, -26, -24, -22, -20, -18, -16, -12, -10, -8, -4, 4, 8, 12, 16, 18, 22]
[21] sizes A=[26, 2, 78] B=[22, 62, 33] kills=[('B', 1, 31)] [0.1s]
      blk1 |S|=31 offs=[-62, -60, -56, -54, -52, -48, -42, -40, -36, -34, -32, -30, -28, -26, -24, -22, -20, -18, -16, -12, -8, -6, -4, -2, 0, 4, 8, 16, 18, 22, 46]
[22] sizes A=[26, 2, 79] B=[22, 62, 32] kills=[('B', 1, 31)] [0.1s]
      blk1 |S|=31 offs=[-62, -60, -58, -56, -54, -52, -48, -46, -44, -40, -36, -34, -32, -28, -26, -24, -22, -20, -18, -16, -12, -10, -8, -4, -2, 0, 4, 8, 16, 22, 52]
[23] sizes A=[26, 2, 80] B=[22, 62, 31] kills=[('B', 1, 29)] [0.1s]
      blk1 |S|=29 offs=[-62, -60, -58, -56, -54, -52, -48, -46, -44, -40, -36, -34, -32, -28, -26, -24, -22, -20, -18, -16, -12, -10, -8, -4, 0, 4, 8, 16, 22]
[24] sizes A=[26, 2, 81] B=[22, 62, 30] kills=[('B', 1, 30)] [0.1s]
      blk1 |S|=30 offs=[-62, -60, -58, -56, -54, -52, -50, -48, -46, -44, -42, -40, -38, -36, -34, -32, -30, -28, -26, -22, -20, -18, -16, -6, -4, -2, 0, 4, 16, 22]
[25] sizes A=[26, 2, 82] B=[22, 62, 29] kills=[('B', 1, 28)] [0.1s]
      blk1 |S|=28 offs=[-62, -60, -56, -54, -52, -48, -46, -44, -40, -36, -34, -32, -28, -26, -24, -22, -20, -18, -16, -12, -10, -8, -4, -2, 4, 18, 22, 48]
[26] sizes A=[26, 2, 83] B=[22, 62, 28] kills=[('B', 1, 29)] [0.1s]
      blk1 |S|=29 offs=[-62, -60, -56, -54, -52, -50, -48, -46, -44, -40, -38, -36, -34, -32, -28, -26, -24, -22, -20, -18, -16, -12, -10, -8, -4, -2, 4, 18, 22]
[27] sizes A=[26, 2, 84] B=[22, 62, 27] kills=[('B', 1, 30)] [0.1s]
      blk1 |S|=30 offs=[-62, -60, -58, -56, -54, -52, -50, -48, -44, -40, -38, -36, -34, -32, -30, -28, -26, -24, -22, -20, -18, -16, -12, -10, -8, -6, -4, 4, 18, 40]
[28] sizes A=[26, 2, 85] B=[22, 62, 26] kills=[('B', 1, 31)] [0.1s]
      blk1 |S|=31 offs=[-62, -60, -58, -56, -54, -52, -50, -48, -42, -40, -38, -36, -34, -32, -30, -28, -26, -24, -22, -20, -18, -16, -12, -10, -8, -6, -4, 4, 18, 36, 44]
[29] sizes A=[26, 2, 85] B=[22, 62, 26] kills=[('B', 1, 26)] [0.1s]
      blk1 |S|=26 offs=[-62, -60, -58, -56, -54, -52, -50, -40, -38, -36, -34, -30, -28, -26, -24, -22, -20, -18, -16, -6, -4, 0, 4, 6, 18, 44]
[30] sizes A=[26, 2, 86] B=[22, 62, 25] kills=[('B', 1, 26)] [0.1s]
      blk1 |S|=26 offs=[-62, -60, -58, -56, -54, -50, -48, -44, -40, -38, -34, -32, -30, -28, -26, -24, -22, -20, -18, -16, -12, -8, -6, -4, 4, 18]
[31] sizes A=[26, 2, 87] B=[22, 62, 24] kills=[('B', 1, 43)] [0.1s]
      blk1 |S|=43 offs=[-121, -119, -115, -113, -111, -109, -107, -105, -103, -101, -99, -97, -63, -61, -59, -57, -55, -53, -51, -49, -47, -45, -43, -41, -39, -37, -35, -33, -31, -29, -27, -25, -23, -21, -19, -17, -15, -13, -11, -7, -5, -3, -1]
[32] sizes A=[25, 3, 84] B=[23, 61, 27] kills=[('B', 1, 24)] [0.1s]
      blk1 |S|=24 offs=[-62, -60, -56, -52, -50, -48, -44, -40, -38, -36, -32, -28, -26, -24, -20, -18, -16, -12, -10, -4, 4, 24, 30, 36]
[33] sizes A=[25, 3, 85] B=[23, 61, 26] kills=[('B', 1, 29)] [0.1s]
      blk1 |S|=29 offs=[-62, -56, -52, -50, -48, -46, -44, -42, -40, -38, -36, -32, -30, -28, -26, -24, -22, -20, -18, -16, -14, -12, -10, -8, -6, -4, 4, 24, 30]
[34] sizes A=[25, 3, 85] B=[23, 61, 26] kills=[('B', 1, 18)] [0.1s]
      blk1 |S|=18 offs=[-62, -58, -54, -52, -50, -46, -38, -30, -28, -26, -24, -22, -18, -14, -8, -6, 2, 24]
[35] sizes A=[25, 3, 85] B=[23, 61, 26] kills=[('B', 1, 25)] [0.0s]
      blk1 |S|=25 offs=[-62, -58, -54, -52, -50, -46, -44, -42, -38, -36, -34, -30, -28, -26, -24, -22, -20, -18, -16, -14, -10, -6, -4, 10, 24]
[36] sizes A=[25, 3, 85] B=[23, 61, 26] kills=[('B', 1, 24)] [0.1s]
      blk1 |S|=24 offs=[-62, -60, -58, -54, -52, -50, -46, -42, -38, -34, -30, -28, -26, -24, -22, -18, -16, -14, -10, -8, -6, 6, 24, 30]
[37] sizes A=[25, 2, 86] B=[23, 62, 25] kills=[('B', 1, 26)] [0.1s]
      blk1 |S|=26 offs=[-62, -60, -58, -56, -54, -50, -46, -44, -42, -40, -38, -36, -34, -32, -30, -26, -22, -18, -16, -14, -10, -8, -6, -4, 24, 30]
[38] sizes A=[25, 2, 87] B=[23, 62, 24] kills=[('B', 1, 45)] [0.1s]
      blk1 |S|=45 offs=[-125, -123, -121, -119, -117, -115, -113, -109, -107, -105, -103, -101, -99, -97, -63, -61, -59, -57, -55, -53, -51, -49, -47, -45, -43, -41, -39, -37, -35, -33, -31, -29, -27, -25, -23, -21, -19, -17, -13, -11, -9, -7, -5, -3, -1]
[39] sizes A=[25, 2, 86] B=[23, 62, 25] kills=[('B', 1, 9)] [0.0s]
      blk1 |S|=9 offs=[-56, -40, -32, -24, -16, -8, 0, 16, 24]
[40] sizes A=[25, 2, 87] B=[23, 62, 24] kills=[('B', 1, 43)] [0.1s]
      blk1 |S|=43 offs=[-125, -123, -121, -119, -117, -111, -109, -105, -103, -101, -99, -97, -63, -61, -59, -57, -55, -53, -51, -49, -47, -45, -43, -41, -39, -37, -35, -33, -31, -29, -27, -25, -23, -21, -19, -17, -15, -13, -9, -7, -5, -3, -1]
[41] sizes A=[25, 2, 86] B=[23, 62, 25] kills=[('B', 1, 16)] [0.1s]
      blk1 |S|=16 offs=[-60, -56, -52, -44, -40, -36, -32, -28, -24, -20, -16, -12, -8, -4, 16, 20]
[42] sizes A=[25, 2, 87] B=[23, 62, 24] kills=[('B', 1, 45)] [0.1s]
      blk1 |S|=45 offs=[-125, -123, -121, -119, -117, -115, -111, -109, -107, -105, -103, -101, -99, -97, -63, -61, -59, -57, -55, -53, -51, -49, -47, -45, -43, -41, -39, -37, -35, -33, -31, -29, -27, -25, -23, -21, -19, -17, -15, -11, -9, -7, -5, -3, -1]
[43] sizes A=[25, 2, 86] B=[23, 62, 25] kills=[('B', 1, 11)] [0.0s]
      blk1 |S|=11 offs=[-58, -52, -46, -40, -34, -28, -22, -16, -10, 14, 20]
[44] sizes A=[25, 2, 87] B=[23, 62, 24] kills=[('B', 1, 42)] [0.1s]
      blk1 |S|=42 offs=[-125, -123, -113, -111, -109, -107, -105, -103, -101, -99, -97, -63, -61, -59, -57, -55, -53, -51, -49, -47, -45, -43, -41, -39, -37, -35, -33, -31, -29, -27, -25, -23, -21, -19, -17, -15, -13, -11, -9, -5, -3, -1]
[45] sizes A=[24, 60, 28] B=[24, 4, 83] kills=[('A', 0, 28), ('A', 1, 37)] [0.1s]
      blk0 |S|=28 offs=[1, 3, 5, 7, 9, 11, 13, 15, 17, 19, 21, 23, 25, 27, 29, 31, 33, 35, 37, 39, 41, 43, 45, 47, 83, 85, 87, 89]
      blk1 |S|=37 offs=[-62, -60, -58, -56, -54, -52, -50, -48, -46, -44, -42, -40, -38, -36, -34, -32, -30, -28, -26, -24, -22, -20, -18, -16, -14, -10, -6, -4, 0, 2, 4, 6, 8, 10, 12, 14, 16]
[46] sizes A=[24, 57, 32] B=[24, 7, 79] kills=[('A', 1, 28)] [0.1s]
      blk1 |S|=28 offs=[-62, -60, -54, -52, -50, -48, -46, -44, -42, -40, -38, -36, -34, -32, -30, -28, -26, -24, -22, -20, -18, -16, -6, -4, 6, 8, 14, 16]
[47] sizes A=[24, 56, 32] B=[24, 8, 79] kills=[('A', 1, 29)] [0.1s]
      blk1 |S|=29 offs=[-62, -60, -58, -56, -54, -52, -50, -48, -46, -44, -42, -40, -38, -36, -34, -32, -30, -28, -26, -24, -22, -20, -18, -16, -4, 6, 8, 14, 16]
[48] sizes A=[24, 55, 32] B=[24, 9, 79] kills=[('A', 1, 27)] [0.0s]
      blk1 |S|=27 offs=[-62, -58, -56, -52, -50, -48, -46, -44, -42, -40, -38, -36, -34, -32, -30, -28, -26, -24, -22, -20, -18, -16, -14, -4, 4, 6, 14]
[49] sizes A=[24, 54, 34] B=[24, 10, 77] kills=[('A', 1, 27)] [0.1s]
      blk1 |S|=27 offs=[-62, -58, -56, -54, -52, -50, -48, -46, -44, -42, -40, -38, -36, -34, -32, -30, -28, -26, -24, -22, -20, -18, -16, -4, 4, 6, 14]
[50] sizes A=[24, 53, 34] B=[24, 11, 77] kills=[('A', 1, 25)] [0.1s]
      blk1 |S|=25 offs=[-62, -58, -56, -54, -52, -50, -48, -46, -44, -42, -40, -38, -36, -34, -32, -30, -28, -26, -22, -20, -18, 2, 4, 6, 14]
[51] sizes A=[24, 52, 35] B=[24, 12, 76] kills=[('A', 1, 24)] [0.0s]
      blk1 |S|=24 offs=[-62, -56, -54, -52, -50, -48, -46, -44, -42, -40, -38, -36, -32, -30, -28, -26, -24, -22, -20, -18, -16, 4, 6, 12]
[52] sizes A=[24, 51, 35] B=[24, 13, 76] kills=[('A', 1, 23)] [0.0s]
      blk1 |S|=23 offs=[-56, -54, -52, -50, -48, -46, -44, -42, -40, -38, -36, -34, -32, -30, -28, -26, -24, -20, -16, 2, 4, 6, 16]
[53] sizes A=[24, 50, 37] B=[24, 14, 74] kills=[('A', 1, 40)] [0.0s]
      blk1 |S|=40 offs=[-121, -117, -115, -113, -111, -109, -107, -101, -99, -97, -61, -57, -55, -53, -51, -49, -47, -45, -43, -41, -39, -37, -35, -33, -31, -29, -27, -25, -23, -21, -19, -17, -15, -13, -11, -9, -7, -5, -3, -1]
[54] sizes A=[24, 49, 41] B=[24, 15, 70] kills=[('A', 1, 22)] [0.0s]
      blk1 |S|=22 offs=[-56, -52, -50, -46, -44, -42, -40, -38, -36, -34, -32, -30, -28, -26, -22, -20, -16, 4, 6, 8, 10, 18]
[55] sizes A=[24, 48, 41] B=[24, 16, 70] kills=[('A', 1, 31), ('B', 0, 28)] [0.1s]
      blk1 |S|=31 offs=[-109, -101, -99, -97, -61, -57, -55, -51, -49, -47, -45, -43, -41, -39, -37, -35, -33, -31, -29, -27, -25, -23, -21, -19, -17, -15, -13, -11, -9, -5, -1]
      blk0 |S|=28 offs=[2, 4, 6, 8, 10, 12, 14, 16, 18, 20, 22, 24, 26, 28, 30, 32, 34, 36, 38, 40, 42, 44, 46, 48, 84, 86, 88, 90]
[56] sizes A=[24, 48, 41] B=[24, 16, 70] kills=[('A', 1, 21)] [0.0s]
      blk1 |S|=21 offs=[-60, -52, -50, -48, -46, -44, -42, -40, -38, -36, -34, -30, -28, -26, -24, -22, -20, -16, 4, 8, 10]
[57] sizes A=[24, 48, 41] B=[24, 16, 70] kills=[('A', 1, 21), ('B', 0, 27)] [0.1s]
      blk1 |S|=21 offs=[-58, -52, -50, -48, -46, -44, -42, -40, -38, -36, -34, -32, -28, -26, -24, -22, -18, -16, 2, 8, 16]
      blk0 |S|=27 offs=[2, 4, 6, 8, 10, 12, 14, 16, 18, 20, 22, 24, 26, 28, 30, 32, 34, 36, 38, 40, 42, 44, 46, 48, 82, 84, 88]
[58] sizes A=[24, 49, 41] B=[24, 15, 70] kills=[('A', 1, 22), ('B', 0, 24)] [0.0s]
      blk1 |S|=22 offs=[-62, -54, -52, -50, -48, -46, -44, -42, -40, -38, -36, -34, -32, -30, -28, -26, -24, -22, -18, 2, 6, 8]
      blk0 |S|=24 offs=[2, 4, 8, 10, 12, 14, 16, 18, 20, 22, 24, 26, 28, 30, 32, 34, 36, 40, 44, 46, 48, 84, 86, 88]
[59] sizes A=[24, 50, 41] B=[24, 14, 70] kills=[('A', 1, 37)] [0.0s]
      blk1 |S|=37 offs=[-121, -119, -117, -115, -103, -101, -99, -97, -61, -55, -53, -51, -49, -47, -45, -43, -41, -39, -37, -35, -33, -31, -29, -27, -25, -23, -21, -19, -17, -15, -13, -11, -9, -7, -5, -3, -1]
[60] sizes A=[24, 49, 41] B=[24, 15, 70] kills=[('A', 1, 39)] [0.0s]
      blk1 |S|=39 offs=[-121, -119, -117, -115, -113, -107, -103, -101, -99, -97, -61, -59, -53, -51, -49, -47, -45, -43, -41, -39, -37, -35, -33, -31, -29, -27, -25, -23, -21, -19, -17, -15, -13, -11, -9, -7, -5, -3, -1]
[61] sizes A=[24, 48, 41] B=[24, 16, 70] kills=[('A', 1, 32)] [0.1s]
      blk1 |S|=32 offs=[-105, -103, -101, -99, -97, -61, -53, -51, -49, -45, -43, -41, -39, -37, -35, -33, -31, -29, -27, -25, -23, -21, -19, -17, -15, -13, -11, -9, -7, -5, -3, -1]
[62] sizes A=[24, 49, 41] B=[24, 15, 70] kills=[('A', 0, 24), ('A', 1, 41)] [0.0s]
      blk0 |S|=24 offs=[1, 3, 7, 9, 11, 13, 15, 17, 19, 21, 23, 25, 27, 29, 31, 33, 35, 39, 43, 45, 47, 83, 85, 87]
      blk1 |S|=41 offs=[-121, -119, -117, -115, -113, -111, -109, -107, -105, -103, -99, -97, -61, -59, -57, -53, -51, -49, -47, -45, -43, -41, -39, -37, -35, -33, -31, -29, -27, -25, -23, -21, -19, -17, -15, -13, -11, -9, -5, -3, -1]
[63] sizes A=[24, 32, 55] B=[24, 32, 56] kills=[('A', 1, 31), ('B', 1, 25)] [0.0s]
      blk1 |S|=31 offs=[-103, -101, -99, -97, -61, -59, -55, -51, -47, -45, -43, -41, -39, -37, -35, -33, -31, -29, -27, -25, -23, -21, -19, -17, -15, -13, -11, -9, -7, -5, -1]
      blk1 |S|=25 offs=[-108, -100, -98, -96, -60, -56, -54, -52, -44, -42, -40, -38, -36, -32, -28, -26, -24, -22, -20, -18, -16, -14, -12, -4, 0]
[64] sizes A=[24, 32, 55] B=[24, 32, 56] kills=[('A', 1, 31), ('B', 1, 19)] [0.0s]
      blk1 |S|=31 offs=[-105, -103, -101, -99, -97, -61, -59, -51, -49, -47, -45, -43, -41, -39, -37, -35, -33, -31, -29, -25, -23, -21, -19, -17, -15, -13, -11, -9, -5, -3, -1]
      blk1 |S|=19 offs=[-108, -100, -96, -60, -56, -52, -48, -44, -40, -36, -32, -28, -24, -20, -16, -12, -8, -4, 0]
[65] sizes A=[24, 31, 55] B=[24, 33, 56] kills=[('A', 1, 28), ('B', 1, 29)] [0.0s]
      blk1 |S|=28 offs=[-103, -101, -99, -97, -61, -51, -49, -45, -43, -41, -37, -35, -33, -31, -29, -27, -25, -23, -21, -19, -17, -15, -13, -11, -9, -7, -5, -1]
      blk1 |S|=29 offs=[-110, -100, -98, -96, -60, -56, -50, -48, -44, -42, -40, -36, -34, -32, -30, -28, -26, -24, -22, -20, -18, -16, -14, -12, -10, -8, -4, -2, 0]
[66] sizes A=[24, 35, 55] B=[24, 29, 56] kills=[('A', 0, 28), ('A', 1, 42)] [0.0s]
      blk0 |S|=28 offs=[1, 3, 5, 7, 9, 11, 13, 15, 17, 19, 21, 23, 25, 27, 29, 31, 33, 35, 37, 39, 41, 43, 45, 47, 81, 83, 87, 93]
      blk1 |S|=42 offs=[-125, -123, -121, -115, -113, -111, -109, -105, -103, -101, -99, -97, -63, -61, -57, -55, -53, -51, -49, -47, -45, -41, -39, -37, -35, -33, -31, -29, -27, -25, -23, -21, -19, -17, -15, -13, -11, -9, -7, -5, -3, -1]
[67] sizes A=[24, 36, 55] B=[24, 28, 56] kills=[('A', 1, 32)] [0.0s]
      blk1 |S|=32 offs=[-111, -105, -101, -99, -97, -63, -61, -55, -53, -51, -49, -45, -43, -41, -39, -37, -35, -33, -31, -29, -27, -23, -21, -19, -17, -13, -11, -9, -7, -5, -3, -1]
[68] sizes A=[24, 50, 43] B=[24, 14, 68] kills=[('A', 1, 27)] [0.1s]
      blk1 |S|=27 offs=[-103, -99, -97, -63, -61, -59, -53, -51, -47, -45, -43, -41, -39, -37, -35, -31, -29, -27, -25, -23, -21, -19, -17, -15, -11, -7, -3]
[69] sizes A=[24, 49, 43] B=[24, 15, 68] kills=[('A', 1, 32)] [0.1s]
      blk1 |S|=32 offs=[-107, -99, -97, -63, -55, -53, -51, -49, -47, -45, -43, -41, -39, -37, -35, -33, -31, -29, -27, -25, -23, -21, -19, -17, -15, -13, -11, -9, -7, -5, -3, -1]
[70] sizes A=[24, 50, 43] B=[24, 14, 68] kills=[('A', 1, 31)] [0.1s]
      blk1 |S|=31 offs=[-111, -103, -99, -97, -63, -59, -57, -53, -51, -49, -47, -45, -43, -41, -39, -37, -35, -33, -31, -29, -27, -25, -23, -21, -19, -17, -15, -13, -11, -7, -3]
[71] sizes A=[24, 50, 43] B=[24, 14, 68] kills=[('A', 1, 38)] [0.0s]
      blk1 |S|=38 offs=[-113, -111, -109, -105, -103, -101, -99, -97, -59, -57, -55, -53, -51, -49, -47, -45, -43, -41, -39, -37, -35, -33, -31, -29, -27, -25, -23, -21, -19, -17, -15, -13, -11, -9, -7, -5, -3, -1]
[72] sizes A=[24, 49, 43] B=[24, 15, 68] kills=[('A', 1, 33)] [0.1s]
      blk1 |S|=33 offs=[-105, -103, -99, -97, -59, -55, -53, -51, -49, -47, -45, -43, -41, -39, -37, -35, -33, -31, -29, -27, -25, -23, -21, -19, -17, -15, -13, -11, -9, -7, -5, -3, -1]
[73] sizes A=[24, 48, 43] B=[24, 16, 68] kills=[('A', 1, 31)] [0.1s]
      blk1 |S|=31 offs=[-101, -99, -97, -55, -53, -51, -49, -47, -45, -43, -41, -39, -37, -35, -33, -31, -29, -27, -25, -23, -21, -19, -17, -15, -13, -11, -9, -7, -5, -3, -1]
[74] sizes A=[24, 48, 41] B=[24, 16, 70] kills=[('A', 1, 23)] [0.0s]
      blk1 |S|=23 offs=[-62, -58, -52, -50, -48, -46, -44, -42, -40, -38, -36, -34, -32, -30, -28, -26, -24, -22, -18, 2, 8, 14, 16]
[75] sizes A=[24, 48, 41] B=[24, 16, 70] kills=[('A', 1, 22)] [0.1s]
      blk1 |S|=22 offs=[-62, -60, -52, -50, -48, -46, -44, -42, -40, -38, -36, -34, -32, -30, -28, -26, -24, -22, -18, 2, 6, 8]
[76] sizes A=[24, 47, 41] B=[24, 17, 70] kills=[('A', 1, 30)] [0.0s]
      blk1 |S|=30 offs=[-107, -103, -99, -97, -63, -53, -51, -49, -45, -43, -41, -39, -37, -35, -33, -29, -27, -25, -23, -21, -19, -17, -15, -13, -11, -9, -7, -5, -3, -1]
[77] sizes A=[24, 48, 41] B=[24, 16, 70] kills=[('A', 1, 31)] [0.0s]
      blk1 |S|=31 offs=[-103, -99, -97, -59, -53, -51, -49, -47, -45, -43, -41, -39, -37, -35, -33, -31, -29, -27, -25, -23, -21, -19, -17, -15, -13, -11, -9, -7, -5, -3, -1]
[78] sizes A=[24, 47, 41] B=[24, 17, 70] kills=[('A', 1, 22)] [0.0s]
      blk1 |S|=22 offs=[-60, -56, -52, -50, -48, -46, -44, -42, -40, -38, -36, -34, -32, -30, -28, -26, -24, -22, -20, 2, 4, 16]
[79] sizes A=[24, 46, 41] B=[24, 18, 70] kills=[('A', 1, 22)] [0.0s]
      blk1 |S|=22 offs=[-56, -52, -50, -48, -46, -44, -42, -40, -38, -36, -34, -32, -30, -28, -26, -24, -22, -20, -18, 4, 6, 8]
[80] sizes A=[24, 46, 41] B=[24, 18, 70] kills=[('A', 1, 22)] [0.0s]
      blk1 |S|=22 offs=[-60, -52, -50, -48, -46, -44, -42, -40, -38, -36, -34, -32, -30, -28, -26, -24, -22, -20, 2, 4, 8, 10]
[81] sizes A=[24, 32, 55] B=[24, 32, 56] kills=[('A', 1, 31), ('B', 1, 29)] [0.0s]
      blk1 |S|=31 offs=[-111, -105, -103, -99, -97, -63, -59, -57, -51, -47, -43, -41, -39, -37, -35, -33, -31, -29, -27, -25, -23, -21, -19, -17, -15, -13, -11, -9, -7, -3, -1]
      blk1 |S|=29 offs=[-102, -98, -96, -62, -60, -58, -54, -50, -48, -46, -42, -40, -38, -36, -34, -30, -28, -26, -24, -22, -20, -18, -16, -14, -12, -10, -6, -2, 0]
[82] sizes A=[24, 33, 55] B=[24, 31, 56] kills=[('A', 1, 32), ('B', 1, 28)] [0.1s]
      blk1 |S|=32 offs=[-113, -107, -103, -99, -97, -63, -59, -57, -53, -51, -49, -47, -45, -43, -41, -39, -35, -33, -31, -29, -27, -25, -23, -21, -19, -17, -15, -11, -9, -7, -5, -3]
      blk1 |S|=28 offs=[-106, -102, -98, -96, -62, -60, -58, -52, -50, -46, -44, -42, -40, -38, -36, -34, -30, -28, -26, -24, -22, -20, -18, -16, -14, -10, -6, -2]
[83] sizes A=[24, 32, 55] B=[24, 32, 56] kills=[('A', 1, 29), ('B', 1, 25)] [0.0s]
      blk1 |S|=29 offs=[-111, -103, -99, -97, -63, -59, -57, -53, -51, -49, -45, -43, -41, -39, -35, -33, -31, -29, -27, -25, -23, -21, -19, -17, -15, -13, -11, -7, -3]
      blk1 |S|=25 offs=[-102, -98, -96, -62, -60, -58, -54, -50, -48, -46, -42, -40, -38, -36, -30, -28, -26, -24, -22, -20, -18, -14, -12, -6, 0]
[84] sizes A=[24, 32, 55] B=[24, 32, 56] kills=[('A', 1, 26), ('B', 1, 27)] [0.0s]
      blk1 |S|=26 offs=[-111, -103, -99, -97, -63, -59, -57, -55, -51, -47, -43, -39, -35, -31, -29, -27, -23, -21, -19, -17, -15, -13, -11, -9, -7, -3]
      blk1 |S|=27 offs=[-102, -98, -96, -62, -60, -58, -54, -50, -46, -42, -40, -38, -36, -34, -30, -28, -26, -24, -22, -20, -18, -14, -12, -10, -6, -2, 0]
[85] sizes A=[24, 32, 55] B=[24, 32, 56] kills=[('A', 1, 33), ('B', 1, 39)] [0.0s]
      blk1 |S|=33 offs=[-111, -103, -101, -99, -97, -63, -59, -57, -55, -51, -49, -47, -45, -43, -39, -37, -35, -33, -31, -27, -25, -23, -21, -19, -17, -15, -13, -11, -9, -7, -5, -3, -1]
      blk1 |S|=39 offs=[-120, -118, -116, -112, -104, -102, -100, -98, -96, -62, -60, -54, -52, -50, -48, -46, -44, -42, -40, -38, -36, -34, -32, -30, -28, -26, -24, -22, -20, -18, -16, -14, -12, -10, -8, -6, -4, -2, 0]
[86] sizes A=[24, 32, 55] B=[24, 32, 56] kills=[('A', 1, 38), ('B', 1, 31)] [0.0s]
      blk1 |S|=38 offs=[-117, -113, -111, -109, -107, -103, -101, -99, -97, -59, -57, -55, -51, -49, -47, -45, -43, -41, -39, -37, -35, -33, -31, -29, -27, -25, -23, -21, -19, -17, -15, -13, -11, -9, -7, -5, -3, -1]
      blk1 |S|=31 offs=[-102, -100, -98, -96, -62, -60, -54, -48, -46, -44, -42, -40, -38, -36, -34, -32, -30, -28, -24, -22, -20, -18, -16, -14, -12, -10, -8, -6, -4, -2, 0]
[87] sizes A=[24, 32, 55] B=[24, 32, 56] kills=[('A', 1, 33), ('B', 1, 30)] [0.1s]
      blk1 |S|=33 offs=[-109, -103, -101, -99, -97, -59, -57, -55, -51, -47, -45, -43, -41, -39, -37, -35, -33, -31, -29, -27, -25, -23, -21, -19, -17, -15, -13, -11, -9, -7, -5, -3, -1]
      blk1 |S|=30 offs=[-106, -98, -96, -62, -60, -50, -46, -44, -42, -40, -38, -36, -34, -32, -30, -28, -26, -24, -22, -20, -18, -16, -14, -12, -10, -8, -6, -4, -2, 0]
[88] sizes A=[24, 31, 55] B=[24, 33, 56] kills=[('B', 1, 26)] [0.0s]
      blk1 |S|=26 offs=[-102, -100, -98, -96, -62, -60, -46, -42, -40, -38, -36, -34, -32, -30, -28, -26, -24, -22, -20, -18, -14, -12, -10, -6, -2, 0]
[89] sizes A=[24, 30, 55] B=[24, 34, 56] kills=[('B', 1, 32)] [0.0s]
      blk1 |S|=32 offs=[-110, -104, -100, -98, -96, -62, -60, -54, -52, -50, -48, -44, -42, -40, -38, -36, -34, -32, -30, -28, -26, -22, -20, -18, -16, -12, -10, -8, -6, -4, -2, 0]
[90] sizes A=[24, 30, 55] B=[24, 34, 56] kills=[('B', 1, 43)] [0.0s]
      blk1 |S|=43 offs=[-122, -120, -118, -116, -114, -112, -110, -108, -106, -102, -100, -98, -96, -62, -60, -58, -54, -52, -50, -48, -46, -44, -42, -38, -36, -34, -32, -30, -28, -26, -24, -22, -20, -18, -16, -14, -12, -10, -8, -6, -4, -2, 0]
[91] sizes A=[24, 34, 55] B=[24, 30, 56] kills=[('A', 1, 33)] [0.0s]
      blk1 |S|=33 offs=[-107, -103, -99, -97, -63, -59, -55, -53, -51, -47, -45, -43, -41, -39, -37, -35, -33, -31, -29, -27, -25, -23, -21, -19, -17, -15, -13, -11, -9, -7, -5, -3, -1]
[92] sizes A=[24, 33, 55] B=[24, 31, 56] kills=[('A', 1, 33)] [0.0s]
      blk1 |S|=33 offs=[-105, -103, -101, -99, -97, -59, -55, -53, -51, -47, -45, -43, -41, -39, -37, -35, -33, -31, -29, -27, -25, -23, -21, -19, -17, -15, -13, -11, -9, -7, -5, -3, -1]
[93] sizes A=[24, 35, 55] B=[24, 29, 56] kills=[('A', 1, 41)] [0.0s]
      blk1 |S|=41 offs=[-125, -119, -115, -113, -111, -109, -107, -103, -101, -99, -97, -63, -61, -59, -55, -53, -49, -47, -45, -43, -41, -39, -37, -35, -33, -31, -29, -27, -25, -23, -21, -19, -17, -15, -13, -11, -9, -7, -5, -3, -1]
[94] sizes A=[24, 34, 55] B=[24, 30, 56] kills=[('A', 1, 26)] [0.0s]
      blk1 |S|=26 offs=[-103, -99, -97, -61, -59, -55, -49, -47, -45, -43, -41, -39, -37, -35, -33, -31, -29, -25, -23, -21, -19, -17, -13, -9, -5, -1]
[95] sizes A=[24, 33, 55] B=[24, 31, 56] kills=[('A', 1, 28)] [0.0s]
      blk1 |S|=28 offs=[-103, -99, -97, -61, -55, -53, -49, -47, -45, -43, -41, -39, -37, -35, -33, -31, -29, -27, -25, -23, -21, -19, -17, -13, -9, -5, -3, -1]
[96] sizes A=[24, 32, 55] B=[24, 32, 56] kills=[('A', 2, 60), ('B', 2, 60)] [0.1s]
      blk2 |S|=60 offs=[-62, -58, -56, -54, -50, 2, 4, 6, 8, 10, 12, 14, 16, 18, 20, 22, 24, 26, 28, 30, 32, 34, 36, 38, 40, 42, 44, 46, 48, 50, 52, 54, 56, 58, 60, 62, 64, 66, 68, 70, 72, 74, 76, 78, 80, 82, 84, 86, 88, 90, 92, 94, 96, 98, 100, 102, 104, 106, 108, 110]
      blk2 |S|=60 offs=[-63, -61, -59, -57, -53, 1, 3, 5, 7, 9, 11, 13, 15, 17, 19, 21, 23, 25, 27, 29, 31, 33, 35, 37, 39, 41, 43, 45, 47, 49, 51, 53, 55, 57, 59, 63, 65, 67, 69, 71, 73, 75, 77, 79, 81, 83, 85, 87, 89, 91, 93, 95, 97, 99, 101, 103, 105, 107, 109, 111]
[97] sizes A=[24, 32, 55] B=[24, 32, 56] kills=[('B', 1, 29)] [0.0s]
      blk1 |S|=29 offs=[-102, -100, -98, -96, -60, -58, -52, -48, -46, -44, -40, -38, -36, -34, -32, -30, -28, -26, -24, -22, -20, -18, -16, -14, -12, -8, -6, -4, 0]
[98] sizes A=[24, 32, 55] B=[24, 32, 56] kills=[('B', 1, 32)] [0.0s]
      blk1 |S|=32 offs=[-104, -102, -100, -98, -96, -60, -52, -50, -48, -44, -42, -40, -38, -36, -34, -32, -30, -28, -26, -24, -22, -20, -18, -16, -14, -12, -10, -8, -6, -4, -2, 0]
[99] sizes A=[24, 33, 55] B=[24, 31, 56] kills=[('B', 1, 28)] [0.0s]
      blk1 |S|=28 offs=[-102, -100, -98, -96, -60, -50, -48, -44, -42, -40, -36, -34, -32, -30, -28, -26, -24, -22, -20, -18, -16, -14, -12, -10, -8, -6, -4, 0]
[100] sizes A=[24, 32, 55] B=[24, 32, 56] kills=[('B', 1, 32)] [0.0s]
      blk1 |S|=32 offs=[-102, -100, -98, -96, -60, -58, -54, -50, -46, -44, -42, -40, -38, -36, -34, -32, -30, -28, -26, -24, -22, -20, -18, -16, -14, -12, -10, -8, -6, -4, -2, 0]
[101] sizes A=[24, 32, 55] B=[24, 32, 56] kills=[('B', 1, 28)] [0.0s]
      blk1 |S|=28 offs=[-102, -98, -96, -60, -54, -52, -48, -46, -44, -42, -40, -38, -36, -34, -32, -30, -28, -26, -24, -22, -20, -18, -16, -12, -8, -4, -2, 0]
[102] sizes A=[24, 33, 55] B=[24, 31, 56] kills=[('A', 2, 60), ('B', 2, 54)] [0.2s]
      blk2 |S|=60 offs=[-62, -60, -58, -56, -50, 2, 4, 6, 8, 10, 12, 14, 16, 18, 20, 22, 24, 26, 28, 30, 32, 34, 36, 38, 40, 42, 44, 46, 48, 50, 52, 54, 56, 58, 60, 62, 64, 66, 68, 70, 72, 74, 76, 78, 80, 82, 84, 86, 88, 90, 92, 94, 96, 98, 100, 102, 104, 106, 108, 110]
      blk2 |S|=54 offs=[-61, -59, -53, 1, 3, 7, 11, 19, 21, 23, 25, 27, 29, 31, 33, 35, 37, 39, 41, 43, 45, 47, 49, 51, 53, 55, 57, 59, 61, 63, 65, 67, 69, 71, 73, 75, 77, 79, 81, 83, 85, 87, 89, 91, 93, 95, 97, 99, 101, 103, 105, 107, 109, 111]
[103] sizes A=[24, 33, 55] B=[24, 31, 56] kills=[('A', 1, 19), ('B', 1, 33)] [0.0s]
      blk1 |S|=19 offs=[-111, -103, -99, -63, -59, -55, -51, -47, -43, -39, -35, -31, -27, -23, -19, -15, -11, -7, -3]
      blk1 |S|=33 offs=[-108, -106, -102, -100, -98, -96, -58, -54, -52, -48, -44, -42, -40, -38, -36, -34, -32, -30, -28, -26, -24, -22, -20, -18, -16, -14, -12, -10, -8, -6, -4, -2, 0]
[104] sizes A=[24, 32, 55] B=[24, 32, 56] kills=[('B', 1, 31)] [0.0s]
      blk1 |S|=31 offs=[-100, -98, -96, -54, -52, -50, -48, -46, -44, -42, -40, -38, -36, -34, -32, -30, -28, -26, -24, -22, -20, -18, -16, -14, -12, -10, -8, -6, -4, -2, 0]
[105] sizes A=[24, 33, 55] B=[24, 31, 56] kills=[('A', 2, 51), ('B', 2, 52)] [0.2s]
      blk2 |S|=51 offs=[-62, -60, -58, -52, 2, 4, 8, 10, 22, 24, 26, 28, 30, 32, 34, 36, 38, 40, 42, 44, 46, 48, 50, 52, 54, 56, 58, 60, 62, 64, 66, 68, 70, 72, 74, 76, 78, 80, 82, 86, 88, 90, 92, 94, 98, 100, 102, 104, 106, 108, 110]
      blk2 |S|=52 offs=[-63, -61, -57, -53, 1, 3, 5, 9, 11, 15, 19, 21, 23, 25, 27, 29, 31, 33, 35, 37, 39, 41, 43, 45, 47, 49, 51, 53, 55, 57, 59, 61, 63, 65, 67, 69, 71, 73, 75, 77, 79, 81, 83, 85, 87, 89, 93, 95, 99, 107, 109, 111]
[106] sizes A=[24, 32, 55] B=[24, 32, 56] kills=[('A', 2, 55), ('B', 2, 53)] [0.2s]
      blk2 |S|=55 offs=[-62, -60, -56, -52, 2, 4, 8, 10, 12, 20, 22, 24, 26, 28, 30, 32, 34, 36, 38, 40, 42, 44, 46, 48, 50, 52, 54, 56, 58, 60, 62, 64, 66, 68, 70, 72, 74, 76, 78, 80, 82, 84, 86, 88, 90, 92, 94, 96, 98, 100, 102, 104, 106, 108, 110]
      blk2 |S|=53 offs=[-61, -57, -55, -53, 1, 3, 5, 7, 11, 13, 15, 17, 19, 21, 23, 27, 29, 31, 33, 35, 39, 43, 51, 53, 55, 57, 59, 61, 63, 65, 67, 69, 71, 73, 75, 77, 79, 81, 83, 85, 87, 89, 91, 93, 95, 97, 99, 101, 103, 105, 107, 109, 111]
[107] sizes A=[24, 32, 55] B=[24, 32, 56] kills=[('A', 2, 57), ('B', 2, 59)] [0.2s]
      blk2 |S|=57 offs=[-62, -60, -56, -54, -50, 2, 4, 6, 8, 10, 12, 14, 16, 18, 20, 22, 24, 26, 28, 30, 32, 34, 36, 40, 42, 44, 46, 48, 50, 52, 54, 58, 60, 62, 64, 66, 68, 72, 74, 76, 78, 80, 82, 84, 86, 88, 90, 92, 94, 96, 98, 100, 102, 104, 106, 108, 110]
      blk2 |S|=59 offs=[-63, -61, -59, -57, -55, 1, 3, 5, 7, 9, 11, 13, 15, 17, 19, 21, 23, 25, 27, 29, 31, 33, 35, 37, 39, 41, 43, 45, 47, 49, 51, 53, 55, 57, 59, 61, 63, 65, 67, 69, 71, 73, 75, 77, 79, 81, 83, 87, 89, 91, 93, 95, 99, 101, 103, 105, 107, 109, 111]
[108] sizes A=[24, 32, 55] B=[24, 32, 56] kills=[('A', 1, 28), ('B', 1, 31)] [0.0s]
      blk1 |S|=28 offs=[-101, -99, -97, -57, -53, -51, -49, -41, -39, -37, -35, -33, -31, -29, -27, -25, -23, -21, -19, -17, -15, -13, -11, -9, -7, -5, -3, -1]
      blk1 |S|=31 offs=[-102, -98, -96, -58, -52, -50, -48, -46, -44, -42, -40, -38, -36, -34, -32, -30, -28, -26, -24, -22, -20, -18, -16, -14, -12, -10, -8, -6, -4, -2, 0]
[109] sizes A=[24, 33, 55] B=[24, 31, 56] kills=[('A', 1, 19)] [0.0s]
      blk1 |S|=19 offs=[-109, -101, -97, -61, -57, -53, -49, -45, -41, -37, -33, -29, -25, -21, -17, -13, -9, -5, -1]
[110] sizes A=[24, 32, 55] B=[24, 32, 56] kills=[('A', 2, 60), ('B', 2, 61)] [0.1s]
      blk2 |S|=60 offs=[-62, -60, -58, -56, -54, 2, 4, 6, 8, 10, 12, 14, 16, 18, 20, 22, 24, 26, 28, 30, 32, 34, 36, 38, 40, 42, 44, 46, 48, 50, 52, 54, 56, 58, 60, 62, 64, 66, 68, 70, 72, 74, 76, 78, 80, 82, 84, 86, 88, 90, 92, 94, 96, 98, 100, 102, 104, 106, 108, 110]
      blk2 |S|=61 offs=[-63, -59, -57, -55, -51, 1, 3, 5, 7, 9, 11, 13, 15, 17, 19, 21, 23, 25, 27, 29, 31, 33, 35, 37, 39, 41, 43, 45, 47, 49, 51, 53, 55, 57, 59, 61, 63, 65, 67, 69, 71, 73, 75, 77, 79, 81, 83, 85, 87, 89, 91, 93, 95, 97, 99, 101, 103, 105, 107, 109, 111]
[111] sizes A=[24, 32, 55] B=[24, 32, 56] kills=[('A', 1, 32), ('B', 1, 33)] [0.1s]
      blk1 |S|=32 offs=[-103, -101, -99, -97, -63, -61, -53, -49, -47, -45, -43, -41, -39, -37, -35, -33, -31, -29, -27, -25, -23, -21, -19, -17, -15, -13, -11, -9, -7, -5, -3, -1]
      blk1 |S|=33 offs=[-104, -102, -100, -98, -96, -58, -54, -52, -50, -46, -44, -42, -40, -38, -36, -34, -32, -30, -28, -26, -24, -22, -20, -18, -16, -14, -12, -10, -8, -6, -4, -2, 0]
[112] sizes A=[24, 32, 55] B=[24, 32, 56] kills=[('A', 1, 29), ('B', 1, 19)] [0.0s]
      blk1 |S|=29 offs=[-103, -101, -99, -97, -61, -59, -53, -49, -47, -45, -41, -39, -37, -35, -33, -31, -29, -27, -25, -23, -21, -19, -17, -15, -13, -9, -7, -5, -1]
      blk1 |S|=19 offs=[-110, -102, -98, -62, -58, -54, -50, -46, -42, -38, -34, -30, -26, -22, -18, -14, -10, -6, -2]
[113] sizes A=[24, 32, 55] B=[24, 32, 56] kills=[('A', 2, 48), ('B', 2, 54)] [0.2s]
      blk2 |S|=48 offs=[-60, -58, -56, -52, 2, 4, 10, 20, 22, 24, 26, 30, 32, 34, 36, 38, 42, 44, 46, 50, 52, 54, 56, 58, 60, 62, 64, 66, 68, 70, 72, 74, 76, 78, 80, 82, 84, 86, 88, 90, 92, 94, 98, 100, 102, 106, 108, 110]
      blk2 |S|=54 offs=[-63, -61, -55, -53, 1, 3, 5, 7, 9, 11, 13, 15, 17, 19, 21, 23, 25, 27, 29, 31, 33, 35, 37, 39, 41, 43, 45, 47, 51, 53, 55, 57, 59, 61, 63, 65, 67, 69, 71, 73, 75, 77, 79, 81, 83, 85, 87, 89, 93, 99, 105, 107, 109, 111]
[114] sizes A=[24, 11, 71] B=[24, 53, 40] kills=[('B', 1, 28)] [0.1s]
      blk1 |S|=28 offs=[-63, -61, -57, -55, -53, -51, -49, -47, -45, -43, -41, -39, -37, -35, -33, -31, -29, -27, -25, -23, -21, -19, -17, -15, 1, 3, 5, 23]
[115] sizes A=[24, 12, 71] B=[24, 52, 40] kills=[('B', 1, 27)] [0.0s]
      blk1 |S|=27 offs=[-63, -61, -57, -53, -51, -49, -47, -45, -43, -41, -39, -37, -35, -33, -31, -29, -27, -25, -23, -21, -19, -17, -15, 1, 3, 5, 23]
[116] sizes A=[24, 13, 71] B=[24, 51, 40] kills=[('B', 1, 23)] [0.1s]
      blk1 |S|=23 offs=[-61, -57, -53, -51, -49, -47, -45, -43, -41, -39, -37, -35, -33, -31, -29, -27, -25, -23, -21, -17, 1, 3, 15]
[117] sizes A=[24, 14, 71] B=[24, 50, 40] kills=[('B', 1, 26)] [0.0s]
      blk1 |S|=26 offs=[-57, -53, -51, -49, -47, -45, -43, -41, -39, -37, -35, -33, -31, -29, -27, -25, -23, -21, -19, -17, -15, -11, 1, 3, 11, 15]
[118] sizes A=[24, 14, 71] B=[24, 50, 40] kills=[('A', 0, 27), ('B', 1, 25)] [0.1s]
      blk0 |S|=27 offs=[1, 3, 5, 7, 9, 11, 13, 15, 17, 19, 21, 23, 25, 27, 29, 31, 33, 35, 37, 39, 41, 43, 45, 47, 81, 83, 87]
      blk1 |S|=25 offs=[-59, -53, -51, -49, -47, -45, -43, -41, -39, -37, -35, -33, -31, -29, -27, -25, -23, -19, -17, -15, -11, 1, 7, 9, 15]
[119] sizes A=[24, 14, 71] B=[24, 50, 40] kills=[('B', 1, 24)] [0.0s]
      blk1 |S|=24 offs=[-61, -53, -51, -49, -47, -45, -43, -41, -39, -37, -35, -33, -31, -29, -27, -25, -23, -21, -19, -17, -15, 3, 7, 9]
[120] sizes A=[24, 14, 70] B=[24, 50, 41] kills=[('B', 1, 24)] [0.0s]
      blk1 |S|=24 offs=[-63, -59, -53, -51, -49, -47, -43, -41, -39, -37, -35, -33, -31, -29, -27, -25, -23, -19, -17, -11, 1, 7, 13, 15]
[121] sizes A=[24, 14, 70] B=[24, 50, 41] kills=[('B', 1, 23)] [0.1s]
      blk1 |S|=23 offs=[-61, -59, -53, -51, -49, -47, -45, -43, -41, -39, -37, -35, -33, -31, -29, -27, -25, -23, -21, -17, -11, 1, 7]
[122] sizes A=[24, 15, 70] B=[24, 49, 41] kills=[('B', 1, 22)] [0.0s]
      blk1 |S|=22 offs=[-61, -53, -51, -49, -47, -45, -43, -41, -39, -37, -35, -33, -31, -29, -27, -25, -23, -21, -17, 3, 7, 9]
[123] sizes A=[24, 15, 70] B=[24, 49, 41] kills=[('B', 1, 23)] [0.0s]
      blk1 |S|=23 offs=[-57, -53, -51, -49, -47, -45, -43, -41, -39, -37, -35, -33, -31, -29, -27, -25, -23, -21, -17, 1, 3, 5, 7]
[124] sizes A=[24, 9, 75] B=[24, 55, 36] kills=[('B', 1, 27)] [0.1s]
      blk1 |S|=27 offs=[-63, -61, -57, -55, -51, -49, -47, -45, -43, -41, -39, -37, -35, -33, -31, -29, -27, -25, -23, -21, -19, -17, -11, 5, 7, 13, 15]
[125] sizes A=[24, 10, 75] B=[24, 54, 36] kills=[('B', 1, 27)] [0.1s]
      blk1 |S|=27 offs=[-63, -59, -57, -51, -49, -47, -45, -43, -41, -39, -37, -35, -33, -31, -29, -27, -25, -23, -21, -19, -17, -15, -13, -11, 3, 5, 13]
[126] sizes A=[24, 11, 75] B=[24, 53, 36] kills=[('B', 1, 27)] [0.0s]
      blk1 |S|=27 offs=[-59, -57, -55, -51, -49, -47, -45, -43, -41, -39, -37, -35, -33, -31, -29, -27, -25, -23, -21, -19, -17, -15, -13, -11, 1, 3, 13]
[127] sizes A=[24, 12, 75] B=[24, 52, 36] kills=[('B', 1, 26)] [0.1s]
      blk1 |S|=26 offs=[-59, -57, -51, -49, -47, -45, -43, -41, -39, -37, -35, -33, -31, -29, -27, -25, -23, -21, -19, -17, -15, -13, 1, 3, 9, 13]
[128] sizes A=[24, 13, 75] B=[24, 51, 36] kills=[('B', 1, 25)] [0.0s]
      blk1 |S|=25 offs=[-57, -51, -49, -45, -43, -41, -39, -37, -35, -33, -31, -29, -27, -25, -23, -21, -19, -17, -15, -13, -11, 1, 3, 11, 15]
[129] sizes A=[24, 13, 75] B=[24, 51, 36] kills=[('B', 1, 26)] [0.1s]
      blk1 |S|=26 offs=[-61, -51, -49, -45, -43, -41, -39, -37, -35, -33, -31, -29, -27, -25, -23, -21, -19, -17, -15, -13, -11, -9, 1, 3, 7, 9]
[130] sizes A=[24, 12, 75] B=[24, 52, 36] kills=[('B', 1, 28)] [0.1s]
      blk1 |S|=28 offs=[-63, -59, -51, -49, -47, -45, -43, -41, -39, -37, -35, -33, -31, -29, -27, -25, -23, -21, -19, -17, -13, -11, -9, 1, 5, 11, 13, 29]
[131] sizes A=[24, 13, 74] B=[24, 51, 37] kills=[('B', 1, 27)] [0.0s]
      blk1 |S|=27 offs=[-63, -59, -51, -49, -47, -45, -43, -41, -39, -37, -35, -33, -31, -29, -25, -23, -21, -19, -17, -15, -13, -11, 1, 3, 5, 9, 11]
[132] sizes A=[24, 13, 74] B=[24, 51, 37] kills=[('B', 1, 23)] [0.1s]
      blk1 |S|=23 offs=[-61, -59, -51, -49, -45, -43, -41, -39, -37, -35, -33, -31, -29, -27, -25, -23, -21, -17, -13, -11, 1, 3, 7]
[133] sizes A=[24, 14, 74] B=[24, 50, 37] kills=[('B', 1, 26)] [0.0s]
      blk1 |S|=26 offs=[-61, -51, -49, -47, -45, -43, -41, -39, -37, -35, -33, -31, -29, -27, -25, -23, -21, -19, -17, -15, -13, -11, 1, 3, 7, 9]
[134] sizes A=[24, 12, 71] B=[24, 52, 40] kills=[('B', 1, 22)] [0.0s]
      blk1 |S|=22 offs=[-63, -59, -55, -51, -49, -47, -45, -43, -41, -39, -37, -31, -29, -27, -23, -21, -19, -15, 1, 3, 5, 13]
[135] sizes A=[24, 12, 71] B=[24, 52, 40] kills=[('B', 1, 25)] [0.1s]
      blk1 |S|=25 offs=[-61, -59, -55, -51, -49, -47, -45, -43, -41, -39, -37, -35, -33, -31, -29, -27, -23, -21, -19, -17, -15, -13, 1, 3, 7]
[136] sizes A=[24, 13, 71] B=[24, 51, 40] kills=[('B', 1, 26)] [0.0s]
      blk1 |S|=26 offs=[-61, -55, -51, -49, -47, -45, -43, -41, -39, -37, -35, -33, -31, -29, -27, -25, -23, -21, -19, -17, -15, -13, 3, 5, 7, 13]
[137] sizes A=[24, 14, 73] B=[24, 50, 38] kills=[('B', 1, 23)] [0.0s]
      blk1 |S|=23 offs=[-63, -59, -51, -49, -47, -45, -43, -41, -39, -37, -35, -33, -31, -29, -27, -25, -23, -19, -15, -13, 1, 3, 11]
[138] sizes A=[24, 14, 73] B=[24, 50, 38] kills=[('B', 1, 22)] [0.0s]
      blk1 |S|=22 offs=[-61, -59, -51, -49, -45, -43, -41, -39, -37, -35, -33, -29, -27, -25, -23, -21, -17, -15, -13, 1, 3, 7]
[139] sizes A=[24, 15, 73] B=[24, 49, 38] kills=[('B', 1, 24)] [0.0s]
      blk1 |S|=24 offs=[-61, -51, -49, -47, -45, -43, -41, -39, -37, -35, -33, -31, -29, -27, -25, -23, -21, -17, -15, -13, 1, 3, 7, 9]
[140] sizes A=[24, 14, 69] B=[24, 50, 42] kills=[('B', 1, 25)] [0.1s]
      blk1 |S|=25 offs=[-63, -59, -53, -51, -49, -47, -45, -43, -41, -39, -37, -35, -33, -31, -29, -27, -25, -23, -19, -17, -7, 1, 5, 7, 15]
[141] sizes A=[24, 15, 69] B=[24, 49, 42] kills=[('B', 1, 24)] [0.1s]
      blk1 |S|=24 offs=[-63, -59, -53, -51, -49, -47, -45, -43, -41, -39, -37, -35, -33, -31, -29, -27, -25, -23, -19, -17, 1, 7, 13, 15]
[142] sizes A=[46, 2, 65] B=[2, 62, 46] kills=[('B', 1, 21)] [0.1s]
      blk1 |S|=21 offs=[-62, -58, -56, -54, -50, -46, -42, -38, -34, -30, -28, -26, -22, -18, -14, -6, -2, 2, 18, 30, 44]
[143] sizes A=[46, 2, 66] B=[2, 62, 45] kills=[('B', 1, 30)] [0.1s]
      blk1 |S|=30 offs=[-62, -60, -58, -56, -54, -50, -48, -46, -42, -40, -38, -36, -34, -32, -30, -28, -26, -24, -22, -18, -16, -14, -12, -10, -6, -2, 2, 6, 36, 48]
[144] sizes A=[46, 2, 67] B=[2, 62, 44] kills=[('B', 1, 34)] [0.1s]
      blk1 |S|=34 offs=[-62, -58, -56, -54, -52, -50, -48, -46, -44, -42, -40, -38, -36, -34, -32, -30, -28, -26, -24, -22, -20, -18, -16, -14, -12, -10, -8, -6, -4, -2, 2, 6, 36, 44]
[145] sizes A=[46, 2, 68] B=[2, 62, 43] kills=[('B', 1, 43)] [0.1s]
      blk1 |S|=43 offs=[-62, -60, -58, -56, -54, -52, -50, -48, -46, -44, -42, -40, -38, -36, -34, -32, -30, -28, -26, -24, -22, -20, -18, -16, -14, -12, -10, -8, -6, -4, -2, 2, 6, 22, 30, 40, 42, 44, 46, 50, 52, 56, 58]
[146] sizes A=[46, 2, 69] B=[2, 62, 42] kills=[('B', 1, 42)] [0.1s]
      blk1 |S|=42 offs=[-62, -60, -58, -56, -54, -52, -50, -48, -46, -44, -42, -40, -38, -36, -34, -32, -30, -28, -26, -24, -22, -20, -18, -16, -14, -12, -10, -8, -6, -4, -2, 2, 6, 22, 30, 40, 42, 44, 46, 50, 52, 58]
[147] sizes A=[46, 2, 70] B=[2, 62, 41] kills=[('B', 1, 41)] [0.1s]
      blk1 |S|=41 offs=[-62, -60, -58, -56, -54, -52, -50, -48, -46, -44, -42, -40, -38, -36, -34, -32, -30, -28, -26, -24, -22, -20, -18, -16, -14, -12, -10, -8, -6, -4, -2, 2, 6, 22, 30, 34, 40, 44, 50, 52, 58]
[148] sizes A=[46, 2, 71] B=[2, 62, 40] kills=[('B', 1, 40)] [0.1s]
      blk1 |S|=40 offs=[-62, -60, -58, -56, -54, -52, -50, -48, -46, -44, -42, -40, -38, -36, -34, -32, -30, -28, -26, -24, -22, -20, -18, -16, -14, -12, -10, -8, -6, -4, -2, 2, 6, 34, 40, 42, 44, 50, 52, 58]
[149] sizes A=[46, 2, 72] B=[2, 62, 39] kills=[('B', 1, 38)] [0.0s]
      blk1 |S|=38 offs=[-62, -60, -58, -56, -54, -52, -50, -48, -46, -44, -42, -40, -38, -36, -34, -32, -30, -28, -26, -24, -22, -20, -18, -16, -14, -12, -10, -8, -6, -4, -2, 2, 6, 30, 40, 44, 52, 58]
[150] sizes A=[46, 2, 73] B=[2, 62, 38] kills=[('B', 1, 24)] [0.1s]
      blk1 |S|=24 offs=[-62, -58, -56, -54, -50, -48, -46, -42, -40, -38, -34, -30, -28, -26, -22, -18, -14, -10, -6, -4, -2, 2, 6, 44]
[151] sizes A=[46, 2, 74] B=[2, 62, 37] kills=[('B', 1, 20)] [0.1s]
      blk1 |S|=20 offs=[-62, -58, -50, -46, -44, -42, -38, -34, -30, -28, -26, -24, -22, -18, -16, -14, -2, 2, 6, 40]
[152] sizes A=[46, 2, 75] B=[2, 62, 36] kills=[('B', 1, 20)] [0.1s]
      blk1 |S|=20 offs=[-62, -58, -54, -50, -46, -42, -38, -34, -30, -26, -22, -18, -14, -10, -6, -2, 2, 6, 30, 58]
[153] sizes A=[46, 2, 76] B=[2, 62, 35] kills=[('B', 1, 15)] [0.1s]
      blk1 |S|=15 offs=[-54, -50, -46, -42, -38, -34, -30, -26, -22, -18, -14, -6, -2, 2, 6]
[154] sizes A=[46, 2, 77] B=[2, 62, 34] kills=[('B', 1, 30)] [0.1s]
      blk1 |S|=30 offs=[-99, -97, -63, -61, -59, -57, -55, -53, -51, -47, -43, -39, -37, -35, -33, -31, -29, -27, -25, -23, -21, -19, -17, -15, -13, -11, -9, -7, -5, -3]
[155] sizes A=[46, 2, 69] B=[2, 62, 42] kills=[('B', 1, 29)] [0.1s]
      blk1 |S|=29 offs=[-63, -57, -55, -53, -51, -49, -47, -43, -41, -39, -35, -33, -31, -29, -27, -25, -23, -21, -19, -17, -15, -11, -9, -7, -5, 1, 3, 5, 9]
[156] sizes A=[46, 2, 69] B=[2, 62, 42] kills=[('B', 1, 30)] [0.1s]
      blk1 |S|=30 offs=[-63, -61, -59, -57, -51, -49, -47, -45, -43, -41, -39, -37, -35, -33, -31, -29, -27, -25, -23, -21, -19, -17, -15, -9, -7, 5, 11, 15, 23, 25]
[157] sizes A=[46, 2, 70] B=[2, 62, 41] kills=[('B', 1, 39)] [0.1s]
      blk1 |S|=39 offs=[-63, -61, -59, -57, -55, -53, -51, -49, -47, -45, -43, -39, -37, -35, -33, -31, -29, -27, -25, -23, -21, -19, -17, -15, -13, -11, -9, -7, -5, -3, 5, 15, 21, 23, 25, 27, 29, 33, 43]
[158] sizes A=[46, 2, 71] B=[2, 62, 40] kills=[('B', 1, 32)] [0.1s]
      blk1 |S|=32 offs=[-63, -61, -59, -57, -55, -53, -51, -47, -45, -43, -41, -39, -37, -35, -33, -29, -27, -25, -23, -21, -19, -17, -15, -13, -7, -5, 5, 15, 21, 23, 25, 27]
[159] sizes A=[46, 2, 72] B=[2, 62, 39] kills=[('B', 1, 35)] [0.1s]
      blk1 |S|=35 offs=[-63, -61, -59, -57, -55, -53, -51, -49, -47, -45, -43, -41, -39, -37, -35, -33, -29, -27, -25, -23, -21, -19, -17, -15, -13, -11, -9, -7, -5, 5, 21, 25, 27, 29, 39]
[160] sizes A=[46, 2, 73] B=[2, 62, 38] kills=[('B', 1, 19)] [0.1s]
      blk1 |S|=19 offs=[-63, -59, -55, -51, -47, -43, -39, -35, -31, -27, -23, -19, -15, -11, -7, 5, 25, 29, 33]
[161] sizes A=[46, 2, 74] B=[2, 62, 37] kills=[('B', 1, 33)] [0.1s]
      blk1 |S|=33 offs=[-63, -61, -59, -57, -55, -53, -51, -49, -47, -45, -43, -41, -39, -35, -33, -31, -29, -27, -25, -23, -19, -17, -15, -13, -11, -9, -7, 5, 23, 27, 29, 35, 39]
[162] sizes A=[46, 2, 75] B=[2, 62, 36] kills=[('B', 1, 32)] [0.1s]
      blk1 |S|=32 offs=[-63, -61, -59, -57, -55, -53, -51, -49, -47, -45, -43, -41, -39, -35, -33, -31, -29, -27, -25, -23, -19, -17, -15, -9, -7, -3, 5, 23, 27, 29, 35, 49]
[163] sizes A=[46, 2, 76] B=[2, 62, 35] kills=[('B', 1, 32)] [0.1s]
      blk1 |S|=32 offs=[-63, -61, -59, -57, -55, -53, -51, -49, -47, -45, -43, -39, -37, -35, -33, -31, -29, -27, -25, -23, -21, -19, -17, -15, -13, -11, -7, 5, 23, 29, 33, 35]
[164] sizes A=[46, 2, 77] B=[2, 62, 34] kills=[('B', 1, 31)] [0.1s]
      blk1 |S|=31 offs=[-63, -61, -59, -57, -55, -53, -51, -47, -45, -43, -41, -39, -37, -35, -33, -31, -29, -27, -25, -23, -21, -19, -17, -15, -13, -11, -7, 5, 23, 35, 41]
[165] sizes A=[46, 2, 78] B=[2, 62, 33] kills=[('B', 1, 20)] [0.1s]
      blk1 |S|=20 offs=[-63, -59, -51, -49, -47, -43, -41, -35, -29, -27, -23, -21, -19, -11, -7, -5, -3, 5, 35, 41]
[166] sizes A=[46, 2, 79] B=[2, 62, 32] kills=[('B', 1, 17)] [0.1s]
      blk1 |S|=17 offs=[-61, -59, -57, -51, -47, -43, -35, -27, -23, -19, -13, -11, -9, -3, 5, 29, 35]
[167] sizes A=[46, 2, 80] B=[2, 62, 31] kills=[('B', 1, 30)] [0.1s]
      blk1 |S|=30 offs=[-98, -96, -62, -60, -58, -56, -54, -52, -50, -46, -42, -38, -36, -34, -32, -30, -28, -26, -24, -22, -20, -18, -16, -14, -12, -10, -8, -6, -4, -2]
[168] sizes A=[24, 14, 71] B=[24, 50, 40] kills=[('B', 1, 25)] [0.1s]
      blk1 |S|=25 offs=[-57, -55, -51, -49, -47, -45, -43, -41, -39, -37, -35, -33, -31, -29, -27, -25, -23, -21, -17, -13, 1, 3, 5, 11, 15]
[169] sizes A=[24, 15, 71] B=[24, 49, 40] kills=[('B', 1, 23)] [0.0s]
      blk1 |S|=23 offs=[-57, -51, -49, -47, -45, -43, -41, -39, -37, -35, -33, -31, -29, -27, -25, -23, -21, -15, -13, 1, 3, 11, 15]
[170] ADV UNSAT after 198 discovered patterns [0.0s solve, 10s total] — COV(48) holds with |catalogue| = 2085
e147: UNSAT at M=48; +198 patterns; -> /Users/will/Dev/personal/tasks/math/erdos197/experiments/../data/e147_cegar_M48.json
