M=48: full catalogue 2085
first core: 802 patterns [0.1s]
minimized essential catalogue: 191 patterns (384 solves, 2s)
by block: {2: 160, 1: 28, 0: 3}   by source: {'fg': 154, 'J': 3, 'cegar': 34}
  blk0 |S|= 24 par(e/o)=0/24 src=cegar(it=62,team=A)    offs=[1, 3, 7, 9, 11, 13, 15, 17, 19, 21, 23, 25, 27, 29, 31, 33, 35, 39, 43, 45, 47, 83, 85, 87]
  blk0 |S|= 27 par(e/o)=0/27 src=cegar(it=118,team=A)   offs=[1, 3, 5, 7, 9, 11, 13, 15, 17, 19, 21, 23, 25, 27, 29, 31, 33, 35, 37, 39, 41, 43, 45, 47, 81, 83, 87]
  blk0 |S|= 28 par(e/o)=28/0 src=cegar(it=55,team=B)    offs=[2, 4, 6, 8, 10, 12, 14, 16, 18, 20, 22, 24, 26, 28, 30, 32, 34, 36, 38, 40, 42, 44, 46, 48, 84, 86, 88, 90]
  blk1 |S|= 18 par(e/o)=9/9 src=J([1, 2])              offs=[-15, -14, -13, -12, -11, -10, -9, -8, -7, -6, -5, -4, -3, -2, -1, 0, 1, 2]
  blk1 |S|= 18 par(e/o)=8/10 src=J([1, 3])              offs=[-15, -14, -13, -12, -11, -10, -9, -8, -7, -6, -5, -4, -3, -2, -1, 0, 1, 3]
  blk1 |S|= 18 par(e/o)=10/8 src=J([2, 4])              offs=[-15, -14, -13, -12, -11, -10, -9, -8, -7, -6, -5, -4, -3, -2, -1, 0, 2, 4]
  blk1 |S|= 19 par(e/o)=19/0 src=cegar(it=64,team=B)    offs=[-108, -100, -96, -60, -56, -52, -48, -44, -40, -36, -32, -28, -24, -20, -16, -12, -8, -4, 0]
  blk1 |S|= 19 par(e/o)=0/19 src=cegar(it=103,team=A)   offs=[-111, -103, -99, -63, -59, -55, -51, -47, -43, -39, -35, -31, -27, -23, -19, -15, -11, -7, -3]
  blk1 |S|= 19 par(e/o)=0/19 src=cegar(it=109,team=A)   offs=[-109, -101, -97, -61, -57, -53, -49, -45, -41, -37, -33, -29, -25, -21, -17, -13, -9, -5, -1]
  blk1 |S|= 19 par(e/o)=19/0 src=cegar(it=112,team=B)   offs=[-110, -102, -98, -62, -58, -54, -50, -46, -42, -38, -34, -30, -26, -22, -18, -14, -10, -6, -2]
  blk1 |S|= 22 par(e/o)=0/22 src=cegar(it=122,team=B)   offs=[-61, -53, -51, -49, -47, -45, -43, -41, -39, -37, -35, -33, -31, -29, -27, -25, -23, -21, -17, 3, 7, 9]
  blk1 |S|= 23 par(e/o)=0/23 src=cegar(it=123,team=B)   offs=[-57, -53, -51, -49, -47, -45, -43, -41, -39, -37, -35, -33, -31, -29, -27, -25, -23, -21, -17, 1, 3, 5, 7]
  blk1 |S|= 23 par(e/o)=0/23 src=cegar(it=137,team=B)   offs=[-63, -59, -51, -49, -47, -45, -43, -41, -39, -37, -35, -33, -31, -29, -27, -25, -23, -19, -15, -13, 1, 3, 11]
  blk1 |S|= 23 par(e/o)=0/23 src=cegar(it=169,team=B)   offs=[-57, -51, -49, -47, -45, -43, -41, -39, -37, -35, -33, -31, -29, -27, -25, -23, -21, -15, -13, 1, 3, 11, 15]
  blk1 |S|= 24 par(e/o)=0/24 src=cegar(it=139,team=B)   offs=[-61, -51, -49, -47, -45, -43, -41, -39, -37, -35, -33, -31, -29, -27, -25, -23, -21, -17, -15, -13, 1, 3, 7, 9]
  blk1 |S|= 24 par(e/o)=0/24 src=cegar(it=141,team=B)   offs=[-63, -59, -53, -51, -49, -47, -45, -43, -41, -39, -37, -35, -33, -31, -29, -27, -25, -23, -19, -17, 1, 7, 13, 15]
  blk1 |S|= 28 par(e/o)=0/28 src=cegar(it=65,team=A)    offs=[-103, -101, -99, -97, -61, -51, -49, -45, -43, -41, -37, -35, -33, -31, -29, -27, -25, -23, -21, -19, -17, -15, -13, -11, -9, -7, -5, -1]
  blk1 |S|= 28 par(e/o)=0/28 src=cegar(it=95,team=A)    offs=[-103, -99, -97, -61, -55, -53, -49, -47, -45, -43, -41, -39, -37, -35, -33, -31, -29, -27, -25, -23, -21, -19, -17, -13, -9, -5, -3, -1]
  blk1 |S|= 28 par(e/o)=0/28 src=cegar(it=108,team=A)   offs=[-101, -99, -97, -57, -53, -51, -49, -41, -39, -37, -35, -33, -31, -29, -27, -25, -23, -21, -19, -17, -15, -13, -11, -9, -7, -5, -3, -1]
  blk1 |S|= 29 par(e/o)=0/29 src=cegar(it=112,team=A)   offs=[-103, -101, -99, -97, -61, -59, -53, -49, -47, -45, -41, -39, -37, -35, -33, -31, -29, -27, -25, -23, -21, -19, -17, -15, -13, -9, -7, -5, -1]
  blk1 |S|= 30 par(e/o)=0/30 src=cegar(it=76,team=A)    offs=[-107, -103, -99, -97, -63, -53, -51, -49, -45, -43, -41, -39, -37, -35, -33, -29, -27, -25, -23, -21, -19, -17, -15, -13, -11, -9, -7, -5, -3, -1]
  blk1 |S|= 30 par(e/o)=0/30 src=cegar(it=154,team=B)   offs=[-99, -97, -63, -61, -59, -57, -55, -53, -51, -47, -43, -39, -37, -35, -33, -31, -29, -27, -25, -23, -21, -19, -17, -15, -13, -11, -9, -7, -5, -3]
  blk1 |S|= 30 par(e/o)=30/0 src=cegar(it=167,team=B)   offs=[-98, -96, -62, -60, -58, -56, -54, -52, -50, -46, -42, -38, -36, -34, -32, -30, -28, -26, -24, -22, -20, -18, -16, -14, -12, -10, -8, -6, -4, -2]
  blk1 |S|= 31 par(e/o)=0/31 src=cegar(it=63,team=A)    offs=[-103, -101, -99, -97, -61, -59, -55, -51, -47, -45, -43, -41, -39, -37, -35, -33, -31, -29, -27, -25, -23, -21, -19, -17, -15, -13, -11, -9, -7, -5, -1]
  blk1 |S|= 31 par(e/o)=0/31 src=cegar(it=73,team=A)    offs=[-101, -99, -97, -55, -53, -51, -49, -47, -45, -43, -41, -39, -37, -35, -33, -31, -29, -27, -25, -23, -21, -19, -17, -15, -13, -11, -9, -7, -5, -3, -1]
  blk1 |S|= 31 par(e/o)=0/31 src=cegar(it=77,team=A)    offs=[-103, -99, -97, -59, -53, -51, -49, -47, -45, -43, -41, -39, -37, -35, -33, -31, -29, -27, -25, -23, -21, -19, -17, -15, -13, -11, -9, -7, -5, -3, -1]
  blk1 |S|= 31 par(e/o)=0/31 src=cegar(it=81,team=A)    offs=[-111, -105, -103, -99, -97, -63, -59, -57, -51, -47, -43, -41, -39, -37, -35, -33, -31, -29, -27, -25, -23, -21, -19, -17, -15, -13, -11, -9, -7, -3, -1]
  blk1 |S|= 31 par(e/o)=31/0 src=cegar(it=104,team=B)   offs=[-100, -98, -96, -54, -52, -50, -48, -46, -44, -42, -40, -38, -36, -34, -32, -30, -28, -26, -24, -22, -20, -18, -16, -14, -12, -10, -8, -6, -4, -2, 0]
  blk1 |S|= 32 par(e/o)=0/32 src=cegar(it=111,team=A)   offs=[-103, -101, -99, -97, -63, -61, -53, -49, -47, -45, -43, -41, -39, -37, -35, -33, -31, -29, -27, -25, -23, -21, -19, -17, -15, -13, -11, -9, -7, -5, -3, -1]
  blk1 |S|= 33 par(e/o)=0/33 src=cegar(it=87,team=A)    offs=[-109, -103, -101, -99, -97, -59, -57, -55, -51, -47, -45, -43, -41, -39, -37, -35, -33, -31, -29, -27, -25, -23, -21, -19, -17, -15, -13, -11, -9, -7, -5, -3, -1]
  blk1 |S|= 33 par(e/o)=0/33 src=cegar(it=92,team=A)    offs=[-105, -103, -101, -99, -97, -59, -55, -53, -51, -47, -45, -43, -41, -39, -37, -35, -33, -31, -29, -27, -25, -23, -21, -19, -17, -15, -13, -11, -9, -7, -5, -3, -1]
  blk2 |S|=  6 par(e/o)=2/4 src=fg(0,1)                offs=[-1, 0, 1, 2, 3, 5]
  blk2 |S|=  6 par(e/o)=6/0 src=fg(0,2)                offs=[-2, 0, 2, 4, 6, 10]
  blk2 |S|=  6 par(e/o)=0/6 src=fg(1,3)                offs=[-3, -1, 1, 3, 5, 9]
  blk2 |S|=  6 par(e/o)=6/0 src=fg(0,6)                offs=[-6, 0, 6, 12, 18, 30]
  blk2 |S|=  6 par(e/o)=0/6 src=fg(1,7)                offs=[-7, -1, 5, 11, 17, 29]
  blk2 |S|=  6 par(e/o)=6/0 src=fg(2,8)                offs=[-8, -2, 4, 10, 16, 28]
  blk2 |S|=  6 par(e/o)=0/6 src=fg(3,9)                offs=[-9, -3, 3, 9, 15, 27]
  blk2 |S|=  6 par(e/o)=6/0 src=fg(0,10)               offs=[-10, 0, 10, 20, 30, 50]
  blk2 |S|=  6 par(e/o)=6/0 src=fg(4,10)               offs=[-10, -4, 2, 8, 14, 26]
  blk2 |S|=  6 par(e/o)=0/6 src=fg(1,11)               offs=[-11, -1, 9, 19, 29, 49]
  blk2 |S|=  6 par(e/o)=0/6 src=fg(5,11)               offs=[-11, -5, 1, 7, 13, 25]
  blk2 |S|=  6 par(e/o)=6/0 src=fg(2,12)               offs=[-12, -2, 8, 18, 28, 48]
  blk2 |S|=  6 par(e/o)=0/6 src=fg(3,13)               offs=[-13, -3, 7, 17, 27, 47]
  blk2 |S|=  6 par(e/o)=6/0 src=fg(0,14)               offs=[-14, 0, 14, 28, 42, 70]
  blk2 |S|=  6 par(e/o)=6/0 src=fg(4,14)               offs=[-14, -4, 6, 16, 26, 46]
  blk2 |S|=  6 par(e/o)=0/6 src=fg(1,15)               offs=[-15, -1, 13, 27, 41, 69]
  blk2 |S|=  6 par(e/o)=0/6 src=fg(5,15)               offs=[-15, -5, 5, 15, 25, 45]
  blk2 |S|=  6 par(e/o)=0/6 src=fg(9,19)               offs=[-19, -9, 1, 11, 21, 41]
  blk2 |S|=  6 par(e/o)=0/6 src=fg(17,35)              offs=[-35, -17, 1, 19, 37, 73]
  blk2 |S|=  6 par(e/o)=0/6 src=fg(19,39)              offs=[-39, -19, 1, 21, 41, 81]
  blk2 |S|=  6 par(e/o)=0/6 src=fg(25,51)              offs=[-51, -25, 1, 27, 53, 105]
  blk2 |S|=  7 par(e/o)=7/0 src=fg(2,4)                offs=[-4, -2, 2, 4, 6, 10, 16]
  blk2 |S|=  7 par(e/o)=0/7 src=fg(3,5)                offs=[-5, -3, 1, 3, 5, 9, 15]
  blk2 |S|=  7 par(e/o)=7/0 src=fg(6,12)               offs=[-12, -6, 6, 12, 18, 30, 48]
  blk2 |S|=  7 par(e/o)=0/7 src=fg(7,13)               offs=[-13, -7, 5, 11, 17, 29, 47]
  blk2 |S|=  7 par(e/o)=7/0 src=fg(8,14)               offs=[-14, -8, 4, 10, 16, 28, 46]
  blk2 |S|=  7 par(e/o)=0/7 src=fg(9,15)               offs=[-15, -9, 3, 9, 15, 27, 45]
  blk2 |S|=  7 par(e/o)=0/7 src=fg(21,35)              offs=[-35, -21, 7, 21, 35, 63, 105]
  blk2 |S|=  7 par(e/o)=0/7 src=fg(25,39)              offs=[-39, -25, 3, 17, 31, 59, 101]
  blk2 |S|=  8 par(e/o)=8/0 src=fg(6,8)                offs=[-8, -6, 2, 6, 10, 12, 18, 30]
  blk2 |S|=  8 par(e/o)=0/8 src=fg(7,9)                offs=[-9, -7, 1, 5, 9, 11, 17, 29]
  blk2 |S|=  8 par(e/o)=0/8 src=fg(15,45)              offs=[-45, -15, 3, 9, 21, 33, 57, 111]
  blk2 |S|=  8 par(e/o)=0/8 src=fg(33,51)              offs=[-51, -33, 3, 21, 39, 57, 75, 111]
  blk2 |S|=  9 par(e/o)=0/9 src=fg(29,39)              offs=[-39, -29, 1, 11, 21, 41, 61, 81, 111]
  blk2 |S|= 10 par(e/o)=0/10 src=fg(5,7)                offs=[-7, -5, 5, 9, 15, 21, 25, 35, 49, 77]
  blk2 |S|= 10 par(e/o)=10/0 src=fg(8,10)               offs=[-10, -8, 2, 6, 12, 14, 22, 32, 38, 74]
  blk2 |S|= 10 par(e/o)=0/10 src=fg(9,11)               offs=[-11, -9, 1, 5, 11, 13, 21, 31, 37, 73]
  blk2 |S|= 10 par(e/o)=10/0 src=fg(10,12)              offs=[-12, -10, 2, 8, 14, 16, 26, 38, 44, 86]
  blk2 |S|= 10 par(e/o)=0/10 src=fg(11,13)              offs=[-13, -11, 1, 7, 13, 15, 25, 37, 43, 85]
  blk2 |S|= 10 par(e/o)=0/10 src=fg(5,51)               offs=[-51, -5, 1, 7, 11, 19, 27, 43, 53, 105]
  blk2 |S|= 10 par(e/o)=0/10 src=fg(13,55)              offs=[-55, -13, 11, 17, 35, 47, 59, 77, 83, 107]
  blk2 |S|= 10 par(e/o)=10/0 src=fg(14,56)              offs=[-56, -14, 10, 16, 34, 46, 58, 76, 82, 106]
  blk2 |S|= 10 par(e/o)=0/10 src=fg(15,57)              offs=[-57, -15, 9, 15, 33, 45, 57, 75, 81, 105]
  blk2 |S|= 10 par(e/o)=0/10 src=fg(17,57)              offs=[-57, -17, 7, 15, 31, 47, 63, 79, 87, 111]
  blk2 |S|= 10 par(e/o)=10/0 src=fg(16,58)              offs=[-58, -16, 8, 14, 32, 44, 56, 74, 80, 104]
  blk2 |S|= 10 par(e/o)=0/10 src=fg(17,59)              offs=[-59, -17, 7, 13, 31, 43, 55, 73, 79, 103]
  blk2 |S|= 10 par(e/o)=0/10 src=fg(19,59)              offs=[-59, -19, 5, 13, 29, 45, 61, 77, 85, 109]
  blk2 |S|= 10 par(e/o)=10/0 src=fg(18,60)              offs=[-60, -18, 6, 12, 30, 42, 54, 72, 78, 102]
  blk2 |S|= 10 par(e/o)=10/0 src=fg(20,60)              offs=[-60, -20, 4, 12, 28, 44, 60, 76, 84, 108]
  blk2 |S|= 10 par(e/o)=0/10 src=fg(17,61)              offs=[-61, -17, 7, 15, 19, 31, 47, 55, 79, 91]
  blk2 |S|= 10 par(e/o)=0/10 src=fg(19,61)              offs=[-61, -19, 5, 11, 29, 41, 53, 71, 77, 101]
  blk2 |S|= 10 par(e/o)=0/10 src=fg(21,61)              offs=[-61, -21, 3, 11, 27, 43, 59, 75, 83, 107]
  blk2 |S|= 10 par(e/o)=0/10 src=fg(21,63)              offs=[-63, -21, 3, 9, 27, 39, 51, 69, 75, 99]
