M=64: full catalogue 3947
first core: 990 patterns [0.1s]
minimized essential catalogue: 219 patterns (418 solves, 5s)
by block: {2: 191, 1: 24, 0: 4}   by source: {'fg': 184, 'J': 3, 'cegar': 32}
  blk0 |S|= 29 par(e/o)=0/29 src=cegar(it=181,team=A)   offs=[1, 3, 7, 9, 11, 17, 19, 21, 23, 25, 27, 31, 33, 35, 37, 39, 41, 43, 45, 47, 49, 51, 55, 59, 61, 63, 115, 117, 119]
  blk0 |S|= 33 par(e/o)=0/33 src=cegar(it=34,team=A)    offs=[1, 3, 5, 7, 9, 11, 13, 15, 19, 21, 23, 27, 29, 31, 33, 35, 37, 39, 41, 43, 45, 47, 49, 51, 53, 55, 57, 59, 61, 63, 113, 115, 119]
  blk0 |S|= 34 par(e/o)=0/34 src=cegar(it=10,team=B)    offs=[3, 5, 7, 9, 11, 13, 15, 17, 19, 21, 23, 25, 27, 29, 31, 33, 35, 37, 39, 41, 43, 45, 47, 49, 51, 53, 55, 59, 61, 63, 113, 115, 117, 119]
  blk0 |S|= 39 par(e/o)=39/0 src=cegar(it=137,team=B)   offs=[2, 4, 6, 8, 10, 12, 14, 16, 18, 20, 22, 24, 26, 28, 30, 32, 34, 36, 38, 40, 42, 44, 46, 48, 50, 52, 54, 56, 58, 60, 62, 64, 114, 116, 118, 120, 122, 124, 126]
  blk1 |S|= 18 par(e/o)=9/9 src=J([1, 2])              offs=[-15, -14, -13, -12, -11, -10, -9, -8, -7, -6, -5, -4, -3, -2, -1, 0, 1, 2]
  blk1 |S|= 18 par(e/o)=8/10 src=J([1, 3])              offs=[-15, -14, -13, -12, -11, -10, -9, -8, -7, -6, -5, -4, -3, -2, -1, 0, 1, 3]
  blk1 |S|= 18 par(e/o)=10/8 src=J([2, 4])              offs=[-15, -14, -13, -12, -11, -10, -9, -8, -7, -6, -5, -4, -3, -2, -1, 0, 2, 4]
  blk1 |S|= 22 par(e/o)=0/22 src=cegar(it=9,team=A)     offs=[-139, -135, -131, -79, -75, -71, -67, -63, -59, -55, -51, -47, -43, -39, -35, -31, -27, -23, -19, -15, -7, -3]
  blk1 |S|= 22 par(e/o)=22/0 src=cegar(it=9,team=B)     offs=[-138, -134, -130, -78, -74, -70, -66, -62, -58, -54, -50, -46, -42, -38, -34, -30, -26, -22, -18, -14, -6, -2]
  blk1 |S|= 22 par(e/o)=0/22 src=cegar(it=30,team=A)    offs=[-137, -133, -129, -77, -73, -69, -65, -61, -57, -53, -49, -45, -41, -37, -33, -29, -25, -21, -17, -13, -5, -1]
  blk1 |S|= 22 par(e/o)=22/0 src=cegar(it=35,team=B)    offs=[-136, -132, -128, -76, -72, -68, -64, -60, -56, -52, -48, -44, -40, -36, -32, -28, -24, -20, -16, -12, -4, 0]
  blk1 |S|= 29 par(e/o)=0/29 src=cegar(it=51,team=B)    offs=[-79, -75, -69, -67, -63, -59, -57, -55, -51, -49, -47, -45, -43, -41, -39, -37, -35, -33, -31, -29, -27, -23, -19, -15, 1, 7, 9, 13, 29]
  blk1 |S|= 33 par(e/o)=0/33 src=cegar(it=50,team=B)    offs=[-79, -75, -65, -63, -61, -59, -57, -55, -53, -51, -49, -47, -45, -41, -39, -37, -35, -33, -31, -27, -25, -23, -17, -15, -13, 1, 3, 5, 9, 13, 21, 29, 49]
  blk1 |S|= 35 par(e/o)=0/35 src=cegar(it=136,team=B)   offs=[-131, -129, -79, -77, -73, -71, -69, -67, -63, -59, -55, -53, -51, -49, -47, -43, -39, -37, -35, -33, -31, -29, -27, -25, -23, -21, -19, -17, -15, -13, -11, -9, -7, -5, -3]
  blk1 |S|= 35 par(e/o)=35/0 src=cegar(it=70,team=B)    offs=[-130, -128, -78, -76, -72, -70, -68, -66, -62, -58, -54, -52, -50, -48, -46, -42, -38, -36, -34, -32, -30, -28, -26, -24, -22, -20, -18, -16, -14, -12, -10, -8, -6, -4, -2]
  blk1 |S|= 37 par(e/o)=0/37 src=cegar(it=41,team=A)    offs=[-141, -135, -133, -131, -129, -79, -69, -65, -61, -59, -57, -55, -53, -51, -49, -47, -45, -43, -41, -39, -37, -35, -33, -31, -29, -27, -25, -23, -21, -19, -17, -15, -11, -9, -7, -3, -1]
  blk1 |S|= 38 par(e/o)=0/38 src=cegar(it=21,team=A)    offs=[-143, -135, -133, -131, -129, -77, -67, -65, -61, -57, -55, -53, -51, -49, -47, -45, -43, -41, -39, -37, -35, -33, -31, -29, -27, -25, -23, -21, -19, -17, -15, -13, -11, -9, -7, -5, -3, -1]
  blk1 |S|= 39 par(e/o)=0/39 src=cegar(it=37,team=A)    offs=[-143, -139, -135, -131, -129, -79, -73, -67, -63, -61, -59, -57, -55, -53, -51, -49, -47, -45, -43, -41, -39, -37, -35, -33, -31, -29, -27, -25, -23, -21, -19, -17, -13, -11, -9, -7, -5, -3, -1]
  blk1 |S|= 40 par(e/o)=0/40 src=cegar(it=26,team=A)    offs=[-137, -135, -133, -131, -129, -75, -69, -65, -63, -61, -59, -57, -55, -53, -51, -49, -47, -45, -43, -41, -39, -37, -35, -33, -31, -29, -27, -25, -23, -21, -19, -17, -15, -13, -11, -9, -7, -5, -3, -1]
  blk1 |S|= 40 par(e/o)=0/40 src=cegar(it=32,team=A)    offs=[-137, -135, -133, -131, -129, -71, -69, -65, -63, -61, -59, -57, -55, -53, -51, -49, -47, -45, -43, -41, -39, -37, -35, -33, -31, -29, -27, -25, -23, -21, -19, -17, -15, -13, -11, -9, -7, -5, -3, -1]
  blk1 |S|= 41 par(e/o)=41/0 src=cegar(it=15,team=B)    offs=[-140, -136, -134, -132, -130, -128, -70, -68, -66, -62, -60, -58, -56, -54, -52, -50, -48, -46, -44, -42, -40, -38, -36, -34, -32, -30, -28, -26, -24, -22, -20, -18, -16, -14, -12, -10, -8, -6, -4, -2, 0]
  blk1 |S|= 42 par(e/o)=0/42 src=cegar(it=20,team=A)    offs=[-145, -143, -139, -135, -133, -131, -129, -73, -67, -65, -63, -61, -59, -57, -55, -53, -51, -49, -47, -45, -43, -41, -39, -37, -35, -33, -31, -29, -27, -25, -23, -21, -19, -17, -15, -13, -11, -9, -7, -5, -3, -1]
  blk1 |S|= 42 par(e/o)=0/42 src=cegar(it=46,team=B)    offs=[-77, -69, -67, -65, -63, -61, -59, -57, -55, -53, -51, -49, -47, -45, -43, -41, -39, -37, -35, -33, -31, -29, -27, -25, -23, -21, -19, -17, -15, 1, 3, 5, 7, 9, 11, 15, 19, 23, 27, 31, 35, 39]
  blk1 |S|= 42 par(e/o)=0/42 src=cegar(it=49,team=B)    offs=[-73, -69, -67, -65, -63, -61, -59, -57, -55, -53, -51, -49, -47, -45, -43, -41, -39, -37, -35, -33, -31, -29, -27, -25, -23, -21, -19, -17, -15, 1, 3, 5, 7, 9, 11, 15, 19, 23, 27, 31, 35, 39]
  blk1 |S|= 43 par(e/o)=0/43 src=cegar(it=48,team=B)    offs=[-73, -67, -65, -63, -61, -59, -57, -55, -53, -51, -49, -47, -45, -43, -41, -39, -37, -35, -33, -31, -29, -27, -25, -23, -21, -19, -17, -15, -13, 1, 3, 5, 7, 9, 11, 15, 19, 23, 27, 31, 35, 39, 43]
  blk1 |S|= 44 par(e/o)=0/44 src=cegar(it=40,team=A)    offs=[-157, -153, -141, -137, -135, -133, -131, -129, -79, -71, -69, -67, -63, -61, -59, -57, -55, -53, -51, -49, -47, -45, -43, -41, -39, -37, -35, -33, -31, -29, -27, -25, -23, -21, -19, -17, -15, -13, -11, -9, -7, -5, -3, -1]
  blk1 |S|= 45 par(e/o)=0/45 src=cegar(it=42,team=A)    offs=[-157, -153, -149, -145, -137, -135, -133, -131, -129, -79, -77, -71, -67, -63, -61, -59, -57, -55, -53, -51, -49, -47, -45, -43, -41, -39, -37, -35, -33, -31, -29, -27, -25, -23, -21, -19, -17, -15, -13, -11, -9, -7, -5, -3, -1]
  blk1 |S|= 48 par(e/o)=0/48 src=cegar(it=47,team=B)    offs=[-77, -67, -65, -63, -61, -59, -57, -55, -53, -51, -49, -47, -45, -43, -41, -39, -37, -35, -33, -31, -29, -27, -25, -23, -21, -19, -17, -15, -13, 1, 3, 5, 7, 9, 11, 13, 15, 17, 19, 23, 25, 27, 29, 31, 35, 39, 47, 51]
  blk2 |S|=  6 par(e/o)=2/4 src=fg(0,1)                offs=[-1, 0, 1, 2, 3, 5]
  blk2 |S|=  6 par(e/o)=6/0 src=fg(0,2)                offs=[-2, 0, 2, 4, 6, 10]
  blk2 |S|=  6 par(e/o)=0/6 src=fg(1,3)                offs=[-3, -1, 1, 3, 5, 9]
  blk2 |S|=  6 par(e/o)=6/0 src=fg(0,6)                offs=[-6, 0, 6, 12, 18, 30]
  blk2 |S|=  6 par(e/o)=0/6 src=fg(1,7)                offs=[-7, -1, 5, 11, 17, 29]
  blk2 |S|=  6 par(e/o)=6/0 src=fg(2,12)               offs=[-12, -2, 8, 18, 28, 48]
  blk2 |S|=  6 par(e/o)=0/6 src=fg(3,13)               offs=[-13, -3, 7, 17, 27, 47]
  blk2 |S|=  6 par(e/o)=6/0 src=fg(0,14)               offs=[-14, 0, 14, 28, 42, 70]
  blk2 |S|=  6 par(e/o)=6/0 src=fg(4,14)               offs=[-14, -4, 6, 16, 26, 46]
  blk2 |S|=  6 par(e/o)=0/6 src=fg(1,15)               offs=[-15, -1, 13, 27, 41, 69]
  blk2 |S|=  6 par(e/o)=0/6 src=fg(5,15)               offs=[-15, -5, 5, 15, 25, 45]
  blk2 |S|=  6 par(e/o)=6/0 src=fg(2,16)               offs=[-16, -2, 12, 26, 40, 68]
  blk2 |S|=  6 par(e/o)=6/0 src=fg(6,16)               offs=[-16, -6, 4, 14, 24, 44]
  blk2 |S|=  6 par(e/o)=0/6 src=fg(3,17)               offs=[-17, -3, 11, 25, 39, 67]
  blk2 |S|=  6 par(e/o)=0/6 src=fg(7,17)               offs=[-17, -7, 3, 13, 23, 43]
  blk2 |S|=  6 par(e/o)=6/0 src=fg(0,18)               offs=[-18, 0, 18, 36, 54, 90]
  blk2 |S|=  6 par(e/o)=6/0 src=fg(4,18)               offs=[-18, -4, 10, 24, 38, 66]
  blk2 |S|=  6 par(e/o)=0/6 src=fg(1,19)               offs=[-19, -1, 17, 35, 53, 89]
  blk2 |S|=  6 par(e/o)=0/6 src=fg(5,19)               offs=[-19, -5, 9, 23, 37, 65]
  blk2 |S|=  6 par(e/o)=6/0 src=fg(2,20)               offs=[-20, -2, 16, 34, 52, 88]
  blk2 |S|=  6 par(e/o)=6/0 src=fg(6,20)               offs=[-20, -6, 8, 22, 36, 64]
  blk2 |S|=  6 par(e/o)=0/6 src=fg(3,21)               offs=[-21, -3, 15, 33, 51, 87]
  blk2 |S|=  6 par(e/o)=0/6 src=fg(7,21)               offs=[-21, -7, 7, 21, 35, 63]
  blk2 |S|=  6 par(e/o)=6/0 src=fg(0,22)               offs=[-22, 0, 22, 44, 66, 110]
  blk2 |S|=  6 par(e/o)=6/0 src=fg(4,22)               offs=[-22, -4, 14, 32, 50, 86]
  blk2 |S|=  6 par(e/o)=0/6 src=fg(21,45)              offs=[-45, -21, 3, 27, 51, 99]
  blk2 |S|=  6 par(e/o)=0/6 src=fg(23,47)              offs=[-47, -23, 1, 25, 49, 97]
  blk2 |S|=  6 par(e/o)=0/6 src=fg(25,51)              offs=[-51, -25, 1, 27, 53, 105]
  blk2 |S|=  7 par(e/o)=7/0 src=fg(2,4)                offs=[-4, -2, 2, 4, 6, 10, 16]
  blk2 |S|=  7 par(e/o)=0/7 src=fg(3,5)                offs=[-5, -3, 1, 3, 5, 9, 15]
  blk2 |S|=  7 par(e/o)=7/0 src=fg(6,12)               offs=[-12, -6, 6, 12, 18, 30, 48]
  blk2 |S|=  7 par(e/o)=0/7 src=fg(7,13)               offs=[-13, -7, 5, 11, 17, 29, 47]
  blk2 |S|=  7 par(e/o)=0/7 src=fg(9,15)               offs=[-15, -9, 3, 9, 15, 27, 45]
  blk2 |S|=  7 par(e/o)=7/0 src=fg(12,22)              offs=[-22, -12, 8, 18, 28, 48, 78]
  blk2 |S|=  7 par(e/o)=0/7 src=fg(35,53)              offs=[-53, -35, 1, 19, 37, 73, 127]
  blk2 |S|=  7 par(e/o)=0/7 src=fg(37,57)              offs=[-57, -37, 3, 23, 43, 83, 143]
  blk2 |S|=  7 par(e/o)=0/7 src=fg(39,59)              offs=[-59, -39, 1, 21, 41, 81, 141]
  blk2 |S|=  9 par(e/o)=0/9 src=fg(25,67)              offs=[-67, -25, 3, 17, 31, 45, 59, 73, 143]
  blk2 |S|= 10 par(e/o)=0/10 src=fg(5,7)                offs=[-7, -5, 5, 9, 15, 21, 25, 35, 49, 77]
  blk2 |S|= 10 par(e/o)=10/0 src=fg(12,18)              offs=[-18, -12, 6, 12, 24, 30, 42, 60, 72, 138]
  blk2 |S|= 10 par(e/o)=0/10 src=fg(13,19)              offs=[-19, -13, 5, 11, 23, 29, 41, 59, 71, 137]
  blk2 |S|= 10 par(e/o)=10/0 src=fg(14,20)              offs=[-20, -14, 4, 10, 22, 28, 40, 58, 70, 136]
  blk2 |S|= 10 par(e/o)=0/10 src=fg(15,21)              offs=[-21, -15, 3, 9, 21, 27, 39, 57, 69, 135]
  blk2 |S|= 10 par(e/o)=10/0 src=fg(16,22)              offs=[-22, -16, 2, 8, 20, 26, 38, 56, 68, 134]
  blk2 |S|= 10 par(e/o)=0/10 src=fg(9,71)               offs=[-71, -9, 3, 7, 15, 23, 33, 39, 75, 117]
  blk2 |S|= 10 par(e/o)=10/0 src=fg(10,72)              offs=[-72, -10, 2, 6, 14, 22, 32, 38, 74, 116]
  blk2 |S|= 10 par(e/o)=0/10 src=fg(11,73)              offs=[-73, -11, 1, 5, 13, 21, 31, 37, 73, 115]
  blk2 |S|= 10 par(e/o)=0/10 src=fg(17,73)              offs=[-73, -17, 15, 23, 47, 63, 79, 103, 111, 143]
  blk2 |S|= 10 par(e/o)=10/0 src=fg(12,74)              offs=[-74, -12, 4, 6, 12, 20, 24, 36, 60, 114]
  blk2 |S|= 10 par(e/o)=0/10 src=fg(13,75)              offs=[-75, -13, 3, 5, 11, 19, 23, 35, 59, 113]
  blk2 |S|= 10 par(e/o)=0/10 src=fg(19,75)              offs=[-75, -19, 13, 21, 45, 61, 77, 101, 109, 141]
  blk2 |S|= 10 par(e/o)=10/0 src=fg(14,76)              offs=[-76, -14, 2, 4, 10, 18, 22, 34, 58, 112]
  blk2 |S|= 10 par(e/o)=0/10 src=fg(15,77)              offs=[-77, -15, 1, 3, 9, 17, 21, 33, 57, 111]
  blk2 |S|= 10 par(e/o)=0/10 src=fg(21,77)              offs=[-77, -21, 11, 19, 43, 59, 75, 99, 107, 139]
  blk2 |S|= 11 par(e/o)=11/0 src=fg(4,6)                offs=[-6, -4, 2, 4, 10, 14, 20, 24, 34, 46, 72]
  blk2 |S|= 11 par(e/o)=11/0 src=fg(12,14)              offs=[-14, -12, 2, 4, 10, 18, 22, 34, 50, 58, 112]
  blk2 |S|= 11 par(e/o)=0/11 src=fg(13,15)              offs=[-15, -13, 1, 3, 9, 17, 21, 33, 49, 57, 111]
  blk2 |S|= 11 par(e/o)=11/0 src=fg(14,16)              offs=[-16, -14, 2, 4, 12, 20, 24, 38, 54, 64, 124]
  blk2 |S|= 11 par(e/o)=0/11 src=fg(15,17)              offs=[-17, -15, 1, 3, 11, 19, 23, 37, 53, 63, 123]
  blk2 |S|= 11 par(e/o)=11/0 src=fg(16,18)              offs=[-18, -16, 2, 8, 16, 22, 34, 50, 60, 84, 118]
  blk2 |S|= 11 par(e/o)=0/11 src=fg(17,19)              offs=[-19, -17, 1, 7, 15, 21, 33, 49, 59, 83, 117]
  blk2 |S|= 11 par(e/o)=11/0 src=fg(18,20)              offs=[-20, -18, 2, 10, 18, 24, 38, 56, 66, 94, 130]
  blk2 |S|= 11 par(e/o)=0/11 src=fg(19,21)              offs=[-21, -19, 1, 9, 17, 23, 37, 55, 65, 93, 129]
  blk2 |S|= 11 par(e/o)=0/11 src=fg(33,73)              offs=[-73, -33, 15, 23, 31, 47, 63, 79, 95, 127, 135]
  blk2 |S|= 11 par(e/o)=0/11 src=fg(43,73)              offs=[-73, -43, 5, 11, 29, 47, 53, 65, 83, 101, 137]
  blk2 |S|= 11 par(e/o)=0/11 src=fg(57,73)              offs=[-73, -57, 7, 23, 39, 55, 71, 87, 103, 119, 135]
  blk2 |S|= 11 par(e/o)=0/11 src=fg(35,75)              offs=[-75, -35, 13, 21, 29, 45, 61, 77, 93, 125, 133]
  blk2 |S|= 11 par(e/o)=0/11 src=fg(45,75)              offs=[-75, -45, 3, 9, 27, 45, 51, 63, 81, 99, 135]
  blk2 |S|= 11 par(e/o)=0/11 src=fg(1,77)               offs=[-77, -1, 15, 23, 31, 35, 47, 63, 71, 107, 127]
  blk2 |S|= 11 par(e/o)=0/11 src=fg(37,77)              offs=[-77, -37, 11, 19, 27, 43, 59, 75, 91, 123, 131]
  blk2 |S|= 11 par(e/o)=0/11 src=fg(47,77)              offs=[-77, -47, 1, 7, 25, 43, 49, 61, 79, 97, 133]
  blk2 |S|= 11 par(e/o)=0/11 src=fg(61,77)              offs=[-77, -61, 3, 19, 35, 51, 67, 83, 99, 115, 131]
  blk2 |S|= 11 par(e/o)=11/0 src=fg(16,78)              offs=[-78, -16, 2, 8, 16, 20, 32, 48, 56, 80, 110]
  blk2 |S|= 11 par(e/o)=0/11 src=fg(1,79)               offs=[-79, -1, 11, 23, 41, 47, 71, 83, 95, 125, 143]
  blk2 |S|= 12 par(e/o)=0/12 src=fg(1,73)               offs=[-73, -1, 15, 23, 31, 39, 47, 63, 79, 119, 127, 135]
  blk2 |S|= 12 par(e/o)=0/12 src=fg(21,73)              offs=[-73, -21, 3, 7, 11, 15, 27, 43, 51, 75, 87, 95]
  blk2 |S|= 12 par(e/o)=12/0 src=fg(8,74)               offs=[-74, -8, 6, 8, 20, 24, 48, 56, 88, 90, 104, 120]
  blk2 |S|= 12 par(e/o)=0/12 src=fg(9,75)               offs=[-75, -9, 5, 7, 19, 23, 47, 55, 87, 89, 103, 119]
  blk2 |S|= 12 par(e/o)=0/12 src=fg(23,75)              offs=[-75, -23, 1, 5, 9, 13, 25, 41, 49, 73, 85, 93]
  blk2 |S|= 12 par(e/o)=0/12 src=fg(33,75)              offs=[-75, -33, 3, 15, 27, 39, 45, 63, 75, 105, 111, 123]
  blk2 |S|= 12 par(e/o)=12/0 src=fg(10,76)              offs=[-76, -10, 4, 6, 18, 22, 46, 54, 86, 88, 102, 118]
  blk2 |S|= 12 par(e/o)=0/12 src=fg(11,77)              offs=[-77, -11, 3, 5, 17, 21, 45, 53, 85, 87, 101, 117]
  blk2 |S|= 12 par(e/o)=0/12 src=fg(35,77)              offs=[-77, -35, 1, 13, 25, 37, 43, 61, 73, 103, 109, 121]
  blk2 |S|= 12 par(e/o)=12/0 src=fg(12,78)              offs=[-78, -12, 2, 4, 16, 20, 44, 52, 84, 86, 100, 116]
  blk2 |S|= 12 par(e/o)=0/12 src=fg(7,79)               offs=[-79, -7, 9, 17, 25, 33, 41, 57, 73, 113, 121, 129]
  blk2 |S|= 12 par(e/o)=0/12 src=fg(13,79)              offs=[-79, -13, 1, 3, 15, 19, 43, 51, 83, 85, 99, 115]
  blk2 |S|= 12 par(e/o)=0/12 src=fg(27,79)              offs=[-79, -27, 1, 5, 9, 21, 37, 45, 69, 81, 89, 117]
  blk2 |S|= 13 par(e/o)=13/0 src=fg(20,22)              offs=[-22, -20, 2, 14, 20, 26, 32, 50, 60, 72, 86, 100, 140]
  blk2 |S|= 13 par(e/o)=0/13 src=fg(29,67)              offs=[-67, -29, 1, 3, 11, 19, 31, 35, 51, 67, 69, 91, 137]
  blk2 |S|= 13 par(e/o)=0/13 src=fg(41,67)              offs=[-67, -41, 1, 5, 15, 35, 43, 51, 69, 71, 97, 127, 137]
  blk2 |S|= 13 par(e/o)=0/13 src=fg(13,71)              offs=[-71, -13, 3, 5, 11, 19, 23, 35, 41, 51, 59, 77, 115]
  blk2 |S|= 13 par(e/o)=13/0 src=fg(2,72)               offs=[-72, -2, 8, 14, 16, 22, 30, 34, 46, 52, 70, 88, 132]
  blk2 |S|= 13 par(e/o)=13/0 src=fg(14,72)              offs=[-72, -14, 2, 4, 10, 18, 22, 34, 40, 50, 58, 76, 114]
  blk2 |S|= 13 par(e/o)=0/13 src=fg(3,73)               offs=[-73, -3, 7, 13, 15, 21, 29, 33, 45, 51, 69, 87, 131]
  blk2 |S|= 13 par(e/o)=0/13 src=fg(15,73)              offs=[-73, -15, 1, 3, 9, 17, 21, 33, 39, 49, 57, 75, 113]
  blk2 |S|= 13 par(e/o)=13/0 src=fg(4,74)               offs=[-74, -4, 6, 12, 14, 20, 28, 32, 44, 50, 68, 86, 130]
  blk2 |S|= 13 par(e/o)=0/13 src=fg(5,75)               offs=[-75, -5, 5, 11, 13, 19, 27, 31, 43, 49, 67, 85, 129]
  blk2 |S|= 13 par(e/o)=0/13 src=fg(15,75)              offs=[-75, -15, 1, 5, 9, 17, 21, 25, 33, 57, 65, 93, 109]
  blk2 |S|= 13 par(e/o)=13/0 src=fg(6,76)               offs=[-76, -6, 4, 10, 12, 18, 26, 30, 42, 48, 66, 84, 128]
  blk2 |S|= 13 par(e/o)=0/13 src=fg(7,77)               offs=[-77, -7, 3, 9, 11, 17, 25, 29, 41, 47, 65, 83, 127]
  blk2 |S|= 13 par(e/o)=0/13 src=fg(19,77)              offs=[-77, -19, 17, 21, 27, 33, 35, 53, 73, 89, 119, 125, 143]
  blk2 |S|= 13 par(e/o)=13/0 src=fg(4,78)               offs=[-78, -4, 4, 12, 20, 26, 28, 32, 44, 56, 68, 86, 108]
  blk2 |S|= 13 par(e/o)=13/0 src=fg(8,78)               offs=[-78, -8, 2, 8, 10, 16, 24, 28, 40, 46, 64, 82, 126]
  blk2 |S|= 13 par(e/o)=13/0 src=fg(20,78)              offs=[-78, -20, 16, 20, 26, 32, 34, 52, 72, 88, 118, 124, 142]
  blk2 |S|= 13 par(e/o)=0/13 src=fg(5,79)               offs=[-79, -5, 3, 11, 19, 25, 27, 31, 43, 55, 67, 85, 107]
  blk2 |S|= 13 par(e/o)=0/13 src=fg(9,79)               offs=[-79, -9, 1, 7, 9, 15, 23, 27, 39, 45, 63, 81, 125]
  blk2 |S|= 13 par(e/o)=0/13 src=fg(11,79)              offs=[-79, -11, 5, 13, 21, 33, 37, 53, 61, 69, 77, 117, 121]
  blk2 |S|= 13 par(e/o)=0/13 src=fg(21,79)              offs=[-79, -21, 15, 19, 25, 31, 33, 51, 71, 87, 117, 123, 141]
  blk2 |S|= 14 par(e/o)=0/14 src=fg(3,69)               offs=[-69, -3, 5, 11, 13, 23, 25, 29, 49, 53, 75, 95, 101, 127]
  blk2 |S|= 14 par(e/o)=0/14 src=fg(31,69)              offs=[-69, -31, 9, 17, 19, 25, 29, 41, 49, 65, 69, 89, 113, 119]
  blk2 |S|= 14 par(e/o)=0/14 src=fg(5,71)               offs=[-71, -5, 3, 9, 11, 21, 23, 27, 47, 51, 73, 93, 99, 125]
  blk2 |S|= 14 par(e/o)=14/0 src=fg(6,72)               offs=[-72, -6, 2, 8, 10, 20, 22, 26, 46, 50, 72, 92, 98, 124]
  blk2 |S|= 14 par(e/o)=0/14 src=fg(7,73)               offs=[-73, -7, 1, 7, 9, 19, 21, 25, 45, 49, 71, 91, 97, 123]
  blk2 |S|= 14 par(e/o)=0/14 src=fg(35,73)              offs=[-73, -35, 5, 13, 15, 21, 25, 37, 45, 61, 65, 85, 109, 115]
  blk2 |S|= 14 par(e/o)=0/14 src=fg(37,73)              offs=[-73, -37, 3, 7, 11, 19, 27, 35, 43, 51, 59, 91, 95, 107]
  blk2 |S|= 14 par(e/o)=0/14 src=fg(49,73)              offs=[-73, -49, 7, 15, 31, 47, 63, 79, 95, 103, 111, 119, 127, 143]
  blk2 |S|= 14 par(e/o)=14/0 src=fg(0,74)               offs=[-74, 0, 4, 6, 8, 12, 16, 24, 32, 46, 48, 90, 92, 138]
  blk2 |S|= 14 par(e/o)=14/0 src=fg(16,74)              offs=[-74, -16, 16, 20, 24, 30, 32, 48, 56, 76, 80, 104, 122, 128]
  blk2 |S|= 14 par(e/o)=0/14 src=fg(17,75)              offs=[-75, -17, 5, 7, 15, 27, 31, 47, 55, 63, 71, 79, 111, 137]
  blk2 |S|= 14 par(e/o)=0/14 src=fg(25,75)              offs=[-75, -25, 11, 23, 29, 31, 39, 47, 71, 83, 103, 119, 135, 137]
  blk2 |S|= 14 par(e/o)=0/14 src=fg(37,75)              offs=[-75, -37, 3, 11, 13, 19, 23, 35, 43, 59, 63, 83, 107, 113]
  blk2 |S|= 14 par(e/o)=0/14 src=fg(39,75)              offs=[-75, -39, 1, 5, 9, 17, 25, 33, 41, 49, 57, 89, 93, 105]
  blk2 |S|= 14 par(e/o)=0/14 src=fg(51,75)              offs=[-75, -51, 5, 13, 29, 45, 61, 77, 93, 101, 109, 117, 125, 141]
  blk2 |S|= 14 par(e/o)=14/0 src=fg(2,76)               offs=[-76, -2, 2, 4, 6, 10, 14, 22, 30, 44, 46, 88, 90, 136]
  blk2 |S|= 14 par(e/o)=14/0 src=fg(18,76)              offs=[-76, -18, 4, 6, 14, 26, 30, 46, 54, 62, 70, 78, 110, 136]
  blk2 |S|= 14 par(e/o)=14/0 src=fg(26,76)              offs=[-76, -26, 10, 22, 28, 30, 38, 46, 70, 82, 102, 118, 134, 136]
  blk2 |S|= 14 par(e/o)=0/14 src=fg(3,77)               offs=[-77, -3, 1, 3, 5, 9, 13, 21, 29, 43, 45, 87, 89, 135]
  blk2 |S|= 14 par(e/o)=0/14 src=fg(27,77)              offs=[-77, -27, 9, 21, 27, 29, 37, 45, 69, 81, 101, 117, 133, 135]
  blk2 |S|= 14 par(e/o)=0/14 src=fg(39,77)              offs=[-77, -39, 1, 9, 11, 17, 21, 33, 41, 57, 61, 81, 105, 111]
  blk2 |S|= 14 par(e/o)=0/14 src=fg(53,77)              offs=[-77, -53, 3, 11, 27, 43, 59, 75, 91, 99, 107, 115, 123, 139]
  blk2 |S|= 14 par(e/o)=14/0 src=fg(0,78)               offs=[-78, 0, 6, 12, 16, 24, 26, 32, 36, 42, 48, 84, 126, 142]
  blk2 |S|= 14 par(e/o)=14/0 src=fg(28,78)              offs=[-78, -28, 8, 20, 26, 28, 36, 44, 68, 80, 100, 116, 132, 134]
  blk2 |S|= 14 par(e/o)=0/14 src=fg(29,79)              offs=[-79, -29, 7, 19, 25, 27, 35, 43, 67, 79, 99, 115, 131, 133]
  blk2 |S|= 14 par(e/o)=0/14 src=fg(43,79)              offs=[-79, -43, 1, 5, 17, 29, 45, 53, 69, 77, 85, 89, 101, 125]
  blk2 |S|= 14 par(e/o)=0/14 src=fg(55,79)              offs=[-79, -55, 1, 9, 25, 41, 57, 73, 89, 97, 105, 113, 121, 137]
  blk2 |S|= 15 par(e/o)=0/15 src=fg(9,67)               offs=[-67, -9, 1, 3, 5, 11, 19, 29, 31, 61, 67, 73, 105, 129, 143]
  blk2 |S|= 15 par(e/o)=0/15 src=fg(25,71)              offs=[-71, -25, 3, 7, 15, 17, 23, 31, 39, 59, 71, 87, 101, 103, 119]
  blk2 |S|= 15 par(e/o)=15/0 src=fg(22,72)              offs=[-72, -22, 2, 6, 14, 20, 26, 32, 34, 48, 50, 62, 86, 124, 140]
  blk2 |S|= 15 par(e/o)=0/15 src=fg(23,73)              offs=[-73, -23, 1, 5, 13, 19, 25, 31, 33, 47, 49, 61, 85, 123, 139]
  blk2 |S|= 15 par(e/o)=0/15 src=fg(27,73)              offs=[-73, -27, 1, 5, 13, 15, 21, 29, 37, 57, 69, 85, 99, 101, 117]
  blk2 |S|= 15 par(e/o)=0/15 src=fg(39,73)              offs=[-73, -39, 3, 5, 7, 15, 25, 37, 45, 69, 83, 87, 113, 123, 129]
  blk2 |S|= 15 par(e/o)=15/0 src=fg(20,74)              offs=[-74, -20, 4, 12, 28, 30, 40, 44, 52, 60, 76, 80, 100, 108, 130]
  blk2 |S|= 15 par(e/o)=0/15 src=fg(29,75)              offs=[-75, -29, 3, 11, 13, 19, 27, 35, 55, 67, 83, 97, 99, 115, 139]
  blk2 |S|= 15 par(e/o)=0/15 src=fg(41,75)              offs=[-75, -41, 1, 3, 5, 13, 23, 35, 43, 67, 81, 85, 111, 121, 127]
  blk2 |S|= 15 par(e/o)=15/0 src=fg(22,76)              offs=[-76, -22, 2, 10, 26, 28, 38, 42, 50, 58, 74, 78, 98, 106, 128]
  blk2 |S|= 15 par(e/o)=0/15 src=fg(23,77)              offs=[-77, -23, 1, 9, 25, 27, 37, 41, 49, 57, 73, 77, 97, 105, 127]
  blk2 |S|= 15 par(e/o)=0/15 src=fg(31,77)              offs=[-77, -31, 1, 9, 11, 17, 25, 33, 53, 65, 81, 95, 97, 113, 137]
  blk2 |S|= 15 par(e/o)=15/0 src=fg(24,78)              offs=[-78, -24, 8, 16, 24, 26, 36, 40, 48, 56, 72, 76, 96, 104, 126]
  blk2 |S|= 15 par(e/o)=0/15 src=fg(25,79)              offs=[-79, -25, 7, 15, 23, 25, 35, 39, 47, 55, 71, 75, 95, 103, 125]
  blk2 |S|= 16 par(e/o)=16/0 src=fg(18,72)              offs=[-72, -18, 2, 6, 14, 22, 30, 32, 42, 46, 54, 62, 78, 82, 110, 132]
  blk2 |S|= 16 par(e/o)=0/16 src=fg(19,73)              offs=[-73, -19, 1, 5, 13, 21, 29, 31, 41, 45, 53, 61, 77, 81, 109, 131]
  blk2 |S|= 16 par(e/o)=0/16 src=fg(47,73)              offs=[-73, -47, 1, 3, 9, 13, 15, 25, 49, 53, 73, 91, 93, 97, 103, 133]
  blk2 |S|= 16 par(e/o)=0/16 src=fg(53,73)              offs=[-73, -53, 3, 7, 19, 27, 35, 43, 59, 67, 75, 83, 91, 99, 107, 127]
  blk2 |S|= 16 par(e/o)=0/16 src=fg(17,77)              offs=[-77, -17, 3, 7, 19, 23, 31, 35, 55, 63, 87, 91, 103, 123, 139, 143]
  blk2 |S|= 16 par(e/o)=0/16 src=fg(55,77)              offs=[-77, -55, 5, 9, 29, 35, 41, 65, 73, 77, 89, 95, 101, 113, 125, 137]
  blk2 |S|= 17 par(e/o)=0/17 src=fg(29,71)              offs=[-71, -29, 3, 5, 7, 17, 19, 35, 39, 43, 63, 67, 73, 107, 109, 115, 141]
  blk2 |S|= 17 par(e/o)=0/17 src=fg(41,71)              offs=[-71, -41, 1, 7, 9, 19, 31, 43, 55, 59, 71, 85, 99, 103, 109, 127, 139]
  blk2 |S|= 17 par(e/o)=0/17 src=fg(31,73)              offs=[-73, -31, 1, 3, 5, 15, 17, 33, 37, 41, 61, 65, 71, 105, 107, 113, 139]
  blk2 |S|= 17 par(e/o)=0/17 src=fg(33,77)              offs=[-77, -33, 3, 7, 15, 27, 31, 39, 47, 63, 67, 75, 79, 87, 107, 111, 139]
  blk2 |S|= 17 par(e/o)=0/17 src=fg(49,77)              offs=[-77, -49, 3, 15, 23, 31, 39, 47, 55, 63, 71, 79, 87, 95, 107, 119, 127]
  blk2 |S|= 17 par(e/o)=0/17 src=fg(51,77)              offs=[-77, -51, 5, 13, 19, 29, 33, 45, 61, 77, 89, 93, 103, 109, 117, 125, 141]
  blk2 |S|= 17 par(e/o)=17/0 src=fg(32,78)              offs=[-78, -32, 8, 10, 22, 24, 26, 28, 48, 52, 76, 80, 88, 94, 126, 130, 136]
  blk2 |S|= 17 par(e/o)=17/0 src=fg(36,78)              offs=[-78, -36, 4, 14, 16, 18, 24, 42, 44, 64, 68, 84, 86, 110, 114, 120, 124]
  blk2 |S|= 18 par(e/o)=0/18 src=fg(51,73)              offs=[-73, -51, 9, 13, 21, 29, 37, 39, 45, 69, 77, 93, 99, 109, 117, 125, 129, 141]
  blk2 |S|= 18 par(e/o)=0/18 src=fg(63,73)              offs=[-73, -63, 1, 5, 9, 17, 25, 33, 39, 49, 65, 73, 81, 97, 107, 113, 129, 141]
  blk2 |S|= 18 par(e/o)=0/18 src=fg(53,75)              offs=[-75, -53, 7, 11, 19, 27, 35, 37, 43, 67, 75, 91, 97, 107, 115, 123, 127, 139]
  blk2 |S|= 18 par(e/o)=0/18 src=fg(59,77)              offs=[-77, -59, 1, 7, 13, 19, 31, 37, 43, 55, 61, 67, 73, 79, 91, 97, 103, 109]
  blk2 |S|= 18 par(e/o)=0/18 src=fg(41,79)              offs=[-79, -41, 5, 7, 9, 15, 19, 43, 49, 51, 71, 79, 93, 97, 109, 127, 139, 143]
  blk2 |S|= 19 par(e/o)=0/19 src=fg(45,71)              offs=[-71, -45, 1, 3, 5, 11, 17, 27, 39, 47, 51, 55, 63, 67, 75, 93, 99, 105, 123]
  blk2 |S|= 19 par(e/o)=0/19 src=fg(47,75)              offs=[-75, -47, 1, 5, 13, 17, 21, 25, 29, 49, 57, 73, 89, 97, 109, 117, 121, 125, 133]
  blk2 |S|= 21 par(e/o)=0/21 src=fg(61,73)              offs=[-73, -61, 3, 7, 27, 31, 35, 39, 43, 51, 59, 67, 75, 79, 99, 115, 119, 123, 131, 139, 143]
  blk2 |S|= 22 par(e/o)=0/22 src=fg(49,75)              offs=[-75, -49, 1, 3, 7, 13, 15, 29, 35, 47, 51, 55, 63, 79, 81, 89, 101, 107, 111, 119, 133, 143]
  blk2 |S|= 22 par(e/o)=0/22 src=fg(57,75)              offs=[-75, -57, 1, 3, 7, 11, 21, 27, 33, 37, 39, 59, 63, 71, 81, 97, 103, 117, 123, 129, 131, 135]
  blk2 |S|= 22 par(e/o)=0/22 src=fg(57,77)              offs=[-77, -57, 3, 7, 15, 19, 23, 27, 31, 43, 55, 63, 67, 71, 79, 87, 91, 95, 103, 111, 115, 119]
  blk2 |S|= 23 par(e/o)=0/23 src=fg(59,73)              offs=[-73, -59, 3, 5, 15, 23, 25, 27, 29, 31, 35, 39, 47, 59, 65, 71, 83, 95, 101, 105, 107, 131, 137]
  blk2 |S|= 24 par(e/o)=0/24 src=fg(65,67)              offs=[-67, -65, 1, 3, 5, 7, 15, 23, 31, 37, 39, 53, 67, 71, 73, 75, 81, 95, 97, 111, 123, 127, 139, 143]
  blk2 |S|= 24 par(e/o)=0/24 src=fg(55,73)              offs=[-73, -55, 1, 5, 9, 13, 15, 23, 29, 35, 41, 57, 65, 73, 83, 85, 91, 99, 101, 113, 125, 131, 137, 141]
  blk2 |S|= 24 par(e/o)=0/24 src=fg(43,77)              offs=[-77, -43, 5, 7, 11, 13, 15, 17, 21, 27, 29, 41, 53, 57, 69, 73, 77, 89, 99, 103, 107, 119, 125, 131]
  blk2 |S|= 24 par(e/o)=0/24 src=fg(45,79)              offs=[-79, -45, 3, 5, 9, 11, 13, 15, 19, 25, 27, 39, 51, 55, 67, 71, 75, 87, 97, 101, 105, 117, 123, 129]
  blk2 |S|= 24 par(e/o)=0/24 src=cegar(it=13,team=B)    offs=[-73, -71, -65, 1, 3, 7, 15, 23, 31, 39, 55, 61, 67, 71, 79, 85, 87, 91, 103, 119, 121, 127, 135, 139]
  blk2 |S|= 26 par(e/o)=0/26 src=fg(45,67)              offs=[-67, -45, 1, 3, 7, 11, 13, 23, 25, 31, 33, 39, 47, 49, 59, 67, 73, 81, 93, 95, 111, 113, 123, 129, 139, 143]
  blk2 |S|= 26 par(e/o)=0/26 src=fg(61,75)              offs=[-75, -61, 1, 5, 7, 13, 19, 23, 25, 31, 35, 41, 47, 63, 71, 75, 89, 95, 101, 107, 113, 119, 125, 131, 137, 143]
  blk2 |S|= 28 par(e/o)=0/28 src=fg(65,79)              offs=[-79, -65, 3, 5, 17, 23, 25, 27, 29, 33, 37, 39, 45, 55, 65, 71, 75, 85, 87, 105, 113, 115, 119, 125, 131, 133, 137, 143]
  blk2 |S|= 30 par(e/o)=0/30 src=fg(67,69)              offs=[-69, -67, 1, 3, 5, 9, 19, 23, 25, 27, 33, 35, 37, 39, 55, 69, 71, 73, 77, 87, 99, 103, 105, 107, 115, 117, 123, 129, 135, 143]
  blk2 |S|= 30 par(e/o)=0/30 src=fg(63,77)              offs=[-77, -63, 1, 3, 5, 9, 13, 15, 17, 21, 23, 25, 27, 29, 31, 33, 39, 41, 49, 65, 69, 73, 79, 95, 97, 105, 107, 109, 113, 129]
  blk2 |S|= 54 par(e/o)=0/54 src=cegar(it=29,team=B)    offs=[-79, -77, -75, -71, -67, 1, 3, 5, 9, 11, 13, 15, 17, 19, 21, 23, 25, 27, 29, 31, 33, 35, 41, 43, 51, 55, 69, 73, 75, 77, 79, 81, 85, 87, 95, 101, 103, 105, 107, 109, 111, 113, 115, 119, 121, 123, 125, 127, 129, 131, 133, 135, 137, 141]
  blk2 |S|= 72 par(e/o)=0/72 src=cegar(it=16,team=B)    offs=[-77, -73, -71, -69, 1, 3, 5, 7, 9, 13, 15, 17, 19, 21, 23, 27, 29, 31, 33, 35, 37, 39, 41, 43, 45, 47, 49, 51, 53, 55, 59, 63, 65, 67, 69, 71, 73, 75, 77, 79, 81, 83, 85, 87, 89, 91, 93, 95, 97, 99, 101, 103, 105, 107, 109, 111, 113, 115, 117, 119, 121, 123, 125, 127, 129, 131, 133, 135, 137, 139, 141, 143]
  blk2 |S|= 75 par(e/o)=0/75 src=cegar(it=39,team=B)    offs=[-77, -75, -73, -69, 1, 3, 5, 7, 9, 11, 13, 15, 17, 19, 21, 23, 25, 27, 29, 31, 33, 35, 37, 39, 41, 43, 45, 47, 49, 51, 53, 55, 57, 59, 61, 63, 65, 67, 69, 71, 73, 75, 77, 79, 81, 83, 85, 87, 89, 91, 93, 95, 97, 99, 101, 103, 105, 107, 109, 111, 113, 115, 117, 119, 121, 123, 125, 127, 131, 133, 135, 137, 139, 141, 143]
  blk2 |S|= 76 par(e/o)=0/76 src=cegar(it=8,team=B)     offs=[-79, -77, -73, -69, 1, 3, 5, 7, 9, 11, 13, 15, 17, 19, 21, 23, 25, 27, 29, 31, 33, 35, 37, 39, 41, 43, 45, 47, 49, 51, 53, 55, 57, 59, 61, 63, 65, 67, 69, 71, 73, 75, 77, 79, 81, 83, 85, 87, 89, 91, 93, 95, 97, 99, 101, 103, 105, 107, 109, 111, 113, 115, 117, 119, 121, 123, 125, 127, 129, 131, 133, 135, 137, 139, 141, 143]
  blk2 |S|= 77 par(e/o)=0/77 src=cegar(it=24,team=B)    offs=[-79, -77, -75, -73, -71, 1, 3, 5, 7, 9, 11, 13, 15, 17, 19, 21, 23, 25, 27, 29, 31, 33, 35, 37, 39, 41, 43, 45, 47, 49, 51, 53, 55, 57, 59, 61, 63, 65, 67, 69, 71, 73, 75, 77, 79, 81, 83, 85, 87, 89, 91, 93, 95, 97, 99, 101, 103, 105, 107, 109, 111, 113, 115, 117, 119, 121, 123, 125, 127, 129, 131, 133, 135, 137, 139, 141, 143]
  blk2 |S|= 77 par(e/o)=0/77 src=cegar(it=31,team=B)    offs=[-79, -75, -73, -71, -67, 1, 3, 5, 7, 9, 11, 13, 15, 17, 19, 21, 23, 25, 27, 29, 31, 33, 35, 37, 39, 41, 43, 45, 47, 49, 51, 53, 55, 57, 59, 61, 63, 65, 67, 69, 71, 73, 75, 77, 79, 81, 83, 85, 87, 89, 91, 93, 95, 97, 99, 101, 103, 105, 107, 109, 111, 113, 115, 117, 119, 121, 123, 125, 127, 129, 131, 133, 135, 137, 139, 141, 143]
e148: DONE
