M=64: fan-clean base with 2982 fan patterns
  4576 same-parity P0xP2 pairs
  Phi=0 SAT; witness sizes A=[32, 34, 71] B=[32, 46, 72] U_A mod2={1: 32} Z_A mod2={0: 71}
  K=2: SAT (phi=3248, sizes A=[14, 78, 10] B=[50, 2, 133]) [0.0s]
  K=3: SAT (phi=544, sizes A=[32, 7, 88] B=[32, 73, 55]) [0.0s]
  K=4: SAT (phi=583, sizes A=[33, 7, 87] B=[31, 73, 56]) [0.0s]
  K=5: SAT (phi=256, sizes A=[32, 57, 63] B=[32, 23, 80]) [0.0s]
  K=6: SAT (phi=1160, sizes A=[37, 6, 97] B=[27, 74, 46]) [0.0s]
  K=7: SAT (phi=1168, sizes A=[34, 9, 104] B=[30, 71, 39]) [0.0s]
  K=8: SAT (phi=640, sizes A=[32, 71, 51] B=[32, 9, 92]) [0.0s]
  K=9: SAT (phi=576, sizes A=[32, 14, 89] B=[32, 66, 54]) [0.0s]
  K=10: SAT (phi=1104, sizes A=[34, 10, 102] B=[30, 70, 41]) [0.0s]
  K=11: SAT (phi=448, sizes A=[32, 69, 57] B=[32, 11, 86]) [0.0s]
  K=12: SAT (phi=1032, sizes A=[33, 13, 102] B=[31, 67, 41]) [0.0s]
  K=13: SAT (phi=608, sizes A=[32, 67, 52] B=[32, 13, 91]) [0.0s]
  K=14: SAT (phi=608, sizes A=[32, 66, 52] B=[32, 14, 91]) [0.0s]
  K=15: SAT (phi=448, sizes A=[32, 17, 85] B=[32, 63, 58]) [0.0s]
  K=16: SAT (phi=608, sizes A=[32, 16, 90] B=[32, 64, 53]) [0.0s]
  K=17: SAT (phi=352, sizes A=[32, 17, 82] B=[32, 63, 61]) [0.0s]
  K=18: SAT (phi=288, sizes A=[32, 18, 80] B=[32, 62, 63]) [0.0s]
  K=19: SAT (phi=288, sizes A=[32, 19, 80] B=[32, 61, 63]) [0.0s]
  K=20: SAT (phi=224, sizes A=[32, 55, 64] B=[32, 25, 79]) [0.0s]
  K=21: SAT (phi=352, sizes A=[32, 21, 82] B=[32, 59, 61]) [0.0s]
  K=22: SAT (phi=256, sizes A=[32, 58, 63] B=[32, 22, 80]) [0.0s]
  K=23: SAT (phi=288, sizes A=[32, 23, 80] B=[32, 57, 63]) [0.0s]
  K=24: SAT (phi=256, sizes A=[32, 24, 79] B=[32, 56, 64]) [0.0s]
  K=25: SAT (phi=192, sizes A=[32, 55, 65] B=[32, 25, 78]) [0.1s]
  K=26: SAT (phi=288, sizes A=[32, 26, 80] B=[32, 54, 63]) [0.0s]
  K=27: SAT (phi=320, sizes A=[32, 27, 81] B=[32, 53, 62]) [0.0s]
  K=28: SAT (phi=128, sizes A=[32, 52, 67] B=[32, 28, 76]) [0.0s]
  K=29: SAT (phi=160, sizes A=[32, 51, 66] B=[32, 29, 77]) [0.0s]
  K=30: SAT (phi=96, sizes A=[32, 49, 68] B=[32, 31, 75]) [0.0s]
  K=31: SAT (phi=96, sizes A=[32, 49, 68] B=[32, 31, 75]) [0.0s]
  K=32: SAT (phi=32, sizes A=[32, 47, 70] B=[32, 33, 73]) [0.0s]
  K=33: SAT (phi=64, sizes A=[32, 47, 69] B=[32, 33, 74]) [0.2s]
  K=34: SAT (phi=64, sizes A=[32, 34, 73] B=[32, 46, 70]) [0.1s]
  K=35: UNSAT [0.2s]  — K*(64) = 35
  K=40: UNSAT (tail confirmed)
e149: DONE M=64 K*=35
