M=48 K=26: first core 3755 of 4395 [1.1s]
minimized: 1157 ({'fan': 305, 'straddle': 852}) [373s]
  straddle u=M+1 y=4M-63 z=4M+17
  straddle u=M+2 y=4M-63 z=4M+16
  straddle u=M+3 y=4M-63 z=4M+15
  straddle u=M+4 y=4M-63 z=4M+14
  straddle u=M+5 y=4M-63 z=4M+13
  straddle u=M+6 y=4M-63 z=4M+12
  straddle u=M+7 y=4M-63 z=4M+11
  straddle u=M+8 y=4M-63 z=4M+10
  straddle u=M+9 y=4M-63 z=4M+9
  straddle u=M+10 y=4M-63 z=4M+8
  straddle u=M+11 y=4M-63 z=4M+7
  straddle u=M+12 y=4M-63 z=4M+6
  straddle u=M+13 y=4M-63 z=4M+5
  straddle u=M+14 y=4M-63 z=4M+4
  straddle u=M+15 y=4M-63 z=4M+3
  straddle u=M+16 y=4M-63 z=4M+2
  straddle u=M+17 y=4M-63 z=4M+1
  straddle u=M+1 y=4M-62 z=4M+19
  straddle u=M+2 y=4M-62 z=4M+18
  straddle u=M+3 y=4M-62 z=4M+17
  straddle u=M+4 y=4M-62 z=4M+16
  straddle u=M+5 y=4M-62 z=4M+15
  straddle u=M+6 y=4M-62 z=4M+14
  straddle u=M+7 y=4M-62 z=4M+13
  straddle u=M+8 y=4M-62 z=4M+12
  straddle u=M+9 y=4M-62 z=4M+11
  straddle u=M+10 y=4M-62 z=4M+10
  straddle u=M+11 y=4M-62 z=4M+9
  straddle u=M+12 y=4M-62 z=4M+8
  straddle u=M+13 y=4M-62 z=4M+7
  straddle u=M+14 y=4M-62 z=4M+6
  straddle u=M+15 y=4M-62 z=4M+5
  straddle u=M+16 y=4M-62 z=4M+4
  straddle u=M+17 y=4M-62 z=4M+3
  straddle u=M+18 y=4M-62 z=4M+2
  straddle u=M+19 y=4M-62 z=4M+1
  straddle u=M+1 y=4M-61 z=4M+21
  straddle u=M+2 y=4M-61 z=4M+20
  straddle u=M+3 y=4M-61 z=4M+19
  straddle u=M+4 y=4M-61 z=4M+18
  straddle u=M+5 y=4M-61 z=4M+17
  straddle u=M+6 y=4M-61 z=4M+16
  straddle u=M+7 y=4M-61 z=4M+15
  straddle u=M+8 y=4M-61 z=4M+14
  straddle u=M+9 y=4M-61 z=4M+13
  straddle u=M+11 y=4M-61 z=4M+11
  straddle u=M+12 y=4M-61 z=4M+10
  straddle u=M+13 y=4M-61 z=4M+9
  straddle u=M+14 y=4M-61 z=4M+8
  straddle u=M+15 y=4M-61 z=4M+7
  straddle u=M+16 y=4M-61 z=4M+6
  straddle u=M+17 y=4M-61 z=4M+5
  straddle u=M+18 y=4M-61 z=4M+4
  straddle u=M+19 y=4M-61 z=4M+3
  straddle u=M+20 y=4M-61 z=4M+2
  straddle u=M+21 y=4M-61 z=4M+1
  straddle u=M+1 y=4M-60 z=4M+23
  straddle u=M+2 y=4M-60 z=4M+22
  straddle u=M+3 y=4M-60 z=4M+21
  straddle u=M+4 y=4M-60 z=4M+20
  straddle u=M+5 y=4M-60 z=4M+19
  straddle u=M+6 y=4M-60 z=4M+18
  straddle u=M+7 y=4M-60 z=4M+17
  straddle u=M+9 y=4M-60 z=4M+15
  straddle u=M+10 y=4M-60 z=4M+14
  straddle u=M+11 y=4M-60 z=4M+13
  straddle u=M+13 y=4M-60 z=4M+11
  straddle u=M+14 y=4M-60 z=4M+10
  straddle u=M+15 y=4M-60 z=4M+9
  straddle u=M+16 y=4M-60 z=4M+8
  straddle u=M+17 y=4M-60 z=4M+7
  straddle u=M+18 y=4M-60 z=4M+6
  straddle u=M+19 y=4M-60 z=4M+5
  straddle u=M+20 y=4M-60 z=4M+4
  straddle u=M+21 y=4M-60 z=4M+3
  straddle u=M+22 y=4M-60 z=4M+2
  straddle u=M+23 y=4M-60 z=4M+1
  straddle u=M+1 y=4M-59 z=4M+25
  straddle u=M+2 y=4M-59 z=4M+24
  straddle u=M+3 y=4M-59 z=4M+23
  straddle u=M+4 y=4M-59 z=4M+22
  straddle u=M+5 y=4M-59 z=4M+21
  straddle u=M+8 y=4M-59 z=4M+18
  straddle u=M+9 y=4M-59 z=4M+17
  straddle u=M+11 y=4M-59 z=4M+15
  straddle u=M+13 y=4M-59 z=4M+13
  straddle u=M+15 y=4M-59 z=4M+11
  straddle u=M+17 y=4M-59 z=4M+9
  straddle u=M+18 y=4M-59 z=4M+8
  straddle u=M+19 y=4M-59 z=4M+7
  straddle u=M+21 y=4M-59 z=4M+5
  straddle u=M+22 y=4M-59 z=4M+4
  straddle u=M+23 y=4M-59 z=4M+3
  straddle u=M+24 y=4M-59 z=4M+2
  straddle u=M+25 y=4M-59 z=4M+1
  straddle u=M+1 y=4M-58 z=4M+27
  straddle u=M+2 y=4M-58 z=4M+26
  straddle u=M+3 y=4M-58 z=4M+25
  straddle u=M+4 y=4M-58 z=4M+24
  straddle u=M+5 y=4M-58 z=4M+23
  straddle u=M+6 y=4M-58 z=4M+22
  straddle u=M+7 y=4M-58 z=4M+21
  straddle u=M+10 y=4M-58 z=4M+18
  straddle u=M+12 y=4M-58 z=4M+16
  straddle u=M+13 y=4M-58 z=4M+15
  straddle u=M+15 y=4M-58 z=4M+13
  straddle u=M+17 y=4M-58 z=4M+11
  straddle u=M+18 y=4M-58 z=4M+10
  straddle u=M+20 y=4M-58 z=4M+8
  straddle u=M+21 y=4M-58 z=4M+7
  straddle u=M+22 y=4M-58 z=4M+6
  straddle u=M+23 y=4M-58 z=4M+5
  straddle u=M+24 y=4M-58 z=4M+4
  straddle u=M+25 y=4M-58 z=4M+3
  straddle u=M+26 y=4M-58 z=4M+2
  straddle u=M+27 y=4M-58 z=4M+1
  straddle u=M+1 y=4M-57 z=4M+29
  straddle u=M+3 y=4M-57 z=4M+27
  straddle u=M+4 y=4M-57 z=4M+26
  straddle u=M+5 y=4M-57 z=4M+25
  straddle u=M+6 y=4M-57 z=4M+24
  straddle u=M+7 y=4M-57 z=4M+23
  straddle u=M+8 y=4M-57 z=4M+22
  straddle u=M+9 y=4M-57 z=4M+21
  straddle u=M+11 y=4M-57 z=4M+19
  straddle u=M+12 y=4M-57 z=4M+18
  straddle u=M+15 y=4M-57 z=4M+15
  straddle u=M+17 y=4M-57 z=4M+13
  straddle u=M+21 y=4M-57 z=4M+9
  straddle u=M+22 y=4M-57 z=4M+8
  straddle u=M+23 y=4M-57 z=4M+7
  straddle u=M+24 y=4M-57 z=4M+6
  straddle u=M+26 y=4M-57 z=4M+4
  straddle u=M+27 y=4M-57 z=4M+3
  straddle u=M+28 y=4M-57 z=4M+2
  straddle u=M+29 y=4M-57 z=4M+1
  straddle u=M+1 y=4M-56 z=4M+31
  straddle u=M+2 y=4M-56 z=4M+30
  straddle u=M+3 y=4M-56 z=4M+29
  straddle u=M+5 y=4M-56 z=4M+27
  straddle u=M+6 y=4M-56 z=4M+26
  straddle u=M+7 y=4M-56 z=4M+25
  straddle u=M+8 y=4M-56 z=4M+24
  straddle u=M+9 y=4M-56 z=4M+23
  straddle u=M+10 y=4M-56 z=4M+22
  straddle u=M+11 y=4M-56 z=4M+21
  straddle u=M+12 y=4M-56 z=4M+20
  straddle u=M+17 y=4M-56 z=4M+15
  straddle u=M+18 y=4M-56 z=4M+14
  straddle u=M+19 y=4M-56 z=4M+13
  straddle u=M+22 y=4M-56 z=4M+10
  straddle u=M+25 y=4M-56 z=4M+7
  straddle u=M+26 y=4M-56 z=4M+6
  straddle u=M+27 y=4M-56 z=4M+5
  straddle u=M+28 y=4M-56 z=4M+4
  straddle u=M+29 y=4M-56 z=4M+3
  straddle u=M+30 y=4M-56 z=4M+2
  straddle u=M+31 y=4M-56 z=4M+1
  straddle u=M+1 y=4M-55 z=4M+33
  straddle u=M+2 y=4M-55 z=4M+32
  straddle u=M+3 y=4M-55 z=4M+31
  straddle u=M+4 y=4M-55 z=4M+30
  straddle u=M+5 y=4M-55 z=4M+29
  straddle u=M+6 y=4M-55 z=4M+28
  straddle u=M+7 y=4M-55 z=4M+27
  straddle u=M+8 y=4M-55 z=4M+26
  straddle u=M+11 y=4M-55 z=4M+23
  straddle u=M+12 y=4M-55 z=4M+22
  straddle u=M+13 y=4M-55 z=4M+21
  straddle u=M+18 y=4M-55 z=4M+16
  straddle u=M+19 y=4M-55 z=4M+15
  straddle u=M+20 y=4M-55 z=4M+14
  straddle u=M+21 y=4M-55 z=4M+13
  straddle u=M+22 y=4M-55 z=4M+12
  straddle u=M+23 y=4M-55 z=4M+11
  straddle u=M+24 y=4M-55 z=4M+10
  straddle u=M+25 y=4M-55 z=4M+9
  straddle u=M+26 y=4M-55 z=4M+8
  straddle u=M+27 y=4M-55 z=4M+7
  straddle u=M+28 y=4M-55 z=4M+6
  straddle u=M+29 y=4M-55 z=4M+5
  straddle u=M+30 y=4M-55 z=4M+4
  straddle u=M+31 y=4M-55 z=4M+3
  straddle u=M+32 y=4M-55 z=4M+2
  straddle u=M+33 y=4M-55 z=4M+1
  straddle u=M+1 y=4M-54 z=4M+35
  straddle u=M+2 y=4M-54 z=4M+34
  straddle u=M+3 y=4M-54 z=4M+33
  straddle u=M+4 y=4M-54 z=4M+32
  straddle u=M+5 y=4M-54 z=4M+31
  straddle u=M+6 y=4M-54 z=4M+30
  straddle u=M+7 y=4M-54 z=4M+29
  straddle u=M+8 y=4M-54 z=4M+28
  straddle u=M+9 y=4M-54 z=4M+27
  straddle u=M+10 y=4M-54 z=4M+26
  straddle u=M+11 y=4M-54 z=4M+25
  straddle u=M+13 y=4M-54 z=4M+23
  straddle u=M+14 y=4M-54 z=4M+22
  straddle u=M+15 y=4M-54 z=4M+21
  straddle u=M+17 y=4M-54 z=4M+19
  straddle u=M+19 y=4M-54 z=4M+17
  straddle u=M+21 y=4M-54 z=4M+15
  straddle u=M+22 y=4M-54 z=4M+14
  straddle u=M+23 y=4M-54 z=4M+13
  straddle u=M+24 y=4M-54 z=4M+12
  straddle u=M+26 y=4M-54 z=4M+10
  straddle u=M+29 y=4M-54 z=4M+7
  straddle u=M+30 y=4M-54 z=4M+6
  straddle u=M+31 y=4M-54 z=4M+5
  straddle u=M+32 y=4M-54 z=4M+4
  straddle u=M+33 y=4M-54 z=4M+3
  straddle u=M+34 y=4M-54 z=4M+2
  straddle u=M+35 y=4M-54 z=4M+1
  straddle u=M+1 y=4M-53 z=4M+37
  straddle u=M+3 y=4M-53 z=4M+35
  straddle u=M+4 y=4M-53 z=4M+34
  straddle u=M+5 y=4M-53 z=4M+33
  straddle u=M+6 y=4M-53 z=4M+32
  straddle u=M+7 y=4M-53 z=4M+31
  straddle u=M+8 y=4M-53 z=4M+30
  straddle u=M+9 y=4M-53 z=4M+29
  straddle u=M+10 y=4M-53 z=4M+28
  straddle u=M+12 y=4M-53 z=4M+26
  straddle u=M+13 y=4M-53 z=4M+25
  straddle u=M+15 y=4M-53 z=4M+23
  straddle u=M+16 y=4M-53 z=4M+22
  straddle u=M+17 y=4M-53 z=4M+21
  straddle u=M+23 y=4M-53 z=4M+15
  straddle u=M+24 y=4M-53 z=4M+14
  straddle u=M+25 y=4M-53 z=4M+13
  straddle u=M+26 y=4M-53 z=4M+12
  straddle u=M+27 y=4M-53 z=4M+11
  straddle u=M+29 y=4M-53 z=4M+9
  straddle u=M+30 y=4M-53 z=4M+8
  straddle u=M+31 y=4M-53 z=4M+7
  straddle u=M+32 y=4M-53 z=4M+6
  straddle u=M+33 y=4M-53 z=4M+5
  straddle u=M+34 y=4M-53 z=4M+4
  straddle u=M+35 y=4M-53 z=4M+3
  straddle u=M+36 y=4M-53 z=4M+2
  straddle u=M+1 y=4M-52 z=4M+39
  straddle u=M+2 y=4M-52 z=4M+38
  straddle u=M+5 y=4M-52 z=4M+35
  straddle u=M+6 y=4M-52 z=4M+34
  straddle u=M+7 y=4M-52 z=4M+33
  straddle u=M+9 y=4M-52 z=4M+31
  straddle u=M+10 y=4M-52 z=4M+30
  straddle u=M+11 y=4M-52 z=4M+29
  straddle u=M+12 y=4M-52 z=4M+28
  straddle u=M+13 y=4M-52 z=4M+27
  straddle u=M+14 y=4M-52 z=4M+26
  straddle u=M+17 y=4M-52 z=4M+23
  straddle u=M+18 y=4M-52 z=4M+22
  straddle u=M+19 y=4M-52 z=4M+21
  straddle u=M+22 y=4M-52 z=4M+18
  straddle u=M+25 y=4M-52 z=4M+15
  straddle u=M+26 y=4M-52 z=4M+14
  straddle u=M+27 y=4M-52 z=4M+13
  straddle u=M+30 y=4M-52 z=4M+10
  straddle u=M+31 y=4M-52 z=4M+9
  straddle u=M+32 y=4M-52 z=4M+8
  straddle u=M+33 y=4M-52 z=4M+7
  straddle u=M+34 y=4M-52 z=4M+6
  straddle u=M+35 y=4M-52 z=4M+5
  straddle u=M+36 y=4M-52 z=4M+4
  straddle u=M+37 y=4M-52 z=4M+3
  straddle u=M+38 y=4M-52 z=4M+2
  straddle u=M+39 y=4M-52 z=4M+1
  straddle u=M+3 y=4M-51 z=4M+39
  straddle u=M+4 y=4M-51 z=4M+38
  straddle u=M+5 y=4M-51 z=4M+37
  straddle u=M+6 y=4M-51 z=4M+36
  straddle u=M+10 y=4M-51 z=4M+32
  straddle u=M+11 y=4M-51 z=4M+31
  straddle u=M+14 y=4M-51 z=4M+28
  straddle u=M+17 y=4M-51 z=4M+25
  straddle u=M+19 y=4M-51 z=4M+23
  straddle u=M+20 y=4M-51 z=4M+22
  straddle u=M+21 y=4M-51 z=4M+21
  straddle u=M+22 y=4M-51 z=4M+20
  straddle u=M+24 y=4M-51 z=4M+18
  straddle u=M+26 y=4M-51 z=4M+16
  straddle u=M+27 y=4M-51 z=4M+15
  straddle u=M+28 y=4M-51 z=4M+14
  straddle u=M+29 y=4M-51 z=4M+13
  straddle u=M+30 y=4M-51 z=4M+12
  straddle u=M+31 y=4M-51 z=4M+11
  straddle u=M+32 y=4M-51 z=4M+10
  straddle u=M+33 y=4M-51 z=4M+9
  straddle u=M+34 y=4M-51 z=4M+8
  straddle u=M+35 y=4M-51 z=4M+7
  straddle u=M+36 y=4M-51 z=4M+6
  straddle u=M+37 y=4M-51 z=4M+5
  straddle u=M+38 y=4M-51 z=4M+4
  straddle u=M+39 y=4M-51 z=4M+3
  straddle u=M+40 y=4M-51 z=4M+2
  straddle u=M+41 y=4M-51 z=4M+1
  straddle u=M+1 y=4M-50 z=4M+43
  straddle u=M+2 y=4M-50 z=4M+42
  straddle u=M+5 y=4M-50 z=4M+39
  straddle u=M+6 y=4M-50 z=4M+38
  straddle u=M+7 y=4M-50 z=4M+37
  straddle u=M+8 y=4M-50 z=4M+36
  straddle u=M+13 y=4M-50 z=4M+31
  straddle u=M+16 y=4M-50 z=4M+28
  straddle u=M+18 y=4M-50 z=4M+26
  straddle u=M+21 y=4M-50 z=4M+23
  straddle u=M+22 y=4M-50 z=4M+22
  straddle u=M+23 y=4M-50 z=4M+21
  straddle u=M+29 y=4M-50 z=4M+15
  straddle u=M+30 y=4M-50 z=4M+14
  straddle u=M+32 y=4M-50 z=4M+12
  straddle u=M+33 y=4M-50 z=4M+11
  straddle u=M+34 y=4M-50 z=4M+10
  straddle u=M+35 y=4M-50 z=4M+9
  straddle u=M+36 y=4M-50 z=4M+8
  straddle u=M+37 y=4M-50 z=4M+7
  straddle u=M+38 y=4M-50 z=4M+6
  straddle u=M+39 y=4M-50 z=4M+5
  straddle u=M+40 y=4M-50 z=4M+4
  straddle u=M+41 y=4M-50 z=4M+3
  straddle u=M+42 y=4M-50 z=4M+2
  straddle u=M+43 y=4M-50 z=4M+1
  straddle u=M+1 y=4M-49 z=4M+45
  straddle u=M+3 y=4M-49 z=4M+43
  straddle u=M+4 y=4M-49 z=4M+42
  straddle u=M+5 y=4M-49 z=4M+41
  straddle u=M+6 y=4M-49 z=4M+40
  straddle u=M+7 y=4M-49 z=4M+39
  straddle u=M+8 y=4M-49 z=4M+38
  straddle u=M+12 y=4M-49 z=4M+34
  straddle u=M+13 y=4M-49 z=4M+33
  straddle u=M+15 y=4M-49 z=4M+31
  straddle u=M+18 y=4M-49 z=4M+28
  straddle u=M+20 y=4M-49 z=4M+26
  straddle u=M+22 y=4M-49 z=4M+24
  straddle u=M+23 y=4M-49 z=4M+23
  straddle u=M+24 y=4M-49 z=4M+22
  straddle u=M+25 y=4M-49 z=4M+21
  straddle u=M+26 y=4M-49 z=4M+20
  straddle u=M+27 y=4M-49 z=4M+19
  straddle u=M+28 y=4M-49 z=4M+18
  straddle u=M+30 y=4M-49 z=4M+16
  straddle u=M+31 y=4M-49 z=4M+15
  straddle u=M+32 y=4M-49 z=4M+14
  straddle u=M+34 y=4M-49 z=4M+12
  straddle u=M+35 y=4M-49 z=4M+11
  straddle u=M+36 y=4M-49 z=4M+10
  straddle u=M+37 y=4M-49 z=4M+9
  straddle u=M+38 y=4M-49 z=4M+8
  straddle u=M+39 y=4M-49 z=4M+7
  straddle u=M+41 y=4M-49 z=4M+5
  straddle u=M+42 y=4M-49 z=4M+4
  straddle u=M+43 y=4M-49 z=4M+3
  straddle u=M+45 y=4M-49 z=4M+1
  straddle u=M+1 y=4M-48 z=4M+47
  straddle u=M+2 y=4M-48 z=4M+46
  straddle u=M+3 y=4M-48 z=4M+45
  straddle u=M+7 y=4M-48 z=4M+41
  straddle u=M+9 y=4M-48 z=4M+39
  straddle u=M+10 y=4M-48 z=4M+38
  straddle u=M+11 y=4M-48 z=4M+37
  straddle u=M+12 y=4M-48 z=4M+36
  straddle u=M+13 y=4M-48 z=4M+35
  straddle u=M+14 y=4M-48 z=4M+34
  straddle u=M+15 y=4M-48 z=4M+33
  straddle u=M+17 y=4M-48 z=4M+31
  straddle u=M+18 y=4M-48 z=4M+30
  straddle u=M+19 y=4M-48 z=4M+29
  straddle u=M+21 y=4M-48 z=4M+27
  straddle u=M+22 y=4M-48 z=4M+26
  straddle u=M+23 y=4M-48 z=4M+25
  straddle u=M+25 y=4M-48 z=4M+23
  straddle u=M+26 y=4M-48 z=4M+22
  straddle u=M+27 y=4M-48 z=4M+21
  straddle u=M+28 y=4M-48 z=4M+20
  straddle u=M+29 y=4M-48 z=4M+19
  straddle u=M+30 y=4M-48 z=4M+18
  straddle u=M+31 y=4M-48 z=4M+17
  straddle u=M+32 y=4M-48 z=4M+16
  straddle u=M+33 y=4M-48 z=4M+15
  straddle u=M+34 y=4M-48 z=4M+14
  straddle u=M+36 y=4M-48 z=4M+12
  straddle u=M+37 y=4M-48 z=4M+11
  straddle u=M+38 y=4M-48 z=4M+10
  straddle u=M+39 y=4M-48 z=4M+9
  straddle u=M+40 y=4M-48 z=4M+8
  straddle u=M+42 y=4M-48 z=4M+6
  straddle u=M+44 y=4M-48 z=4M+4
  straddle u=M+45 y=4M-48 z=4M+3
  straddle u=M+46 y=4M-48 z=4M+2
  straddle u=M+47 y=4M-48 z=4M+1
  straddle u=M+2 y=4M-47 z=4M+48
  straddle u=M+3 y=4M-47 z=4M+47
  straddle u=M+4 y=4M-47 z=4M+46
  straddle u=M+5 y=4M-47 z=4M+45
  straddle u=M+8 y=4M-47 z=4M+42
  straddle u=M+9 y=4M-47 z=4M+41
  straddle u=M+12 y=4M-47 z=4M+38
  straddle u=M+14 y=4M-47 z=4M+36
  straddle u=M+15 y=4M-47 z=4M+35
  straddle u=M+19 y=4M-47 z=4M+31
  straddle u=M+26 y=4M-47 z=4M+24
  straddle u=M+27 y=4M-47 z=4M+23
  straddle u=M+31 y=4M-47 z=4M+19
  straddle u=M+32 y=4M-47 z=4M+18
  straddle u=M+33 y=4M-47 z=4M+17
  straddle u=M+34 y=4M-47 z=4M+16
  straddle u=M+36 y=4M-47 z=4M+14
  straddle u=M+38 y=4M-47 z=4M+12
  straddle u=M+39 y=4M-47 z=4M+11
  straddle u=M+41 y=4M-47 z=4M+9
  straddle u=M+43 y=4M-47 z=4M+7
  straddle u=M+44 y=4M-47 z=4M+6
  straddle u=M+45 y=4M-47 z=4M+5
  straddle u=M+46 y=4M-47 z=4M+4
  straddle u=M+47 y=4M-47 z=4M+3
  straddle u=M+48 y=4M-47 z=4M+2
  straddle u=M+4 y=4M-46 z=4M+48
  straddle u=M+6 y=4M-46 z=4M+46
  straddle u=M+8 y=4M-46 z=4M+44
  straddle u=M+16 y=4M-46 z=4M+36
  straddle u=M+18 y=4M-46 z=4M+34
  straddle u=M+20 y=4M-46 z=4M+32
  straddle u=M+22 y=4M-46 z=4M+30
  straddle u=M+25 y=4M-46 z=4M+27
  straddle u=M+26 y=4M-46 z=4M+26
  straddle u=M+29 y=4M-46 z=4M+23
  straddle u=M+30 y=4M-46 z=4M+22
  straddle u=M+34 y=4M-46 z=4M+18
  straddle u=M+35 y=4M-46 z=4M+17
  straddle u=M+36 y=4M-46 z=4M+16
  straddle u=M+37 y=4M-46 z=4M+15
  straddle u=M+39 y=4M-46 z=4M+13
  straddle u=M+40 y=4M-46 z=4M+12
  straddle u=M+42 y=4M-46 z=4M+10
  straddle u=M+44 y=4M-46 z=4M+8
  straddle u=M+45 y=4M-46 z=4M+7
  straddle u=M+46 y=4M-46 z=4M+6
  straddle u=M+47 y=4M-46 z=4M+5
  straddle u=M+48 y=4M-46 z=4M+4
  straddle u=M+1 y=4M-45 z=4M+53
  straddle u=M+3 y=4M-45 z=4M+51
  straddle u=M+5 y=4M-45 z=4M+49
  straddle u=M+8 y=4M-45 z=4M+46
  straddle u=M+9 y=4M-45 z=4M+45
  straddle u=M+10 y=4M-45 z=4M+44
  straddle u=M+11 y=4M-45 z=4M+43
  straddle u=M+12 y=4M-45 z=4M+42
  straddle u=M+14 y=4M-45 z=4M+40
  straddle u=M+15 y=4M-45 z=4M+39
  straddle u=M+17 y=4M-45 z=4M+37
  straddle u=M+24 y=4M-45 z=4M+30
  straddle u=M+28 y=4M-45 z=4M+26
  straddle u=M+30 y=4M-45 z=4M+24
  straddle u=M+31 y=4M-45 z=4M+23
  straddle u=M+33 y=4M-45 z=4M+21
  straddle u=M+35 y=4M-45 z=4M+19
  straddle u=M+36 y=4M-45 z=4M+18
  straddle u=M+37 y=4M-45 z=4M+17
  straddle u=M+38 y=4M-45 z=4M+16
  straddle u=M+40 y=4M-45 z=4M+14
  straddle u=M+41 y=4M-45 z=4M+13
  straddle u=M+43 y=4M-45 z=4M+11
  straddle u=M+44 y=4M-45 z=4M+10
  straddle u=M+45 y=4M-45 z=4M+9
  straddle u=M+46 y=4M-45 z=4M+8
  straddle u=M+47 y=4M-45 z=4M+7
  straddle u=M+48 y=4M-45 z=4M+6
  straddle u=M+2 y=4M-44 z=4M+54
  straddle u=M+4 y=4M-44 z=4M+52
  straddle u=M+5 y=4M-44 z=4M+51
  straddle u=M+9 y=4M-44 z=4M+47
  straddle u=M+10 y=4M-44 z=4M+46
  straddle u=M+11 y=4M-44 z=4M+45
  straddle u=M+12 y=4M-44 z=4M+44
  straddle u=M+16 y=4M-44 z=4M+40
  straddle u=M+19 y=4M-44 z=4M+37
  straddle u=M+20 y=4M-44 z=4M+36
  straddle u=M+22 y=4M-44 z=4M+34
  straddle u=M+23 y=4M-44 z=4M+33
  straddle u=M+24 y=4M-44 z=4M+32
  straddle u=M+25 y=4M-44 z=4M+31
  straddle u=M+30 y=4M-44 z=4M+26
  straddle u=M+32 y=4M-44 z=4M+24
  straddle u=M+33 y=4M-44 z=4M+23
  straddle u=M+34 y=4M-44 z=4M+22
  straddle u=M+35 y=4M-44 z=4M+21
  straddle u=M+37 y=4M-44 z=4M+19
  straddle u=M+38 y=4M-44 z=4M+18
  straddle u=M+41 y=4M-44 z=4M+15
  straddle u=M+42 y=4M-44 z=4M+14
  straddle u=M+43 y=4M-44 z=4M+13
  straddle u=M+44 y=4M-44 z=4M+12
  straddle u=M+45 y=4M-44 z=4M+11
  straddle u=M+46 y=4M-44 z=4M+10
  straddle u=M+47 y=4M-44 z=4M+9
  straddle u=M+48 y=4M-44 z=4M+8
  straddle u=M+1 y=4M-43 z=4M+57
  straddle u=M+2 y=4M-43 z=4M+56
  straddle u=M+3 y=4M-43 z=4M+55
  straddle u=M+8 y=4M-43 z=4M+50
  straddle u=M+9 y=4M-43 z=4M+49
  straddle u=M+10 y=4M-43 z=4M+48
  straddle u=M+14 y=4M-43 z=4M+44
  straddle u=M+15 y=4M-43 z=4M+43
  straddle u=M+19 y=4M-43 z=4M+39
  straddle u=M+24 y=4M-43 z=4M+34
  straddle u=M+27 y=4M-43 z=4M+31
  straddle u=M+31 y=4M-43 z=4M+27
  straddle u=M+32 y=4M-43 z=4M+26
  straddle u=M+33 y=4M-43 z=4M+25
  straddle u=M+34 y=4M-43 z=4M+24
  straddle u=M+35 y=4M-43 z=4M+23
  straddle u=M+37 y=4M-43 z=4M+21
  straddle u=M+40 y=4M-43 z=4M+18
  straddle u=M+41 y=4M-43 z=4M+17
  straddle u=M+42 y=4M-43 z=4M+16
  straddle u=M+44 y=4M-43 z=4M+14
  straddle u=M+45 y=4M-43 z=4M+13
  straddle u=M+46 y=4M-43 z=4M+12
  straddle u=M+47 y=4M-43 z=4M+11
  straddle u=M+48 y=4M-43 z=4M+10
  straddle u=M+2 y=4M-42 z=4M+58
  straddle u=M+6 y=4M-42 z=4M+54
  straddle u=M+7 y=4M-42 z=4M+53
  straddle u=M+11 y=4M-42 z=4M+49
  straddle u=M+12 y=4M-42 z=4M+48
  straddle u=M+13 y=4M-42 z=4M+47
  straddle u=M+18 y=4M-42 z=4M+42
  straddle u=M+22 y=4M-42 z=4M+38
  straddle u=M+26 y=4M-42 z=4M+34
  straddle u=M+30 y=4M-42 z=4M+30
  straddle u=M+31 y=4M-42 z=4M+29
  straddle u=M+32 y=4M-42 z=4M+28
  straddle u=M+34 y=4M-42 z=4M+26
  straddle u=M+36 y=4M-42 z=4M+24
  straddle u=M+39 y=4M-42 z=4M+21
  straddle u=M+43 y=4M-42 z=4M+17
  straddle u=M+44 y=4M-42 z=4M+16
  straddle u=M+45 y=4M-42 z=4M+15
  straddle u=M+46 y=4M-42 z=4M+14
  straddle u=M+47 y=4M-42 z=4M+13
  straddle u=M+48 y=4M-42 z=4M+12
  straddle u=M+1 y=4M-41 z=4M+61
  straddle u=M+2 y=4M-41 z=4M+60
  straddle u=M+4 y=4M-41 z=4M+58
  straddle u=M+9 y=4M-41 z=4M+53
  straddle u=M+15 y=4M-41 z=4M+47
  straddle u=M+17 y=4M-41 z=4M+45
  straddle u=M+24 y=4M-41 z=4M+38
  straddle u=M+25 y=4M-41 z=4M+37
  straddle u=M+27 y=4M-41 z=4M+35
  straddle u=M+32 y=4M-41 z=4M+30
  straddle u=M+33 y=4M-41 z=4M+29
  straddle u=M+34 y=4M-41 z=4M+28
  straddle u=M+36 y=4M-41 z=4M+26
  straddle u=M+38 y=4M-41 z=4M+24
  straddle u=M+42 y=4M-41 z=4M+20
  straddle u=M+44 y=4M-41 z=4M+18
  straddle u=M+45 y=4M-41 z=4M+17
  straddle u=M+46 y=4M-41 z=4M+16
  straddle u=M+47 y=4M-41 z=4M+15
  straddle u=M+2 y=4M-40 z=4M+62
  straddle u=M+3 y=4M-40 z=4M+61
  straddle u=M+6 y=4M-40 z=4M+58
  straddle u=M+14 y=4M-40 z=4M+50
  straddle u=M+17 y=4M-40 z=4M+47
  straddle u=M+23 y=4M-40 z=4M+41
  straddle u=M+26 y=4M-40 z=4M+38
  straddle u=M+27 y=4M-40 z=4M+37
  straddle u=M+28 y=4M-40 z=4M+36
  straddle u=M+30 y=4M-40 z=4M+34
  straddle u=M+34 y=4M-40 z=4M+30
  straddle u=M+35 y=4M-40 z=4M+29
  straddle u=M+36 y=4M-40 z=4M+28
  straddle u=M+39 y=4M-40 z=4M+25
  straddle u=M+40 y=4M-40 z=4M+24
  straddle u=M+41 y=4M-40 z=4M+23
  straddle u=M+43 y=4M-40 z=4M+21
  straddle u=M+44 y=4M-40 z=4M+20
  straddle u=M+45 y=4M-40 z=4M+19
  straddle u=M+46 y=4M-40 z=4M+18
  straddle u=M+47 y=4M-40 z=4M+17
  straddle u=M+48 y=4M-40 z=4M+16
  straddle u=M+1 y=4M-39 z=4M+65
  straddle u=M+4 y=4M-39 z=4M+62
  straddle u=M+5 y=4M-39 z=4M+61
  straddle u=M+8 y=4M-39 z=4M+58
  straddle u=M+9 y=4M-39 z=4M+57
  straddle u=M+13 y=4M-39 z=4M+53
  straddle u=M+16 y=4M-39 z=4M+50
  straddle u=M+18 y=4M-39 z=4M+48
  straddle u=M+19 y=4M-39 z=4M+47
  straddle u=M+21 y=4M-39 z=4M+45
  straddle u=M+27 y=4M-39 z=4M+39
  straddle u=M+29 y=4M-39 z=4M+37
  straddle u=M+36 y=4M-39 z=4M+30
  straddle u=M+38 y=4M-39 z=4M+28
  straddle u=M+40 y=4M-39 z=4M+26
  straddle u=M+42 y=4M-39 z=4M+24
  straddle u=M+44 y=4M-39 z=4M+22
  straddle u=M+45 y=4M-39 z=4M+21
  straddle u=M+46 y=4M-39 z=4M+20
  straddle u=M+47 y=4M-39 z=4M+19
  straddle u=M+48 y=4M-39 z=4M+18
  straddle u=M+3 y=4M-38 z=4M+65
  straddle u=M+4 y=4M-38 z=4M+64
  straddle u=M+5 y=4M-38 z=4M+63
  straddle u=M+10 y=4M-38 z=4M+58
  straddle u=M+12 y=4M-38 z=4M+56
  straddle u=M+18 y=4M-38 z=4M+50
  straddle u=M+20 y=4M-38 z=4M+48
  straddle u=M+30 y=4M-38 z=4M+38
  straddle u=M+37 y=4M-38 z=4M+31
  straddle u=M+38 y=4M-38 z=4M+30
  straddle u=M+40 y=4M-38 z=4M+28
  straddle u=M+43 y=4M-38 z=4M+25
  straddle u=M+44 y=4M-38 z=4M+24
  straddle u=M+45 y=4M-38 z=4M+23
  straddle u=M+46 y=4M-38 z=4M+22
  straddle u=M+47 y=4M-38 z=4M+21
  straddle u=M+48 y=4M-38 z=4M+20
  straddle u=M+1 y=4M-37 z=4M+69
  straddle u=M+3 y=4M-37 z=4M+67
  straddle u=M+6 y=4M-37 z=4M+64
  straddle u=M+7 y=4M-37 z=4M+63
  straddle u=M+12 y=4M-37 z=4M+58
  straddle u=M+16 y=4M-37 z=4M+54
  straddle u=M+19 y=4M-37 z=4M+51
  straddle u=M+20 y=4M-37 z=4M+50
  straddle u=M+21 y=4M-37 z=4M+49
  straddle u=M+23 y=4M-37 z=4M+47
  straddle u=M+29 y=4M-37 z=4M+41
  straddle u=M+30 y=4M-37 z=4M+40
  straddle u=M+31 y=4M-37 z=4M+39
  straddle u=M+38 y=4M-37 z=4M+32
  straddle u=M+40 y=4M-37 z=4M+30
  straddle u=M+41 y=4M-37 z=4M+29
  straddle u=M+42 y=4M-37 z=4M+28
  straddle u=M+44 y=4M-37 z=4M+26
  straddle u=M+45 y=4M-37 z=4M+25
  straddle u=M+46 y=4M-37 z=4M+24
  straddle u=M+47 y=4M-37 z=4M+23
  straddle u=M+1 y=4M-36 z=4M+71
  straddle u=M+2 y=4M-36 z=4M+70
  straddle u=M+4 y=4M-36 z=4M+68
  straddle u=M+6 y=4M-36 z=4M+66
  straddle u=M+12 y=4M-36 z=4M+60
  straddle u=M+16 y=4M-36 z=4M+56
  straddle u=M+20 y=4M-36 z=4M+52
  straddle u=M+22 y=4M-36 z=4M+50
  straddle u=M+25 y=4M-36 z=4M+47
  straddle u=M+27 y=4M-36 z=4M+45
  straddle u=M+28 y=4M-36 z=4M+44
  straddle u=M+31 y=4M-36 z=4M+41
  straddle u=M+32 y=4M-36 z=4M+40
  straddle u=M+39 y=4M-36 z=4M+33
  straddle u=M+43 y=4M-36 z=4M+29
  straddle u=M+44 y=4M-36 z=4M+28
  straddle u=M+45 y=4M-36 z=4M+27
  straddle u=M+46 y=4M-36 z=4M+26
  straddle u=M+47 y=4M-36 z=4M+25
  straddle u=M+2 y=4M-35 z=4M+72
  straddle u=M+5 y=4M-35 z=4M+69
  straddle u=M+7 y=4M-35 z=4M+67
  straddle u=M+9 y=4M-35 z=4M+65
  straddle u=M+11 y=4M-35 z=4M+63
  straddle u=M+13 y=4M-35 z=4M+61
  straddle u=M+17 y=4M-35 z=4M+57
  straddle u=M+23 y=4M-35 z=4M+51
  straddle u=M+24 y=4M-35 z=4M+50
  straddle u=M+25 y=4M-35 z=4M+49
  straddle u=M+33 y=4M-35 z=4M+41
  straddle u=M+34 y=4M-35 z=4M+40
  straddle u=M+40 y=4M-35 z=4M+34
  straddle u=M+42 y=4M-35 z=4M+32
  straddle u=M+44 y=4M-35 z=4M+30
  straddle u=M+45 y=4M-35 z=4M+29
  straddle u=M+46 y=4M-35 z=4M+28
  straddle u=M+47 y=4M-35 z=4M+27
  straddle u=M+1 y=4M-34 z=4M+75
  straddle u=M+2 y=4M-34 z=4M+74
  straddle u=M+4 y=4M-34 z=4M+72
  straddle u=M+5 y=4M-34 z=4M+71
  straddle u=M+8 y=4M-34 z=4M+68
  straddle u=M+20 y=4M-34 z=4M+56
  straddle u=M+24 y=4M-34 z=4M+52
  straddle u=M+26 y=4M-34 z=4M+50
  straddle u=M+35 y=4M-34 z=4M+41
  straddle u=M+36 y=4M-34 z=4M+40
  straddle u=M+41 y=4M-34 z=4M+35
  straddle u=M+43 y=4M-34 z=4M+33
  straddle u=M+44 y=4M-34 z=4M+32
  straddle u=M+45 y=4M-34 z=4M+31
  straddle u=M+46 y=4M-34 z=4M+30
  straddle u=M+47 y=4M-34 z=4M+29
  straddle u=M+1 y=4M-33 z=4M+77
  straddle u=M+3 y=4M-33 z=4M+75
  straddle u=M+5 y=4M-33 z=4M+73
  straddle u=M+7 y=4M-33 z=4M+71
  straddle u=M+17 y=4M-33 z=4M+61
  straddle u=M+28 y=4M-33 z=4M+50
  straddle u=M+29 y=4M-33 z=4M+49
  straddle u=M+37 y=4M-33 z=4M+41
  straddle u=M+38 y=4M-33 z=4M+40
  straddle u=M+42 y=4M-33 z=4M+36
  straddle u=M+44 y=4M-33 z=4M+34
  straddle u=M+45 y=4M-33 z=4M+33
  straddle u=M+46 y=4M-33 z=4M+32
  straddle u=M+47 y=4M-33 z=4M+31
  straddle u=M+48 y=4M-33 z=4M+30
  straddle u=M+1 y=4M-32 z=4M+79
  straddle u=M+2 y=4M-32 z=4M+78
  straddle u=M+8 y=4M-32 z=4M+72
  straddle u=M+16 y=4M-32 z=4M+64
  straddle u=M+39 y=4M-32 z=4M+41
  straddle u=M+40 y=4M-32 z=4M+40
  straddle u=M+43 y=4M-32 z=4M+37
  straddle u=M+44 y=4M-32 z=4M+36
  straddle u=M+45 y=4M-32 z=4M+35
  straddle u=M+46 y=4M-32 z=4M+34
  straddle u=M+47 y=4M-32 z=4M+33
  straddle u=M+1 y=4M-31 z=4M+81
  straddle u=M+5 y=4M-31 z=4M+77
  straddle u=M+10 y=4M-31 z=4M+72
  straddle u=M+23 y=4M-31 z=4M+59
  straddle u=M+41 y=4M-31 z=4M+41
  straddle u=M+42 y=4M-31 z=4M+40
  straddle u=M+44 y=4M-31 z=4M+38
  straddle u=M+46 y=4M-31 z=4M+36
  straddle u=M+47 y=4M-31 z=4M+35
  straddle u=M+2 y=4M-30 z=4M+82
  straddle u=M+4 y=4M-30 z=4M+80
  straddle u=M+6 y=4M-30 z=4M+78
  straddle u=M+8 y=4M-30 z=4M+76
  straddle u=M+43 y=4M-30 z=4M+41
  straddle u=M+44 y=4M-30 z=4M+40
  straddle u=M+46 y=4M-30 z=4M+38
  straddle u=M+47 y=4M-30 z=4M+37
  straddle u=M+1 y=4M-29 z=4M+85
  straddle u=M+3 y=4M-29 z=4M+83
  straddle u=M+5 y=4M-29 z=4M+81
  straddle u=M+7 y=4M-29 z=4M+79
  straddle u=M+11 y=4M-29 z=4M+75
  straddle u=M+21 y=4M-29 z=4M+65
  straddle u=M+37 y=4M-29 z=4M+49
  straddle u=M+46 y=4M-29 z=4M+40
  straddle u=M+2 y=4M-28 z=4M+86
  straddle u=M+4 y=4M-28 z=4M+84
  straddle u=M+6 y=4M-28 z=4M+82
  straddle u=M+12 y=4M-28 z=4M+76
  straddle u=M+22 y=4M-28 z=4M+66
  straddle u=M+40 y=4M-28 z=4M+48
  straddle u=M+46 y=4M-28 z=4M+42
  straddle u=M+47 y=4M-28 z=4M+41
  straddle u=M+1 y=4M-27 z=4M+89
  straddle u=M+3 y=4M-27 z=4M+87
  straddle u=M+7 y=4M-27 z=4M+83
  straddle u=M+11 y=4M-27 z=4M+79
  straddle u=M+17 y=4M-27 z=4M+73
  straddle u=M+46 y=4M-27 z=4M+44
  straddle u=M+47 y=4M-27 z=4M+43
  straddle u=M+1 y=4M-26 z=4M+91
  straddle u=M+2 y=4M-26 z=4M+90
  straddle u=M+4 y=4M-26 z=4M+88
  straddle u=M+8 y=4M-26 z=4M+84
  straddle u=M+12 y=4M-26 z=4M+80
  straddle u=M+32 y=4M-26 z=4M+60
  straddle u=M+46 y=4M-26 z=4M+46
  straddle u=M+47 y=4M-26 z=4M+45
  straddle u=M+1 y=4M-25 z=4M+93
  straddle u=M+5 y=4M-25 z=4M+89
  straddle u=M+7 y=4M-25 z=4M+87
  straddle u=M+37 y=4M-25 z=4M+57
  straddle u=M+46 y=4M-25 z=4M+48
  straddle u=M+47 y=4M-25 z=4M+47
  straddle u=M+2 y=4M-24 z=4M+94
  straddle u=M+4 y=4M-24 z=4M+92
  straddle u=M+6 y=4M-24 z=4M+90
  straddle u=M+10 y=4M-24 z=4M+86
  straddle u=M+46 y=4M-24 z=4M+50
  straddle u=M+47 y=4M-24 z=4M+49
  straddle u=M+1 y=4M-23 z=4M+97
  straddle u=M+3 y=4M-23 z=4M+95
  straddle u=M+5 y=4M-23 z=4M+93
  straddle u=M+7 y=4M-23 z=4M+91
  straddle u=M+8 y=4M-23 z=4M+90
  straddle u=M+2 y=4M-22 z=4M+98
  straddle u=M+4 y=4M-22 z=4M+96
  straddle u=M+12 y=4M-22 z=4M+88
  straddle u=M+46 y=4M-22 z=4M+54
  straddle u=M+47 y=4M-22 z=4M+53
  straddle u=M+1 y=4M-21 z=4M+101
  straddle u=M+3 y=4M-21 z=4M+99
  straddle u=M+5 y=4M-21 z=4M+97
  straddle u=M+7 y=4M-21 z=4M+95
  straddle u=M+17 y=4M-21 z=4M+85
  straddle u=M+46 y=4M-21 z=4M+56
  straddle u=M+47 y=4M-21 z=4M+55
  straddle u=M+2 y=4M-20 z=4M+102
  straddle u=M+4 y=4M-20 z=4M+100
  straddle u=M+8 y=4M-20 z=4M+96
  straddle u=M+10 y=4M-20 z=4M+94
  straddle u=M+46 y=4M-20 z=4M+58
  straddle u=M+47 y=4M-20 z=4M+57
  straddle u=M+3 y=4M-19 z=4M+103
  straddle u=M+5 y=4M-19 z=4M+101
  straddle u=M+7 y=4M-19 z=4M+99
  straddle u=M+16 y=4M-19 z=4M+90
  straddle u=M+47 y=4M-19 z=4M+59
  straddle u=M+2 y=4M-18 z=4M+106
  straddle u=M+4 y=4M-18 z=4M+104
  straddle u=M+6 y=4M-18 z=4M+102
  straddle u=M+8 y=4M-18 z=4M+100
  straddle u=M+10 y=4M-18 z=4M+98
  straddle u=M+46 y=4M-18 z=4M+62
  straddle u=M+47 y=4M-18 z=4M+61
  straddle u=M+1 y=4M-17 z=4M+109
  straddle u=M+3 y=4M-17 z=4M+107
  straddle u=M+5 y=4M-17 z=4M+105
  straddle u=M+7 y=4M-17 z=4M+103
  straddle u=M+46 y=4M-17 z=4M+64
  straddle u=M+47 y=4M-17 z=4M+63
  straddle u=M+2 y=4M-16 z=4M+110
  straddle u=M+47 y=4M-16 z=4M+65
  straddle u=M+3 y=4M-15 z=4M+111
  straddle u=M+7 y=4M-15 z=4M+107
  straddle u=M+9 y=4M-15 z=4M+105
  straddle u=M+47 y=4M-15 z=4M+67
  straddle u=M+10 y=4M-14 z=4M+106
  straddle u=M+12 y=4M-14 z=4M+104
  straddle u=M+46 y=4M-14 z=4M+70
  straddle u=M+47 y=4M-14 z=4M+69
  straddle u=M+9 y=4M-13 z=4M+109
  straddle u=M+46 y=4M-13 z=4M+72
  straddle u=M+47 y=4M-13 z=4M+71
  straddle u=M+28 y=4M-12 z=4M+92
  straddle u=M+46 y=4M-12 z=4M+74
  straddle u=M+47 y=4M-12 z=4M+73
  straddle u=M+11 y=4M-11 z=4M+111
  straddle u=M+46 y=4M-11 z=4M+76
  straddle u=M+47 y=4M-11 z=4M+75
  straddle u=M+14 y=4M-10 z=4M+110
  straddle u=M+16 y=4M-10 z=4M+108
  straddle u=M+46 y=4M-10 z=4M+78
  straddle u=M+46 y=4M-9 z=4M+80
  straddle u=M+47 y=4M-5 z=4M+87
  straddle u=M+28 y=4M-4 z=4M+108
  straddle u=M+46 y=4M-4 z=4M+90
  straddle u=M+47 y=4M-3 z=4M+91
  straddle u=M+46 y=4M-2 z=4M+94
  fan fg(0,2): offs=[-2, 0, 2, 4, 6, 10]
  fan fg(1,3): offs=[-3, -1, 1, 3, 5, 9]
  fan fg(0,4): offs=[-4, 0, 4, 8, 12, 20]
  fan fg(2,4): offs=[-4, -2, 2, 4, 6, 10, 16]
  fan fg(1,5): offs=[-5, -1, 3, 7, 11, 19]
  fan fg(3,5): offs=[-5, -3, 1, 3, 5, 9, 15]
  fan fg(0,6): offs=[-6, 0, 6, 12, 18, 30]
  fan fg(2,6): offs=[-6, -2, 2, 6, 10, 18]
  fan fg(4,6): offs=[-6, -4, 2, 10, 20, 24, 34, 46, 52, 72, 110]
  fan fg(1,7): offs=[-7, -1, 5, 11, 17, 29]
  fan fg(3,7): offs=[-7, -3, 1, 5, 9, 17]
  fan fg(5,7): offs=[-7, -5, 5, 9, 15, 21, 25, 35, 49, 77]
  fan fg(0,8): offs=[-8, 0, 8, 16, 24, 40]
  fan fg(2,8): offs=[-8, -2, 4, 10, 16, 28]
  fan fg(4,8): offs=[-8, -4, 4, 8, 12, 20, 32]
  fan fg(6,8): offs=[-8, -6, 2, 6, 10, 12, 18, 30]
  fan fg(1,9): offs=[-9, -1, 7, 15, 23, 39]
  fan fg(3,9): offs=[-9, -3, 3, 9, 15, 27]
  fan fg(5,9): offs=[-9, -5, 3, 7, 11, 19, 31]
  fan fg(7,9): offs=[-9, -7, 1, 5, 9, 11, 17, 29]
  fan fg(0,10): offs=[-10, 0, 10, 20, 30, 50]
  fan fg(2,10): offs=[-10, -2, 6, 14, 22, 38]
  fan fg(4,10): offs=[-10, -4, 2, 8, 14, 26]
  fan fg(6,10): offs=[-10, -6, 2, 6, 10, 18, 30]
  fan fg(8,10): offs=[-10, -8, 2, 6, 12, 14, 22, 32, 38, 74]
  fan fg(1,11): offs=[-11, -1, 9, 19, 29, 49]
  fan fg(3,11): offs=[-11, -3, 5, 13, 21, 37]
  fan fg(5,11): offs=[-11, -5, 1, 7, 13, 25]
  fan fg(7,11): offs=[-11, -7, 1, 5, 9, 17, 29]
  fan fg(9,11): offs=[-11, -9, 1, 5, 11, 13, 21, 31, 37, 73]
  fan fg(1,13): offs=[-13, -1, 11, 23, 35, 59]
  fan fg(3,13): offs=[-13, -3, 7, 17, 27, 47]
  fan fg(5,13): offs=[-13, -5, 3, 11, 19, 35]
  fan fg(7,13): offs=[-13, -7, 5, 11, 17, 29, 47]
  fan fg(9,13): offs=[-13, -9, 3, 7, 15, 19, 27, 39, 47, 91]
  fan fg(11,13): offs=[-13, -11, 1, 7, 13, 15, 25, 37, 43, 85]
  fan fg(12,14): offs=[-14, -12, 2, 6, 12, 16, 26, 38, 46, 64, 90]
  fan fg(1,15): offs=[-15, -1, 13, 27, 41, 69]
  fan fg(3,15): offs=[-15, -3, 9, 21, 33, 57]
  fan fg(5,15): offs=[-15, -5, 5, 15, 25, 45]
  fan fg(7,15): offs=[-15, -7, 1, 9, 17, 33]
  fan fg(9,15): offs=[-15, -9, 3, 9, 15, 27, 45]
  fan fg(11,15): offs=[-15, -11, 1, 5, 13, 17, 25, 37, 45, 89]
  fan fg(13,15): offs=[-15, -13, 1, 3, 9, 17, 21, 33, 49, 57, 111]
  fan fg(0,16): offs=[-16, 0, 16, 32, 48, 80]
  fan fg(2,16): offs=[-16, -2, 12, 26, 40, 68]
  fan fg(4,16): offs=[-16, -4, 8, 20, 32, 56]
  fan fg(6,16): offs=[-16, -6, 4, 14, 24, 44]
  fan fg(8,16): offs=[-16, -8, 8, 16, 24, 40, 64]
  fan fg(10,16): offs=[-16, -10, 2, 8, 14, 26, 44]
  fan fg(1,17): offs=[-17, -1, 15, 31, 47, 79]
  fan fg(3,17): offs=[-17, -3, 11, 25, 39, 67]
  fan fg(5,17): offs=[-17, -5, 7, 19, 31, 55]
  fan fg(7,17): offs=[-17, -7, 3, 13, 23, 43]
  fan fg(9,17): offs=[-17, -9, 7, 15, 23, 39, 63]
  fan fg(11,17): offs=[-17, -11, 1, 7, 13, 25, 43]
  fan fg(13,17): offs=[-17, -13, 3, 15, 23, 27, 43, 59, 71]
  fan fg(15,17): offs=[-17, -15, 1, 7, 15, 19, 31, 47, 55, 79, 109]
  fan fg(12,18): offs=[-18, -12, 6, 18, 30, 36, 54, 72, 90]
  fan fg(14,18): offs=[-18, -14, 2, 14, 22, 26, 42, 58, 70]
  fan fg(1,19): offs=[-19, -1, 17, 35, 53, 89]
  fan fg(3,19): offs=[-19, -3, 13, 29, 45, 77]
  fan fg(5,19): offs=[-19, -5, 9, 23, 37, 65]
  fan fg(7,19): offs=[-19, -7, 5, 17, 29, 53]
  fan fg(9,19): offs=[-19, -9, 1, 11, 21, 41]
  fan fg(11,19): offs=[-19, -11, 5, 13, 21, 37, 61]
  fan fg(13,19): offs=[-19, -13, 5, 17, 29, 35, 53, 71, 89]
  fan fg(15,19): offs=[-19, -15, 1, 13, 21, 25, 41, 57, 69]
  fan fg(17,19): offs=[-19, -17, 1, 5, 7, 11, 21, 27, 33, 41, 49, 59, 71]
  fan fg(12,20): offs=[-20, -12, 4, 12, 20, 36, 60]
  fan fg(14,20): offs=[-20, -14, 4, 16, 28, 34, 52, 70, 88]
  fan fg(18,20): offs=[-20, -18, 2, 6, 10, 14, 24, 30, 38, 46, 54, 66, 78]
  fan fg(1,21): offs=[-21, -1, 19, 39, 59, 99]
  fan fg(3,21): offs=[-21, -3, 15, 33, 51, 87]
  fan fg(7,21): offs=[-21, -7, 7, 21, 35, 63]
  fan fg(9,21): offs=[-21, -9, 3, 15, 27, 51]
  fan fg(11,21): offs=[-21, -11, 9, 19, 29, 49, 79]
  fan fg(13,21): offs=[-21, -13, 3, 11, 19, 35, 59]
  fan fg(15,21): offs=[-21, -15, 3, 15, 27, 33, 51, 69, 87]
  fan fg(17,21): offs=[-21, -17, 3, 7, 11, 23, 35, 43, 63]
  fan fg(19,21): offs=[-21, -19, 1, 5, 9, 13, 23, 29, 37, 45, 53, 65, 77]
  fan fg(12,22): offs=[-22, -12, 8, 18, 28, 48, 78]
  fan fg(14,22): offs=[-22, -14, 2, 10, 18, 34, 58]
  fan fg(18,22): offs=[-22, -18, 2, 6, 10, 22, 34, 42, 62]
  fan fg(20,22): offs=[-22, -20, 2, 6, 10, 20, 26, 34, 42, 50, 62, 74, 104]
  fan fg(1,23): offs=[-23, -1, 21, 43, 65, 109]
  fan fg(3,23): offs=[-23, -3, 17, 37, 57, 97]
  fan fg(5,23): offs=[-23, -5, 13, 31, 49, 85]
  fan fg(7,23): offs=[-23, -7, 9, 25, 41, 73]
  fan fg(9,23): offs=[-23, -9, 5, 19, 33, 61]
  fan fg(11,23): offs=[-23, -11, 1, 13, 25, 49]
  fan fg(13,23): offs=[-23, -13, 7, 17, 27, 47, 77]
  fan fg(15,23): offs=[-23, -15, 1, 9, 17, 33, 57]
  fan fg(17,23): offs=[-23, -17, 1, 13, 25, 31, 49, 67, 85]
  fan fg(19,23): offs=[-23, -19, 1, 5, 9, 21, 33, 41, 61]
  fan fg(21,23): offs=[-23, -21, 1, 5, 9, 19, 25, 33, 41, 49, 61, 73, 103]
  fan fg(12,24): offs=[-24, -12, 12, 24, 36, 60, 96]
  fan fg(14,24): offs=[-24, -14, 6, 16, 26, 46, 76]
  fan fg(18,24): offs=[-24, -18, 6, 24, 36, 42, 66, 90, 108]
  fan fg(20,24): offs=[-24, -20, 4, 16, 20, 28, 32, 40, 52, 60, 80, 88, 100]
  fan fg(22,24): offs=[-24, -22, 2, 6, 12, 16, 28, 34, 46, 54, 62, 80, 92]
  fan fg(13,25): offs=[-25, -13, 11, 23, 35, 59, 95]
  fan fg(17,25): offs=[-25, -17, 7, 15, 23, 39, 55, 71, 95]
  fan fg(19,25): offs=[-25, -19, 5, 23, 35, 41, 65, 89, 107]
  fan fg(21,25): offs=[-25, -21, 3, 7, 19, 31, 39, 59, 99]
  fan fg(23,25): offs=[-25, -23, 1, 5, 11, 15, 27, 33, 45, 53, 61, 79, 91]
  fan fg(12,26): offs=[-26, -12, 2, 16, 30, 58]
  fan fg(14,26): offs=[-26, -14, 10, 22, 34, 58, 94]
  fan fg(18,26): offs=[-26, -18, 6, 14, 22, 38, 54, 70, 94]
  fan fg(20,26): offs=[-26, -20, 4, 22, 34, 40, 64, 88, 106]
  fan fg(22,26): offs=[-26, -22, 2, 6, 18, 30, 38, 58, 98]
  fan fg(24,26): offs=[-26, -24, 2, 4, 14, 20, 28, 34, 54, 64, 80, 94, 108]
  fan fg(13,27): offs=[-27, -13, 1, 15, 29, 57]
  fan fg(17,27): offs=[-27, -17, 3, 13, 23, 43, 73]
  fan fg(19,27): offs=[-27, -19, 5, 13, 21, 37, 53, 69, 93]
  fan fg(21,27): offs=[-27, -21, 3, 21, 33, 39, 63, 87, 105]
  fan fg(23,27): offs=[-27, -23, 1, 5, 17, 29, 37, 57, 97]
  fan fg(25,27): offs=[-27, -25, 1, 3, 13, 19, 27, 33, 53, 63, 79, 93, 107]
  fan fg(12,28): offs=[-28, -12, 4, 20, 36, 68]
  fan fg(14,28): offs=[-28, -14, 14, 28, 42, 56, 70, 98]
  fan fg(18,28): offs=[-28, -18, 2, 12, 22, 42, 72]
  fan fg(20,28): offs=[-28, -20, 4, 12, 20, 36, 52, 68, 92]
  fan fg(22,28): offs=[-28, -22, 2, 20, 32, 38, 62, 86, 104]
  fan fg(24,28): offs=[-28, -24, 4, 16, 20, 36, 40, 60, 68, 96, 104]
  fan fg(26,28): offs=[-28, -26, 2, 4, 10, 16, 30, 36, 48, 58, 68, 86, 100]
  fan fg(1,29): offs=[-29, -1, 3, 7, 11, 15, 31, 51, 91]
  fan fg(3,29): offs=[-29, -3, 5, 7, 11, 25, 35, 39, 43, 73, 79]
  fan fg(5,29): offs=[-29, -5, 3, 11, 19, 35, 51, 67, 99]
  fan fg(7,29): offs=[-29, -7, 15, 37, 59, 103]
  fan fg(9,29): offs=[-29, -9, 11, 31, 51, 91]
  fan fg(11,29): offs=[-29, -11, 7, 25, 43, 79]
  fan fg(13,29): offs=[-29, -13, 3, 19, 35, 67]
  fan fg(15,29): offs=[-29, -15, 13, 27, 41, 69, 111]
  fan fg(17,29): offs=[-29, -17, 7, 19, 31, 55, 91]
  fan fg(19,29): offs=[-29, -19, 1, 11, 21, 41, 71]
  fan fg(21,29): offs=[-29, -21, 3, 11, 19, 35, 51, 67, 91]
  fan fg(23,29): offs=[-29, -23, 1, 19, 31, 37, 61, 85, 103]
  fan fg(25,29): offs=[-29, -25, 3, 15, 19, 35, 39, 59, 67, 95, 103]
  fan fg(27,29): offs=[-29, -27, 1, 3, 9, 15, 29, 35, 47, 57, 67, 85, 99]
  fan fg(12,30): offs=[-30, -12, 6, 24, 42, 78]
  fan fg(14,30): offs=[-30, -14, 2, 18, 34, 66]
  fan fg(18,30): offs=[-30, -18, 6, 18, 30, 54, 90]
  fan fg(20,30): offs=[-30, -20, 2, 6, 8, 24, 32, 42, 46, 78, 84]
  fan fg(22,30): offs=[-30, -22, 2, 10, 18, 34, 50, 66, 90]
  fan fg(24,30): offs=[-30, -24, 6, 12, 18, 36, 54, 66, 96]
  fan fg(26,30): offs=[-30, -26, 2, 14, 18, 34, 38, 58, 66, 94, 102]
  fan fg(28,30): offs=[-30, -28, 2, 4, 12, 22, 34, 38, 54, 72, 96, 106]
  fan fg(13,31): offs=[-31, -13, 5, 23, 41, 77]
  fan fg(17,31): offs=[-31, -17, 11, 25, 39, 67, 109]
  fan fg(19,31): offs=[-31, -19, 5, 17, 29, 53, 89]
  fan fg(21,31): offs=[-31, -21, 1, 5, 7, 23, 31, 41, 45, 77, 83]
  fan fg(23,31): offs=[-31, -23, 1, 9, 17, 33, 49, 65, 89]
  fan fg(25,31): offs=[-31, -25, 5, 11, 17, 35, 53, 65, 95]
  fan fg(27,31): offs=[-31, -27, 1, 13, 17, 33, 37, 57, 65, 93, 101]
  fan fg(29,31): offs=[-31, -29, 1, 3, 11, 21, 33, 37, 53, 71, 95, 105]
  fan fg(12,32): offs=[-32, -12, 8, 28, 48, 88]
  fan fg(14,32): offs=[-32, -14, 4, 22, 40, 76]
  fan fg(18,32): offs=[-32, -18, 10, 24, 38, 66, 108]
  fan fg(20,32): offs=[-32, -20, 4, 16, 28, 52, 88]
  fan fg(22,32): offs=[-32, -22, 4, 6, 12, 20, 30, 34, 56, 62, 92, 100]
  fan fg(24,32): offs=[-32, -24, 8, 16, 24, 32, 40, 48, 56, 64, 72]
  fan fg(26,32): offs=[-32, -26, 4, 10, 16, 34, 52, 64, 94]
  fan fg(28,32): offs=[-32, -28, 4, 12, 24, 36, 40, 56, 76, 100, 108]
  fan fg(30,32): offs=[-32, -30, 2, 4, 10, 14, 20, 22, 32, 36, 40, 52, 58, 70, 76, 94, 102]
  fan fg(13,33): offs=[-33, -13, 7, 27, 47, 87]
  fan fg(17,33): offs=[-33, -17, 15, 31, 47, 63, 79, 111]
  fan fg(19,33): offs=[-33, -19, 9, 23, 37, 65, 107]
  fan fg(21,33): offs=[-33, -21, 3, 15, 27, 51, 87]
  fan fg(23,33): offs=[-33, -23, 3, 5, 11, 19, 29, 33, 55, 61, 91, 99]
  fan fg(25,33): offs=[-33, -25, 7, 15, 23, 39, 55, 63, 71, 111]
  fan fg(27,33): offs=[-33, -27, 3, 9, 15, 33, 51, 63, 93]
  fan fg(29,33): offs=[-33, -29, 3, 11, 23, 35, 39, 55, 75, 99, 107]
  fan fg(31,33): offs=[-33, -31, 1, 3, 13, 19, 21, 35, 39, 51, 57, 63, 69, 75, 101]
  fan fg(12,34): offs=[-34, -12, 10, 32, 54, 98]
  fan fg(14,34): offs=[-34, -14, 6, 26, 46, 86]
  fan fg(18,34): offs=[-34, -18, 14, 30, 46, 62, 78, 110]
  fan fg(20,34): offs=[-34, -20, 8, 22, 36, 64, 106]
  fan fg(22,34): offs=[-34, -22, 2, 14, 26, 50, 86]
  fan fg(24,34): offs=[-34, -24, 2, 4, 10, 18, 28, 32, 54, 60, 90, 98]
  fan fg(26,34): offs=[-34, -26, 6, 14, 22, 38, 54, 62, 70, 110]
  fan fg(28,34): offs=[-34, -28, 2, 8, 14, 32, 50, 62, 92]
  fan fg(30,34): offs=[-34, -30, 2, 10, 22, 34, 38, 54, 74, 98, 106]
  fan fg(32,34): offs=[-34, -32, 2, 4, 12, 14, 20, 24, 34, 38, 42, 56, 60, 62, 74, 80, 100, 110]
  fan fg(13,35): offs=[-35, -13, 9, 31, 53, 97]
  fan fg(17,35): offs=[-35, -17, 1, 19, 37, 73]
  fan fg(19,35): offs=[-35, -19, 13, 29, 45, 61, 77, 109]
  fan fg(21,35): offs=[-35, -21, 7, 21, 35, 63, 105]
  fan fg(23,35): offs=[-35, -23, 1, 13, 25, 49, 85]
  fan fg(25,35): offs=[-35, -25, 1, 3, 9, 17, 27, 31, 53, 59, 89, 97]
  fan fg(27,35): offs=[-35, -27, 5, 13, 21, 37, 53, 61, 69, 109]
  fan fg(29,35): offs=[-35, -29, 1, 7, 13, 31, 49, 61, 91]
  fan fg(31,35): offs=[-35, -31, 1, 9, 21, 33, 37, 53, 73, 97, 105]
  fan fg(33,35): offs=[-35, -33, 1, 3, 11, 13, 19, 23, 33, 37, 41, 55, 59, 61, 73, 79, 99, 109]
  fan fg(12,36): offs=[-36, -12, 12, 36, 60, 108]
  fan fg(14,36): offs=[-36, -14, 8, 30, 52, 96]
  fan fg(18,36): offs=[-36, -18, 2, 4, 6, 18, 30, 40, 44, 54, 62, 78, 84, 106]
  fan fg(20,36): offs=[-36, -20, 12, 28, 44, 60, 76, 108]
  fan fg(22,36): offs=[-36, -22, 6, 20, 34, 62, 104]
  fan fg(24,36): offs=[-36, -24, 4, 12, 20, 24, 36, 44, 60, 64, 84, 108]
  fan fg(26,36): offs=[-36, -26, 4, 14, 34, 54, 64, 94]
  fan fg(28,36): offs=[-36, -28, 4, 12, 20, 36, 52, 60, 68, 108]
  fan fg(30,36): offs=[-36, -30, 4, 12, 14, 18, 30, 38, 54, 58, 72, 78, 96, 102]
  fan fg(32,36): offs=[-36, -32, 4, 12, 20, 32, 40, 44, 56, 60, 76, 80, 100, 108]
  fan fg(34,36): offs=[-36, -34, 2, 4, 10, 14, 20, 22, 34, 38, 42, 56, 62, 74, 80, 102, 110]
  fan fg(13,37): offs=[-37, -13, 11, 35, 59, 107]
  fan fg(17,37): offs=[-37, -17, 3, 23, 43, 83]
  fan fg(19,37): offs=[-37, -19, 1, 3, 5, 17, 29, 39, 43, 53, 61, 77, 83, 105]
  fan fg(21,37): offs=[-37, -21, 11, 27, 43, 59, 75, 107]
  fan fg(23,37): offs=[-37, -23, 5, 19, 33, 61, 103]
  fan fg(25,37): offs=[-37, -25, 3, 11, 19, 23, 35, 43, 59, 63, 83, 107]
  fan fg(27,37): offs=[-37, -27, 3, 13, 33, 53, 63, 93]
  fan fg(29,37): offs=[-37, -29, 3, 11, 19, 35, 51, 59, 67, 107]
  fan fg(31,37): offs=[-37, -31, 3, 11, 13, 17, 29, 37, 53, 57, 71, 77, 95, 101]
  fan fg(33,37): offs=[-37, -33, 3, 11, 15, 19, 23, 39, 43, 59, 63, 75, 83, 107, 111]
  fan fg(35,37): offs=[-37, -35, 1, 3, 9, 13, 19, 21, 33, 37, 41, 55, 61, 73, 79, 101, 109]
  fan fg(12,38): offs=[-38, -12, 4, 6, 12, 20, 24, 36, 42, 60, 78]
  fan fg(14,38): offs=[-38, -14, 10, 34, 58, 106]
  fan fg(18,38): offs=[-38, -18, 2, 22, 42, 82]
  fan fg(20,38): offs=[-38, -20, 4, 10, 16, 28, 40, 52, 94]
  fan fg(22,38): offs=[-38, -22, 10, 26, 42, 58, 74, 106]
  fan fg(24,38): offs=[-38, -24, 4, 18, 32, 60, 102]
  fan fg(26,38): offs=[-38, -26, 2, 10, 18, 22, 34, 42, 58, 62, 82, 106]
  fan fg(28,38): offs=[-38, -28, 2, 12, 32, 52, 62, 92]
  fan fg(30,38): offs=[-38, -30, 2, 10, 18, 34, 50, 58, 66, 106]
  fan fg(32,38): offs=[-38, -32, 2, 10, 12, 16, 28, 36, 52, 56, 70, 76, 94, 100]
  fan fg(34,38): offs=[-38, -34, 2, 10, 14, 18, 22, 38, 42, 58, 62, 74, 82, 106, 110]
  fan fg(36,38): offs=[-38, -36, 2, 4, 10, 12, 20, 24, 32, 36, 40, 44, 56, 60, 64, 78, 80, 84, 102, 108]
  fan fg(5,39): offs=[-39, -5, 3, 5, 7, 11, 13, 19, 27, 31, 49, 93]
  fan fg(25,39): offs=[-39, -25, 3, 17, 31, 59, 101]
  fan fg(27,39): offs=[-39, -27, 1, 9, 17, 21, 33, 41, 57, 61, 81, 105]
  fan fg(31,39): offs=[-39, -31, 1, 9, 17, 33, 49, 57, 65, 105]
  fan fg(33,39): offs=[-39, -33, 1, 3, 9, 11, 21, 33, 39, 41, 57, 61, 75, 81, 105, 111]
  fan fg(35,39): offs=[-39, -35, 1, 9, 13, 17, 21, 37, 41, 57, 61, 73, 81, 105, 109]
  fan fg(37,39): offs=[-39, -37, 1, 3, 9, 11, 21, 25, 33, 37, 41, 45, 57, 61, 65, 81, 85, 87, 105, 111]
  fan fg(12,40): offs=[-40, -12, 4, 12, 20, 24, 36, 40, 48, 60, 80, 92]
  fan fg(14,40): offs=[-40, -14, 2, 4, 10, 18, 22, 34, 40, 58, 76]
  fan fg(18,40): offs=[-40, -18, 4, 26, 48, 92]
  fan fg(20,40): offs=[-40, -20, 4, 8, 16, 24, 28, 36, 48, 52, 88, 92, 96]
  fan fg(22,40): offs=[-40, -22, 2, 8, 14, 38, 44, 62, 68, 86, 110]
  fan fg(24,40): offs=[-40, -24, 8, 24, 40, 56, 72, 104]
  fan fg(26,40): offs=[-40, -26, 2, 16, 30, 58, 100]
  fan fg(28,40): offs=[-40, -28, 4, 8, 12, 20, 36, 44, 52, 68, 80, 92]
  fan fg(30,40): offs=[-40, -30, 2, 4, 6, 10, 16, 18, 30, 34, 38, 50, 52, 66, 72, 90, 98]
  fan fg(32,40): offs=[-40, -32, 8, 16, 24, 32, 48, 56, 64, 72, 80, 96, 104]
  fan fg(34,40): offs=[-40, -34, 2, 8, 14, 20, 26, 32, 38, 44, 74, 86]
  fan fg(36,40): offs=[-40, -36, 4, 8, 12, 24, 28, 32, 36, 44, 48, 56, 60, 64, 80, 84]
  fan fg(38,40): offs=[-40, -38, 2, 4, 8, 24, 26, 32, 36, 44, 46, 48, 56, 60, 64, 70, 80, 88, 92, 104]
  fan fg(21,41): offs=[-41, -21, 3, 7, 15, 23, 27, 35, 47, 51, 87, 91, 95]
  fan fg(25,41): offs=[-41, -25, 7, 23, 39, 55, 71, 103]
  fan fg(27,41): offs=[-41, -27, 1, 15, 29, 57, 99]
  fan fg(31,41): offs=[-41, -31, 1, 3, 5, 9, 15, 17, 29, 33, 37, 49, 51, 65, 71, 89, 97]
  fan fg(33,41): offs=[-41, -33, 7, 15, 23, 31, 39, 47, 55, 63, 103, 111]
  fan fg(35,41): offs=[-41, -35, 1, 7, 13, 19, 25, 31, 37, 43, 73, 85]
  fan fg(37,41): offs=[-41, -37, 3, 7, 11, 23, 27, 31, 35, 43, 47, 55, 59, 63, 79, 83]
  fan fg(39,41): offs=[-41, -39, 1, 3, 7, 23, 25, 31, 35, 43, 45, 47, 55, 59, 63, 69, 79, 87, 91, 103]
  fan fg(12,42): offs=[-42, -12, 8, 18, 28, 38, 48, 58, 108]
  fan fg(14,42): offs=[-42, -14, 6, 10, 22, 26, 34, 58, 94, 110]
  fan fg(18,42): offs=[-42, -18, 6, 30, 54, 102]
  fan fg(20,42): offs=[-42, -20, 2, 24, 46, 90]
  fan fg(22,42): offs=[-42, -22, 2, 6, 14, 22, 26, 34, 46, 50, 86, 90, 94]
  fan fg(24,42): offs=[-42, -24, 6, 12, 18, 24, 30, 36, 60, 66, 90, 96, 102]
  fan fg(26,42): offs=[-42, -26, 6, 22, 38, 54, 70, 102]
  fan fg(28,42): offs=[-42, -28, 2, 4, 6, 10, 18, 30, 32, 34, 50, 54, 62, 78, 96, 102, 106]
  fan fg(30,42): offs=[-42, -30, 2, 10, 18, 30, 34, 50, 66, 70, 90, 110]
  fan fg(32,42): offs=[-42, -32, 2, 4, 8, 14, 22, 32, 36, 40, 44, 50, 58, 70, 76, 96, 108]
  fan fg(34,42): offs=[-42, -34, 6, 14, 22, 30, 38, 46, 54, 62, 102, 110]
  fan fg(36,42): offs=[-42, -36, 2, 6, 8, 10, 20, 24, 30, 40, 46, 48, 52, 56, 72, 82, 90, 92, 96, 102]
  fan fg(38,42): offs=[-42, -38, 2, 6, 10, 22, 26, 30, 34, 42, 46, 54, 58, 62, 78, 82]
  fan fg(40,42): offs=[-42, -40, 2, 4, 8, 10, 24, 26, 34, 44, 46, 48, 50, 56, 58, 62, 68, 80, 90, 92]
  fan fg(21,43): offs=[-43, -21, 1, 23, 45, 89]
  fan fg(25,43): offs=[-43, -25, 5, 11, 17, 23, 29, 35, 59, 65, 89, 95, 101]
  fan fg(27,43): offs=[-43, -27, 5, 21, 37, 53, 69, 101]
  fan fg(31,43): offs=[-43, -31, 1, 9, 17, 29, 33, 49, 65, 69, 89, 109]
  fan fg(33,43): offs=[-43, -33, 3, 7, 21, 27, 39, 47, 57, 63, 75, 87, 111]
  fan fg(35,43): offs=[-43, -35, 5, 13, 21, 29, 37, 45, 53, 61, 101, 109]
  fan fg(37,43): offs=[-43, -37, 1, 5, 7, 9, 19, 23, 29, 39, 45, 47, 51, 55, 71, 81, 89, 91, 95, 101]
  fan fg(39,43): offs=[-43, -39, 1, 5, 9, 21, 25, 29, 33, 41, 45, 53, 57, 61, 77, 81]
  fan fg(41,43): offs=[-43, -41, 1, 3, 7, 9, 23, 25, 33, 43, 45, 47, 49, 55, 57, 61, 67, 79, 89, 91]
  fan fg(0,44): offs=[-44, 0, 16, 24, 32, 36, 48, 72, 108]
  fan fg(2,44): offs=[-44, -2, 2, 8, 14, 18, 22, 28, 30, 38, 46, 48, 94]
  fan fg(4,44): offs=[-44, -4, 4, 12, 28, 52, 100]
  fan fg(6,44): offs=[-44, -6, 2, 6, 10, 12, 18, 26, 30, 48, 58]
  fan fg(8,44): offs=[-44, -8, 4, 8, 16, 20, 24, 40, 48, 56, 76, 92, 104]
  fan fg(10,44): offs=[-44, -10, 2, 14, 22, 38, 42, 48, 54, 86, 94, 106]
  fan fg(16,44): offs=[-44, -16, 4, 8, 20, 24, 32, 56, 92, 108]
  fan fg(1,45): offs=[-45, -1, 15, 23, 31, 35, 47, 71, 107]
  fan fg(3,45): offs=[-45, -3, 5, 7, 19, 33, 41, 51, 55, 59, 63, 85, 105, 111]
  fan fg(5,45): offs=[-45, -5, 3, 11, 27, 51, 99]
  fan fg(7,45): offs=[-45, -7, 1, 5, 9, 11, 17, 25, 29, 47, 57]
  fan fg(9,45): offs=[-45, -9, 3, 7, 15, 19, 23, 39, 47, 55, 75, 91, 103]
  fan fg(11,45): offs=[-45, -11, 5, 7, 11, 25, 33, 55, 59, 61, 111]
  fan fg(15,45): offs=[-45, -15, 3, 9, 21, 33, 57, 111]
  fan fg(39,45): offs=[-45, -39, 1, 3, 11, 15, 21, 27, 41, 51, 61, 75, 81, 87, 99, 111]
  fan fg(41,45): offs=[-45, -41, 3, 7, 11, 27, 31, 35, 47, 51, 55, 59, 67, 75, 87, 99, 103]
  fan fg(43,45): offs=[-45, -43, 1, 3, 7, 11, 21, 23, 25, 31, 33, 45, 49, 59, 67, 73, 85, 89, 95, 97, 105, 111]
  fan fg(0,46): offs=[-46, 0, 2, 4, 6, 8, 16, 32, 58, 110]
  fan fg(2,46): offs=[-46, -2, 14, 22, 30, 34, 46, 70, 106]
  fan fg(4,46): offs=[-46, -4, 4, 6, 18, 32, 40, 50, 54, 58, 62, 84, 104, 110]
  fan fg(6,46): offs=[-46, -6, 2, 10, 26, 50, 98]
  fan fg(8,46): offs=[-46, -8, 2, 4, 6, 12, 14, 22, 32, 36, 42, 48, 54, 58, 104, 110]
  fan fg(10,46): offs=[-46, -10, 2, 6, 14, 18, 22, 38, 46, 54, 74, 90, 102]
  fan fg(16,46): offs=[-46, -16, 2, 8, 20, 32, 56, 110]
  fan fg(44,46): offs=[-46, -44, 2, 4, 6, 12, 16, 26, 30, 48, 50, 54, 58, 70, 78, 82, 86, 92, 98, 104, 110]
  fan fg(48,54): offs=[-54, -48, 4, 8, 16, 20, 22, 24, 26, 28, 30, 32, 42, 44, 52, 56, 62, 80, 82, 94, 96, 100, 104, 108]
  fan fg(49,55): offs=[-55, -49, 3, 7, 15, 19, 21, 23, 25, 27, 29, 31, 41, 43, 51, 55, 61, 79, 81, 93, 95, 99, 103, 107]
e151: DONE
