e152 M=112: base vars=10499 clauses=737146 [0s build]
  L-LOP(112) K=59 (min|Y| <= 58, band-major >= 70): UNSAT [4.2s]
  L-LOP(112) K=60 (min|Y| <= 59, band-major >= 69): UNSAT [4.0s]
e152 M=112: done [59, 60]
e152 M=112: base vars=10499 clauses=737146 [0s build]
  L-LOP(112) K=61 (min|Y| <= 60, band-major >= 68): SAT [2.4s]
  L-LOP(112) K=62 (min|Y| <= 61, band-major >= 67): SAT [2.1s]
e152 M=112: done [61, 62]
e152 M=128: base vars=12987 clauses=1043508 [0s build]
  L-LOP(128) K=66 (min|Y| <= 65, band-major >= 79): UNSAT [9.9s]
  L-LOP(128) K=67 (min|Y| <= 66, band-major >= 78): UNSAT [5.0s]
  L-LOP(128) K=68 (min|Y| <= 67, band-major >= 77): UNSAT [6.1s]
e152 M=128: done [66, 67, 68]
e152 M=128: base vars=12987 clauses=1043508 [0s build]
  L-LOP(128) K=69 (min|Y| <= 68, band-major >= 76): SAT [7.8s]
    Y_A depths(4M-y): [0, 2, 4, 6, 8, 10, 12, 14, 16, 18, 20, 22, 24, 26, 28, 30, 32, 34, 36, 38, 40, 42, 44, 46, 48, 50, 52, 54, 56, 58, 60, 62, 64, 66, 68, 70, 72, 74, 76, 78, 80, 82, 84, 86, 88, 90, 92, 94, 96, 98, 100, 102, 104, 106, 108, 110, 112, 114, 116, 118, 120, 122, 124, 126, 133, 137, 139, 141]
    U_B alpha-window depths(2M-u): [1, 3, 5, 7, 9, 11, 13, 15, 17, 19, 21, 23, 25, 27, 29]
    Z_B cap-zone offsets(z-4M): [2, 4, 6, 8, 10, 12, 14, 16, 18, 20, 22, 24, 26, 28, 30, 32, 34, 36, 38, 40, 42, 44, 46, 48, 50, 52, 54, 56, 58, 60, 62, 64, 66, 68, 70, 72, 74, 76, 78, 80]... (n=71)
  L-LOP(128) K=70 (min|Y| <= 69, band-major >= 75): SAT [1.0s]
    Y_A depths(4M-y): [0, 2, 4, 6, 8, 10, 12, 14, 16, 18, 20, 22, 24, 26, 28, 30, 32, 34, 36, 38, 40, 42, 44, 46, 48, 50, 52, 54, 56, 58, 60, 62, 64, 66, 68, 70, 72, 74, 76, 78, 80, 82, 84, 86, 88, 90, 92, 94, 96, 98, 100, 102, 104, 106, 108, 110, 112, 114, 116, 118, 120, 122, 124, 126, 132, 133, 137, 139, 141]
    U_B alpha-window depths(2M-u): [1, 3, 5, 7, 9, 11, 13, 15, 17, 19, 21, 23, 25, 27, 29]
    Z_B cap-zone offsets(z-4M): [2, 4, 6, 8, 10, 12, 14, 16, 18, 20, 22, 24, 26, 28, 30, 32, 34, 36, 38, 40, 42, 44, 46, 48, 50, 52, 54, 56, 58, 60, 62, 64, 66, 68, 70, 72, 74, 76, 78, 80]... (n=71)
e152 M=128: done [69, 70]
