M=48 K=26 D=[1] EB=[]: UNSAT [0.0s]
  first core 3 of 4395
  minimized 3 ({'straddle': 2, 'fan': 1}) [0s]
    straddle u=M+33 y=4M-55 z=4M+1
    straddle u=M+45 y=4M-49 z=4M+1
    fan fg(49,55): offs=[-55, -49, 3, 7, 15, 19, 21, 23, 25, 27, 29, 31, 41, 43, 51, 55, 61, 79, 81, 93, 95, 99, 103, 107]
M=48 K=26 D=[3] EB=[]: UNSAT [0.0s]
  first core 3 of 4395
  minimized 3 ({'fan': 1, 'straddle': 2}) [0s]
    straddle u=M+19 y=4M-61 z=4M+3
    straddle u=M+39 y=4M-51 z=4M+3
    fan fg(51,61): offs=[-61, -51, 1, 5, 9, 11, 13, 17, 19, 21, 23, 25, 27, 29, 33, 35, 43, 53, 57, 63, 73, 81, 93, 99, 103, 105, 107]
M=48 K=26 D=[1, 3] EB=[]: UNSAT [0.0s]
  first core 182 of 4395
  minimized 162 ({'straddle': 17, 'fan': 145}) [0s]
    straddle u=M+15 y=4M-63 z=4M+3
    straddle u=M+17 y=4M-62 z=4M+3
    straddle u=M+19 y=4M-61 z=4M+3
    straddle u=M+21 y=4M-60 z=4M+3
    straddle u=M+23 y=4M-59 z=4M+3
    straddle u=M+25 y=4M-58 z=4M+3
    straddle u=M+27 y=4M-57 z=4M+3
    straddle u=M+29 y=4M-56 z=4M+3
    straddle u=M+31 y=4M-55 z=4M+3
    straddle u=M+33 y=4M-54 z=4M+3
    straddle u=M+35 y=4M-53 z=4M+3
    straddle u=M+37 y=4M-52 z=4M+3
    straddle u=M+39 y=4M-51 z=4M+3
    straddle u=M+41 y=4M-50 z=4M+3
    straddle u=M+43 y=4M-49 z=4M+3
    straddle u=M+45 y=4M-48 z=4M+3
    straddle u=M+47 y=4M-47 z=4M+3
    fan fg(0,2): offs=[-2, 0, 2, 4, 6, 10]
    fan fg(0,4): offs=[-4, 0, 4, 8, 12, 20]
    fan fg(2,4): offs=[-4, -2, 2, 4, 6, 10, 16]
    fan fg(0,6): offs=[-6, 0, 6, 12, 18, 30]
    fan fg(2,6): offs=[-6, -2, 2, 6, 10, 18]
    fan fg(4,6): offs=[-6, -4, 2, 10, 20, 24, 34, 46, 52, 72, 110]
    fan fg(0,8): offs=[-8, 0, 8, 16, 24, 40]
    fan fg(2,8): offs=[-8, -2, 4, 10, 16, 28]
    fan fg(4,8): offs=[-8, -4, 4, 8, 12, 20, 32]
    fan fg(6,8): offs=[-8, -6, 2, 6, 10, 12, 18, 30]
    fan fg(0,10): offs=[-10, 0, 10, 20, 30, 50]
    fan fg(2,10): offs=[-10, -2, 6, 14, 22, 38]
    fan fg(4,10): offs=[-10, -4, 2, 8, 14, 26]
    fan fg(6,10): offs=[-10, -6, 2, 6, 10, 18, 30]
    fan fg(8,10): offs=[-10, -8, 2, 6, 12, 14, 22, 32, 38, 74]
    fan fg(0,12): offs=[-12, 0, 12, 24, 36, 60]
    fan fg(2,12): offs=[-12, -2, 8, 18, 28, 48]
    fan fg(4,12): offs=[-12, -4, 4, 12, 20, 36]
    fan fg(6,12): offs=[-12, -6, 6, 12, 18, 30, 48]
    fan fg(8,12): offs=[-12, -8, 4, 8, 16, 20, 28, 40, 48, 92]
    fan fg(10,12): offs=[-12, -10, 2, 8, 14, 16, 26, 38, 44, 86]
    fan fg(0,14): offs=[-14, 0, 14, 28, 42, 70]
    fan fg(2,14): offs=[-14, -2, 10, 22, 34, 58]
    fan fg(4,14): offs=[-14, -4, 6, 16, 26, 46]
    fan fg(6,14): offs=[-14, -6, 2, 10, 18, 34]
    fan fg(8,14): offs=[-14, -8, 4, 10, 16, 28, 46]
    fan fg(10,14): offs=[-14, -10, 2, 6, 14, 18, 26, 38, 46, 90]
    fan fg(12,14): offs=[-14, -12, 2, 6, 12, 16, 26, 38, 46, 64, 90]
    fan fg(0,16): offs=[-16, 0, 16, 32, 48, 80]
    fan fg(2,16): offs=[-16, -2, 12, 26, 40, 68]
    fan fg(4,16): offs=[-16, -4, 8, 20, 32, 56]
    fan fg(6,16): offs=[-16, -6, 4, 14, 24, 44]
    fan fg(8,16): offs=[-16, -8, 8, 16, 24, 40, 64]
    fan fg(10,16): offs=[-16, -10, 2, 8, 14, 26, 44]
    fan fg(12,16): offs=[-16, -12, 4, 16, 24, 28, 44, 60, 72]
    fan fg(14,16): offs=[-16, -14, 2, 8, 16, 20, 32, 48, 56, 80, 110]
    fan fg(0,18): offs=[-18, 0, 18, 36, 54, 90]
    fan fg(2,18): offs=[-18, -2, 14, 30, 46, 78]
    fan fg(4,18): offs=[-18, -4, 10, 24, 38, 66]
    fan fg(6,18): offs=[-18, -6, 6, 18, 30, 54]
    fan fg(8,18): offs=[-18, -8, 2, 12, 22, 42]
    fan fg(10,18): offs=[-18, -10, 6, 14, 22, 38, 62]
    fan fg(12,18): offs=[-18, -12, 6, 18, 30, 36, 54, 72, 90]
    fan fg(14,18): offs=[-18, -14, 2, 14, 22, 26, 42, 58, 70]
    fan fg(16,18): offs=[-18, -16, 2, 6, 8, 12, 22, 28, 34, 42, 50, 60, 72]
    fan fg(0,20): offs=[-20, 0, 20, 40, 60, 100]
    fan fg(2,20): offs=[-20, -2, 16, 34, 52, 88]
    fan fg(4,20): offs=[-20, -4, 12, 28, 44, 76]
    fan fg(6,20): offs=[-20, -6, 8, 22, 36, 64]
    fan fg(8,20): offs=[-20, -8, 4, 16, 28, 52]
    fan fg(10,20): offs=[-20, -10, 10, 20, 30, 50, 80]
    fan fg(12,20): offs=[-20, -12, 4, 12, 20, 36, 60]
    fan fg(14,20): offs=[-20, -14, 4, 16, 28, 34, 52, 70, 88]
    fan fg(16,20): offs=[-20, -16, 4, 8, 12, 24, 36, 44, 64]
    fan fg(18,20): offs=[-20, -18, 2, 6, 10, 14, 24, 30, 38, 46, 54, 66, 78]
    fan fg(0,22): offs=[-22, 0, 22, 44, 66, 110]
    fan fg(2,22): offs=[-22, -2, 18, 38, 58, 98]
    fan fg(4,22): offs=[-22, -4, 14, 32, 50, 86]
    fan fg(6,22): offs=[-22, -6, 10, 26, 42, 74]
    fan fg(8,22): offs=[-22, -8, 6, 20, 34, 62]
    fan fg(10,22): offs=[-22, -10, 2, 14, 26, 50]
    fan fg(12,22): offs=[-22, -12, 8, 18, 28, 48, 78]
    fan fg(14,22): offs=[-22, -14, 2, 10, 18, 34, 58]
    fan fg(16,22): offs=[-22, -16, 2, 14, 26, 32, 50, 68, 86]
    fan fg(18,22): offs=[-22, -18, 2, 6, 10, 22, 34, 42, 62]
    fan fg(20,22): offs=[-22, -20, 2, 6, 10, 20, 26, 34, 42, 50, 62, 74, 104]
    fan fg(0,24): offs=[-24, 0, 8, 16, 24, 40, 56, 72, 104]
    fan fg(2,24): offs=[-24, -2, 20, 42, 64, 108]
    fan fg(4,24): offs=[-24, -4, 16, 36, 56, 96]
    fan fg(6,24): offs=[-24, -6, 12, 30, 48, 84]
    fan fg(8,24): offs=[-24, -8, 8, 24, 40, 72]
    fan fg(10,24): offs=[-24, -10, 4, 18, 32, 60]
    fan fg(12,24): offs=[-24, -12, 12, 24, 36, 60, 96]
    fan fg(14,24): offs=[-24, -14, 6, 16, 26, 46, 76]
    fan fg(16,24): offs=[-24, -16, 8, 16, 24, 40, 56, 72, 96]
    fan fg(18,24): offs=[-24, -18, 6, 24, 36, 42, 66, 90, 108]
    fan fg(20,24): offs=[-24, -20, 4, 16, 20, 28, 32, 40, 52, 60, 80, 88, 100]
    fan fg(22,24): offs=[-24, -22, 2, 6, 12, 16, 28, 34, 46, 54, 62, 80, 92]
    fan fg(26,28): offs=[-28, -26, 2, 4, 10, 16, 30, 36, 48, 58, 68, 86, 100]
    fan fg(26,30): offs=[-30, -26, 2, 14, 18, 34, 38, 58, 66, 94, 102]
    fan fg(28,30): offs=[-30, -28, 2, 4, 12, 22, 34, 38, 54, 72, 96, 106]
    fan fg(26,32): offs=[-32, -26, 4, 10, 16, 34, 52, 64, 94]
    fan fg(28,32): offs=[-32, -28, 4, 12, 24, 36, 40, 56, 76, 100, 108]
    fan fg(30,32): offs=[-32, -30, 2, 4, 10, 14, 20, 22, 32, 36, 40, 52, 58, 70, 76, 94, 102]
    fan fg(26,34): offs=[-34, -26, 6, 14, 22, 38, 54, 62, 70, 110]
    fan fg(28,34): offs=[-34, -28, 2, 8, 14, 32, 50, 62, 92]
    fan fg(30,34): offs=[-34, -30, 2, 10, 22, 34, 38, 54, 74, 98, 106]
    fan fg(32,34): offs=[-34, -32, 2, 4, 12, 14, 20, 24, 34, 38, 42, 56, 60, 62, 74, 80, 100, 110]
    fan fg(26,36): offs=[-36, -26, 4, 14, 34, 54, 64, 94]
    fan fg(28,36): offs=[-36, -28, 4, 12, 20, 36, 52, 60, 68, 108]
    fan fg(30,36): offs=[-36, -30, 4, 12, 14, 18, 30, 38, 54, 58, 72, 78, 96, 102]
    fan fg(32,36): offs=[-36, -32, 4, 12, 20, 32, 40, 44, 56, 60, 76, 80, 100, 108]
    fan fg(34,36): offs=[-36, -34, 2, 4, 10, 14, 20, 22, 34, 38, 42, 56, 62, 74, 80, 102, 110]
    fan fg(12,38): offs=[-38, -12, 4, 6, 12, 20, 24, 36, 42, 60, 78]
    fan fg(26,38): offs=[-38, -26, 2, 10, 18, 22, 34, 42, 58, 62, 82, 106]
    fan fg(28,38): offs=[-38, -28, 2, 12, 32, 52, 62, 92]
    fan fg(30,38): offs=[-38, -30, 2, 10, 18, 34, 50, 58, 66, 106]
    fan fg(32,38): offs=[-38, -32, 2, 10, 12, 16, 28, 36, 52, 56, 70, 76, 94, 100]
    fan fg(34,38): offs=[-38, -34, 2, 10, 14, 18, 22, 38, 42, 58, 62, 74, 82, 106, 110]
    fan fg(36,38): offs=[-38, -36, 2, 4, 10, 12, 20, 24, 32, 36, 40, 44, 56, 60, 64, 78, 80, 84, 102, 108]
    fan fg(26,40): offs=[-40, -26, 2, 16, 30, 58, 100]
    fan fg(28,40): offs=[-40, -28, 4, 8, 12, 20, 36, 44, 52, 68, 80, 92]
    fan fg(30,40): offs=[-40, -30, 2, 4, 6, 10, 16, 18, 30, 34, 38, 50, 52, 66, 72, 90, 98]
    fan fg(32,40): offs=[-40, -32, 8, 16, 24, 32, 48, 56, 64, 72, 80, 96, 104]
    fan fg(34,40): offs=[-40, -34, 2, 8, 14, 20, 26, 32, 38, 44, 74, 86]
    fan fg(36,40): offs=[-40, -36, 4, 8, 12, 24, 28, 32, 36, 44, 48, 56, 60, 64, 80, 84]
    fan fg(38,40): offs=[-40, -38, 2, 4, 8, 24, 26, 32, 36, 44, 46, 48, 56, 60, 64, 70, 80, 88, 92, 104]
    fan fg(26,42): offs=[-42, -26, 6, 22, 38, 54, 70, 102]
    fan fg(28,42): offs=[-42, -28, 2, 4, 6, 10, 18, 30, 32, 34, 50, 54, 62, 78, 96, 102, 106]
    fan fg(30,42): offs=[-42, -30, 2, 10, 18, 30, 34, 50, 66, 70, 90, 110]
    fan fg(32,42): offs=[-42, -32, 2, 4, 8, 14, 22, 32, 36, 40, 44, 50, 58, 70, 76, 96, 108]
    fan fg(34,42): offs=[-42, -34, 6, 14, 22, 30, 38, 46, 54, 62, 102, 110]
    fan fg(36,42): offs=[-42, -36, 2, 6, 8, 10, 20, 24, 30, 40, 46, 48, 52, 56, 72, 82, 90, 92, 96, 102]
    fan fg(38,42): offs=[-42, -38, 2, 6, 10, 22, 26, 30, 34, 42, 46, 54, 58, 62, 78, 82]
    fan fg(40,42): offs=[-42, -40, 2, 4, 8, 10, 24, 26, 34, 44, 46, 48, 50, 56, 58, 62, 68, 80, 90, 92]
    fan fg(0,44): offs=[-44, 0, 16, 24, 32, 36, 48, 72, 108]
    fan fg(2,44): offs=[-44, -2, 2, 8, 14, 18, 22, 28, 30, 38, 46, 48, 94]
    fan fg(4,44): offs=[-44, -4, 4, 12, 28, 52, 100]
    fan fg(6,44): offs=[-44, -6, 2, 6, 10, 12, 18, 26, 30, 48, 58]
    fan fg(8,44): offs=[-44, -8, 4, 8, 16, 20, 24, 40, 48, 56, 76, 92, 104]
    fan fg(10,44): offs=[-44, -10, 2, 14, 22, 38, 42, 48, 54, 86, 94, 106]
    fan fg(14,44): offs=[-44, -14, 6, 16, 26, 36, 46, 56, 106]
    fan fg(16,44): offs=[-44, -16, 4, 8, 20, 24, 32, 56, 92, 108]
    fan fg(18,44): offs=[-44, -18, 2, 4, 20, 26, 38, 48, 58, 94, 96]
    fan fg(20,44): offs=[-44, -20, 4, 28, 52, 100]
    fan fg(22,44): offs=[-44, -22, 2, 4, 6, 10, 26, 30, 42, 56, 74, 82, 106]
    fan fg(24,44): offs=[-44, -24, 4, 8, 24, 32, 40, 56, 60, 72, 88]
    fan fg(26,44): offs=[-44, -26, 2, 6, 16, 28, 30, 40, 56, 58, 72, 88, 100, 104, 106]
    fan fg(28,44): offs=[-44, -28, 4, 20, 36, 52, 68, 100]
    fan fg(30,44): offs=[-44, -30, 2, 6, 10, 18, 20, 30, 34, 38, 50, 56, 66, 70, 90, 98, 106]
    fan fg(32,44): offs=[-44, -32, 4, 16, 28, 40, 52, 64, 76, 88, 100]
    fan fg(34,44): offs=[-44, -34, 2, 6, 20, 26, 38, 46, 56, 62, 74, 86, 110]
    fan fg(36,44): offs=[-44, -36, 4, 12, 20, 28, 36, 44, 52, 60, 100, 108]
    fan fg(40,44): offs=[-44, -40, 4, 8, 12, 16, 24, 28, 32, 48, 52, 56, 60, 68, 72, 76, 80, 88, 92, 100]
    fan fg(42,44): offs=[-44, -42, 2, 4, 6, 8, 12, 22, 24, 26, 32, 46, 50, 52, 56, 60, 68, 74, 88, 90, 96, 98, 106]
    fan fg(12,46): offs=[-46, -12, 4, 6, 10, 24, 32, 54, 58, 60, 110]
    fan fg(26,46): offs=[-46, -26, 2, 6, 10, 30, 42, 58, 74, 106, 110]
    fan fg(28,46): offs=[-46, -28, 2, 6, 8, 18, 32, 56, 58, 60, 62, 64, 110]
    fan fg(30,46): offs=[-46, -30, 2, 18, 34, 50, 66, 98]
    fan fg(32,46): offs=[-46, -32, 2, 4, 12, 14, 18, 22, 30, 36, 38, 54, 60, 70, 82, 90, 104, 106]
    fan fg(34,46): offs=[-46, -34, 2, 14, 38, 62, 74, 110]
    fan fg(36,46): offs=[-46, -36, 4, 24, 34, 44, 54, 64, 84, 104]
    fan fg(38,46): offs=[-46, -38, 2, 10, 18, 26, 34, 42, 50, 58, 98, 106]
    fan fg(40,46): offs=[-46, -40, 2, 8, 20, 26, 32, 44, 50, 56, 62, 68, 80, 86, 92]
    fan fg(42,46): offs=[-46, -42, 2, 6, 10, 26, 30, 34, 46, 50, 54, 58, 66, 74, 86, 98, 102]
M=48 K=26 D=[49] EB=[]: UNSAT [0.0s]
  first core 3 of 4395
  minimized 3 ({'fan': 1, 'straddle': 2}) [0s]
    straddle u=M+5 y=4M-45 z=4M+49
    straddle u=M+13 y=4M-41 z=4M+49
    fan fg(41,45): offs=[-45, -41, 3, 7, 11, 27, 31, 35, 47, 51, 55, 59, 67, 75, 87, 99, 103]
M=48 K=26 D=[1] EB=[96]: UNSAT [0.0s]
  first core 3 of 4395
  minimized 3 ({'straddle': 2, 'fan': 1}) [0s]
    straddle u=M+33 y=4M-55 z=4M+1
    straddle u=M+45 y=4M-49 z=4M+1
    fan fg(49,55): offs=[-55, -49, 3, 7, 15, 19, 21, 23, 25, 27, 29, 31, 41, 43, 51, 55, 61, 79, 81, 93, 95, 99, 103, 107]
M=48 K=26 D=[1] EB=[2]: UNSAT [0.0s]
  first core 2 of 4395
  minimized 2 ({'straddle': 2}) [0s]
    straddle u=M+16 y=4M-63 z=4M+2
    straddle u=M+17 y=4M-63 z=4M+1
