== e153 J-pencil: closure derivations for the 36 minimal forbidden sets ==
J=(1, 2): 2-cycle on (2,4); 6 facts
  0<1  [unit]
  0<2  [unit]
  1<4  [unit]
  2<1  [RT 0<1]
  4<2  [RT 0<2]
  2<4  [T 2<1, 1<4]
J=(1, 3): 2-cycle on (5,9); 6 facts
  1<3  [unit]
  1<5  [unit]
  3<9  [unit]
  5<3  [RT 1<3]
  9<5  [RT 1<5]
  5<9  [T 5<3, 3<9]
J=(1, 4): 2-cycle on (8,14); 6 facts
  2<5  [unit]
  2<8  [unit]
  5<14  [unit]
  8<5  [RT 2<5]
  14<8  [RT 2<8]
  8<14  [T 8<5, 5<14]
J=(1, 6): 2-cycle on (6,3); 8 facts
  0<1  [unit]
  1<3  [unit]
  0<6  [unit]
  3<12  [unit]
  0<3  [T 0<1, 1<3]
  12<6  [RT 0<6]
  3<6  [T 3<12, 12<6]
  6<3  [RT 0<3]
J=(1, 8): 2-cycle on (9,15); 12 facts
  1<3  [unit]
  3<7  [unit]
  4<9  [unit]
  7<15  [unit]
  3<14  [unit]
  5<3  [RT 1<3]
  5<7  [T 5<3, 3<7]
  14<9  [RT 4<9]
  3<9  [T 3<14, 14<9]
  9<7  [RT 5<7]
  15<9  [RT 3<9]
  9<15  [T 9<7, 7<15]
J=(2, 3): 2-cycle on (4,7); 6 facts
  0<2  [unit]
  1<4  [unit]
  2<7  [unit]
  4<2  [RT 0<2]
  7<4  [RT 1<4]
  4<7  [T 4<2, 2<7]
J=(2, 4): 2-cycle on (4,8); 6 facts
  0<2  [unit]
  0<4  [unit]
  2<8  [unit]
  4<2  [RT 0<2]
  8<4  [RT 0<4]
  4<8  [T 4<2, 2<8]
J=(2, 5): 2-cycle on (7,13); 6 facts
  1<4  [unit]
  1<7  [unit]
  4<13  [unit]
  7<4  [RT 1<4]
  13<7  [RT 1<7]
  7<13  [T 7<4, 4<13]
J=(2, 7): 2-cycle on (7,14); 11 facts
  0<2  [unit]
  1<4  [unit]
  2<6  [unit]
  6<14  [unit]
  0<7  [unit]
  4<2  [RT 0<2]
  7<4  [RT 1<4]
  4<6  [T 4<2, 2<6]
  4<14  [T 4<6, 6<14]
  14<7  [RT 0<7]
  7<14  [T 7<4, 4<14]
J=(2, 9): 2-cycle on (8,14); 12 facts
  0<2  [unit]
  2<6  [unit]
  3<8  [unit]
  6<14  [unit]
  2<13  [unit]
  4<2  [RT 0<2]
  4<6  [T 4<2, 2<6]
  13<8  [RT 3<8]
  2<8  [T 2<13, 13<8]
  8<6  [RT 4<6]
  14<8  [RT 2<8]
  8<14  [T 8<6, 6<14]
J=(2, 11): 2-cycle on (8,2); 15 facts
  0<2  [unit]
  2<6  [unit]
  3<8  [unit]
  6<14  [unit]
  1<13  [unit]
  2<15  [unit]
  4<2  [RT 0<2]
  4<6  [T 4<2, 2<6]
  13<8  [RT 3<8]
  1<8  [T 1<13, 13<8]
  8<6  [RT 4<6]
  15<8  [RT 1<8]
  8<14  [T 8<6, 6<14]
  2<8  [T 2<15, 15<8]
  8<2  [RL 8<14]
J=(3, 4): 2-cycle on (3,1); 9 facts
  0<3  [unit]
  1<5  [unit]
  3<9  [unit]
  1<6  [unit]
  6<3  [RT 0<3]
  9<5  [RT 1<5]
  3<5  [T 3<9, 9<5]
  1<3  [T 1<6, 6<3]
  3<1  [RL 3<5]
J=(3, 5): 2-cycle on (9,15); 6 facts
  1<5  [unit]
  3<9  [unit]
  5<15  [unit]
  9<5  [RT 1<5]
  15<9  [RT 3<9]
  9<15  [T 9<5, 5<15]
J=(3, 6): 2-cycle on (6,12); 6 facts
  0<3  [unit]
  0<6  [unit]
  3<12  [unit]
  6<3  [RT 0<3]
  12<6  [RT 0<6]
  6<12  [T 6<3, 3<12]
J=(3, 8): 2-cycle on (7,10); 16 facts
  0<3  [unit]
  1<5  [unit]
  3<9  [unit]
  5<13  [unit]
  1<10  [unit]
  0<9  [T 0<3, 3<9]
  9<5  [RT 1<5]
  3<5  [T 3<9, 9<5]
  0<5  [T 0<9, 9<5]
  7<5  [RT 3<5]
  10<5  [RT 0<5]
  7<13  [T 7<5, 5<13]
  10<13  [T 10<5, 5<13]
  7<1  [RL 7<13]
  10<7  [RL 10<13]
  7<10  [T 7<1, 1<10]
J=(3, 10): 2-cycle on (7,13); 12 facts
  1<5  [unit]
  2<7  [unit]
  3<9  [unit]
  5<13  [unit]
  1<12  [unit]
  9<5  [RT 1<5]
  12<7  [RT 2<7]
  3<5  [T 3<9, 9<5]
  1<7  [T 1<12, 12<7]
  7<5  [RT 3<5]
  13<7  [RT 1<7]
  7<13  [T 7<5, 5<13]
J=(3, 12): 2-cycle on (7,1); 15 facts
  1<5  [unit]
  2<7  [unit]
  3<9  [unit]
  5<13  [unit]
  0<12  [unit]
  1<14  [unit]
  9<5  [RT 1<5]
  12<7  [RT 2<7]
  3<5  [T 3<9, 9<5]
  0<7  [T 0<12, 12<7]
  7<5  [RT 3<5]
  14<7  [RT 0<7]
  7<13  [T 7<5, 5<13]
  1<7  [T 1<14, 14<7]
  7<1  [RL 7<13]
J=(4, 5): 2-cycle on (2,5); 11 facts
  0<4  [unit]
  2<8  [unit]
  5<14  [unit]
  0<5  [unit]
  8<4  [RT 0<4]
  14<8  [RT 2<8]
  2<4  [T 2<8, 8<4]
  5<8  [T 5<14, 14<8]
  2<0  [RL 2<4]
  5<2  [RL 5<8]
  2<5  [T 2<0, 0<5]
J=(4, 6): 2-cycle on (8,14); 6 facts
  0<4  [unit]
  2<8  [unit]
  4<14  [unit]
  8<4  [RT 0<4]
  14<8  [RT 2<8]
  8<14  [T 8<4, 4<14]
J=(4, 7): 2-cycle on (8,6); 11 facts
  0<4  [unit]
  1<6  [unit]
  2<8  [unit]
  4<15  [unit]
  8<4  [RT 0<4]
  2<4  [T 2<8, 8<4]
  8<15  [T 8<4, 4<15]
  6<4  [RT 2<4]
  8<1  [RL 8<15]
  6<8  [RL 6<4]
  8<6  [T 8<1, 1<6]
J=(4, 9): 2-cycle on (6,3); 20 facts
  0<4  [unit]
  2<8  [unit]
  4<12  [unit]
  5<14  [unit]
  0<9  [unit]
  8<4  [RT 0<4]
  14<8  [RT 2<8]
  2<4  [T 2<8, 8<4]
  5<8  [T 5<14, 14<8]
  5<4  [T 5<8, 8<4]
  2<0  [RL 2<4]
  6<4  [RT 2<4]
  3<4  [RT 5<4]
  6<12  [T 6<4, 4<12]
  3<2  [RL 3<4]
  6<0  [RL 6<12]
  3<0  [T 3<2, 2<0]
  6<9  [T 6<0, 0<9]
  3<6  [RL 3<0]
  6<3  [RL 6<9]
J=(4, 11): 2-cycle on (6,12); 12 facts
  0<4  [unit]
  1<6  [unit]
  2<8  [unit]
  4<12  [unit]
  0<11  [unit]
  8<4  [RT 0<4]
  11<6  [RT 1<6]
  2<4  [T 2<8, 8<4]
  0<6  [T 0<11, 11<6]
  6<4  [RT 2<4]
  12<6  [RT 0<6]
  6<12  [T 6<4, 4<12]
J=(5, 6): 2-cycle on (8,5); 9 facts
  0<5  [unit]
  5<15  [unit]
  1<8  [unit]
  2<10  [unit]
  10<5  [RT 0<5]
  15<8  [RT 1<8]
  2<5  [T 2<10, 10<5]
  5<8  [T 5<15, 15<8]
  8<5  [RT 2<5]
J=(5, 8): 2-cycle on (9,10); 27 facts
  0<5  [unit]
  1<7  [unit]
  2<9  [unit]
  4<13  [unit]
  5<15  [unit]
  1<10  [unit]
  3<14  [unit]
  10<5  [RT 0<5]
  13<7  [RT 1<7]
  4<7  [T 4<13, 13<7]
  1<5  [T 1<10, 10<5]
  4<1  [RL 4<7]
  9<5  [RT 1<5]
  4<10  [T 4<1, 1<10]
  9<13  [RL 9<5]
  2<5  [T 2<9, 9<5]
  9<15  [T 9<5, 5<15]
  9<7  [T 9<13, 13<7]
  8<5  [RT 2<5]
  9<3  [RL 9<15]
  5<7  [RT 9<7]
  8<7  [T 8<5, 5<7]
  9<14  [T 9<3, 3<14]
  8<9  [RL 8<7]
  9<4  [RL 9<14]
  10<9  [RT 8<9]
  9<10  [T 9<4, 4<10]
J=(6, 7): 2-cycle on (8,10); 20 facts
  0<6  [unit]
  1<8  [unit]
  3<12  [unit]
  4<14  [unit]
  0<7  [unit]
  4<15  [unit]
  15<8  [RT 1<8]
  14<7  [RT 0<7]
  4<8  [T 4<15, 15<8]
  4<7  [T 4<14, 14<7]
  4<0  [RL 4<8]
  12<8  [RT 4<8]
  10<7  [RT 4<7]
  4<6  [T 4<0, 0<6]
  3<8  [T 3<12, 12<8]
  10<13  [RL 10<7]
  8<6  [RT 4<6]
  13<8  [RT 3<8]
  10<8  [T 10<13, 13<8]
  8<10  [RL 8<6]
J=(6, 9): 2-cycle on (10,12); 26 facts
  0<6  [unit]
  1<8  [unit]
  3<12  [unit]
  4<14  [unit]
  0<9  [unit]
  2<13  [unit]
  3<15  [unit]
  12<6  [RT 0<6]
  15<8  [RT 1<8]
  3<6  [T 3<12, 12<6]
  3<8  [T 3<15, 15<8]
  9<6  [RT 3<6]
  13<8  [RT 3<8]
  9<12  [RL 9<6]
  2<8  [T 2<13, 13<8]
  14<8  [RT 2<8]
  4<8  [T 4<14, 14<8]
  4<0  [RL 4<8]
  4<6  [T 4<0, 0<6]
  4<9  [T 4<0, 0<9]
  8<6  [RT 4<6]
  14<9  [RT 4<9]
  8<10  [RL 8<6]
  14<12  [T 14<9, 9<12]
  12<10  [RT 8<10]
  10<12  [RT 14<12]
J=(6, 11): 2-cycle on (14,10); 23 facts
  0<6  [unit]
  1<8  [unit]
  3<12  [unit]
  4<14  [unit]
  2<15  [unit]
  12<6  [RT 0<6]
  15<8  [RT 1<8]
  3<6  [T 3<12, 12<6]
  2<8  [T 2<15, 15<8]
  9<6  [RT 3<6]
  14<8  [RT 2<8]
  9<12  [RL 9<6]
  4<8  [T 4<14, 14<8]
  15<12  [RT 9<12]
  4<0  [RL 4<8]
  2<12  [T 2<15, 15<12]
  4<6  [T 4<0, 0<6]
  2<6  [T 2<12, 12<6]
  8<6  [RT 4<6]
  10<6  [RT 2<6]
  8<10  [RL 8<6]
  10<14  [RL 10<6]
  14<10  [T 14<8, 8<10]
J=(7, 8): CLOSURE STALLS (16 facts)
J=(8, 9): CLOSURE STALLS (8 facts)
J=(8, 11): CLOSURE STALLS (7 facts)
J=(1, 10, 12): 2-cycle on (8,10); 33 facts
  0<1  [unit]
  1<3  [unit]
  2<5  [unit]
  3<7  [unit]
  7<15  [unit]
  0<10  [unit]
  1<12  [unit]
  1<14  [unit]
  0<3  [T 0<1, 1<3]
  5<3  [RT 1<3]
  8<5  [RT 2<5]
  5<7  [T 5<3, 3<7]
  5<15  [T 5<7, 7<15]
  6<3  [RT 0<3]
  8<15  [T 8<5, 5<15]
  9<7  [RT 5<7]
  6<9  [RL 6<3]
  8<1  [RL 8<15]
  9<11  [RL 9<7]
  6<11  [T 6<9, 9<11]
  8<12  [T 8<1, 1<12]
  8<14  [T 8<1, 1<14]
  6<1  [RL 6<11]
  8<4  [RL 8<12]
  6<12  [T 6<1, 1<12]
  0<4  [RT 8<4]
  6<0  [RL 6<12]
  6<4  [T 6<0, 0<4]
  6<10  [T 6<0, 0<10]
  6<8  [RL 6<4]
  14<10  [RT 6<10]
  10<8  [RT 6<8]
  8<10  [T 8<14, 14<10]
J=(4, 13, 15): 2-cycle on (3,9); 33 facts
  0<4  [unit]
  1<6  [unit]
  2<8  [unit]
  4<12  [unit]
  5<14  [unit]
  0<13  [unit]
  0<15  [unit]
  8<4  [RT 0<4]
  11<6  [RT 1<6]
  14<8  [RT 2<8]
  2<4  [T 2<8, 8<4]
  5<8  [T 5<14, 14<8]
  5<4  [T 5<8, 8<4]
  2<0  [RL 2<4]
  6<4  [RT 2<4]
  3<4  [RT 5<4]
  6<12  [T 6<4, 4<12]
  3<2  [RL 3<4]
  6<0  [RL 6<12]
  3<0  [T 3<2, 2<0]
  6<13  [T 6<0, 0<13]
  6<15  [T 6<0, 0<15]
  3<6  [RL 3<0]
  11<13  [T 11<6, 6<13]
  11<15  [T 11<6, 6<15]
  9<6  [RT 3<6]
  11<9  [RL 11<13]
  11<7  [RL 11<15]
  9<15  [T 9<6, 6<15]
  7<9  [RT 11<9]
  3<7  [RT 11<7]
  9<3  [RL 9<15]
  3<9  [T 3<7, 7<9]
J=(5, 10, 12): CLOSURE STALLS (26 facts)
J=(7, 10, 12): CLOSURE STALLS (19 facts)
J=(9, 10, 12): CLOSURE STALLS (9 facts)
J=(10, 11, 12): CLOSURE STALLS (8 facts)
-- summary: 29/36 closure-refuted; stalled: [(7, 8), (8, 9), (8, 11), (5, 10, 12), (7, 10, 12), (9, 10, 12), (10, 11, 12)]
J=(7, 8): SPLIT on (0,1) — both branches refute
  branch 0<1: 2-cycle on (9,5); 36 facts
    0<7  [unit]
    1<9  [unit]
    1<10  [unit]
    3<14  [unit]
    0<1  [unit]
    14<7  [RT 0<7]
    3<7  [T 3<14, 14<7]
    2<1  [RT 0<1]
    11<7  [RT 3<7]
    2<3  [RL 2<1]
    11<15  [RL 11<7]
    4<3  [RT 2<3]
    4<5  [RL 4<3]
    4<7  [T 4<3, 3<7]
    6<5  [RT 4<5]
    4<1  [RL 4<7]
    10<7  [RT 4<7]
    6<7  [RL 6<5]
    4<9  [T 4<1, 1<9]
    1<7  [T 1<10, 10<7]
    8<7  [RT 6<7]
    14<9  [RT 4<9]
    13<7  [RT 1<7]
    8<9  [RL 8<7]
    3<9  [T 3<14, 14<9]
    10<9  [RT 8<9]
    15<9  [RT 3<9]
    10<11  [RL 10<9]
    11<9  [T 11<15, 15<9]
    10<15  [T 10<11, 11<15]
    7<9  [RT 11<9]
    10<5  [RL 10<15]
    13<9  [T 13<7, 7<9]
    1<5  [T 1<10, 10<5]
    5<9  [RT 13<9]
    9<5  [RT 1<5]
  branch 1<0: 2-cycle on (1,3); 18 facts
    0<7  [unit]
    4<15  [unit]
    0<8  [unit]
    1<0  [unit]
    1<8  [T 1<0, 0<8]
    1<2  [RL 1<0]
    15<8  [RT 1<8]
    3<2  [RT 1<2]
    4<8  [T 4<15, 15<8]
    3<4  [RL 3<2]
    4<0  [RL 4<8]
    5<4  [RT 3<4]
    4<7  [T 4<0, 0<7]
    5<7  [T 5<4, 4<7]
    4<1  [RL 4<7]
    5<3  [RL 5<7]
    3<1  [T 3<4, 4<1]
    1<3  [RT 5<3]
J=(8, 9): DOUBLE SPLIT on (0,1) x (0,2) — all 4 branches refute (derivations suppressed)
J=(8, 11): DOUBLE SPLIT on (0,1) x (0,6) — all 4 branches refute (derivations suppressed)
J=(5, 10, 12): SPLIT on (0,2) — both branches refute
  branch 0<2: 2-cycle on (6,12); 29 facts
    0<5  [unit]
    2<9  [unit]
    3<11  [unit]
    5<15  [unit]
    1<12  [unit]
    0<2  [unit]
    10<5  [RT 0<5]
    10<15  [T 10<5, 5<15]
    4<2  [RT 0<2]
    4<6  [RL 4<2]
    4<9  [T 4<2, 2<9]
    8<6  [RT 4<6]
    14<9  [RT 4<9]
    8<10  [RL 8<6]
    12<10  [RT 8<10]
    8<15  [T 8<10, 10<15]
    12<14  [RL 12<10]
    8<1  [RL 8<15]
    12<9  [T 12<14, 14<9]
    8<12  [T 8<1, 1<12]
    6<9  [RT 12<9]
    8<4  [RL 8<12]
    6<3  [RL 6<9]
    0<4  [RT 8<4]
    6<11  [T 6<3, 3<11]
    0<6  [T 0<4, 4<6]
    6<1  [RL 6<11]
    12<6  [RT 0<6]
    6<12  [T 6<1, 1<12]
  branch 2<0: 2-cycle on (8,2); 17 facts
    0<5  [unit]
    5<15  [unit]
    0<10  [unit]
    1<14  [unit]
    2<0  [unit]
    2<5  [T 2<0, 0<5]
    2<10  [T 2<0, 0<10]
    2<4  [RL 2<0]
    8<5  [RT 2<5]
    6<4  [RT 2<4]
    8<15  [T 8<5, 5<15]
    6<8  [RL 6<4]
    8<1  [RL 8<15]
    10<8  [RT 6<8]
    8<14  [T 8<1, 1<14]
    2<8  [T 2<10, 10<8]
    8<2  [RL 8<14]
J=(7, 10, 12): SPLIT on (0,2) — both branches refute
  branch 0<2: 2-cycle on (6,1); 50 facts
    0<7  [unit]
    1<9  [unit]
    3<13  [unit]
    1<12  [unit]
    2<14  [unit]
    1<14  [unit]
    0<2  [unit]
    14<7  [RT 0<7]
    2<7  [T 2<14, 14<7]
    1<7  [T 1<14, 14<7]
    4<2  [RT 0<2]
    4<7  [T 4<2, 2<7]
    13<7  [RT 1<7]
    4<6  [RL 4<2]
    4<1  [RL 4<7]
    10<7  [RT 4<7]
    3<7  [T 3<13, 13<7]
    8<6  [RT 4<6]
    4<9  [T 4<1, 1<9]
    10<13  [RL 10<7]
    11<7  [RT 3<7]
    8<10  [RL 8<6]
    14<9  [RT 4<9]
    11<15  [RL 11<7]
    12<10  [RT 8<10]
    12<14  [RL 12<10]
    1<10  [T 1<12, 12<10]
    12<13  [T 12<10, 10<13]
    12<9  [T 12<14, 14<9]
    12<11  [RL 12<13]
    6<9  [RT 12<9]
    10<11  [RT 12<11]
    8<11  [T 8<10, 10<11]
    10<15  [T 10<11, 11<15]
    8<15  [T 8<11, 11<15]
    10<5  [RL 10<15]
    8<1  [RL 8<15]
    1<5  [T 1<10, 10<5]
    8<12  [T 8<1, 1<12]
    9<5  [RT 1<5]
    8<4  [RL 8<12]
    9<13  [RL 9<5]
    0<4  [RT 8<4]
    9<7  [T 9<13, 13<7]
    0<6  [T 0<4, 4<6]
    9<11  [RL 9<7]
    12<6  [RT 0<6]
    6<11  [T 6<9, 9<11]
    1<6  [T 1<12, 12<6]
    6<1  [RL 6<11]
  branch 2<0: 2-cycle on (5,2); 32 facts
    0<7  [unit]
    3<13  [unit]
    0<10  [unit]
    1<14  [unit]
    2<0  [unit]
    14<7  [RT 0<7]
    2<7  [T 2<0, 0<7]
    2<10  [T 2<0, 0<10]
    1<7  [T 1<14, 14<7]
    2<4  [RL 2<0]
    12<7  [RT 2<7]
    13<7  [RT 1<7]
    6<4  [RT 2<4]
    3<7  [T 3<13, 13<7]
    6<8  [RL 6<4]
    11<7  [RT 3<7]
    10<8  [RT 6<8]
    11<15  [RL 11<7]
    10<12  [RL 10<8]
    2<8  [T 2<10, 10<8]
    10<7  [T 10<12, 12<7]
    14<8  [RT 2<8]
    4<7  [RT 10<7]
    1<8  [T 1<14, 14<8]
    6<7  [T 6<4, 4<7]
    15<8  [RT 1<8]
    6<5  [RL 6<7]
    11<8  [T 11<15, 15<8]
    4<5  [RT 6<5]
    5<8  [RT 11<8]
    2<5  [T 2<4, 4<5]
    5<2  [RL 5<8]
J=(9, 10, 12): DOUBLE SPLIT on (0,1) x (0,2) — all 4 branches refute (derivations suppressed)
J=(10, 11, 12): DOUBLE SPLIT on (0,1) x (1,3) — all 4 branches refute (derivations suppressed)
-- split summary: 7/7 closed by splits; open: []
sizes: {'(1, 2)': 6, '(1, 3)': 6, '(1, 4)': 6, '(1, 6)': 8, '(1, 8)': 12, '(2, 3)': 6, '(2, 4)': 6, '(2, 5)': 6, '(2, 7)': 11, '(2, 9)': 12, '(2, 11)': 15, '(3, 4)': 9, '(3, 5)': 6, '(3, 6)': 6, '(3, 8)': 16, '(3, 10)': 12, '(3, 12)': 15, '(4, 5)': 11, '(4, 6)': 6, '(4, 7)': 11, '(4, 9)': 20, '(4, 11)': 12, '(5, 6)': 9, '(5, 8)': 27, '(6, 7)': 20, '(6, 9)': 26, '(6, 11)': 23, '(1, 10, 12)': 33, '(4, 13, 15)': 33}
