e155 m=24:
  A m=24: ThW0 full=UNSAT; 1-drop all UNSAT: False; 2-drop all UNSAT: False (SAT at [(1, 4), (1, 6), (2, 4), (2, 6), (3, 4), (3, 6), (4, 5), (4, 6), (4, 7), (5, 6), (5, 7), (6, 7)])
  B m=24 W2e: 430 dead / 66 alive; alive gaps [1, 2, 3, 4, 5, 6, 7, 8]...; H-FG6: FAILS [(65, 66), (65, 67), (65, 68), (65, 69), (65, 70), (65, 71), (66, 67), (66, 68), (66, 69), (66, 70), (66, 71), (66, 72), (67, 68), (67, 69), (67, 70), (67, 71), (68, 69), (68, 70), (68, 71), (68, 72), (69, 70), (69, 71), (70, 72)]  [0s]
    SAT-validated 148 gap<=6 dead pairs [4s]
  B m=24 W2o: 433 dead / 63 alive; alive gaps [1, 2, 3, 4, 5, 6, 7, 8]...; H-FG6: FAILS [(65, 66), (65, 67), (65, 68), (65, 69), (65, 70), (65, 71), (66, 67), (66, 68), (66, 69), (66, 70), (66, 72), (67, 68), (67, 69), (67, 70), (67, 71), (68, 69), (68, 70), (68, 71), (68, 72), (69, 70), (69, 71), (70, 72)]  [1s]
    SAT-validated 149 gap<=6 dead pairs [5s]
e155 m=28:
  A m=28: ThW0 full=UNSAT; 1-drop all UNSAT: False; 2-drop all UNSAT: False (SAT at [(1, 6), (2, 6), (3, 6), (4, 6), (5, 6), (5, 7), (6, 7)])
  B m=28 W2e: 553 dead / 77 alive; alive gaps [1, 2, 3, 4, 5, 6, 7, 8]...; H-FG6: FAILS [(77, 78), (77, 79), (77, 80), (77, 81), (77, 82), (77, 83), (78, 79), (78, 80), (78, 81), (78, 82), (78, 84), (79, 80), (79, 81), (79, 82), (79, 83), (80, 81), (80, 82), (80, 83), (80, 84), (80, 86), (81, 82), (81, 83), (81, 85), (82, 84), (82, 86), (83, 87), (84, 88)]  [1s]
    SAT-validated 168 gap<=6 dead pairs [8s]
  B m=28 W2o: 555 dead / 75 alive; alive gaps [1, 2, 3, 4, 5, 6, 7, 8]...; H-FG6: FAILS [(77, 78), (77, 79), (77, 80), (77, 81), (77, 82), (77, 83), (78, 79), (78, 80), (78, 81), (78, 82), (78, 84), (79, 80), (79, 81), (79, 82), (79, 83), (80, 81), (80, 82), (80, 83), (80, 84), (81, 82), (81, 83), (81, 85), (82, 84), (82, 86), (83, 87), (84, 88)]  [1s]
    SAT-validated 169 gap<=6 dead pairs [9s]
e155 m=32:
  A m=32: ThW0 full=UNSAT; 1-drop all UNSAT: False; 2-drop all UNSAT: False (SAT at [(1, 4), (1, 6), (2, 4), (2, 6), (3, 4), (3, 6), (4, 5), (4, 6), (4, 7), (5, 6), (5, 7), (6, 7)])
  B m=32 W2e: 709 dead / 71 alive; alive gaps [1, 2, 3, 4, 5, 6, 7, 8]...; H-FG6: FAILS [(89, 90), (89, 91), (89, 92), (89, 93), (89, 94), (89, 95), (90, 91), (90, 92), (90, 93), (90, 94), (90, 95), (90, 96), (91, 92), (91, 93), (91, 94), (91, 95), (91, 96), (92, 93), (92, 94), (92, 95), (92, 96), (92, 98), (93, 94), (93, 95), (93, 96), (93, 97), (93, 98), (94, 95), (94, 96), (94, 98), (95, 99), (96, 100)]  [1s]
    SAT-validated 187 gap<=6 dead pairs [13s]
  B m=32 W2o: 719 dead / 61 alive; alive gaps [1, 2, 3, 4, 5, 6, 16, 24]...; H-FG6: FAILS [(89, 90), (89, 91), (89, 92), (89, 93), (89, 94), (89, 95), (90, 91), (90, 92), (90, 93), (90, 94), (90, 95), (90, 96), (91, 92), (91, 93), (91, 94), (91, 95), (91, 96), (92, 93), (92, 94), (92, 95), (92, 96), (93, 94), (93, 95), (93, 96), (93, 97), (94, 96), (94, 98), (95, 99), (96, 100)]  [1s]
    SAT-validated 190 gap<=6 dead pairs [13s]
e155 m=40:
  A m=40: ThW0 full=UNSAT; 1-drop all UNSAT: False; 2-drop all UNSAT: False (SAT at [(1, 4), (1, 6), (2, 4), (2, 6), (3, 4), (3, 6), (4, 5), (4, 6), (4, 7), (5, 6), (6, 7)])
  B m=40 W2e: 1046 dead / 82 alive; alive gaps [1, 2, 3, 4, 5, 6, 8, 12]...; H-FG6: FAILS [(113, 114), (113, 115), (113, 116), (113, 117), (113, 118), (113, 119), (114, 115), (114, 116), (114, 117), (114, 118), (114, 119), (114, 120), (115, 116), (115, 117), (115, 118), (115, 119), (115, 120), (115, 121), (116, 117), (116, 118), (116, 119), (116, 120), (116, 122), (117, 118), (117, 119), (117, 120), (117, 121), (117, 122), (118, 119), (118, 120), (118, 122), (119, 123), (120, 124)]  [3s]
    SAT-validated 234 gap<=6 dead pairs [47s]
  B m=40 W2o: 1049 dead / 79 alive; alive gaps [1, 2, 3, 4, 5, 6, 8, 16]...; H-FG6: FAILS [(113, 114), (113, 115), (113, 116), (113, 117), (113, 118), (113, 119), (114, 115), (114, 116), (114, 117), (114, 118), (114, 119), (114, 120), (115, 116), (115, 117), (115, 118), (115, 119), (115, 120), (115, 121), (116, 117), (116, 118), (116, 119), (116, 120), (116, 122), (117, 118), (117, 119), (117, 120), (117, 121), (118, 120), (118, 122), (119, 123), (120, 124)]  [3s]
    SAT-validated 236 gap<=6 dead pairs [32s]
e155: done [24, 28, 32, 40]
  e155b m=24 W2e: 66 closure-alive -> 46 SAT-alive; gaps [4, 8, 12, 16, 20, 24, 28]; with CW-zone member: 34 [(65, 69), (65, 73), (65, 77), (65, 81), (65, 89), (65, 93), (66, 70), (66, 74), (66, 78), (66, 82)] [2s]
  e155b m=24 W2o: 63 closure-alive -> 44 SAT-alive; gaps [4, 8, 12, 16, 24, 28]; with CW-zone member: 33 [(65, 69), (65, 73), (65, 77), (65, 81), (65, 89), (65, 93), (66, 70), (66, 74), (66, 78), (66, 82)] [2s]
  e155b m=28 W2e: 77 closure-alive -> 48 SAT-alive; gaps [8, 16, 24, 32]; with CW-zone member: 25 [(77, 85), (77, 93), (77, 101), (77, 109), (78, 86), (78, 94), (78, 102), (78, 110), (79, 87), (79, 95)] [4s]
  e155b m=28 W2o: 75 closure-alive -> 48 SAT-alive; gaps [8, 16, 24, 32]; with CW-zone member: 25 [(77, 85), (77, 93), (77, 101), (77, 109), (78, 86), (78, 94), (78, 102), (78, 110), (79, 87), (79, 95)] [4s]
  e155b m=32 W2e: 71 closure-alive -> 36 SAT-alive; gaps [8, 16, 24, 32]; with CW-zone member: 21 [(89, 105), (89, 113), (89, 121), (90, 106), (90, 114), (90, 122), (91, 107), (91, 115), (91, 123), (92, 108)] [6s]
  e155b m=32 W2o: 61 closure-alive -> 32 SAT-alive; gaps [16, 24, 32]; with CW-zone member: 21 [(89, 105), (89, 113), (89, 121), (90, 106), (90, 114), (90, 122), (91, 107), (91, 115), (91, 123), (92, 108)] [4s]
  e155b m=40 W2e: 82 closure-alive -> 48 SAT-alive; gaps [8, 16, 32, 40]; with CW-zone member: 28 [(113, 121), (113, 129), (113, 145), (113, 153), (114, 122), (114, 130), (114, 146), (114, 154), (115, 123), (115, 131)] [33s]
  e155b m=40 W2o: 79 closure-alive -> 48 SAT-alive; gaps [8, 16, 32, 40]; with CW-zone member: 28 [(113, 121), (113, 129), (113, 145), (113, 153), (114, 122), (114, 130), (114, 146), (114, 154), (115, 123), (115, 131)] [14s]
e155b: done
e155 m=48:
  A m=48: ThW0 full=UNSAT; 1-drop all UNSAT: False; 2-drop all UNSAT: False (SAT at [(1, 4), (1, 6), (2, 4), (2, 6), (3, 4), (3, 6), (4, 5), (4, 6), (4, 7), (5, 6), (6, 7)])
  B m=48 W2e: 1449 dead / 91 alive; alive gaps [1, 2, 3, 4, 5, 6, 7, 8]...; H-FG6: FAILS [(137, 138), (137, 139), (137, 140), (137, 141), (137, 142), (137, 143), (138, 139), (138, 140), (138, 141), (138, 142), (138, 143), (138, 144), (139, 140), (139, 141), (139, 142), (139, 143), (139, 144), (139, 145), (140, 141), (140, 142), (140, 143), (140, 144), (140, 145), (140, 146), (141, 142), (141, 143), (141, 144), (141, 145), (141, 146), (142, 143), (142, 144), (142, 146), (143, 144), (143, 147), (144, 148)]  [7s]
    SAT-validated 40 gap<=6 dead pairs [12s]
  B m=48 W2o: 1458 dead / 82 alive; alive gaps [1, 2, 3, 4, 5, 6, 7, 16]...; H-FG6: FAILS [(137, 138), (137, 139), (137, 140), (137, 141), (137, 142), (137, 143), (138, 139), (138, 140), (138, 141), (138, 142), (138, 143), (138, 144), (139, 140), (139, 141), (139, 142), (139, 143), (139, 144), (139, 145), (140, 141), (140, 142), (140, 143), (140, 144), (140, 145), (140, 146), (141, 142), (141, 143), (141, 144), (141, 145), (141, 146), (142, 144), (142, 146), (143, 147), (144, 148)]  [7s]
    SAT-validated 40 gap<=6 dead pairs [12s]
e155 m=56:
  A m=56: ThW0 full=UNSAT; 1-drop all UNSAT: False; 2-drop all UNSAT: False (SAT at [(1, 4), (1, 6), (2, 4), (2, 6), (3, 4), (3, 6), (4, 5), (4, 6), (4, 7), (5, 6), (6, 7)])
  B m=56 W2e: 1897 dead / 119 alive; alive gaps [1, 2, 3, 4, 5, 6, 7, 8]...; H-FG6: FAILS [(161, 162), (161, 163), (161, 164), (161, 165), (161, 166), (161, 167), (162, 163), (162, 164), (162, 165), (162, 166), (162, 167), (162, 168), (163, 164), (163, 165), (163, 166), (163, 167), (163, 168), (163, 169), (164, 165), (164, 166), (164, 167), (164, 168), (164, 169), (164, 170), (165, 166), (165, 167), (165, 168), (165, 169), (165, 170), (165, 171), (166, 167), (166, 168), (166, 170), (166, 172), (167, 168), (167, 171), (168, 172)]  [14s]
    SAT-validated 40 gap<=6 dead pairs [21s]
  B m=56 W2o: 1904 dead / 112 alive; alive gaps [1, 2, 3, 4, 5, 6, 7, 8]...; H-FG6: FAILS [(161, 162), (161, 163), (161, 164), (161, 165), (161, 166), (161, 167), (162, 163), (162, 164), (162, 165), (162, 166), (162, 167), (162, 168), (163, 164), (163, 165), (163, 166), (163, 167), (163, 168), (163, 169), (164, 165), (164, 166), (164, 167), (164, 168), (164, 169), (164, 170), (165, 166), (165, 167), (165, 168), (165, 169), (165, 170), (165, 171), (166, 168), (166, 170), (166, 172), (167, 171), (168, 172)]  [17s]
    SAT-validated 40 gap<=6 dead pairs [20s]
e155: done [48, 56]
  e155b m=48 W2e: 91 closure-alive -> 51 SAT-alive; gaps [8, 16, 24, 32, 48]; with CW-zone member: 21 [(137, 153), (137, 169), (137, 185), (138, 154), (138, 170), (138, 186), (139, 155), (139, 171), (139, 187), (140, 156)] [24s]
  e155b m=48 W2o: 82 closure-alive -> 48 SAT-alive; gaps [16, 32, 48]; with CW-zone member: 21 [(137, 153), (137, 169), (137, 185), (138, 154), (138, 170), (138, 186), (139, 155), (139, 171), (139, 187), (140, 156)] [25s]
  e155b m=56 W2e: 119 closure-alive -> 67 SAT-alive; gaps [8, 16, 24, 32, 48, 56]; with CW-zone member: 21 [(161, 177), (161, 193), (161, 209), (162, 178), (162, 194), (162, 210), (163, 179), (163, 195), (163, 211), (164, 180)] [53s]
