A4a_xi1: x=[49, 57, 65] ALL BRANCHES CLOSE
A4a_xi3: x=[43, 51, 59] ALL BRANCHES CLOSE
A4a_xi5: x=[45, 53, 61] ALL BRANCHES CLOSE
A4a_xi7: x=[47, 55, 63] ALL BRANCHES CLOSE
A4d_xi1: x=[49, 57, 65] ALL BRANCHES CLOSE
A4d_xi3: x=[43, 51, 59] ALL BRANCHES CLOSE
A4d_xi5: x=[45, 53, 61] ALL BRANCHES CLOSE
A4d_xi7: x=[47, 55, 63] ALL BRANCHES CLOSE
B2_xi1: x=[49, 57, 65] ALL BRANCHES CLOSE
B2_xi3: x=[43, 51, 59] ALL BRANCHES CLOSE
B2_xi5: x=[45, 53, 61] ALL BRANCHES CLOSE
B2_xi7: x=[47, 55, 63] ALL BRANCHES CLOSE
B6_xi1: x=[49, 57, 65] ALL BRANCHES CLOSE
B6_xi3: x=[43, 51, 59] ALL BRANCHES CLOSE
B6_xi5: x=[45, 53, 61] ALL BRANCHES CLOSE
B6_xi7: x=[47, 55, 63] ALL BRANCHES CLOSE
C_xi1: x=[49, 57, 65] ALL BRANCHES CLOSE
C_xi3: x=[43, 51, 59] ALL BRANCHES CLOSE
C_xi5: x=[45, 53, 61] ALL BRANCHES CLOSE
C_xi7: x=[47, 55, 63] ALL BRANCHES CLOSE
K1_xi1: x=[49, 57, 65] ALL BRANCHES CLOSE
K1_xi3: x=[43, 51, 59] ALL BRANCHES CLOSE
K1_xi5: x=[45, 53, 61] ALL BRANCHES CLOSE
K1_xi7: x=[47, 55, 63] ALL BRANCHES CLOSE
K3_xi1: x=[49, 57, 65] ALL BRANCHES CLOSE
K3_xi3: x=[43, 51, 59] ALL BRANCHES CLOSE
K3_xi5: x=[45, 53, 61] ALL BRANCHES CLOSE
K3_xi7: x=[47, 55, 63] ALL BRANCHES CLOSE
K4e_xi1: x=[49, 57, 65] ALL BRANCHES CLOSE
K4e_xi3: x=[43, 51, 59] ALL BRANCHES CLOSE
K4e_xi5: x=[45, 53, 61] ALL BRANCHES CLOSE
K4e_xi7: x=[47, 55, 63] ALL BRANCHES CLOSE
K7_xi1: x=[49, 57, 65] ALL BRANCHES CLOSE
K7_xi3: x=[43, 51, 59] ALL BRANCHES CLOSE
K7_xi5: x=[45, 53, 61] ALL BRANCHES CLOSE
K7_xi7: x=[47, 55, 63] ALL BRANCHES CLOSE
DEEP-X SWEEP: ALL OK
