[smoke-ctl] M=64 att=[15, 16] |D|=0 n=64: UNSAT [0.0s]
[smoke-c3] M=64 att=[15, 16] |D|=16 n=48: SAT [0.0s]
[LATRUNG-ctl] M=128 att=[15, 16] |D|=0 n=128: UNSAT [0.5s]
[LATRUNG-c0] M=128 att=[15, 16] |D|=32 n=96: SAT [0.3s]
[SPARSE-ctl27] M=112 att=[27, 28] sparse=True cap=None: SAT D=23 mingap=3 mod4=[0, 1, 2, 3] [0.9s]
[LATRUNG-c1] M=128 att=[15, 16] |D|=32 n=96: SAT [0.3s]
[SPARSE-15+27] M=64 att=[15, 16, 27, 28] sparse=True cap=None: SAT D=17 mingap=3 mod4=[0, 1, 2, 3] [0.4s]
[LATRUNG-c2] M=128 att=[15, 16] |D|=32 n=96: SAT [0.3s]
[LATRUNG-c3] M=128 att=[15, 16] |D|=32 n=96: SAT [0.2s]
[SPARSE-17+25] M=64 att=[17, 18, 25, 26] sparse=True cap=None: SAT D=18 mingap=3 mod4=[0, 1, 2, 3] [0.3s]
[SPARSE-15+27] M=96 att=[15, 16, 27, 28] sparse=True cap=None: SAT D=19 mingap=3 mod4=[0, 1, 2] [0.6s]
[LATRUNG-ctl] M=128 att=[17, 18] |D|=0 n=128: UNSAT [0.8s]
[LATRUNG-c0] M=128 att=[17, 18] |D|=32 n=96: SAT [0.3s]
[SPARSE-17+25] M=96 att=[17, 18, 25, 26] sparse=True cap=None: SAT D=21 mingap=3 mod4=[0, 1, 2, 3] [0.6s]
[LATRUNG-c1] M=128 att=[17, 18] |D|=32 n=96: SAT [0.2s]
[LATRUNG-c2] M=128 att=[17, 18] |D|=32 n=96: UNSAT [0.3s]
[LATRUNG-c3] M=128 att=[17, 18] |D|=32 n=96: SAT [0.3s]
[LATRUNG-ctl] M=128 att=[25, 26] |D|=0 n=128: UNSAT [0.7s]
[SPARSE-15+27] M=128 att=[15, 16, 27, 28] sparse=True cap=None: SAT D=30 mingap=3 mod4=[0, 1, 3] [1.6s]
[LATRUNG-c0] M=128 att=[25, 26] |D|=32 n=96: SAT [0.3s]
[LATRUNG-c1] M=128 att=[25, 26] |D|=32 n=96: UNSAT [0.4s]
[LATRUNG-c2] M=128 att=[25, 26] |D|=32 n=96: UNSAT [0.1s]
[LATRUNG-c3] M=128 att=[25, 26] |D|=32 n=96: SAT [0.3s]
[LATRUNG-ctl] M=128 att=[27, 28] |D|=0 n=128: UNSAT [0.7s]
[SPARSE-17+25] M=128 att=[17, 18, 25, 26] sparse=True cap=None: SAT D=35 mingap=3 mod4=[0, 1, 2, 3] [1.9s]
[sparse] done 6.5s
[LATRUNG-c0] M=128 att=[27, 28] |D|=32 n=96: UNSAT [0.3s]
[LATRUNG-c1] M=128 att=[27, 28] |D|=32 n=96: SAT [0.2s]
[LATRUNG-c2] M=128 att=[27, 28] |D|=32 n=96: SAT [0.3s]
[LATRUNG-c3] M=128 att=[27, 28] |D|=32 n=96: UNSAT [0.3s]
[LATRUNG-ctl] M=256 att=[15, 16] |D|=0 n=256: UNSAT [6.7s]
[LATRUNG-c0] M=256 att=[15, 16] |D|=64 n=192: UNSAT [2.5s]
[LATRUNG-c1] M=256 att=[15, 16] |D|=64 n=192: SAT [1.9s]
[LATRUNG-c2] M=256 att=[15, 16] |D|=64 n=192: SAT [1.7s]
[LATRUNG-c3] M=256 att=[15, 16] |D|=64 n=192: SAT [1.7s]
[LATRUNG-ctl] M=256 att=[17, 18] |D|=0 n=256: UNSAT [3.7s]
[LATRUNG-c0] M=256 att=[17, 18] |D|=64 n=192: SAT [1.6s]
[LATRUNG-c1] M=256 att=[17, 18] |D|=64 n=192: UNSAT [1.9s]
[LATRUNG-c2] M=256 att=[17, 18] |D|=64 n=192: UNSAT [1.8s]
[LATRUNG-c3] M=256 att=[17, 18] |D|=64 n=192: SAT [1.6s]
[LATRUNG-ctl] M=256 att=[25, 26] |D|=0 n=256: UNSAT [4.0s]
[LATRUNG-c0] M=256 att=[25, 26] |D|=64 n=192: SAT [1.5s]
[LATRUNG-c1] M=256 att=[25, 26] |D|=64 n=192: UNSAT [2.0s]
[LATRUNG-c2] M=256 att=[25, 26] |D|=64 n=192: UNSAT [2.0s]
[LATRUNG-c3] M=256 att=[25, 26] |D|=64 n=192: SAT [1.7s]
[LATRUNG-ctl] M=256 att=[27, 28] |D|=0 n=256: UNSAT [5.7s]
[LATRUNG-c0] M=256 att=[27, 28] |D|=64 n=192: UNSAT [3.9s]
[LATRUNG-c1] M=256 att=[27, 28] |D|=64 n=192: SAT [4.2s]
[LATRUNG-c2] M=256 att=[27, 28] |D|=64 n=192: SAT [3.0s]
[LATRUNG-c3] M=256 att=[27, 28] |D|=64 n=192: UNSAT [4.4s]
[latrung] done 67.3s
[JOINT-15+27-c0] M=128 att=[15, 16, 27, 28] |D|=32 n=96: UNSAT [0.6s]
[JOINT-15+27-c1] M=128 att=[15, 16, 27, 28] |D|=32 n=96: SAT [0.5s]
[JOINT-15+27-c2] M=128 att=[15, 16, 27, 28] |D|=32 n=96: SAT [0.4s]
[JOINT-15+27-c3] M=128 att=[15, 16, 27, 28] |D|=32 n=96: UNSAT [0.5s]
[JOINT-17+25-c0] M=128 att=[17, 18, 25, 26] |D|=32 n=96: SAT [0.3s]
[JOINT-17+25-c1] M=128 att=[17, 18, 25, 26] |D|=32 n=96: UNSAT [0.4s]
[JOINT-17+25-c2] M=128 att=[17, 18, 25, 26] |D|=32 n=96: UNSAT [0.3s]
[JOINT-17+25-c3] M=128 att=[17, 18, 25, 26] |D|=32 n=96: SAT [0.3s]
[JOINT-15+27-c0] M=256 att=[15, 16, 27, 28] |D|=64 n=192: UNSAT [3.5s]
[JOINT-15+27-c1] M=256 att=[15, 16, 27, 28] |D|=64 n=192: SAT [3.4s]
[JOINT-15+27-c2] M=256 att=[15, 16, 27, 28] |D|=64 n=192: SAT [3.3s]
[JOINT-15+27-c3] M=256 att=[15, 16, 27, 28] |D|=64 n=192: UNSAT [2.5s]
[JOINT-17+25-c0] M=256 att=[17, 18, 25, 26] |D|=64 n=192: SAT [2.6s]
[JOINT-17+25-c1] M=256 att=[17, 18, 25, 26] |D|=64 n=192: UNSAT [2.6s]
[JOINT-17+25-c2] M=256 att=[17, 18, 25, 26] |D|=64 n=192: UNSAT [2.4s]
[JOINT-17+25-c3] M=256 att=[17, 18, 25, 26] |D|=64 n=192: SAT [2.2s]
[joint] done 27.1s
[QVER] chart exactness: 44 cells, fail=[]
[QVER] AP transport: 44400 triples, fail=0
[QVER] C3(p) units in R fired set: 6 cells, fail=[]
[QVER-R39] M=128 att=[39, 40] |D|=0 n=128: UNSAT [0.3s]
[QVER] h4096_F64: n_pure per block t>=5: [4, 2, 4, 4, 4, 4, 4]; img clean blocks: [{'t': 10, 'c': 0, 'team': 'B', 'clean': True}, {'t': 11, 'c': 0, 'team': 'B', 'clean': True}]
[QVER] h4096_lin4: n_pure per block t>=5: [0, 1, 4, 4, 4, 4, 4]; img clean blocks: [{'t': 10, 'c': 0, 'team': 'B', 'clean': True}, {'t': 11, 'c': 0, 'team': 'B', 'clean': True}]
[QVER] h8192_F64: n_pure per block t>=5: [4, 4, 4, 4, 4, 4, 4, 4]; img clean blocks: [{'t': 11, 'c': 0, 'team': 'B', 'clean': True}, {'t': 12, 'c': 0, 'team': 'B', 'clean': True}]
[QVER] pureL3: n_pure per block t>=5: [4, 4, 4, 4, 4, 4]; img clean blocks: [{'t': 9, 'c': 0, 'team': 'B', 'clean': True}, {'t': 10, 'c': 0, 'team': 'B', 'clean': True}]
[QVER] altw: n_pure per block t>=5: [1, 0, 0, 0, 0, 0, 0]; img clean blocks: []
[qverify] done 0.3s
[GENESON] t<=200: full-section hits=2 [{'t': 2, 'full_classes': [0, 1, 2, 3]}, {'t': 4, 'full_classes': [0, 1, 2, 3]}]
[geneson] done 0.1s
[QVER] chart exactness: 44 cells, fail=[]
[QVER] AP transport: 44400 triples, fail=0
[QVER] C3(p) units in R fired set: 6 cells, fail=[]
[QVER-R39] M=128 att=[39, 40] |D|=0 n=128: UNSAT [0.6s]
[QVER] h4096_F64: n_pure per block t>=5: [4, 2, 4, 4, 4, 4, 4]; img clean blocks: [{'t': 10, 'c': 0, 'team': 'B', 'clean': True}, {'t': 11, 'c': 0, 'team': 'B', 'clean': True}]
[QVER] h4096_lin4: n_pure per block t>=5: [0, 1, 4, 4, 4, 4, 4]; img clean blocks: [{'t': 10, 'c': 0, 'team': 'B', 'clean': True}, {'t': 11, 'c': 0, 'team': 'B', 'clean': True}]
[QVER] h8192_F64: n_pure per block t>=5: [4, 4, 4, 4, 4, 4, 4, 4]; img clean blocks: [{'t': 11, 'c': 0, 'team': 'B', 'clean': True}, {'t': 12, 'c': 0, 'team': 'B', 'clean': True}]
[QVER] pureL3: n_pure per block t>=5: [4, 4, 4, 4, 4, 4]; img clean blocks: [{'t': 9, 'c': 0, 'team': 'B', 'clean': True}, {'t': 10, 'c': 0, 'team': 'B', 'clean': True}]
[QVER] altw: n_pure per block t>=5: [1, 0, 0, 0, 0, 0, 0]; img clean blocks: []
[qverify] done 0.7s
[GENESON] t<=200: full-section hits=2 [{'t': 2, 'full_classes': [0, 1, 2, 3]}, {'t': 4, 'full_classes': [0, 1, 2, 3]}]
[geneson] done 0.1s
[HSPLIT] {"part": "hsplit", "hor": 4096, "D": 2, "F": 64, "u0": 64, "k8": true, "verdict": "UNSAT", "secs": 38.4}
[hsplit64] done 38.9s
[HSPLIT] {"part": "hsplit", "hor": 2048, "D": 2, "F": 64, "u0": 64, "k8": true, "verdict": "UNSAT", "secs": 19.0}
[hsplit64ctl] done 19.0s
[HSPLIT] {"part": "hsplit", "hor": 2048, "D": 2, "F": 64, "u0": 64, "k8": true, "burnin": 6, "verdict": "UNSAT", "secs": 16.5}
[HSPLIT] {"part": "hsplit", "hor": 4096, "D": 2, "F": 64, "u0": 64, "k8": true, "burnin": 6, "verdict": "UNSAT", "secs": 40.0}
[HSPLIT] {"part": "hsplit", "hor": 2048, "D": 2, "F": 64, "u0": 64, "k8": true, "burnin": 8, "verdict": "UNSAT", "secs": 19.3}
[HSPLIT] {"part": "hsplit", "hor": 4096, "D": 2, "F": 64, "u0": 64, "k8": true, "burnin": 8, "verdict": "UNSAT", "secs": 38.6}
[HSPLIT] {"part": "hsplit", "hor": 2048, "D": 2, "F": 64, "u0": 64, "k8": true, "burnin": 10, "verdict": "UNSAT", "secs": 20.0}
[HSPLIT] {"part": "hsplit", "hor": 4096, "D": 2, "F": 64, "u0": 64, "k8": true, "burnin": 10, "verdict": "UNSAT", "secs": 36.8}
[hsplitburn] done 172.0s
[QVER] chart exactness: 44 cells, fail=[]
[QVER] AP transport: 44400 triples, fail=0
[QVER] C3(p) units in R fired set: 6 cells, fail=[]
[QVER-R39] M=128 att=[39, 40] |D|=0 n=128: UNSAT [0.6s]
[QVER] h4096_F64: n_pure per block t>=5: [4, 2, 4, 4, 4, 4, 4]; img clean blocks: [{'t': 10, 'c': 0, 'team': 'B', 'clean': True}, {'t': 11, 'c': 0, 'team': 'B', 'clean': True}]
[QVER] h4096_lin4: n_pure per block t>=5: [0, 1, 4, 4, 4, 4, 4]; img clean blocks: [{'t': 10, 'c': 0, 'team': 'B', 'clean': True}, {'t': 11, 'c': 0, 'team': 'B', 'clean': True}]
[QVER] h8192_F64: n_pure per block t>=5: [4, 4, 4, 4, 4, 4, 4, 4]; img clean blocks: [{'t': 11, 'c': 0, 'team': 'B', 'clean': True}, {'t': 12, 'c': 0, 'team': 'B', 'clean': True}]
[QVER] pureL3: n_pure per block t>=5: [4, 4, 4, 4, 4, 4]; img clean blocks: [{'t': 9, 'c': 0, 'team': 'B', 'clean': True}, {'t': 10, 'c': 0, 'team': 'B', 'clean': True}]
[QVER] altw: n_pure per block t>=5: [1, 0, 0, 0, 0, 0, 0]; img clean blocks: []
[qverify] done 0.6s
[GENESON] t<=200: full-section hits=2 [{'t': 2, 'full_classes': [0, 1, 2, 3]}, {'t': 4, 'full_classes': [0, 1, 2, 3]}]
[geneson] done 0.1s
[HSPLIT] {"part": "hsplit", "hor": 4096, "D": 2, "F": 64, "u0": 64, "k8": true, "burnin": 6, "verdict": "UNSAT", "secs": 33.5}
[hsplit64] done 34.1s
[HSPLIT] {"part": "hsplit", "hor": 2048, "D": 2, "F": 64, "u0": 64, "k8": true, "burnin": 6, "verdict": "UNSAT", "secs": 13.5}
[hsplit64ctl] done 13.5s
