K=46: initial triple core 381 (0s)
  ... 0/380 (0s)
  ... 0/359 (0s)
  ... 0/358 (0s)
  ... 0/325 (0s)
  ... 0/309 (0s)
  ... 0/306 (0s)
  ... 0/303 (0s)
  ... 0/299 (0s)
  ... 0/297 (0s)
  ... 0/290 (0s)
  ... 0/257 (0s)
  ... 0/250 (0s)
  ... 0/247 (0s)
  ... 0/224 (0s)
  ... 0/218 (0s)
  ... 0/211 (0s)
  ... 0/170 (0s)
  ... 0/169 (0s)
  ... 0/168 (0s)
  ... 0/156 (0s)
  ... 0/138 (0s)
  ... 0/130 (0s)
  ... 0/127 (0s)
  ... 0/125 (0s)
  ... 0/122 (0s)
  ... 0/115 (0s)
  ... 0/109 (0s)
  ... 0/104 (0s)
  ... 0/88 (0s)
  ... 0/85 (0s)
  ... 0/80 (0s)
  ... 0/78 (0s)
  ... 20/64 (0s)
  ... 40/64 (1s)
  ... 60/61 (1s)
MUS (61 triples):
  (47, 67, 87)  (offsets 1,21,41; top-offsets 45,25,5)
  (47, 69, 91)  (offsets 1,23,45; top-offsets 45,23,1)
  (48, 60, 72)  (offsets 2,14,26; top-offsets 44,32,20)
  (48, 66, 84)  (offsets 2,20,38; top-offsets 44,26,8)
  (49, 61, 73)  (offsets 3,15,27; top-offsets 43,31,19)
  (49, 65, 81)  (offsets 3,19,35; top-offsets 43,27,11)
  (49, 66, 83)  (offsets 3,20,37; top-offsets 43,26,9)
  (50, 59, 68)  (offsets 4,13,22; top-offsets 42,33,24)
  (50, 66, 82)  (offsets 4,20,36; top-offsets 42,26,10)
  (51, 65, 79)  (offsets 5,19,33; top-offsets 41,27,13)
  (51, 67, 83)  (offsets 5,21,37; top-offsets 41,25,9)
  (52, 72, 92)  (offsets 6,26,46; top-offsets 40,20,0)
  (53, 61, 69)  (offsets 7,15,23; top-offsets 39,31,23)
  (53, 65, 77)  (offsets 7,19,31; top-offsets 39,27,15)
  (54, 66, 78)  (offsets 8,20,32; top-offsets 38,26,14)
  (54, 72, 90)  (offsets 8,26,44; top-offsets 38,20,2)
  (55, 63, 71)  (offsets 9,17,25; top-offsets 37,29,21)
  (55, 67, 79)  (offsets 9,21,33; top-offsets 37,25,13)
  (55, 73, 91)  (offsets 9,27,45; top-offsets 37,19,1)
  (59, 67, 75)  (offsets 13,21,29; top-offsets 33,25,17)
  (59, 68, 77)  (offsets 13,22,31; top-offsets 33,24,15)
  (59, 69, 79)  (offsets 13,23,33; top-offsets 33,23,13)
  (59, 71, 83)  (offsets 13,25,37; top-offsets 33,21,9)
  (59, 73, 87)  (offsets 13,27,41; top-offsets 33,19,5)
  (60, 66, 72)  (offsets 14,20,26; top-offsets 32,26,20)
  (60, 72, 84)  (offsets 14,26,38; top-offsets 32,20,8)
  (61, 67, 73)  (offsets 15,21,27; top-offsets 31,25,19)
  (61, 69, 77)  (offsets 15,23,31; top-offsets 31,23,15)
  (61, 71, 81)  (offsets 15,25,35; top-offsets 31,21,11)
  (61, 73, 85)  (offsets 15,27,39; top-offsets 31,19,7)
  (63, 66, 69)  (offsets 17,20,23; top-offsets 29,26,23)
  (63, 67, 71)  (offsets 17,21,25; top-offsets 29,25,21)
  (63, 71, 79)  (offsets 17,25,33; top-offsets 29,21,13)
  (63, 73, 83)  (offsets 17,27,37; top-offsets 29,19,9)
  (65, 66, 67)  (offsets 19,20,21; top-offsets 27,26,25)
  (65, 67, 69)  (offsets 19,21,23; top-offsets 27,25,23)
  (65, 69, 73)  (offsets 19,23,27; top-offsets 27,23,19)
  (65, 71, 77)  (offsets 19,25,31; top-offsets 27,21,15)
  (65, 72, 79)  (offsets 19,26,33; top-offsets 27,20,13)
  (66, 67, 68)  (offsets 20,21,22; top-offsets 26,25,24)
  (66, 69, 72)  (offsets 20,23,26; top-offsets 26,23,20)
  (66, 72, 78)  (offsets 20,26,32; top-offsets 26,20,14)
  (66, 78, 90)  (offsets 20,32,44; top-offsets 26,14,2)
  (67, 68, 69)  (offsets 21,22,23; top-offsets 25,24,23)
  (67, 69, 71)  (offsets 21,23,25; top-offsets 25,23,21)
  (67, 71, 75)  (offsets 21,25,29; top-offsets 25,21,17)
  (67, 73, 79)  (offsets 21,27,33; top-offsets 25,19,13)
  (67, 75, 83)  (offsets 21,29,37; top-offsets 25,17,9)
  (67, 79, 91)  (offsets 21,33,45; top-offsets 25,13,1)
  (68, 77, 86)  (offsets 22,31,40; top-offsets 24,15,6)
  (69, 71, 73)  (offsets 23,25,27; top-offsets 23,21,19)
  (69, 73, 77)  (offsets 23,27,31; top-offsets 23,19,15)
  (69, 77, 85)  (offsets 23,31,39; top-offsets 23,15,7)
  (69, 79, 89)  (offsets 23,33,43; top-offsets 23,13,3)
  (71, 75, 79)  (offsets 25,29,33; top-offsets 21,17,13)
  (71, 77, 83)  (offsets 25,31,37; top-offsets 21,15,9)
  (71, 81, 91)  (offsets 25,35,45; top-offsets 21,11,1)
  (73, 75, 77)  (offsets 27,29,31; top-offsets 19,17,15)
  (73, 77, 81)  (offsets 27,31,35; top-offsets 19,15,11)
  (75, 77, 79)  (offsets 29,31,33; top-offsets 17,15,13)
  (79, 83, 87)  (offsets 33,37,41; top-offsets 13,9,5)
