K=55: initial triple core 430 (0s)
  ... 0/424 (0s)
  ... 0/404 (0s)
  ... 0/382 (0s)
  ... 0/351 (0s)
  ... 0/258 (0s)
  ... 0/249 (0s)
  ... 0/248 (0s)
  ... 0/244 (0s)
  ... 0/241 (0s)
  ... 0/238 (0s)
  ... 0/237 (0s)
  ... 0/234 (0s)
  ... 0/227 (0s)
  ... 0/222 (0s)
  ... 0/215 (0s)
  ... 0/208 (0s)
  ... 0/206 (1s)
  ... 0/205 (1s)
  ... 0/203 (1s)
  ... 0/202 (1s)
  ... 0/200 (1s)
  ... 0/195 (1s)
  ... 0/193 (1s)
  ... 0/174 (1s)
  ... 20/97 (1s)
  ... 40/94 (1s)
  ... 40/93 (1s)
  ... 40/92 (1s)
  ... 60/89 (1s)
  ... 80/88 (2s)
MUS (85 triples):
  (56, 79, 102)  (offsets 1,24,47; top-offsets 54,31,8)
  (57, 69, 81)  (offsets 2,14,26; top-offsets 53,41,29)
  (57, 73, 89)  (offsets 2,18,34; top-offsets 53,37,21)
  (58, 71, 84)  (offsets 3,16,29; top-offsets 52,39,26)
  (59, 69, 79)  (offsets 4,14,24; top-offsets 51,41,31)
  (59, 72, 85)  (offsets 4,17,30; top-offsets 51,38,25)
  (59, 79, 99)  (offsets 4,24,44; top-offsets 51,31,11)
  (60, 76, 92)  (offsets 5,21,37; top-offsets 50,34,18)
  (60, 85, 110)  (offsets 5,30,55; top-offsets 50,25,0)
  (61, 73, 85)  (offsets 6,18,30; top-offsets 49,37,25)
  (61, 85, 109)  (offsets 6,30,54; top-offsets 49,25,1)
  (62, 73, 84)  (offsets 7,18,29; top-offsets 48,37,26)
  (62, 85, 108)  (offsets 7,30,53; top-offsets 48,25,2)
  (63, 71, 79)  (offsets 8,16,24; top-offsets 47,39,31)
  (63, 73, 83)  (offsets 8,18,28; top-offsets 47,37,27)
  (63, 75, 87)  (offsets 8,20,32; top-offsets 47,35,23)
  (63, 85, 107)  (offsets 8,30,52; top-offsets 47,25,3)
  (65, 73, 81)  (offsets 10,18,26; top-offsets 45,37,29)
  (65, 85, 105)  (offsets 10,30,50; top-offsets 45,25,5)
  (68, 78, 88)  (offsets 13,23,33; top-offsets 42,32,22)
  (68, 80, 92)  (offsets 13,25,37; top-offsets 42,30,18)
  (68, 83, 98)  (offsets 13,28,43; top-offsets 42,27,12)
  (68, 89, 110)  (offsets 13,34,55; top-offsets 42,21,0)
  (69, 72, 75)  (offsets 14,17,20; top-offsets 41,38,35)
  (69, 81, 93)  (offsets 14,26,38; top-offsets 41,29,17)
  (69, 83, 97)  (offsets 14,28,42; top-offsets 41,27,13)
  (69, 89, 109)  (offsets 14,34,54; top-offsets 41,21,1)
  (71, 78, 85)  (offsets 16,23,30; top-offsets 39,32,25)
  (71, 79, 87)  (offsets 16,24,32; top-offsets 39,31,23)
  (71, 81, 91)  (offsets 16,26,36; top-offsets 39,29,19)
  (71, 83, 95)  (offsets 16,28,40; top-offsets 39,27,15)
  (71, 84, 97)  (offsets 16,29,42; top-offsets 39,26,13)
  (71, 89, 107)  (offsets 16,34,52; top-offsets 39,21,3)
  (72, 74, 76)  (offsets 17,19,21; top-offsets 38,36,34)
  (72, 75, 78)  (offsets 17,20,23; top-offsets 38,35,32)
  (72, 85, 98)  (offsets 17,30,43; top-offsets 38,25,12)
  (73, 78, 83)  (offsets 18,23,28; top-offsets 37,32,27)
  (73, 81, 89)  (offsets 18,26,34; top-offsets 37,29,21)
  (73, 83, 93)  (offsets 18,28,38; top-offsets 37,27,17)
  (73, 84, 95)  (offsets 18,29,40; top-offsets 37,26,15)
  (73, 85, 97)  (offsets 18,30,42; top-offsets 37,25,13)
  (73, 89, 105)  (offsets 18,34,50; top-offsets 37,21,5)
  (74, 75, 76)  (offsets 19,20,21; top-offsets 36,35,34)
  (74, 76, 78)  (offsets 19,21,23; top-offsets 36,34,32)
  (75, 76, 77)  (offsets 20,21,22; top-offsets 35,34,33)
  (75, 78, 81)  (offsets 20,23,26; top-offsets 35,32,29)
  (75, 79, 83)  (offsets 20,24,28; top-offsets 35,31,27)
  (75, 85, 95)  (offsets 20,30,40; top-offsets 35,25,15)
  (75, 87, 99)  (offsets 20,32,44; top-offsets 35,23,11)
  (76, 92, 108)  (offsets 21,37,53; top-offsets 34,18,2)
  (77, 81, 85)  (offsets 22,26,30; top-offsets 33,29,25)
  (77, 83, 89)  (offsets 22,28,34; top-offsets 33,27,21)
  (77, 85, 93)  (offsets 22,30,38; top-offsets 33,25,17)
  (77, 89, 101)  (offsets 22,34,46; top-offsets 33,21,9)
  (78, 81, 84)  (offsets 23,26,29; top-offsets 32,29,26)
  (78, 83, 88)  (offsets 23,28,33; top-offsets 32,27,22)
  (78, 85, 92)  (offsets 23,30,37; top-offsets 32,25,18)
  (78, 88, 98)  (offsets 23,33,43; top-offsets 32,22,12)
  (79, 81, 83)  (offsets 24,26,28; top-offsets 31,29,27)
  (79, 85, 91)  (offsets 24,30,36; top-offsets 31,25,19)
  (79, 88, 97)  (offsets 24,33,42; top-offsets 31,22,13)
  (79, 89, 99)  (offsets 24,34,44; top-offsets 31,21,11)
  (80, 89, 98)  (offsets 25,34,43; top-offsets 30,21,12)
  (80, 92, 104)  (offsets 25,37,49; top-offsets 30,18,6)
  (81, 83, 85)  (offsets 26,28,30; top-offsets 29,27,25)
  (81, 85, 89)  (offsets 26,30,34; top-offsets 29,25,21)
  (81, 89, 97)  (offsets 26,34,42; top-offsets 29,21,13)
  (81, 91, 101)  (offsets 26,36,46; top-offsets 29,19,9)
  (81, 93, 105)  (offsets 26,38,50; top-offsets 29,17,5)
  (83, 85, 87)  (offsets 28,30,32; top-offsets 27,25,23)
  (83, 89, 95)  (offsets 28,34,40; top-offsets 27,21,15)
  (83, 95, 107)  (offsets 28,40,52; top-offsets 27,15,3)
  (84, 85, 86)  (offsets 29,30,31; top-offsets 26,25,24)
  (84, 97, 110)  (offsets 29,42,55; top-offsets 26,13,0)
  (85, 86, 87)  (offsets 30,31,32; top-offsets 25,24,23)
  (85, 89, 93)  (offsets 30,34,38; top-offsets 25,21,17)
  (85, 91, 97)  (offsets 30,36,42; top-offsets 25,19,13)
  (85, 93, 101)  (offsets 30,38,46; top-offsets 25,17,9)
  (85, 95, 105)  (offsets 30,40,50; top-offsets 25,15,5)
  (86, 87, 88)  (offsets 31,32,33; top-offsets 24,23,22)
  (89, 91, 93)  (offsets 34,36,38; top-offsets 21,19,17)
  (89, 93, 97)  (offsets 34,38,42; top-offsets 21,17,13)
  (89, 97, 105)  (offsets 34,42,50; top-offsets 21,13,5)
  (91, 93, 95)  (offsets 36,38,40; top-offsets 19,17,15)
  (93, 95, 97)  (offsets 38,40,42; top-offsets 17,15,13)
