K=44: initial triple core 319 (0s)
  ... 0/318 (0s)
  ... 0/315 (0s)
  ... 0/297 (0s)
  ... 0/288 (0s)
  ... 0/280 (0s)
  ... 0/278 (0s)
  ... 0/274 (0s)
  ... 0/273 (0s)
  ... 0/268 (0s)
  ... 0/265 (0s)
  ... 0/255 (0s)
  ... 0/241 (0s)
  ... 0/216 (0s)
  ... 0/215 (0s)
  ... 0/211 (0s)
  ... 0/164 (0s)
  ... 0/162 (0s)
  ... 0/161 (0s)
  ... 0/152 (0s)
  ... 0/145 (0s)
  ... 0/142 (0s)
  ... 0/132 (0s)
  ... 0/124 (0s)
  ... 0/108 (0s)
  ... 0/98 (0s)
  ... 0/96 (0s)
  ... 0/95 (0s)
  ... 0/94 (0s)
  ... 20/65 (0s)
  ... 40/61 (1s)
  ... 60/60 (1s)
MUS (60 triples):
  (45, 61, 77)  (offsets 1,17,33; top-offsets 43,27,11)
  (45, 63, 81)  (offsets 1,19,37; top-offsets 43,25,7)
  (46, 59, 72)  (offsets 2,15,28; top-offsets 42,29,16)
  (46, 60, 74)  (offsets 2,16,30; top-offsets 42,28,14)
  (46, 67, 88)  (offsets 2,23,44; top-offsets 42,21,0)
  (47, 57, 67)  (offsets 3,13,23; top-offsets 41,31,21)
  (47, 59, 71)  (offsets 3,15,27; top-offsets 41,29,17)
  (47, 61, 75)  (offsets 3,17,31; top-offsets 41,27,13)
  (47, 67, 87)  (offsets 3,23,43; top-offsets 41,21,1)
  (48, 63, 78)  (offsets 4,19,34; top-offsets 40,25,10)
  (49, 61, 73)  (offsets 5,17,29; top-offsets 39,27,15)
  (49, 63, 77)  (offsets 5,19,33; top-offsets 39,25,11)
  (49, 67, 85)  (offsets 5,23,41; top-offsets 39,21,3)
  (51, 59, 67)  (offsets 7,15,23; top-offsets 37,29,21)
  (51, 63, 75)  (offsets 7,19,31; top-offsets 37,25,13)
  (51, 67, 83)  (offsets 7,23,39; top-offsets 37,21,5)
  (53, 57, 61)  (offsets 9,13,17; top-offsets 35,31,27)
  (53, 60, 67)  (offsets 9,16,23; top-offsets 35,28,21)
  (55, 63, 71)  (offsets 11,19,27; top-offsets 33,25,17)
  (55, 67, 79)  (offsets 11,23,35; top-offsets 33,21,9)
  (57, 61, 65)  (offsets 13,17,21; top-offsets 31,27,23)
  (57, 67, 77)  (offsets 13,23,33; top-offsets 31,21,11)
  (58, 63, 68)  (offsets 14,19,24; top-offsets 30,25,20)
  (58, 65, 72)  (offsets 14,21,28; top-offsets 30,23,16)
  (59, 61, 63)  (offsets 15,17,19; top-offsets 29,27,25)
  (59, 63, 67)  (offsets 15,19,23; top-offsets 29,25,21)
  (59, 67, 75)  (offsets 15,23,31; top-offsets 29,21,13)
  (59, 71, 83)  (offsets 15,27,39; top-offsets 29,17,5)
  (59, 73, 87)  (offsets 15,29,43; top-offsets 29,15,1)
  (60, 67, 74)  (offsets 16,23,30; top-offsets 28,21,14)
  (60, 73, 86)  (offsets 16,29,42; top-offsets 28,15,2)
  (60, 74, 88)  (offsets 16,30,44; top-offsets 28,14,0)
  (61, 63, 65)  (offsets 17,19,21; top-offsets 27,25,23)
  (61, 65, 69)  (offsets 17,21,25; top-offsets 27,23,19)
  (61, 73, 85)  (offsets 17,29,41; top-offsets 27,15,3)
  (61, 74, 87)  (offsets 17,30,43; top-offsets 27,14,1)
  (63, 65, 67)  (offsets 19,21,23; top-offsets 25,23,21)
  (63, 67, 71)  (offsets 19,23,27; top-offsets 25,21,17)
  (63, 68, 73)  (offsets 19,24,29; top-offsets 25,20,15)
  (63, 71, 79)  (offsets 19,27,35; top-offsets 25,17,9)
  (63, 73, 83)  (offsets 19,29,39; top-offsets 25,15,5)
  (65, 69, 73)  (offsets 21,25,29; top-offsets 23,19,15)
  (65, 72, 79)  (offsets 21,28,35; top-offsets 23,16,9)
  (65, 73, 81)  (offsets 21,29,37; top-offsets 23,15,7)
  (67, 71, 75)  (offsets 23,27,31; top-offsets 21,17,13)
  (67, 73, 79)  (offsets 23,29,35; top-offsets 21,15,9)
  (67, 74, 81)  (offsets 23,30,37; top-offsets 21,14,7)
  (67, 75, 83)  (offsets 23,31,39; top-offsets 21,13,5)
  (68, 73, 78)  (offsets 24,29,34; top-offsets 20,15,10)
  (69, 71, 73)  (offsets 25,27,29; top-offsets 19,17,15)
  (69, 73, 77)  (offsets 25,29,33; top-offsets 19,15,11)
  (69, 75, 81)  (offsets 25,31,37; top-offsets 19,13,7)
  (71, 73, 75)  (offsets 27,29,31; top-offsets 17,15,13)
  (71, 75, 79)  (offsets 27,31,35; top-offsets 17,13,9)
  (73, 75, 77)  (offsets 29,31,33; top-offsets 15,13,11)
  (73, 77, 81)  (offsets 29,33,37; top-offsets 15,11,7)
  (73, 78, 83)  (offsets 29,34,39; top-offsets 15,10,5)
  (75, 79, 83)  (offsets 31,35,39; top-offsets 13,9,5)
  (75, 81, 87)  (offsets 31,37,43; top-offsets 13,7,1)
  (79, 83, 87)  (offsets 35,39,43; top-offsets 9,5,1)
