K=47: initial triple core 376 (0s)
  ... 0/373 (0s)
  ... 0/340 (0s)
  ... 0/337 (0s)
  ... 0/336 (0s)
  ... 0/319 (0s)
  ... 0/261 (0s)
  ... 0/243 (0s)
  ... 0/242 (0s)
  ... 0/239 (0s)
  ... 0/237 (0s)
  ... 0/235 (0s)
  ... 0/232 (0s)
  ... 0/231 (0s)
  ... 0/208 (0s)
  ... 0/206 (0s)
  ... 0/203 (0s)
  ... 0/198 (0s)
  ... 0/195 (0s)
  ... 0/189 (0s)
  ... 0/187 (0s)
  ... 0/186 (0s)
  ... 0/182 (0s)
  ... 0/179 (0s)
  ... 0/176 (0s)
  ... 0/171 (0s)
  ... 0/167 (0s)
  ... 0/165 (0s)
  ... 0/162 (0s)
  ... 0/160 (0s)
  ... 0/156 (0s)
  ... 0/152 (0s)
  ... 0/150 (0s)
  ... 0/143 (0s)
  ... 0/137 (0s)
  ... 0/135 (0s)
  ... 0/130 (0s)
  ... 0/122 (0s)
  ... 0/121 (0s)
  ... 0/117 (0s)
  ... 0/110 (0s)
  ... 0/107 (0s)
  ... 0/106 (0s)
  ... 20/87 (1s)
  ... 40/83 (1s)
  ... 60/77 (1s)
MUS (76 triples):
  (48, 66, 84)  (offsets 1,19,37; top-offsets 46,28,10)
  (49, 63, 77)  (offsets 2,16,30; top-offsets 45,31,17)
  (49, 69, 89)  (offsets 2,22,42; top-offsets 45,25,5)
  (49, 70, 91)  (offsets 2,23,44; top-offsets 45,24,3)
  (50, 66, 82)  (offsets 3,19,35; top-offsets 44,28,12)
  (50, 72, 94)  (offsets 3,25,47; top-offsets 44,22,0)
  (51, 65, 79)  (offsets 4,18,32; top-offsets 43,29,15)
  (51, 72, 93)  (offsets 4,25,46; top-offsets 43,22,1)
  (52, 66, 80)  (offsets 5,19,33; top-offsets 42,28,14)
  (53, 64, 75)  (offsets 6,17,28; top-offsets 41,30,19)
  (53, 73, 93)  (offsets 6,26,46; top-offsets 41,21,1)
  (54, 66, 78)  (offsets 7,19,31; top-offsets 40,28,16)
  (54, 72, 90)  (offsets 7,25,43; top-offsets 40,22,4)
  (55, 66, 77)  (offsets 8,19,30; top-offsets 39,28,17)
  (56, 63, 70)  (offsets 9,16,23; top-offsets 38,31,24)
  (56, 64, 72)  (offsets 9,17,25; top-offsets 38,30,22)
  (56, 68, 80)  (offsets 9,21,33; top-offsets 38,26,14)
  (60, 68, 76)  (offsets 13,21,29; top-offsets 34,26,18)
  (60, 72, 84)  (offsets 13,25,37; top-offsets 34,22,10)
  (62, 68, 74)  (offsets 15,21,27; top-offsets 32,26,20)
  (62, 70, 78)  (offsets 15,23,31; top-offsets 32,24,16)
  (63, 66, 69)  (offsets 16,19,22; top-offsets 31,28,25)
  (63, 67, 71)  (offsets 16,20,24; top-offsets 31,27,23)
  (63, 70, 77)  (offsets 16,23,30; top-offsets 31,24,17)
  (63, 77, 91)  (offsets 16,30,44; top-offsets 31,17,3)
  (64, 68, 72)  (offsets 17,21,25; top-offsets 30,26,22)
  (64, 72, 80)  (offsets 17,25,33; top-offsets 30,22,14)
  (64, 75, 86)  (offsets 17,28,39; top-offsets 30,19,8)
  (65, 72, 79)  (offsets 18,25,32; top-offsets 29,22,15)
  (65, 79, 93)  (offsets 18,32,46; top-offsets 29,15,1)
  (66, 68, 70)  (offsets 19,21,23; top-offsets 28,26,24)
  (66, 69, 72)  (offsets 19,22,25; top-offsets 28,25,22)
  (66, 70, 74)  (offsets 19,23,27; top-offsets 28,24,20)
  (66, 72, 78)  (offsets 19,25,31; top-offsets 28,22,16)
  (66, 73, 80)  (offsets 19,26,33; top-offsets 28,21,14)
  (66, 75, 84)  (offsets 19,28,37; top-offsets 28,19,10)
  (66, 77, 88)  (offsets 19,30,41; top-offsets 28,17,6)
  (66, 78, 90)  (offsets 19,31,43; top-offsets 28,16,4)
  (67, 69, 71)  (offsets 20,22,24; top-offsets 27,25,23)
  (67, 71, 75)  (offsets 20,24,28; top-offsets 27,23,19)
  (67, 72, 77)  (offsets 20,25,30; top-offsets 27,22,17)
  (67, 80, 93)  (offsets 20,33,46; top-offsets 27,14,1)
  (68, 70, 72)  (offsets 21,23,25; top-offsets 26,24,22)
  (68, 72, 76)  (offsets 21,25,29; top-offsets 26,22,18)
  (68, 74, 80)  (offsets 21,27,33; top-offsets 26,20,14)
  (68, 75, 82)  (offsets 21,28,35; top-offsets 26,19,12)
  (68, 76, 84)  (offsets 21,29,37; top-offsets 26,18,10)
  (68, 77, 86)  (offsets 21,30,39; top-offsets 26,17,8)
  (69, 71, 73)  (offsets 22,24,26; top-offsets 25,23,21)
  (69, 72, 75)  (offsets 22,25,28; top-offsets 25,22,19)
  (69, 73, 77)  (offsets 22,26,30; top-offsets 25,21,17)
  (69, 75, 81)  (offsets 22,28,34; top-offsets 25,19,13)
  (69, 77, 85)  (offsets 22,30,38; top-offsets 25,17,9)
  (70, 72, 74)  (offsets 23,25,27; top-offsets 24,22,20)
  (70, 74, 78)  (offsets 23,27,31; top-offsets 24,20,16)
  (70, 78, 86)  (offsets 23,31,39; top-offsets 24,16,8)
  (70, 82, 94)  (offsets 23,35,47; top-offsets 24,12,0)
  (71, 73, 75)  (offsets 24,26,28; top-offsets 23,21,19)
  (71, 75, 79)  (offsets 24,28,32; top-offsets 23,19,15)
  (72, 75, 78)  (offsets 25,28,31; top-offsets 22,19,16)
  (72, 78, 84)  (offsets 25,31,37; top-offsets 22,16,10)
  (72, 79, 86)  (offsets 25,32,39; top-offsets 22,15,8)
  (73, 75, 77)  (offsets 26,28,30; top-offsets 21,19,17)
  (73, 77, 81)  (offsets 26,30,34; top-offsets 21,17,13)
  (73, 80, 87)  (offsets 26,33,40; top-offsets 21,14,7)
  (74, 80, 86)  (offsets 27,33,39; top-offsets 20,14,8)
  (75, 77, 79)  (offsets 28,30,32; top-offsets 19,17,15)
  (75, 78, 81)  (offsets 28,31,34; top-offsets 19,16,13)
  (75, 79, 83)  (offsets 28,32,36; top-offsets 19,15,11)
  (75, 82, 89)  (offsets 28,35,42; top-offsets 19,12,5)
  (77, 82, 87)  (offsets 30,35,40; top-offsets 17,12,7)
  (78, 80, 82)  (offsets 31,33,35; top-offsets 16,14,12)
  (79, 86, 93)  (offsets 32,39,46; top-offsets 15,8,1)
  (80, 82, 84)  (offsets 33,35,37; top-offsets 14,12,10)
  (82, 84, 86)  (offsets 35,37,39; top-offsets 12,10,8)
  (84, 86, 88)  (offsets 37,39,41; top-offsets 10,8,6)
