K=53: initial triple core 410 (0s)
  ... 0/406 (0s)
  ... 0/396 (0s)
  ... 0/387 (0s)
  ... 0/377 (0s)
  ... 0/376 (0s)
  ... 0/358 (0s)
  ... 0/352 (0s)
  ... 0/347 (0s)
  ... 0/339 (0s)
  ... 0/319 (0s)
  ... 0/311 (0s)
  ... 0/304 (0s)
  ... 0/299 (0s)
  ... 0/295 (0s)
  ... 0/291 (1s)
  ... 0/268 (1s)
  ... 0/265 (1s)
  ... 0/262 (1s)
  ... 0/208 (1s)
  ... 0/206 (1s)
  ... 0/198 (1s)
  ... 0/192 (1s)
  ... 0/187 (1s)
  ... 0/185 (1s)
  ... 0/180 (1s)
  ... 0/178 (1s)
  ... 0/174 (1s)
  ... 0/171 (1s)
  ... 20/103 (1s)
  ... 40/97 (1s)
  ... 60/91 (1s)
  ... 80/86 (2s)
MUS (83 triples):
  (54, 66, 78)  (offsets 1,13,25; top-offsets 52,40,28)
  (54, 70, 86)  (offsets 1,17,33; top-offsets 52,36,20)
  (54, 71, 88)  (offsets 1,18,35; top-offsets 52,35,18)
  (54, 78, 102)  (offsets 1,25,49; top-offsets 52,28,4)
  (55, 64, 73)  (offsets 2,11,20; top-offsets 51,42,33)
  (55, 78, 101)  (offsets 2,25,48; top-offsets 51,28,5)
  (55, 80, 105)  (offsets 2,27,52; top-offsets 51,26,1)
  (56, 68, 80)  (offsets 3,15,27; top-offsets 50,38,26)
  (57, 78, 99)  (offsets 4,25,46; top-offsets 49,28,7)
  (58, 70, 82)  (offsets 5,17,29; top-offsets 48,36,24)
  (58, 78, 98)  (offsets 5,25,45; top-offsets 48,28,8)
  (59, 73, 87)  (offsets 6,20,34; top-offsets 47,33,19)
  (60, 68, 76)  (offsets 7,15,23; top-offsets 46,38,30)
  (60, 71, 82)  (offsets 7,18,29; top-offsets 46,35,24)
  (60, 78, 96)  (offsets 7,25,43; top-offsets 46,28,10)
  (60, 80, 100)  (offsets 7,27,47; top-offsets 46,26,6)
  (64, 70, 76)  (offsets 11,17,23; top-offsets 42,36,30)
  (64, 71, 78)  (offsets 11,18,25; top-offsets 42,35,28)
  (64, 73, 82)  (offsets 11,20,29; top-offsets 42,33,24)
  (64, 75, 86)  (offsets 11,22,33; top-offsets 42,31,20)
  (64, 76, 88)  (offsets 11,23,35; top-offsets 42,30,18)
  (64, 78, 92)  (offsets 11,25,39; top-offsets 42,28,14)
  (66, 74, 82)  (offsets 13,21,29; top-offsets 40,32,24)
  (66, 75, 84)  (offsets 13,22,31; top-offsets 40,31,22)
  (66, 76, 86)  (offsets 13,23,33; top-offsets 40,30,20)
  (66, 78, 90)  (offsets 13,25,37; top-offsets 40,28,16)
  (66, 80, 94)  (offsets 13,27,41; top-offsets 40,26,12)
  (68, 74, 80)  (offsets 15,21,27; top-offsets 38,32,26)
  (68, 76, 84)  (offsets 15,23,31; top-offsets 38,30,22)
  (68, 80, 92)  (offsets 15,27,39; top-offsets 38,26,14)
  (69, 74, 79)  (offsets 16,21,26; top-offsets 37,32,27)
  (69, 75, 81)  (offsets 16,22,28; top-offsets 37,31,25)
  (69, 78, 87)  (offsets 16,25,34; top-offsets 37,28,19)
  (69, 80, 91)  (offsets 16,27,38; top-offsets 37,26,15)
  (70, 76, 82)  (offsets 17,23,29; top-offsets 36,30,24)
  (70, 78, 86)  (offsets 17,25,33; top-offsets 36,28,20)
  (70, 82, 94)  (offsets 17,29,41; top-offsets 36,24,12)
  (70, 84, 98)  (offsets 17,31,45; top-offsets 36,22,8)
  (71, 82, 93)  (offsets 18,29,40; top-offsets 35,24,13)
  (71, 88, 105)  (offsets 18,35,52; top-offsets 35,18,1)
  (72, 75, 78)  (offsets 19,22,25; top-offsets 34,31,28)
  (72, 76, 80)  (offsets 19,23,27; top-offsets 34,30,26)
  (72, 86, 100)  (offsets 19,33,47; top-offsets 34,20,6)
  (73, 78, 83)  (offsets 20,25,30; top-offsets 33,28,23)
  (73, 82, 91)  (offsets 20,29,38; top-offsets 33,24,15)
  (73, 87, 101)  (offsets 20,34,48; top-offsets 33,19,5)
  (74, 78, 82)  (offsets 21,25,29; top-offsets 32,28,24)
  (74, 79, 84)  (offsets 21,26,31; top-offsets 32,27,22)
  (74, 80, 86)  (offsets 21,27,33; top-offsets 32,26,20)
  (74, 82, 90)  (offsets 21,29,37; top-offsets 32,24,16)
  (74, 86, 98)  (offsets 21,33,45; top-offsets 32,20,8)
  (75, 78, 81)  (offsets 22,25,28; top-offsets 31,28,25)
  (75, 81, 87)  (offsets 22,28,34; top-offsets 31,25,19)
  (75, 84, 93)  (offsets 22,31,40; top-offsets 31,22,13)
  (75, 86, 97)  (offsets 22,33,44; top-offsets 31,20,9)
  (76, 78, 80)  (offsets 23,25,27; top-offsets 30,28,26)
  (76, 80, 84)  (offsets 23,27,31; top-offsets 30,26,22)
  (76, 84, 92)  (offsets 23,31,39; top-offsets 30,22,14)
  (76, 86, 96)  (offsets 23,33,43; top-offsets 30,20,10)
  (76, 88, 100)  (offsets 23,35,47; top-offsets 30,18,6)
  (78, 80, 82)  (offsets 25,27,29; top-offsets 28,26,24)
  (78, 82, 86)  (offsets 25,29,33; top-offsets 28,24,20)
  (78, 83, 88)  (offsets 25,30,35; top-offsets 28,23,18)
  (78, 86, 94)  (offsets 25,33,41; top-offsets 28,20,12)
  (79, 84, 89)  (offsets 26,31,36; top-offsets 27,22,17)
  (80, 82, 84)  (offsets 27,29,31; top-offsets 26,24,22)
  (80, 84, 88)  (offsets 27,31,35; top-offsets 26,22,18)
  (82, 86, 90)  (offsets 29,33,37; top-offsets 24,20,16)
  (82, 90, 98)  (offsets 29,37,45; top-offsets 24,16,8)
  (83, 88, 93)  (offsets 30,35,40; top-offsets 23,18,13)
  (84, 86, 88)  (offsets 31,33,35; top-offsets 22,20,18)
  (84, 88, 92)  (offsets 31,35,39; top-offsets 22,18,14)
  (84, 89, 94)  (offsets 31,36,41; top-offsets 22,17,12)
  (84, 91, 98)  (offsets 31,38,45; top-offsets 22,15,8)
  (84, 92, 100)  (offsets 31,39,47; top-offsets 22,14,6)
  (86, 88, 90)  (offsets 33,35,37; top-offsets 20,18,16)
  (88, 90, 92)  (offsets 35,37,39; top-offsets 18,16,14)
  (88, 92, 96)  (offsets 35,39,43; top-offsets 18,14,10)
  (88, 93, 98)  (offsets 35,40,45; top-offsets 18,13,8)
  (89, 94, 99)  (offsets 36,41,46; top-offsets 17,12,7)
  (90, 94, 98)  (offsets 37,41,45; top-offsets 16,12,8)
  (91, 98, 105)  (offsets 38,45,52; top-offsets 15,8,1)
  (94, 98, 102)  (offsets 41,45,49; top-offsets 12,8,4)
