K=48: initial triple core 270 (0s)
  ... 0/267 (0s)
  ... 0/235 (0s)
  ... 0/227 (0s)
  ... 0/226 (0s)
  ... 0/223 (0s)
  ... 0/214 (0s)
  ... 0/207 (0s)
  ... 0/201 (0s)
  ... 0/198 (0s)
  ... 0/192 (0s)
  ... 0/187 (0s)
  ... 0/186 (0s)
  ... 0/175 (0s)
  ... 0/163 (0s)
  ... 0/161 (0s)
  ... 0/156 (0s)
  ... 0/155 (0s)
  ... 0/152 (0s)
  ... 0/151 (0s)
  ... 0/149 (0s)
  ... 0/139 (0s)
  ... 20/110 (0s)
  ... 40/99 (1s)
  ... 40/98 (1s)
  ... 60/96 (1s)
  ... 80/93 (1s)
MUS (92 triples):
  (49, 62, 75)  (offsets 1,14,27; top-offsets 47,34,21)
  (49, 63, 77)  (offsets 1,15,29; top-offsets 47,33,19)
  (49, 67, 85)  (offsets 1,19,37; top-offsets 47,29,11)
  (49, 69, 89)  (offsets 1,21,41; top-offsets 47,27,7)
  (51, 59, 67)  (offsets 3,11,19; top-offsets 45,37,29)
  (51, 63, 75)  (offsets 3,15,27; top-offsets 45,33,21)
  (51, 67, 83)  (offsets 3,19,35; top-offsets 45,29,13)
  (51, 71, 91)  (offsets 3,23,43; top-offsets 45,25,5)
  (52, 62, 72)  (offsets 4,14,24; top-offsets 44,34,24)
  (52, 63, 74)  (offsets 4,15,26; top-offsets 44,33,22)
  (52, 65, 78)  (offsets 4,17,30; top-offsets 44,31,18)
  (52, 66, 80)  (offsets 4,18,32; top-offsets 44,30,16)
  (52, 67, 82)  (offsets 4,19,34; top-offsets 44,29,14)
  (52, 73, 94)  (offsets 4,25,46; top-offsets 44,23,2)
  (53, 61, 69)  (offsets 5,13,21; top-offsets 43,35,27)
  (53, 65, 77)  (offsets 5,17,29; top-offsets 43,31,19)
  (53, 73, 93)  (offsets 5,25,45; top-offsets 43,23,3)
  (54, 75, 96)  (offsets 6,27,48; top-offsets 42,21,0)
  (55, 67, 79)  (offsets 7,19,31; top-offsets 41,29,17)
  (55, 68, 81)  (offsets 7,20,33; top-offsets 41,28,15)
  (55, 73, 91)  (offsets 7,25,43; top-offsets 41,23,5)
  (56, 75, 94)  (offsets 8,27,46; top-offsets 40,21,2)
  (57, 69, 81)  (offsets 9,21,33; top-offsets 39,27,15)
  (57, 75, 93)  (offsets 9,27,45; top-offsets 39,21,3)
  (59, 62, 65)  (offsets 11,14,17; top-offsets 37,34,31)
  (59, 63, 67)  (offsets 11,15,19; top-offsets 37,33,29)
  (59, 67, 75)  (offsets 11,19,27; top-offsets 37,29,21)
  (59, 71, 83)  (offsets 11,23,35; top-offsets 37,25,13)
  (61, 65, 69)  (offsets 13,17,21; top-offsets 35,31,27)
  (61, 69, 77)  (offsets 13,21,29; top-offsets 35,27,19)
  (61, 71, 81)  (offsets 13,23,33; top-offsets 35,25,15)
  (61, 73, 85)  (offsets 13,25,37; top-offsets 35,23,11)
  (62, 64, 66)  (offsets 14,16,18; top-offsets 34,32,30)
  (62, 65, 68)  (offsets 14,17,20; top-offsets 34,31,28)
  (62, 75, 88)  (offsets 14,27,40; top-offsets 34,21,8)
  (63, 66, 69)  (offsets 15,18,21; top-offsets 33,30,27)
  (63, 67, 71)  (offsets 15,19,23; top-offsets 33,29,25)
  (63, 74, 85)  (offsets 15,26,37; top-offsets 33,22,11)
  (63, 75, 87)  (offsets 15,27,39; top-offsets 33,21,9)
  (63, 77, 91)  (offsets 15,29,43; top-offsets 33,19,5)
  (64, 66, 68)  (offsets 16,18,20; top-offsets 32,30,28)
  (64, 67, 70)  (offsets 16,19,22; top-offsets 32,29,26)
  (64, 70, 76)  (offsets 16,22,28; top-offsets 32,26,20)
  (64, 72, 80)  (offsets 16,24,32; top-offsets 32,24,16)
  (65, 69, 73)  (offsets 17,21,25; top-offsets 31,27,23)
  (65, 71, 77)  (offsets 17,23,29; top-offsets 31,25,19)
  (65, 75, 85)  (offsets 17,27,37; top-offsets 31,21,11)
  (65, 77, 89)  (offsets 17,29,41; top-offsets 31,19,7)
  (65, 78, 91)  (offsets 17,30,43; top-offsets 31,18,5)
  (66, 68, 70)  (offsets 18,20,22; top-offsets 30,28,26)
  (66, 73, 80)  (offsets 18,25,32; top-offsets 30,23,16)
  (66, 80, 94)  (offsets 18,32,46; top-offsets 30,16,2)
  (67, 69, 71)  (offsets 19,21,23; top-offsets 29,27,25)
  (67, 70, 73)  (offsets 19,22,25; top-offsets 29,26,23)
  (67, 73, 79)  (offsets 19,25,31; top-offsets 29,23,17)
  (67, 75, 83)  (offsets 19,27,35; top-offsets 29,21,13)
  (67, 77, 87)  (offsets 19,29,39; top-offsets 29,19,9)
  (67, 79, 91)  (offsets 19,31,43; top-offsets 29,17,5)
  (67, 81, 95)  (offsets 19,33,47; top-offsets 29,15,1)
  (68, 70, 72)  (offsets 20,22,24; top-offsets 28,26,24)
  (68, 81, 94)  (offsets 20,33,46; top-offsets 28,15,2)
  (69, 71, 73)  (offsets 21,23,25; top-offsets 27,25,23)
  (69, 75, 81)  (offsets 21,27,33; top-offsets 27,21,15)
  (69, 77, 85)  (offsets 21,29,37; top-offsets 27,19,11)
  (69, 78, 87)  (offsets 21,30,39; top-offsets 27,18,9)
  (69, 81, 93)  (offsets 21,33,45; top-offsets 27,15,3)
  (70, 73, 76)  (offsets 22,25,28; top-offsets 26,23,20)
  (70, 76, 82)  (offsets 22,28,34; top-offsets 26,20,14)
  (71, 75, 79)  (offsets 23,27,31; top-offsets 25,21,17)
  (71, 76, 81)  (offsets 23,28,33; top-offsets 25,20,15)
  (71, 77, 83)  (offsets 23,29,35; top-offsets 25,19,13)
  (71, 81, 91)  (offsets 23,33,43; top-offsets 25,15,5)
  (72, 80, 88)  (offsets 24,32,40; top-offsets 24,16,8)
  (73, 79, 85)  (offsets 25,31,37; top-offsets 23,17,11)
  (73, 80, 87)  (offsets 25,32,39; top-offsets 23,16,9)
  (74, 85, 96)  (offsets 26,37,48; top-offsets 22,11,0)
  (75, 79, 83)  (offsets 27,31,35; top-offsets 21,17,13)
  (75, 83, 91)  (offsets 27,35,43; top-offsets 21,13,5)
  (75, 85, 95)  (offsets 27,37,47; top-offsets 21,11,1)
  (76, 81, 86)  (offsets 28,33,38; top-offsets 20,15,10)
  (76, 82, 88)  (offsets 28,34,40; top-offsets 20,14,8)
  (77, 85, 93)  (offsets 29,37,45; top-offsets 19,11,3)
  (78, 87, 96)  (offsets 30,39,48; top-offsets 18,9,0)
  (79, 83, 87)  (offsets 31,35,39; top-offsets 17,13,9)
  (79, 85, 91)  (offsets 31,37,43; top-offsets 17,11,5)
  (80, 88, 96)  (offsets 32,40,48; top-offsets 16,8,0)
  (81, 83, 85)  (offsets 33,35,37; top-offsets 15,13,11)
  (82, 88, 94)  (offsets 34,40,46; top-offsets 14,8,2)
  (83, 85, 87)  (offsets 35,37,39; top-offsets 13,11,9)
  (83, 87, 91)  (offsets 35,39,43; top-offsets 13,9,5)
  (85, 87, 89)  (offsets 37,39,41; top-offsets 11,9,7)
  (87, 91, 95)  (offsets 39,43,47; top-offsets 9,5,1)
