K=50: initial triple core 400 (0s)
  ... 0/367 (0s)
  ... 0/338 (0s)
  ... 0/323 (0s)
  ... 0/287 (0s)
  ... 0/270 (0s)
  ... 0/266 (0s)
  ... 0/261 (0s)
  ... 0/242 (0s)
  ... 0/238 (0s)
  ... 0/221 (0s)
  ... 0/213 (0s)
  ... 0/208 (0s)
  ... 0/205 (0s)
  ... 0/199 (0s)
  ... 0/195 (0s)
  ... 0/185 (0s)
  ... 0/184 (0s)
  ... 0/181 (0s)
  ... 0/180 (0s)
  ... 0/179 (0s)
  ... 0/176 (0s)
  ... 0/162 (0s)
  ... 0/159 (0s)
  ... 20/110 (0s)
  ... 40/105 (1s)
  ... 60/92 (1s)
  ... 80/89 (1s)
MUS (87 triples):
  (51, 61, 71)  (offsets 1,11,21; top-offsets 49,39,29)
  (51, 63, 75)  (offsets 1,13,25; top-offsets 49,37,25)
  (51, 66, 81)  (offsets 1,16,31; top-offsets 49,34,19)
  (51, 70, 89)  (offsets 1,20,39; top-offsets 49,30,11)
  (51, 72, 93)  (offsets 1,22,43; top-offsets 49,28,7)
  (51, 74, 97)  (offsets 1,24,47; top-offsets 49,26,3)
  (52, 61, 70)  (offsets 2,11,20; top-offsets 48,39,30)
  (52, 64, 76)  (offsets 2,14,26; top-offsets 48,36,24)
  (52, 68, 84)  (offsets 2,18,34; top-offsets 48,32,16)
  (52, 72, 92)  (offsets 2,22,42; top-offsets 48,28,8)
  (52, 76, 100)  (offsets 2,26,50; top-offsets 48,24,0)
  (54, 66, 78)  (offsets 4,16,28; top-offsets 46,34,22)
  (54, 70, 86)  (offsets 4,20,36; top-offsets 46,30,14)
  (56, 68, 80)  (offsets 6,18,30; top-offsets 44,32,20)
  (56, 72, 88)  (offsets 6,22,38; top-offsets 44,28,12)
  (56, 78, 100)  (offsets 6,28,50; top-offsets 44,22,0)
  (57, 69, 81)  (offsets 7,19,31; top-offsets 43,31,19)
  (57, 71, 85)  (offsets 7,21,35; top-offsets 43,29,15)
  (58, 70, 82)  (offsets 8,20,32; top-offsets 42,30,18)
  (58, 72, 86)  (offsets 8,22,36; top-offsets 42,28,14)
  (58, 78, 98)  (offsets 8,28,48; top-offsets 42,22,2)
  (60, 68, 76)  (offsets 10,18,26; top-offsets 40,32,24)
  (60, 72, 84)  (offsets 10,22,34; top-offsets 40,28,16)
  (61, 71, 81)  (offsets 11,21,31; top-offsets 39,29,19)
  (61, 74, 87)  (offsets 11,24,37; top-offsets 39,26,13)
  (63, 72, 81)  (offsets 13,22,31; top-offsets 37,28,19)
  (63, 75, 87)  (offsets 13,25,37; top-offsets 37,25,13)
  (64, 68, 72)  (offsets 14,18,22; top-offsets 36,32,28)
  (64, 76, 88)  (offsets 14,26,38; top-offsets 36,24,12)
  (66, 68, 70)  (offsets 16,18,20; top-offsets 34,32,30)
  (66, 69, 72)  (offsets 16,19,22; top-offsets 34,31,28)
  (66, 74, 82)  (offsets 16,24,32; top-offsets 34,26,18)
  (66, 78, 90)  (offsets 16,28,40; top-offsets 34,22,10)
  (66, 81, 96)  (offsets 16,31,46; top-offsets 34,19,4)
  (68, 69, 70)  (offsets 18,19,20; top-offsets 32,31,30)
  (68, 74, 80)  (offsets 18,24,30; top-offsets 32,26,20)
  (68, 76, 84)  (offsets 18,26,34; top-offsets 32,24,16)
  (68, 78, 88)  (offsets 18,28,38; top-offsets 32,22,12)
  (68, 80, 92)  (offsets 18,30,42; top-offsets 32,20,8)
  (68, 84, 100)  (offsets 18,34,50; top-offsets 32,16,0)
  (69, 70, 71)  (offsets 19,20,21; top-offsets 31,30,29)
  (69, 72, 75)  (offsets 19,22,25; top-offsets 31,28,25)
  (69, 77, 85)  (offsets 19,27,35; top-offsets 31,23,15)
  (69, 78, 87)  (offsets 19,28,37; top-offsets 31,22,13)
  (69, 81, 93)  (offsets 19,31,43; top-offsets 31,19,7)
  (70, 72, 74)  (offsets 20,22,24; top-offsets 30,28,26)
  (70, 74, 78)  (offsets 20,24,28; top-offsets 30,26,22)
  (70, 78, 86)  (offsets 20,28,36; top-offsets 30,22,14)
  (70, 80, 90)  (offsets 20,30,40; top-offsets 30,20,10)
  (71, 72, 73)  (offsets 21,22,23; top-offsets 29,28,27)
  (72, 73, 74)  (offsets 22,23,24; top-offsets 28,27,26)
  (72, 74, 76)  (offsets 22,24,26; top-offsets 28,26,24)
  (72, 76, 80)  (offsets 22,26,30; top-offsets 28,24,20)
  (72, 78, 84)  (offsets 22,28,34; top-offsets 28,22,16)
  (72, 81, 90)  (offsets 22,31,40; top-offsets 28,19,10)
  (72, 82, 92)  (offsets 22,32,42; top-offsets 28,18,8)
  (72, 86, 100)  (offsets 22,36,50; top-offsets 28,14,0)
  (73, 74, 75)  (offsets 23,24,25; top-offsets 27,26,25)
  (74, 78, 82)  (offsets 24,28,32; top-offsets 26,22,18)
  (74, 80, 86)  (offsets 24,30,36; top-offsets 26,20,14)
  (74, 82, 90)  (offsets 24,32,40; top-offsets 26,18,10)
  (74, 86, 98)  (offsets 24,36,48; top-offsets 26,14,2)
  (74, 87, 100)  (offsets 24,37,50; top-offsets 26,13,0)
  (75, 76, 77)  (offsets 25,26,27; top-offsets 25,24,23)
  (76, 80, 84)  (offsets 26,30,34; top-offsets 24,20,16)
  (76, 84, 92)  (offsets 26,34,42; top-offsets 24,16,8)
  (77, 81, 85)  (offsets 27,31,35; top-offsets 23,19,15)
  (77, 82, 87)  (offsets 27,32,37; top-offsets 23,18,13)
  (77, 85, 93)  (offsets 27,35,43; top-offsets 23,15,7)
  (78, 82, 86)  (offsets 28,32,36; top-offsets 22,18,14)
  (78, 84, 90)  (offsets 28,34,40; top-offsets 22,16,10)
  (78, 88, 98)  (offsets 28,38,48; top-offsets 22,12,2)
  (80, 84, 88)  (offsets 30,34,38; top-offsets 20,16,12)
  (80, 86, 92)  (offsets 30,36,42; top-offsets 20,14,8)
  (81, 82, 83)  (offsets 31,32,33; top-offsets 19,18,17)
  (82, 84, 86)  (offsets 32,34,36; top-offsets 18,16,14)
  (82, 86, 90)  (offsets 32,36,40; top-offsets 18,14,10)
  (82, 87, 92)  (offsets 32,37,42; top-offsets 18,13,8)
  (82, 90, 98)  (offsets 32,40,48; top-offsets 18,10,2)
  (83, 84, 85)  (offsets 33,34,35; top-offsets 17,16,15)
  (84, 85, 86)  (offsets 34,35,36; top-offsets 16,15,14)
  (84, 90, 96)  (offsets 34,40,46; top-offsets 16,10,4)
  (85, 86, 87)  (offsets 35,36,37; top-offsets 15,14,13)
  (86, 87, 88)  (offsets 36,37,38; top-offsets 14,13,12)
  (87, 88, 89)  (offsets 37,38,39; top-offsets 13,12,11)
  (87, 92, 97)  (offsets 37,42,47; top-offsets 13,8,3)
  (88, 89, 90)  (offsets 38,39,40; top-offsets 12,11,10)
