K=52: initial triple core 320 (0s)
  ... 0/277 (0s)
  ... 0/262 (0s)
  ... 0/260 (0s)
  ... 0/259 (0s)
  ... 0/237 (0s)
  ... 0/223 (0s)
  ... 0/215 (0s)
  ... 0/211 (0s)
  ... 0/203 (0s)
  ... 0/186 (0s)
  ... 0/176 (0s)
  ... 0/173 (0s)
  ... 0/171 (0s)
  ... 0/165 (0s)
  ... 0/164 (0s)
  ... 0/163 (0s)
  ... 0/159 (0s)
  ... 20/126 (1s)
  ... 40/108 (1s)
  ... 40/107 (1s)
  ... 60/103 (1s)
  ... 80/102 (1s)
MUS (97 triples):
  (53, 65, 77)  (offsets 1,13,25; top-offsets 51,39,27)
  (53, 69, 85)  (offsets 1,17,33; top-offsets 51,35,19)
  (53, 73, 93)  (offsets 1,21,41; top-offsets 51,31,11)
  (53, 75, 97)  (offsets 1,23,45; top-offsets 51,29,7)
  (54, 63, 72)  (offsets 2,11,20; top-offsets 50,41,32)
  (54, 66, 78)  (offsets 2,14,26; top-offsets 50,38,26)
  (54, 74, 94)  (offsets 2,22,42; top-offsets 50,30,10)
  (55, 64, 73)  (offsets 3,12,21; top-offsets 49,40,31)
  (55, 67, 79)  (offsets 3,15,27; top-offsets 49,37,25)
  (55, 69, 83)  (offsets 3,17,31; top-offsets 49,35,21)
  (55, 70, 85)  (offsets 3,18,33; top-offsets 49,34,19)
  (55, 73, 91)  (offsets 3,21,39; top-offsets 49,31,13)
  (55, 75, 95)  (offsets 3,23,43; top-offsets 49,29,9)
  (55, 79, 103)  (offsets 3,27,51; top-offsets 49,25,1)
  (56, 73, 90)  (offsets 4,21,38; top-offsets 48,31,14)
  (56, 75, 94)  (offsets 4,23,42; top-offsets 48,29,10)
  (56, 79, 102)  (offsets 4,27,50; top-offsets 48,25,2)
  (57, 67, 77)  (offsets 5,15,25; top-offsets 47,37,27)
  (57, 68, 79)  (offsets 5,16,27; top-offsets 47,36,25)
  (57, 69, 81)  (offsets 5,17,29; top-offsets 47,35,23)
  (57, 71, 85)  (offsets 5,19,33; top-offsets 47,33,19)
  (57, 77, 97)  (offsets 5,25,45; top-offsets 47,27,7)
  (57, 79, 101)  (offsets 5,27,49; top-offsets 47,25,3)
  (58, 66, 74)  (offsets 6,14,22; top-offsets 46,38,30)
  (58, 70, 82)  (offsets 6,18,30; top-offsets 46,34,22)
  (58, 71, 84)  (offsets 6,19,32; top-offsets 46,33,20)
  (59, 67, 75)  (offsets 7,15,23; top-offsets 45,37,29)
  (59, 79, 99)  (offsets 7,27,47; top-offsets 45,25,5)
  (63, 72, 81)  (offsets 11,20,29; top-offsets 41,32,23)
  (63, 73, 83)  (offsets 11,21,31; top-offsets 41,31,21)
  (64, 67, 70)  (offsets 12,15,18; top-offsets 40,37,34)
  (64, 73, 82)  (offsets 12,21,30; top-offsets 40,31,22)
  (65, 66, 67)  (offsets 13,14,15; top-offsets 39,38,37)
  (65, 73, 81)  (offsets 13,21,29; top-offsets 39,31,23)
  (65, 75, 85)  (offsets 13,23,33; top-offsets 39,29,19)
  (65, 81, 97)  (offsets 13,29,45; top-offsets 39,23,7)
  (66, 67, 68)  (offsets 14,15,16; top-offsets 38,37,36)
  (66, 74, 82)  (offsets 14,22,30; top-offsets 38,30,22)
  (66, 78, 90)  (offsets 14,26,38; top-offsets 38,26,14)
  (67, 68, 69)  (offsets 15,16,17; top-offsets 37,36,35)
  (67, 75, 83)  (offsets 15,23,31; top-offsets 37,29,21)
  (67, 77, 87)  (offsets 15,25,35; top-offsets 37,27,17)
  (67, 79, 91)  (offsets 15,27,39; top-offsets 37,25,13)
  (68, 69, 70)  (offsets 16,17,18; top-offsets 36,35,34)
  (68, 79, 90)  (offsets 16,27,38; top-offsets 36,25,14)
  (69, 70, 71)  (offsets 17,18,19; top-offsets 35,34,33)
  (69, 77, 85)  (offsets 17,25,33; top-offsets 35,27,19)
  (69, 79, 89)  (offsets 17,27,37; top-offsets 35,25,15)
  (69, 81, 93)  (offsets 17,29,41; top-offsets 35,23,11)
  (69, 83, 97)  (offsets 17,31,45; top-offsets 35,21,7)
  (69, 85, 101)  (offsets 17,33,49; top-offsets 35,19,3)
  (70, 71, 72)  (offsets 18,19,20; top-offsets 34,33,32)
  (70, 82, 94)  (offsets 18,30,42; top-offsets 34,22,10)
  (71, 72, 73)  (offsets 19,20,21; top-offsets 33,32,31)
  (71, 77, 83)  (offsets 19,25,31; top-offsets 33,27,21)
  (71, 79, 87)  (offsets 19,27,35; top-offsets 33,25,17)
  (71, 84, 97)  (offsets 19,32,45; top-offsets 33,20,7)
  (71, 85, 99)  (offsets 19,33,47; top-offsets 33,19,5)
  (72, 73, 74)  (offsets 20,21,22; top-offsets 32,31,30)
  (73, 75, 77)  (offsets 21,23,25; top-offsets 31,29,27)
  (73, 77, 81)  (offsets 21,25,29; top-offsets 31,27,23)
  (73, 78, 83)  (offsets 21,26,31; top-offsets 31,26,21)
  (73, 81, 89)  (offsets 21,29,37; top-offsets 31,23,15)
  (73, 83, 93)  (offsets 21,31,41; top-offsets 31,21,11)
  (73, 85, 97)  (offsets 21,33,45; top-offsets 31,19,7)
  (74, 82, 90)  (offsets 22,30,38; top-offsets 30,22,14)
  (75, 79, 83)  (offsets 23,27,31; top-offsets 29,25,21)
  (75, 81, 87)  (offsets 23,29,35; top-offsets 29,23,17)
  (75, 83, 91)  (offsets 23,31,39; top-offsets 29,21,13)
  (75, 85, 95)  (offsets 23,33,43; top-offsets 29,19,9)
  (75, 87, 99)  (offsets 23,35,47; top-offsets 29,17,5)
  (77, 81, 85)  (offsets 25,29,33; top-offsets 27,23,19)
  (77, 85, 93)  (offsets 25,33,41; top-offsets 27,19,11)
  (78, 83, 88)  (offsets 26,31,36; top-offsets 26,21,16)
  (79, 81, 83)  (offsets 27,29,31; top-offsets 25,23,21)
  (79, 83, 87)  (offsets 27,31,35; top-offsets 25,21,17)
  (79, 85, 91)  (offsets 27,33,39; top-offsets 25,19,13)
  (79, 87, 95)  (offsets 27,35,43; top-offsets 25,17,9)
  (81, 83, 85)  (offsets 29,31,33; top-offsets 23,21,19)
  (81, 85, 89)  (offsets 29,33,37; top-offsets 23,19,15)
  (81, 87, 93)  (offsets 29,35,41; top-offsets 23,17,11)
  (81, 89, 97)  (offsets 29,37,45; top-offsets 23,15,7)
  (83, 84, 85)  (offsets 31,32,33; top-offsets 21,20,19)
  (83, 87, 91)  (offsets 31,35,39; top-offsets 21,17,13)
  (83, 91, 99)  (offsets 31,39,47; top-offsets 21,13,5)
  (84, 85, 86)  (offsets 32,33,34; top-offsets 20,19,18)
  (85, 86, 87)  (offsets 33,34,35; top-offsets 19,18,17)
  (85, 89, 93)  (offsets 33,37,41; top-offsets 19,15,11)
  (86, 87, 88)  (offsets 34,35,36; top-offsets 18,17,16)
  (87, 88, 89)  (offsets 35,36,37; top-offsets 17,16,15)
  (87, 93, 99)  (offsets 35,41,47; top-offsets 17,11,5)
  (88, 89, 90)  (offsets 36,37,38; top-offsets 16,15,14)
  (89, 90, 91)  (offsets 37,38,39; top-offsets 15,14,13)
  (89, 93, 97)  (offsets 37,41,45; top-offsets 15,11,7)
  (90, 91, 92)  (offsets 38,39,40; top-offsets 14,13,12)
  (91, 92, 93)  (offsets 39,40,41; top-offsets 13,12,11)
  (92, 93, 94)  (offsets 40,41,42; top-offsets 12,11,10)
