K=41: initial triple core 284 (0s)
  ... 0/263 (0s)
  ... 0/262 (0s)
  ... 0/258 (0s)
  ... 0/251 (0s)
  ... 0/228 (0s)
  ... 0/216 (0s)
  ... 0/207 (0s)
  ... 0/198 (0s)
  ... 0/188 (0s)
  ... 0/168 (0s)
  ... 0/167 (0s)
  ... 0/163 (0s)
  ... 0/158 (0s)
  ... 0/155 (0s)
  ... 0/153 (0s)
  ... 0/146 (0s)
  ... 0/142 (0s)
  ... 20/90 (0s)
  ... 40/77 (0s)
  ... 60/76 (0s)
MUS (74 triples):
  (42, 57, 72)  (offsets 1,16,31; top-offsets 40,25,10)
  (42, 60, 78)  (offsets 1,19,37; top-offsets 40,22,4)
  (43, 57, 71)  (offsets 2,16,30; top-offsets 39,25,11)
  (43, 59, 75)  (offsets 2,18,34; top-offsets 39,23,7)
  (43, 62, 81)  (offsets 2,21,40; top-offsets 39,20,1)
  (44, 52, 60)  (offsets 3,11,19; top-offsets 38,30,22)
  (44, 53, 62)  (offsets 3,12,21; top-offsets 38,29,20)
  (44, 57, 70)  (offsets 3,16,29; top-offsets 38,25,12)
  (44, 63, 82)  (offsets 3,22,41; top-offsets 38,19,0)
  (45, 53, 61)  (offsets 4,12,20; top-offsets 37,29,21)
  (45, 55, 65)  (offsets 4,14,24; top-offsets 37,27,17)
  (45, 57, 69)  (offsets 4,16,28; top-offsets 37,25,13)
  (46, 50, 54)  (offsets 5,9,13; top-offsets 36,32,28)
  (46, 54, 62)  (offsets 5,13,21; top-offsets 36,28,20)
  (46, 59, 72)  (offsets 5,18,31; top-offsets 36,23,10)
  (47, 57, 67)  (offsets 6,16,26; top-offsets 35,25,15)
  (48, 56, 64)  (offsets 7,15,23; top-offsets 34,26,18)
  (48, 58, 68)  (offsets 7,17,27; top-offsets 34,24,14)
  (48, 59, 70)  (offsets 7,18,29; top-offsets 34,23,12)
  (49, 53, 57)  (offsets 8,12,16; top-offsets 33,29,25)
  (49, 54, 59)  (offsets 8,13,18; top-offsets 33,28,23)
  (49, 57, 65)  (offsets 8,16,24; top-offsets 33,25,17)
  (49, 59, 69)  (offsets 8,18,28; top-offsets 33,23,13)
  (49, 63, 77)  (offsets 8,22,36; top-offsets 33,19,5)
  (50, 57, 64)  (offsets 9,16,23; top-offsets 32,25,18)
  (50, 58, 66)  (offsets 9,17,25; top-offsets 32,24,16)
  (50, 62, 74)  (offsets 9,21,33; top-offsets 32,20,8)
  (52, 57, 62)  (offsets 11,16,21; top-offsets 30,25,20)
  (52, 60, 68)  (offsets 11,19,27; top-offsets 30,22,14)
  (53, 57, 61)  (offsets 12,16,20; top-offsets 29,25,21)
  (53, 59, 65)  (offsets 12,18,24; top-offsets 29,23,17)
  (53, 61, 69)  (offsets 12,20,28; top-offsets 29,21,13)
  (53, 62, 71)  (offsets 12,21,30; top-offsets 29,20,11)
  (53, 65, 77)  (offsets 12,24,36; top-offsets 29,17,5)
  (54, 57, 60)  (offsets 13,16,19; top-offsets 28,25,22)
  (54, 59, 64)  (offsets 13,18,23; top-offsets 28,23,18)
  (55, 57, 59)  (offsets 14,16,18; top-offsets 27,25,23)
  (55, 60, 65)  (offsets 14,19,24; top-offsets 27,22,17)
  (55, 65, 75)  (offsets 14,24,34; top-offsets 27,17,7)
  (56, 59, 62)  (offsets 15,18,21; top-offsets 26,23,20)
  (56, 64, 72)  (offsets 15,23,31; top-offsets 26,18,10)
  (57, 60, 63)  (offsets 16,19,22; top-offsets 25,22,19)
  (57, 61, 65)  (offsets 16,20,24; top-offsets 25,21,17)
  (57, 62, 67)  (offsets 16,21,26; top-offsets 25,20,15)
  (57, 63, 69)  (offsets 16,22,28; top-offsets 25,19,13)
  (57, 64, 71)  (offsets 16,23,30; top-offsets 25,18,11)
  (57, 65, 73)  (offsets 16,24,32; top-offsets 25,17,9)
  (57, 67, 77)  (offsets 16,26,36; top-offsets 25,15,5)
  (57, 69, 81)  (offsets 16,28,40; top-offsets 25,13,1)
  (58, 62, 66)  (offsets 17,21,25; top-offsets 24,20,16)
  (58, 66, 74)  (offsets 17,25,33; top-offsets 24,16,8)
  (58, 68, 78)  (offsets 17,27,37; top-offsets 24,14,4)
  (59, 61, 63)  (offsets 18,20,22; top-offsets 23,21,19)
  (59, 62, 65)  (offsets 18,21,24; top-offsets 23,20,17)
  (59, 65, 71)  (offsets 18,24,30; top-offsets 23,17,11)
  (60, 61, 62)  (offsets 19,20,21; top-offsets 22,21,20)
  (60, 65, 70)  (offsets 19,24,29; top-offsets 22,17,12)
  (60, 71, 82)  (offsets 19,30,41; top-offsets 22,11,0)
  (61, 62, 63)  (offsets 20,21,22; top-offsets 21,20,19)
  (61, 63, 65)  (offsets 20,22,24; top-offsets 21,19,17)
  (61, 65, 69)  (offsets 20,24,28; top-offsets 21,17,13)
  (61, 67, 73)  (offsets 20,26,32; top-offsets 21,15,9)
  (61, 69, 77)  (offsets 20,28,36; top-offsets 21,13,5)
  (62, 63, 64)  (offsets 21,22,23; top-offsets 20,19,18)
  (62, 65, 68)  (offsets 21,24,27; top-offsets 20,17,14)
  (62, 67, 72)  (offsets 21,26,31; top-offsets 20,15,10)
  (63, 64, 65)  (offsets 22,23,24; top-offsets 19,18,17)
  (63, 65, 67)  (offsets 22,24,26; top-offsets 19,17,15)
  (63, 67, 71)  (offsets 22,26,30; top-offsets 19,15,11)
  (64, 71, 78)  (offsets 23,30,37; top-offsets 18,11,4)
  (65, 68, 71)  (offsets 24,27,30; top-offsets 17,14,11)
  (65, 71, 77)  (offsets 24,30,36; top-offsets 17,11,5)
  (68, 71, 74)  (offsets 27,30,33; top-offsets 14,11,8)
  (70, 71, 72)  (offsets 29,30,31; top-offsets 12,11,10)
