K=54: initial triple core 377 (0s)
  ... 0/336 (0s)
  ... 0/320 (0s)
  ... 0/303 (0s)
  ... 0/288 (0s)
  ... 0/280 (0s)
  ... 0/276 (0s)
  ... 0/271 (0s)
  ... 0/266 (0s)
  ... 0/238 (0s)
  ... 0/237 (0s)
  ... 0/225 (0s)
  ... 0/221 (0s)
  ... 0/219 (0s)
  ... 0/215 (0s)
  ... 0/208 (0s)
  ... 20/136 (1s)
  ... 20/135 (1s)
  ... 20/134 (1s)
  ... 40/121 (1s)
  ... 60/116 (2s)
  ... 80/108 (2s)
  ... 100/107 (2s)
MUS (106 triples):
  (55, 73, 91)  (offsets 1,19,37; top-offsets 53,35,17)
  (55, 75, 95)  (offsets 1,21,41; top-offsets 53,33,13)
  (55, 78, 101)  (offsets 1,24,47; top-offsets 53,30,7)
  (55, 80, 105)  (offsets 1,26,51; top-offsets 53,28,3)
  (56, 68, 80)  (offsets 2,14,26; top-offsets 52,40,28)
  (56, 75, 94)  (offsets 2,21,40; top-offsets 52,33,14)
  (56, 82, 108)  (offsets 2,28,54; top-offsets 52,26,0)
  (57, 69, 81)  (offsets 3,15,27; top-offsets 51,39,27)
  (57, 82, 107)  (offsets 3,28,53; top-offsets 51,26,1)
  (58, 69, 80)  (offsets 4,15,26; top-offsets 50,39,28)
  (58, 70, 82)  (offsets 4,16,28; top-offsets 50,38,26)
  (58, 74, 90)  (offsets 4,20,36; top-offsets 50,34,18)
  (58, 76, 94)  (offsets 4,22,40; top-offsets 50,32,14)
  (58, 78, 98)  (offsets 4,24,44; top-offsets 50,30,10)
  (58, 80, 102)  (offsets 4,26,48; top-offsets 50,28,6)
  (59, 66, 73)  (offsets 5,12,19; top-offsets 49,42,35)
  (59, 75, 91)  (offsets 5,21,37; top-offsets 49,33,17)
  (59, 82, 105)  (offsets 5,28,51; top-offsets 49,26,3)
  (60, 68, 76)  (offsets 6,14,22; top-offsets 48,40,32)
  (60, 80, 100)  (offsets 6,26,46; top-offsets 48,28,8)
  (60, 82, 104)  (offsets 6,28,50; top-offsets 48,26,4)
  (61, 69, 77)  (offsets 7,15,23; top-offsets 47,39,31)
  (61, 73, 85)  (offsets 7,19,31; top-offsets 47,35,23)
  (61, 79, 97)  (offsets 7,25,43; top-offsets 47,29,11)
  (61, 81, 101)  (offsets 7,27,47; top-offsets 47,27,7)
  (62, 68, 74)  (offsets 8,14,20; top-offsets 46,40,34)
  (62, 71, 80)  (offsets 8,17,26; top-offsets 46,37,28)
  (62, 82, 102)  (offsets 8,28,48; top-offsets 46,26,6)
  (66, 73, 80)  (offsets 12,19,26; top-offsets 42,35,28)
  (66, 82, 98)  (offsets 12,28,44; top-offsets 42,26,10)
  (68, 72, 76)  (offsets 14,18,22; top-offsets 40,36,32)
  (68, 74, 80)  (offsets 14,20,26; top-offsets 40,34,28)
  (68, 76, 84)  (offsets 14,22,30; top-offsets 40,32,24)
  (68, 78, 88)  (offsets 14,24,34; top-offsets 40,30,20)
  (68, 80, 92)  (offsets 14,26,38; top-offsets 40,28,16)
  (69, 70, 71)  (offsets 15,16,17; top-offsets 39,38,37)
  (69, 76, 83)  (offsets 15,22,29; top-offsets 39,32,25)
  (69, 77, 85)  (offsets 15,23,31; top-offsets 39,31,23)
  (69, 81, 93)  (offsets 15,27,39; top-offsets 39,27,15)
  (70, 74, 78)  (offsets 16,20,24; top-offsets 38,34,30)
  (70, 76, 82)  (offsets 16,22,28; top-offsets 38,32,26)
  (70, 80, 90)  (offsets 16,26,36; top-offsets 38,28,18)
  (70, 82, 94)  (offsets 16,28,40; top-offsets 38,26,14)
  (71, 72, 73)  (offsets 17,18,19; top-offsets 37,36,35)
  (71, 80, 89)  (offsets 17,26,35; top-offsets 37,28,19)
  (72, 73, 74)  (offsets 18,19,20; top-offsets 36,35,34)
  (72, 76, 80)  (offsets 18,22,26; top-offsets 36,32,28)
  (73, 74, 75)  (offsets 19,20,21; top-offsets 35,34,33)
  (73, 79, 85)  (offsets 19,25,31; top-offsets 35,29,23)
  (73, 83, 93)  (offsets 19,29,39; top-offsets 35,25,15)
  (73, 85, 97)  (offsets 19,31,43; top-offsets 35,23,11)
  (74, 78, 82)  (offsets 20,24,28; top-offsets 34,30,26)
  (74, 80, 86)  (offsets 20,26,32; top-offsets 34,28,22)
  (74, 90, 106)  (offsets 20,36,52; top-offsets 34,18,2)
  (75, 76, 77)  (offsets 21,22,23; top-offsets 33,32,31)
  (75, 91, 107)  (offsets 21,37,53; top-offsets 33,17,1)
  (76, 77, 78)  (offsets 22,23,24; top-offsets 32,31,30)
  (76, 79, 82)  (offsets 22,25,28; top-offsets 32,29,26)
  (76, 80, 84)  (offsets 22,26,30; top-offsets 32,28,24)
  (76, 82, 88)  (offsets 22,28,34; top-offsets 32,26,20)
  (76, 84, 92)  (offsets 22,30,38; top-offsets 32,24,16)
  (76, 88, 100)  (offsets 22,34,46; top-offsets 32,20,8)
  (77, 78, 79)  (offsets 23,24,25; top-offsets 31,30,29)
  (77, 85, 93)  (offsets 23,31,39; top-offsets 31,23,15)
  (78, 82, 86)  (offsets 24,28,32; top-offsets 30,26,22)
  (78, 83, 88)  (offsets 24,29,34; top-offsets 30,25,20)
  (78, 88, 98)  (offsets 24,34,44; top-offsets 30,20,10)
  (78, 92, 106)  (offsets 24,38,52; top-offsets 30,16,2)
  (79, 82, 85)  (offsets 25,28,31; top-offsets 29,26,23)
  (79, 85, 91)  (offsets 25,31,37; top-offsets 29,23,17)
  (80, 82, 84)  (offsets 26,28,30; top-offsets 28,26,24)
  (80, 84, 88)  (offsets 26,30,34; top-offsets 28,24,20)
  (80, 92, 104)  (offsets 26,38,50; top-offsets 28,16,4)
  (81, 82, 83)  (offsets 27,28,29; top-offsets 27,26,25)
  (81, 88, 95)  (offsets 27,34,41; top-offsets 27,20,13)
  (82, 86, 90)  (offsets 28,32,36; top-offsets 26,22,18)
  (82, 88, 94)  (offsets 28,34,40; top-offsets 26,20,14)
  (82, 90, 98)  (offsets 28,36,44; top-offsets 26,18,10)
  (82, 92, 102)  (offsets 28,38,48; top-offsets 26,16,6)
  (83, 93, 103)  (offsets 29,39,49; top-offsets 25,15,5)
  (84, 92, 100)  (offsets 30,38,46; top-offsets 24,16,8)
  (85, 93, 101)  (offsets 31,39,47; top-offsets 23,15,7)
  (86, 88, 90)  (offsets 32,34,36; top-offsets 22,20,18)
  (86, 90, 94)  (offsets 32,36,40; top-offsets 22,18,14)
  (88, 89, 90)  (offsets 34,35,36; top-offsets 20,19,18)
  (88, 90, 92)  (offsets 34,36,38; top-offsets 20,18,16)
  (88, 92, 96)  (offsets 34,38,42; top-offsets 20,16,12)
  (88, 95, 102)  (offsets 34,41,48; top-offsets 20,13,6)
  (89, 90, 91)  (offsets 35,36,37; top-offsets 19,18,17)
  (89, 95, 101)  (offsets 35,41,47; top-offsets 19,13,7)
  (90, 91, 92)  (offsets 36,37,38; top-offsets 18,17,16)
  (90, 92, 94)  (offsets 36,38,40; top-offsets 18,16,14)
  (90, 94, 98)  (offsets 36,40,44; top-offsets 18,14,10)
  (91, 92, 93)  (offsets 37,38,39; top-offsets 17,16,15)
  (92, 93, 94)  (offsets 38,39,40; top-offsets 16,15,14)
  (92, 96, 100)  (offsets 38,42,46; top-offsets 16,12,8)
  (93, 94, 95)  (offsets 39,40,41; top-offsets 15,14,13)
  (94, 95, 96)  (offsets 40,41,42; top-offsets 14,13,12)
  (94, 96, 98)  (offsets 40,42,44; top-offsets 14,12,10)
  (94, 98, 102)  (offsets 40,44,48; top-offsets 14,10,6)
  (95, 96, 97)  (offsets 41,42,43; top-offsets 13,12,11)
  (96, 97, 98)  (offsets 42,43,44; top-offsets 12,11,10)
  (96, 100, 104)  (offsets 42,46,50; top-offsets 12,8,4)
  (98, 100, 102)  (offsets 44,46,48; top-offsets 10,8,6)
  (98, 102, 106)  (offsets 44,48,52; top-offsets 10,6,2)
  (100, 102, 104)  (offsets 46,48,50; top-offsets 8,6,4)
