K=49: initial triple core 427 (0s)
  ... 0/418 (0s)
  ... 0/369 (0s)
  ... 0/367 (0s)
  ... 0/330 (0s)
  ... 0/302 (0s)
  ... 0/301 (0s)
  ... 0/300 (0s)
  ... 0/293 (0s)
  ... 0/288 (0s)
  ... 0/282 (0s)
  ... 0/278 (0s)
  ... 0/276 (0s)
  ... 0/238 (0s)
  ... 0/237 (0s)
  ... 0/232 (0s)
  ... 0/215 (0s)
  ... 0/205 (0s)
  ... 0/189 (0s)
  ... 0/176 (0s)
  ... 0/169 (0s)
  ... 20/100 (1s)
  ... 40/90 (1s)
  ... 60/83 (1s)
  ... 80/80 (1s)
MUS (80 triples):
  (50, 62, 74)  (offsets 1,13,25; top-offsets 48,36,24)
  (50, 64, 78)  (offsets 1,15,29; top-offsets 48,34,20)
  (50, 65, 80)  (offsets 1,16,31; top-offsets 48,33,18)
  (50, 68, 86)  (offsets 1,19,37; top-offsets 48,30,12)
  (50, 70, 90)  (offsets 1,21,41; top-offsets 48,28,8)
  (50, 74, 98)  (offsets 1,25,49; top-offsets 48,24,0)
  (52, 64, 76)  (offsets 3,15,27; top-offsets 46,34,22)
  (52, 66, 80)  (offsets 3,17,31; top-offsets 46,32,18)
  (52, 72, 92)  (offsets 3,23,43; top-offsets 46,26,6)
  (53, 61, 69)  (offsets 4,12,20; top-offsets 45,37,29)
  (53, 65, 77)  (offsets 4,16,28; top-offsets 45,33,21)
  (54, 64, 74)  (offsets 5,15,25; top-offsets 44,34,24)
  (54, 66, 78)  (offsets 5,17,29; top-offsets 44,32,20)
  (54, 72, 90)  (offsets 5,23,41; top-offsets 44,26,8)
  (54, 76, 98)  (offsets 5,27,49; top-offsets 44,22,0)
  (55, 65, 75)  (offsets 6,16,26; top-offsets 43,33,23)
  (55, 68, 81)  (offsets 6,19,32; top-offsets 43,30,17)
  (56, 64, 72)  (offsets 7,15,23; top-offsets 42,34,26)
  (56, 68, 80)  (offsets 7,19,31; top-offsets 42,30,18)
  (57, 65, 73)  (offsets 8,16,24; top-offsets 41,33,25)
  (57, 74, 91)  (offsets 8,25,42; top-offsets 41,24,7)
  (57, 77, 97)  (offsets 8,28,48; top-offsets 41,21,1)
  (58, 66, 74)  (offsets 9,17,25; top-offsets 40,32,24)
  (58, 70, 82)  (offsets 9,21,33; top-offsets 40,28,16)
  (61, 69, 77)  (offsets 12,20,28; top-offsets 37,29,21)
  (61, 73, 85)  (offsets 12,24,36; top-offsets 37,25,13)
  (62, 68, 74)  (offsets 13,19,25; top-offsets 36,30,24)
  (62, 70, 78)  (offsets 13,21,29; top-offsets 36,28,20)
  (62, 74, 86)  (offsets 13,25,37; top-offsets 36,24,12)
  (64, 66, 68)  (offsets 15,17,19; top-offsets 34,32,30)
  (64, 68, 72)  (offsets 15,19,23; top-offsets 34,30,26)
  (64, 72, 80)  (offsets 15,23,31; top-offsets 34,26,18)
  (64, 73, 82)  (offsets 15,24,33; top-offsets 34,25,16)
  (64, 78, 92)  (offsets 15,29,43; top-offsets 34,20,6)
  (65, 68, 71)  (offsets 16,19,22; top-offsets 33,30,27)
  (65, 70, 75)  (offsets 16,21,26; top-offsets 33,28,23)
  (65, 73, 81)  (offsets 16,24,32; top-offsets 33,25,17)
  (65, 75, 85)  (offsets 16,26,36; top-offsets 33,23,13)
  (65, 77, 89)  (offsets 16,28,40; top-offsets 33,21,9)
  (66, 70, 74)  (offsets 17,21,25; top-offsets 32,28,24)
  (66, 72, 78)  (offsets 17,23,29; top-offsets 32,26,20)
  (66, 74, 82)  (offsets 17,25,33; top-offsets 32,24,16)
  (66, 76, 86)  (offsets 17,27,37; top-offsets 32,22,12)
  (66, 78, 90)  (offsets 17,29,41; top-offsets 32,20,8)
  (68, 71, 74)  (offsets 19,22,25; top-offsets 30,27,24)
  (68, 72, 76)  (offsets 19,23,27; top-offsets 30,26,22)
  (68, 74, 80)  (offsets 19,25,31; top-offsets 30,24,18)
  (68, 77, 86)  (offsets 19,28,37; top-offsets 30,21,12)
  (68, 80, 92)  (offsets 19,31,43; top-offsets 30,18,6)
  (69, 77, 85)  (offsets 20,28,36; top-offsets 29,21,13)
  (70, 72, 74)  (offsets 21,23,25; top-offsets 28,26,24)
  (70, 74, 78)  (offsets 21,25,29; top-offsets 28,24,20)
  (70, 75, 80)  (offsets 21,26,31; top-offsets 28,23,18)
  (70, 78, 86)  (offsets 21,29,37; top-offsets 28,20,12)
  (70, 80, 90)  (offsets 21,31,41; top-offsets 28,18,8)
  (70, 84, 98)  (offsets 21,35,49; top-offsets 28,14,0)
  (71, 74, 77)  (offsets 22,25,28; top-offsets 27,24,21)
  (72, 74, 76)  (offsets 23,25,27; top-offsets 26,24,22)
  (72, 78, 84)  (offsets 23,29,35; top-offsets 26,20,14)
  (73, 81, 89)  (offsets 24,32,40; top-offsets 25,17,9)
  (73, 82, 91)  (offsets 24,33,42; top-offsets 25,16,7)
  (74, 75, 76)  (offsets 25,26,27; top-offsets 24,23,22)
  (74, 78, 82)  (offsets 25,29,33; top-offsets 24,20,16)
  (74, 80, 86)  (offsets 25,31,37; top-offsets 24,18,12)
  (74, 82, 90)  (offsets 25,33,41; top-offsets 24,16,8)
  (74, 86, 98)  (offsets 25,37,49; top-offsets 24,12,0)
  (75, 76, 77)  (offsets 26,27,28; top-offsets 23,22,21)
  (75, 80, 85)  (offsets 26,31,36; top-offsets 23,18,13)
  (75, 86, 97)  (offsets 26,37,48; top-offsets 23,12,1)
  (76, 78, 80)  (offsets 27,29,31; top-offsets 22,20,18)
  (77, 80, 83)  (offsets 28,31,34; top-offsets 21,18,15)
  (78, 80, 82)  (offsets 29,31,33; top-offsets 20,18,16)
  (78, 82, 86)  (offsets 29,33,37; top-offsets 20,16,12)
  (80, 82, 84)  (offsets 31,33,35; top-offsets 18,16,14)
  (80, 83, 86)  (offsets 31,34,37; top-offsets 18,15,12)
  (81, 89, 97)  (offsets 32,40,48; top-offsets 17,9,1)
  (82, 84, 86)  (offsets 33,35,37; top-offsets 16,14,12)
  (83, 86, 89)  (offsets 34,37,40; top-offsets 15,12,9)
  (84, 86, 88)  (offsets 35,37,39; top-offsets 14,12,10)
  (88, 89, 90)  (offsets 39,40,41; top-offsets 10,9,8)
