K=60: initial triple core 575 (0s)
  ... 0/525 (0s)
  ... 0/509 (0s)
  ... 0/474 (0s)
  ... 0/463 (0s)
  ... 0/456 (0s)
  ... 0/450 (1s)
  ... 0/436 (1s)
  ... 0/432 (1s)
  ... 0/425 (1s)
  ... 0/422 (1s)
  ... 0/397 (1s)
  ... 0/389 (1s)
  ... 0/387 (1s)
  ... 0/386 (1s)
  ... 0/385 (1s)
  ... 0/382 (1s)
  ... 0/377 (1s)
  ... 0/376 (1s)
  ... 0/373 (1s)
  ... 0/372 (1s)
  ... 0/371 (1s)
  ... 0/370 (1s)
  ... 0/369 (1s)
  ... 0/368 (1s)
  ... 0/367 (1s)
  ... 0/365 (1s)
  ... 0/363 (1s)
  ... 0/354 (1s)
  ... 0/346 (1s)
  ... 0/341 (1s)
  ... 0/339 (1s)
  ... 0/337 (1s)
  ... 0/329 (1s)
  ... 0/324 (1s)
  ... 0/320 (1s)
  ... 0/319 (1s)
  ... 0/317 (1s)
  ... 0/316 (1s)
  ... 0/315 (1s)
  ... 0/314 (1s)
  ... 0/311 (1s)
  ... 0/304 (1s)
  ... 0/301 (1s)
  ... 0/293 (1s)
  ... 0/291 (1s)
  ... 0/290 (1s)
  ... 0/288 (1s)
  ... 0/279 (1s)
  ... 0/275 (1s)
  ... 0/250 (1s)
  ... 0/244 (1s)
  ... 0/239 (1s)
  ... 0/237 (2s)
  ... 0/236 (2s)
  ... 0/234 (2s)
  ... 20/157 (2s)
  ... 20/151 (2s)
  ... 40/141 (2s)
  ... 60/139 (2s)
  ... 60/138 (2s)
  ... 80/129 (3s)
  ... 100/126 (3s)
  ... 100/125 (3s)
  ... 100/124 (3s)
  ... 120/120 (3s)
MUS (120 triples):
  (61, 81, 101)  (offsets 1,21,41; top-offsets 59,39,19)
  (61, 83, 105)  (offsets 1,23,45; top-offsets 59,37,15)
  (61, 85, 109)  (offsets 1,25,49; top-offsets 59,35,11)
  (61, 89, 117)  (offsets 1,29,57; top-offsets 59,31,3)
  (62, 78, 94)  (offsets 2,18,34; top-offsets 58,42,26)
  (62, 86, 110)  (offsets 2,26,50; top-offsets 58,34,10)
  (62, 88, 114)  (offsets 2,28,54; top-offsets 58,32,6)
  (63, 77, 91)  (offsets 3,17,31; top-offsets 57,43,29)
  (63, 81, 99)  (offsets 3,21,39; top-offsets 57,39,21)
  (64, 76, 88)  (offsets 4,16,28; top-offsets 56,44,32)
  (64, 82, 100)  (offsets 4,22,40; top-offsets 56,38,20)
  (64, 85, 106)  (offsets 4,25,46; top-offsets 56,35,14)
  (65, 79, 93)  (offsets 5,19,33; top-offsets 55,41,27)
  (65, 81, 97)  (offsets 5,21,37; top-offsets 55,39,23)
  (65, 85, 105)  (offsets 5,25,45; top-offsets 55,35,15)
  (65, 89, 113)  (offsets 5,29,53; top-offsets 55,31,7)
  (66, 76, 86)  (offsets 6,16,26; top-offsets 54,44,34)
  (66, 83, 100)  (offsets 6,23,40; top-offsets 54,37,20)
  (67, 83, 99)  (offsets 7,23,39; top-offsets 53,37,21)
  (67, 85, 103)  (offsets 7,25,43; top-offsets 53,35,17)
  (67, 89, 111)  (offsets 7,29,51; top-offsets 53,31,9)
  (67, 91, 115)  (offsets 7,31,55; top-offsets 53,29,5)
  (69, 79, 89)  (offsets 9,19,29; top-offsets 51,41,31)
  (69, 81, 93)  (offsets 9,21,33; top-offsets 51,39,27)
  (73, 81, 89)  (offsets 13,21,29; top-offsets 47,39,31)
  (73, 91, 109)  (offsets 13,31,49; top-offsets 47,29,11)
  (73, 93, 113)  (offsets 13,33,53; top-offsets 47,27,7)
  (74, 86, 98)  (offsets 14,26,38; top-offsets 46,34,22)
  (74, 94, 114)  (offsets 14,34,54; top-offsets 46,26,6)
  (76, 79, 82)  (offsets 16,19,22; top-offsets 44,41,38)
  (76, 86, 96)  (offsets 16,26,36; top-offsets 44,34,24)
  (76, 88, 100)  (offsets 16,28,40; top-offsets 44,32,20)
  (77, 87, 97)  (offsets 17,27,37; top-offsets 43,33,23)
  (77, 89, 101)  (offsets 17,29,41; top-offsets 43,31,19)
  (77, 91, 105)  (offsets 17,31,45; top-offsets 43,29,15)
  (77, 98, 119)  (offsets 17,38,59; top-offsets 43,22,1)
  (78, 86, 94)  (offsets 18,26,34; top-offsets 42,34,26)
  (78, 94, 110)  (offsets 18,34,50; top-offsets 42,26,10)
  (79, 82, 85)  (offsets 19,22,25; top-offsets 41,38,35)
  (79, 84, 89)  (offsets 19,24,29; top-offsets 41,36,31)
  (79, 89, 99)  (offsets 19,29,39; top-offsets 41,31,21)
  (79, 93, 107)  (offsets 19,33,47; top-offsets 41,27,13)
  (81, 83, 85)  (offsets 21,23,25; top-offsets 39,37,35)
  (81, 84, 87)  (offsets 21,24,27; top-offsets 39,36,33)
  (81, 85, 89)  (offsets 21,25,29; top-offsets 39,35,31)
  (81, 86, 91)  (offsets 21,26,31; top-offsets 39,34,29)
  (81, 89, 97)  (offsets 21,29,37; top-offsets 39,31,23)
  (81, 91, 101)  (offsets 21,31,41; top-offsets 39,29,19)
  (81, 93, 105)  (offsets 21,33,45; top-offsets 39,27,15)
  (81, 97, 113)  (offsets 21,37,53; top-offsets 39,23,7)
  (81, 99, 117)  (offsets 21,39,57; top-offsets 39,21,3)
  (82, 85, 88)  (offsets 22,25,28; top-offsets 38,35,32)
  (82, 88, 94)  (offsets 22,28,34; top-offsets 38,32,26)
  (82, 100, 118)  (offsets 22,40,58; top-offsets 38,20,2)
  (83, 89, 95)  (offsets 23,29,35; top-offsets 37,31,25)
  (83, 91, 99)  (offsets 23,31,39; top-offsets 37,29,21)
  (83, 99, 115)  (offsets 23,39,55; top-offsets 37,21,5)
  (83, 100, 117)  (offsets 23,40,57; top-offsets 37,20,3)
  (84, 87, 90)  (offsets 24,27,30; top-offsets 36,33,30)
  (84, 89, 94)  (offsets 24,29,34; top-offsets 36,31,26)
  (84, 91, 98)  (offsets 24,31,38; top-offsets 36,29,22)
  (85, 87, 89)  (offsets 25,27,29; top-offsets 35,33,31)
  (85, 88, 91)  (offsets 25,28,31; top-offsets 35,32,29)
  (85, 89, 93)  (offsets 25,29,33; top-offsets 35,31,27)
  (85, 91, 97)  (offsets 25,31,37; top-offsets 35,29,23)
  (85, 93, 101)  (offsets 25,33,41; top-offsets 35,27,19)
  (85, 97, 109)  (offsets 25,37,49; top-offsets 35,23,11)
  (85, 99, 113)  (offsets 25,39,53; top-offsets 35,21,7)
  (85, 100, 115)  (offsets 25,40,55; top-offsets 35,20,5)
  (86, 87, 88)  (offsets 26,27,28; top-offsets 34,33,32)
  (86, 88, 90)  (offsets 26,28,30; top-offsets 34,32,30)
  (86, 97, 108)  (offsets 26,37,48; top-offsets 34,23,12)
  (86, 98, 110)  (offsets 26,38,50; top-offsets 34,22,10)
  (87, 88, 89)  (offsets 27,28,29; top-offsets 33,32,31)
  (87, 89, 91)  (offsets 27,29,31; top-offsets 33,31,29)
  (87, 97, 107)  (offsets 27,37,47; top-offsets 33,23,13)
  (88, 89, 90)  (offsets 28,29,30; top-offsets 32,31,30)
  (88, 90, 92)  (offsets 28,30,32; top-offsets 32,30,28)
  (89, 95, 101)  (offsets 29,35,41; top-offsets 31,25,19)
  (89, 97, 105)  (offsets 29,37,45; top-offsets 31,23,15)
  (89, 101, 113)  (offsets 29,41,53; top-offsets 31,19,7)
  (90, 92, 94)  (offsets 30,32,34; top-offsets 30,28,26)
  (91, 97, 103)  (offsets 31,37,43; top-offsets 29,23,17)
  (91, 98, 105)  (offsets 31,38,45; top-offsets 29,22,15)
  (91, 99, 107)  (offsets 31,39,47; top-offsets 29,21,13)
  (91, 105, 119)  (offsets 31,45,59; top-offsets 29,15,1)
  (92, 94, 96)  (offsets 32,34,36; top-offsets 28,26,24)
  (93, 97, 101)  (offsets 33,37,41; top-offsets 27,23,19)
  (93, 101, 109)  (offsets 33,41,49; top-offsets 27,19,11)
  (93, 105, 117)  (offsets 33,45,57; top-offsets 27,15,3)
  (95, 97, 99)  (offsets 35,37,39; top-offsets 25,23,21)
  (96, 99, 102)  (offsets 36,39,42; top-offsets 24,21,18)
  (97, 99, 101)  (offsets 37,39,41; top-offsets 23,21,19)
  (97, 101, 105)  (offsets 37,41,45; top-offsets 23,19,15)
  (97, 103, 109)  (offsets 37,43,49; top-offsets 23,17,11)
  (97, 105, 113)  (offsets 37,45,53; top-offsets 23,15,7)
  (99, 100, 101)  (offsets 39,40,41; top-offsets 21,20,19)
  (99, 101, 103)  (offsets 39,41,43; top-offsets 21,19,17)
  (99, 102, 105)  (offsets 39,42,45; top-offsets 21,18,15)
  (99, 106, 113)  (offsets 39,46,53; top-offsets 21,14,7)
  (100, 101, 102)  (offsets 40,41,42; top-offsets 20,19,18)
  (100, 109, 118)  (offsets 40,49,58; top-offsets 20,11,2)
  (102, 103, 104)  (offsets 42,43,44; top-offsets 18,17,16)
  (103, 104, 105)  (offsets 43,44,45; top-offsets 17,16,15)
  (103, 109, 115)  (offsets 43,49,55; top-offsets 17,11,5)
  (104, 105, 106)  (offsets 44,45,46; top-offsets 16,15,14)
  (105, 107, 109)  (offsets 45,47,49; top-offsets 15,13,11)
  (105, 108, 111)  (offsets 45,48,51; top-offsets 15,12,9)
  (105, 109, 113)  (offsets 45,49,53; top-offsets 15,11,7)
  (106, 107, 108)  (offsets 46,47,48; top-offsets 14,13,12)
  (107, 108, 109)  (offsets 47,48,49; top-offsets 13,12,11)
  (107, 109, 111)  (offsets 47,49,51; top-offsets 13,11,9)
  (108, 109, 110)  (offsets 48,49,50; top-offsets 12,11,10)
  (108, 111, 114)  (offsets 48,51,54; top-offsets 12,9,6)
  (109, 113, 117)  (offsets 49,53,57; top-offsets 11,7,3)
  (111, 113, 115)  (offsets 51,53,55; top-offsets 9,7,5)
  (111, 114, 117)  (offsets 51,54,57; top-offsets 9,6,3)
  (114, 115, 116)  (offsets 54,55,56; top-offsets 6,5,4)
  (115, 116, 117)  (offsets 55,56,57; top-offsets 5,4,3)
  (116, 117, 118)  (offsets 56,57,58; top-offsets 4,3,2)
