K=40: initial triple core 279 (0s)
  ... 0/276 (0s)
  ... 0/275 (0s)
  ... 0/218 (0s)
  ... 0/216 (0s)
  ... 0/202 (0s)
  ... 0/200 (0s)
  ... 0/177 (0s)
  ... 0/150 (0s)
  ... 0/119 (0s)
  ... 0/116 (0s)
  ... 0/99 (0s)
  ... 0/98 (0s)
  ... 0/91 (0s)
  ... 0/85 (0s)
  ... 0/80 (0s)
  ... 0/77 (0s)
  ... 20/63 (0s)
  ... 40/62 (0s)
MUS (59 triples):
  (41, 53, 65)  (offsets 1,13,25; top-offsets 39,27,15)
  (41, 57, 73)  (offsets 1,17,33; top-offsets 39,23,7)
  (42, 51, 60)  (offsets 2,11,20; top-offsets 38,29,20)
  (42, 57, 72)  (offsets 2,17,32; top-offsets 38,23,8)
  (42, 60, 78)  (offsets 2,20,38; top-offsets 38,20,2)
  (43, 57, 71)  (offsets 3,17,31; top-offsets 37,23,9)
  (44, 57, 70)  (offsets 4,17,30; top-offsets 36,23,10)
  (44, 60, 76)  (offsets 4,20,36; top-offsets 36,20,4)
  (44, 61, 78)  (offsets 4,21,38; top-offsets 36,19,2)
  (45, 53, 61)  (offsets 5,13,21; top-offsets 35,27,19)
  (45, 57, 69)  (offsets 5,17,29; top-offsets 35,23,11)
  (45, 61, 77)  (offsets 5,21,37; top-offsets 35,19,3)
  (46, 56, 66)  (offsets 6,16,26; top-offsets 34,24,14)
  (47, 59, 71)  (offsets 7,19,31; top-offsets 33,21,9)
  (47, 61, 75)  (offsets 7,21,35; top-offsets 33,19,5)
  (48, 54, 60)  (offsets 8,14,20; top-offsets 32,26,20)
  (48, 57, 66)  (offsets 8,17,26; top-offsets 32,23,14)
  (49, 57, 65)  (offsets 9,17,25; top-offsets 31,23,15)
  (49, 61, 73)  (offsets 9,21,33; top-offsets 31,19,7)
  (51, 55, 59)  (offsets 11,15,19; top-offsets 29,25,21)
  (51, 60, 69)  (offsets 11,20,29; top-offsets 29,20,11)
  (51, 61, 71)  (offsets 11,21,31; top-offsets 29,19,9)
  (53, 57, 61)  (offsets 13,17,21; top-offsets 27,23,19)
  (53, 58, 63)  (offsets 13,18,23; top-offsets 27,22,17)
  (53, 59, 65)  (offsets 13,19,25; top-offsets 27,21,15)
  (53, 61, 69)  (offsets 13,21,29; top-offsets 27,19,11)
  (53, 65, 77)  (offsets 13,25,37; top-offsets 27,15,3)
  (54, 58, 62)  (offsets 14,18,22; top-offsets 26,22,18)
  (54, 60, 66)  (offsets 14,20,26; top-offsets 26,20,14)
  (55, 59, 63)  (offsets 15,19,23; top-offsets 25,21,17)
  (55, 61, 67)  (offsets 15,21,27; top-offsets 25,19,13)
  (55, 65, 75)  (offsets 15,25,35; top-offsets 25,15,5)
  (56, 61, 66)  (offsets 16,21,26; top-offsets 24,19,14)
  (56, 66, 76)  (offsets 16,26,36; top-offsets 24,14,4)
  (57, 59, 61)  (offsets 17,19,21; top-offsets 23,21,19)
  (57, 61, 65)  (offsets 17,21,25; top-offsets 23,19,15)
  (57, 65, 73)  (offsets 17,25,33; top-offsets 23,15,7)
  (57, 66, 75)  (offsets 17,26,35; top-offsets 23,14,5)
  (57, 67, 77)  (offsets 17,27,37; top-offsets 23,13,3)
  (58, 62, 66)  (offsets 18,22,26; top-offsets 22,18,14)
  (58, 63, 68)  (offsets 18,23,28; top-offsets 22,17,12)
  (59, 63, 67)  (offsets 19,23,27; top-offsets 21,17,13)
  (59, 65, 71)  (offsets 19,25,31; top-offsets 21,15,9)
  (59, 66, 73)  (offsets 19,26,33; top-offsets 21,14,7)
  (59, 67, 75)  (offsets 19,27,35; top-offsets 21,13,5)
  (60, 66, 72)  (offsets 20,26,32; top-offsets 20,14,8)
  (60, 69, 78)  (offsets 20,29,38; top-offsets 20,11,2)
  (61, 63, 65)  (offsets 21,23,25; top-offsets 19,17,15)
  (61, 65, 69)  (offsets 21,25,29; top-offsets 19,15,11)
  (61, 66, 71)  (offsets 21,26,31; top-offsets 19,14,9)
  (61, 69, 77)  (offsets 21,29,37; top-offsets 19,11,3)
  (62, 66, 70)  (offsets 22,26,30; top-offsets 18,14,10)
  (63, 65, 67)  (offsets 23,25,27; top-offsets 17,15,13)
  (63, 67, 71)  (offsets 23,27,31; top-offsets 17,13,9)
  (63, 68, 73)  (offsets 23,28,33; top-offsets 17,12,7)
  (67, 71, 75)  (offsets 27,31,35; top-offsets 13,9,5)
  (68, 73, 78)  (offsets 28,33,38; top-offsets 12,7,2)
  (69, 71, 73)  (offsets 29,31,33; top-offsets 11,9,7)
  (71, 73, 75)  (offsets 31,33,35; top-offsets 9,7,5)
