K=51: initial triple core 529 (0s)
  ... 0/446 (0s)
  ... 0/425 (0s)
  ... 0/333 (0s)
  ... 0/314 (0s)
  ... 0/308 (0s)
  ... 0/306 (0s)
  ... 0/302 (0s)
  ... 0/296 (0s)
  ... 0/295 (0s)
  ... 0/286 (0s)
  ... 0/282 (0s)
  ... 0/276 (0s)
  ... 0/275 (0s)
  ... 0/262 (0s)
  ... 0/261 (0s)
  ... 0/258 (0s)
  ... 0/242 (1s)
  ... 0/237 (1s)
  ... 0/224 (1s)
  ... 0/220 (1s)
  ... 0/218 (1s)
  ... 0/215 (1s)
  ... 0/210 (1s)
  ... 0/207 (1s)
  ... 0/206 (1s)
  ... 0/194 (1s)
  ... 0/188 (1s)
  ... 0/187 (1s)
  ... 0/185 (1s)
  ... 0/177 (1s)
  ... 0/169 (1s)
  ... 0/153 (1s)
  ... 0/126 (1s)
  ... 0/115 (1s)
  ... 0/104 (1s)
  ... 0/99 (1s)
  ... 20/69 (1s)
  ... 40/67 (1s)
  ... 60/65 (1s)
MUS (65 triples):
  (52, 66, 80)  (offsets 1,15,29; top-offsets 50,36,22)
  (52, 67, 82)  (offsets 1,16,31; top-offsets 50,35,20)
  (52, 73, 94)  (offsets 1,22,43; top-offsets 50,29,8)
  (53, 67, 81)  (offsets 2,16,30; top-offsets 49,35,21)
  (53, 69, 85)  (offsets 2,18,34; top-offsets 49,33,17)
  (53, 73, 93)  (offsets 2,22,42; top-offsets 49,29,9)
  (53, 77, 101)  (offsets 2,26,50; top-offsets 49,25,1)
  (54, 65, 76)  (offsets 3,14,25; top-offsets 48,37,26)
  (55, 67, 79)  (offsets 4,16,28; top-offsets 47,35,23)
  (55, 69, 83)  (offsets 4,18,32; top-offsets 47,33,19)
  (55, 73, 91)  (offsets 4,22,40; top-offsets 47,29,11)
  (55, 77, 99)  (offsets 4,26,48; top-offsets 47,25,3)
  (57, 65, 73)  (offsets 6,14,22; top-offsets 45,37,29)
  (57, 69, 81)  (offsets 6,18,30; top-offsets 45,33,21)
  (58, 67, 76)  (offsets 7,16,25; top-offsets 44,35,26)
  (58, 69, 80)  (offsets 7,18,29; top-offsets 44,33,22)
  (58, 70, 82)  (offsets 7,19,31; top-offsets 44,32,20)
  (61, 69, 77)  (offsets 10,18,26; top-offsets 41,33,25)
  (61, 81, 101)  (offsets 10,30,50; top-offsets 41,21,1)
  (65, 73, 81)  (offsets 14,22,30; top-offsets 37,29,21)
  (65, 76, 87)  (offsets 14,25,36; top-offsets 37,26,15)
  (65, 77, 89)  (offsets 14,26,38; top-offsets 37,25,13)
  (66, 73, 80)  (offsets 15,22,29; top-offsets 36,29,22)
  (66, 80, 94)  (offsets 15,29,43; top-offsets 36,22,8)
  (67, 73, 79)  (offsets 16,22,28; top-offsets 35,29,23)
  (67, 75, 83)  (offsets 16,24,32; top-offsets 35,27,19)
  (67, 76, 85)  (offsets 16,25,34; top-offsets 35,26,17)
  (67, 77, 87)  (offsets 16,26,36; top-offsets 35,25,15)
  (67, 79, 91)  (offsets 16,28,40; top-offsets 35,23,11)
  (67, 82, 97)  (offsets 16,31,46; top-offsets 35,20,5)
  (69, 73, 77)  (offsets 18,22,26; top-offsets 33,29,25)
  (69, 79, 89)  (offsets 18,28,38; top-offsets 33,23,13)
  (69, 81, 93)  (offsets 18,30,42; top-offsets 33,21,9)
  (69, 82, 95)  (offsets 18,31,44; top-offsets 33,20,7)
  (69, 83, 97)  (offsets 18,32,46; top-offsets 33,19,5)
  (69, 85, 101)  (offsets 18,34,50; top-offsets 33,17,1)
  (70, 73, 76)  (offsets 19,22,25; top-offsets 32,29,26)
  (70, 82, 94)  (offsets 19,31,43; top-offsets 32,20,8)
  (73, 76, 79)  (offsets 22,25,28; top-offsets 29,26,23)
  (73, 77, 81)  (offsets 22,26,30; top-offsets 29,25,21)
  (73, 79, 85)  (offsets 22,28,34; top-offsets 29,23,17)
  (73, 80, 87)  (offsets 22,29,36; top-offsets 29,22,15)
  (73, 81, 89)  (offsets 22,30,38; top-offsets 29,21,13)
  (73, 85, 97)  (offsets 22,34,46; top-offsets 29,17,5)
  (75, 79, 83)  (offsets 24,28,32; top-offsets 27,23,19)
  (75, 83, 91)  (offsets 24,32,40; top-offsets 27,19,11)
  (76, 79, 82)  (offsets 25,28,31; top-offsets 26,23,20)
  (76, 85, 94)  (offsets 25,34,43; top-offsets 26,17,8)
  (76, 87, 98)  (offsets 25,36,47; top-offsets 26,15,4)
  (77, 79, 81)  (offsets 26,28,30; top-offsets 25,23,21)
  (77, 81, 85)  (offsets 26,30,34; top-offsets 25,21,17)
  (77, 85, 93)  (offsets 26,34,42; top-offsets 25,17,9)
  (77, 87, 97)  (offsets 26,36,46; top-offsets 25,15,5)
  (79, 81, 83)  (offsets 28,30,32; top-offsets 23,21,19)
  (79, 83, 87)  (offsets 28,32,36; top-offsets 23,19,15)
  (81, 83, 85)  (offsets 30,32,34; top-offsets 21,19,17)
  (81, 85, 89)  (offsets 30,34,38; top-offsets 21,17,13)
  (81, 89, 97)  (offsets 30,38,46; top-offsets 21,13,5)
  (85, 87, 89)  (offsets 34,36,38; top-offsets 17,15,13)
  (85, 93, 101)  (offsets 34,42,50; top-offsets 17,9,1)
  (89, 91, 93)  (offsets 38,40,42; top-offsets 13,11,9)
  (91, 93, 95)  (offsets 40,42,44; top-offsets 11,9,7)
  (93, 95, 97)  (offsets 42,44,46; top-offsets 9,7,5)
  (95, 97, 99)  (offsets 44,46,48; top-offsets 7,5,3)
  (97, 99, 101)  (offsets 46,48,50; top-offsets 5,3,1)
