K=45: initial triple core 328 (0s)
  ... 0/315 (0s)
  ... 0/306 (0s)
  ... 0/298 (0s)
  ... 0/274 (0s)
  ... 0/255 (0s)
  ... 0/253 (0s)
  ... 0/237 (0s)
  ... 0/215 (0s)
  ... 0/214 (0s)
  ... 0/195 (0s)
  ... 0/193 (0s)
  ... 0/187 (0s)
  ... 0/175 (0s)
  ... 0/174 (0s)
  ... 0/167 (0s)
  ... 0/149 (0s)
  ... 0/125 (0s)
  ... 0/122 (0s)
  ... 0/112 (0s)
  ... 0/109 (0s)
  ... 0/101 (0s)
  ... 0/97 (0s)
  ... 20/73 (0s)
  ... 40/67 (0s)
  ... 60/65 (1s)
MUS (65 triples):
  (46, 57, 68)  (offsets 1,12,23; top-offsets 44,33,22)
  (46, 58, 70)  (offsets 1,13,25; top-offsets 44,32,20)
  (46, 60, 74)  (offsets 1,15,29; top-offsets 44,30,16)
  (46, 62, 78)  (offsets 1,17,33; top-offsets 44,28,12)
  (46, 64, 82)  (offsets 1,19,37; top-offsets 44,26,8)
  (47, 57, 67)  (offsets 2,12,22; top-offsets 43,33,23)
  (47, 62, 77)  (offsets 2,17,32; top-offsets 43,28,13)
  (47, 68, 89)  (offsets 2,23,44; top-offsets 43,22,1)
  (48, 56, 64)  (offsets 3,11,19; top-offsets 42,34,26)
  (48, 60, 72)  (offsets 3,15,27; top-offsets 42,30,18)
  (48, 62, 76)  (offsets 3,17,31; top-offsets 42,28,14)
  (49, 64, 79)  (offsets 4,19,34; top-offsets 41,26,11)
  (50, 62, 74)  (offsets 5,17,29; top-offsets 40,28,16)
  (51, 62, 73)  (offsets 6,17,28; top-offsets 39,28,17)
  (51, 64, 77)  (offsets 6,19,32; top-offsets 39,26,13)
  (52, 62, 72)  (offsets 7,17,27; top-offsets 38,28,18)
  (53, 57, 61)  (offsets 8,12,16; top-offsets 37,33,29)
  (53, 67, 81)  (offsets 8,22,36; top-offsets 37,23,9)
  (56, 62, 68)  (offsets 11,17,23; top-offsets 34,28,22)
  (56, 64, 72)  (offsets 11,19,27; top-offsets 34,26,18)
  (57, 61, 65)  (offsets 12,16,20; top-offsets 33,29,25)
  (57, 62, 67)  (offsets 12,17,22; top-offsets 33,28,23)
  (57, 67, 77)  (offsets 12,22,32; top-offsets 33,23,13)
  (57, 68, 79)  (offsets 12,23,34; top-offsets 33,22,11)
  (58, 64, 70)  (offsets 13,19,25; top-offsets 32,26,20)
  (58, 70, 82)  (offsets 13,25,37; top-offsets 32,20,8)
  (60, 62, 64)  (offsets 15,17,19; top-offsets 30,28,26)
  (60, 64, 68)  (offsets 15,19,23; top-offsets 30,26,22)
  (60, 66, 72)  (offsets 15,21,27; top-offsets 30,24,18)
  (60, 72, 84)  (offsets 15,27,39; top-offsets 30,18,6)
  (61, 65, 69)  (offsets 16,20,24; top-offsets 29,25,21)
  (61, 73, 85)  (offsets 16,28,40; top-offsets 29,17,5)
  (62, 64, 66)  (offsets 17,19,21; top-offsets 28,26,24)
  (62, 67, 72)  (offsets 17,22,27; top-offsets 28,23,18)
  (62, 72, 82)  (offsets 17,27,37; top-offsets 28,18,8)
  (62, 73, 84)  (offsets 17,28,39; top-offsets 28,17,6)
  (62, 76, 90)  (offsets 17,31,45; top-offsets 28,14,0)
  (64, 66, 68)  (offsets 19,21,23; top-offsets 26,24,22)
  (64, 68, 72)  (offsets 19,23,27; top-offsets 26,22,18)
  (64, 70, 76)  (offsets 19,25,31; top-offsets 26,20,14)
  (64, 77, 90)  (offsets 19,32,45; top-offsets 26,13,0)
  (65, 69, 73)  (offsets 20,24,28; top-offsets 25,21,17)
  (66, 68, 70)  (offsets 21,23,25; top-offsets 24,22,20)
  (66, 72, 78)  (offsets 21,27,33; top-offsets 24,18,12)
  (66, 77, 88)  (offsets 21,32,43; top-offsets 24,13,2)
  (67, 72, 77)  (offsets 22,27,32; top-offsets 23,18,13)
  (67, 74, 81)  (offsets 22,29,36; top-offsets 23,16,9)
  (68, 72, 76)  (offsets 23,27,31; top-offsets 22,18,14)
  (68, 78, 88)  (offsets 23,33,43; top-offsets 22,12,2)
  (68, 79, 90)  (offsets 23,34,45; top-offsets 22,11,0)
  (69, 73, 77)  (offsets 24,28,32; top-offsets 21,17,13)
  (70, 72, 74)  (offsets 25,27,29; top-offsets 20,18,16)
  (70, 73, 76)  (offsets 25,28,31; top-offsets 20,17,14)
  (70, 76, 82)  (offsets 25,31,37; top-offsets 20,14,8)
  (72, 74, 76)  (offsets 27,29,31; top-offsets 18,16,14)
  (73, 76, 79)  (offsets 28,31,34; top-offsets 17,14,11)
  (73, 77, 81)  (offsets 28,32,36; top-offsets 17,13,9)
  (74, 76, 78)  (offsets 29,31,33; top-offsets 16,14,12)
  (74, 77, 80)  (offsets 29,32,35; top-offsets 16,13,10)
  (76, 78, 80)  (offsets 31,33,35; top-offsets 14,12,10)
  (78, 80, 82)  (offsets 33,35,37; top-offsets 12,10,8)
  (80, 82, 84)  (offsets 35,37,39; top-offsets 10,8,6)
  (82, 84, 86)  (offsets 37,39,41; top-offsets 8,6,4)
  (84, 86, 88)  (offsets 39,41,43; top-offsets 6,4,2)
  (86, 88, 90)  (offsets 41,43,45; top-offsets 4,2,0)
