K=43: initial triple core 296 (0s)
  ... 0/295 (0s)
  ... 0/285 (0s)
  ... 0/209 (0s)
  ... 0/204 (0s)
  ... 0/179 (0s)
  ... 0/162 (0s)
  ... 0/161 (0s)
  ... 0/160 (0s)
  ... 0/159 (0s)
  ... 0/154 (0s)
  ... 0/153 (0s)
  ... 0/152 (0s)
  ... 0/141 (0s)
  ... 0/121 (0s)
  ... 20/56 (0s)
  ... 40/49 (0s)
MUS (48 triples):
  (44, 54, 64)  (offsets 1,11,21; top-offsets 42,32,22)
  (44, 60, 76)  (offsets 1,17,33; top-offsets 42,26,10)
  (45, 52, 59)  (offsets 2,9,16; top-offsets 41,34,27)
  (46, 58, 70)  (offsets 3,15,27; top-offsets 40,28,16)
  (46, 60, 74)  (offsets 3,17,31; top-offsets 40,26,12)
  (46, 66, 86)  (offsets 3,23,43; top-offsets 40,20,0)
  (47, 60, 73)  (offsets 4,17,30; top-offsets 39,26,13)
  (48, 58, 68)  (offsets 5,15,25; top-offsets 38,28,18)
  (48, 59, 70)  (offsets 5,16,27; top-offsets 38,27,16)
  (48, 60, 72)  (offsets 5,17,29; top-offsets 38,26,14)
  (50, 62, 74)  (offsets 7,19,31; top-offsets 36,24,12)
  (52, 59, 66)  (offsets 9,16,23; top-offsets 34,27,20)
  (52, 62, 72)  (offsets 9,19,29; top-offsets 34,24,14)
  (54, 59, 64)  (offsets 11,16,21; top-offsets 32,27,22)
  (54, 62, 70)  (offsets 11,19,27; top-offsets 32,24,16)
  (54, 64, 74)  (offsets 11,21,31; top-offsets 32,22,12)
  (54, 66, 78)  (offsets 11,23,35; top-offsets 32,20,8)
  (58, 60, 62)  (offsets 15,17,19; top-offsets 28,26,24)
  (58, 62, 66)  (offsets 15,19,23; top-offsets 28,24,20)
  (58, 66, 74)  (offsets 15,23,31; top-offsets 28,20,12)
  (58, 72, 86)  (offsets 15,29,43; top-offsets 28,14,0)
  (59, 66, 73)  (offsets 16,23,30; top-offsets 27,20,13)
  (59, 70, 81)  (offsets 16,27,38; top-offsets 27,16,5)
  (60, 66, 72)  (offsets 17,23,29; top-offsets 26,20,14)
  (60, 68, 76)  (offsets 17,25,33; top-offsets 26,18,10)
  (60, 70, 80)  (offsets 17,27,37; top-offsets 26,16,6)
  (60, 72, 84)  (offsets 17,29,41; top-offsets 26,14,2)
  (60, 73, 86)  (offsets 17,30,43; top-offsets 26,13,0)
  (62, 66, 70)  (offsets 19,23,27; top-offsets 24,20,16)
  (62, 70, 78)  (offsets 19,27,35; top-offsets 24,16,8)
  (62, 72, 82)  (offsets 19,29,39; top-offsets 24,14,4)
  (62, 73, 84)  (offsets 19,30,41; top-offsets 24,13,2)
  (62, 74, 86)  (offsets 19,31,43; top-offsets 24,12,0)
  (64, 66, 68)  (offsets 21,23,25; top-offsets 22,20,18)
  (64, 70, 76)  (offsets 21,27,33; top-offsets 22,16,10)
  (66, 70, 74)  (offsets 23,27,31; top-offsets 20,16,12)
  (66, 72, 78)  (offsets 23,29,35; top-offsets 20,14,8)
  (66, 76, 86)  (offsets 23,33,43; top-offsets 20,10,0)
  (68, 72, 76)  (offsets 25,29,33; top-offsets 18,14,10)
  (68, 76, 84)  (offsets 25,33,41; top-offsets 18,10,2)
  (70, 74, 78)  (offsets 27,31,35; top-offsets 16,12,8)
  (70, 76, 82)  (offsets 27,33,39; top-offsets 16,10,4)
  (70, 78, 86)  (offsets 27,35,43; top-offsets 16,8,0)
  (74, 76, 78)  (offsets 31,33,35; top-offsets 12,10,8)
  (74, 78, 82)  (offsets 31,35,39; top-offsets 12,8,4)
  (76, 78, 80)  (offsets 33,35,37; top-offsets 10,8,6)
  (78, 82, 86)  (offsets 35,39,43; top-offsets 8,4,0)
  (80, 82, 84)  (offsets 37,39,41; top-offsets 6,4,2)
