K=56: initial triple core 457 (0s)
  ... 0/432 (0s)
  ... 0/319 (0s)
  ... 0/304 (0s)
  ... 0/295 (0s)
  ... 0/286 (0s)
  ... 0/278 (0s)
  ... 0/275 (0s)
  ... 0/273 (0s)
  ... 0/266 (0s)
  ... 0/247 (0s)
  ... 0/238 (0s)
  ... 0/222 (0s)
  ... 0/218 (0s)
  ... 0/216 (0s)
  ... 0/215 (0s)
  ... 0/206 (0s)
  ... 0/195 (0s)
  ... 0/192 (0s)
  ... 0/191 (0s)
  ... 0/190 (0s)
  ... 0/189 (0s)
  ... 0/183 (0s)
  ... 0/182 (0s)
  ... 0/180 (0s)
  ... 0/177 (0s)
  ... 0/172 (0s)
  ... 0/168 (0s)
  ... 0/163 (0s)
  ... 20/100 (1s)
  ... 40/99 (1s)
  ... 60/94 (1s)
  ... 80/93 (2s)
  ... 80/92 (2s)
MUS (88 triples):
  (57, 69, 81)  (offsets 1,13,25; top-offsets 55,43,31)
  (57, 75, 93)  (offsets 1,19,37; top-offsets 55,37,19)
  (57, 77, 97)  (offsets 1,21,41; top-offsets 55,35,15)
  (57, 81, 105)  (offsets 1,25,49; top-offsets 55,31,7)
  (57, 83, 109)  (offsets 1,27,53; top-offsets 55,29,3)
  (58, 75, 92)  (offsets 2,19,36; top-offsets 54,37,20)
  (59, 71, 83)  (offsets 3,15,27; top-offsets 53,41,29)
  (59, 75, 91)  (offsets 3,19,35; top-offsets 53,37,21)
  (59, 83, 107)  (offsets 3,27,51; top-offsets 53,29,5)
  (60, 77, 94)  (offsets 4,21,38; top-offsets 52,35,18)
  (61, 73, 85)  (offsets 5,17,29; top-offsets 51,39,27)
  (61, 77, 93)  (offsets 5,21,37; top-offsets 51,35,19)
  (61, 83, 105)  (offsets 5,27,49; top-offsets 51,29,7)
  (62, 73, 84)  (offsets 6,17,28; top-offsets 50,39,28)
  (62, 78, 94)  (offsets 6,22,38; top-offsets 50,34,18)
  (62, 87, 112)  (offsets 6,31,56; top-offsets 50,25,0)
  (63, 75, 87)  (offsets 7,19,31; top-offsets 49,37,25)
  (63, 76, 89)  (offsets 7,20,33; top-offsets 49,36,23)
  (63, 77, 91)  (offsets 7,21,35; top-offsets 49,35,21)
  (64, 79, 94)  (offsets 8,23,38; top-offsets 48,33,18)
  (64, 83, 102)  (offsets 8,27,46; top-offsets 48,29,10)
  (64, 87, 110)  (offsets 8,31,54; top-offsets 48,25,2)
  (69, 81, 93)  (offsets 13,25,37; top-offsets 43,31,19)
  (69, 87, 105)  (offsets 13,31,49; top-offsets 43,25,7)
  (69, 89, 109)  (offsets 13,33,53; top-offsets 43,23,3)
  (71, 75, 79)  (offsets 15,19,23; top-offsets 41,37,33)
  (71, 84, 97)  (offsets 15,28,41; top-offsets 41,28,15)
  (71, 85, 99)  (offsets 15,29,43; top-offsets 41,27,13)
  (71, 89, 107)  (offsets 15,33,51; top-offsets 41,23,5)
  (73, 77, 81)  (offsets 17,21,25; top-offsets 39,35,31)
  (73, 80, 87)  (offsets 17,24,31; top-offsets 39,32,25)
  (73, 81, 89)  (offsets 17,25,33; top-offsets 39,31,23)
  (73, 83, 93)  (offsets 17,27,37; top-offsets 39,29,19)
  (73, 84, 95)  (offsets 17,28,39; top-offsets 39,28,17)
  (73, 85, 97)  (offsets 17,29,41; top-offsets 39,27,15)
  (73, 87, 101)  (offsets 17,31,45; top-offsets 39,25,11)
  (75, 79, 83)  (offsets 19,23,27; top-offsets 37,33,29)
  (75, 81, 87)  (offsets 19,25,31; top-offsets 37,31,25)
  (75, 83, 91)  (offsets 19,27,35; top-offsets 37,29,21)
  (75, 87, 99)  (offsets 19,31,43; top-offsets 37,25,13)
  (75, 91, 107)  (offsets 19,35,51; top-offsets 37,21,5)
  (75, 92, 109)  (offsets 19,36,53; top-offsets 37,20,3)
  (75, 93, 111)  (offsets 19,37,55; top-offsets 37,19,1)
  (76, 77, 78)  (offsets 20,21,22; top-offsets 36,35,34)
  (76, 89, 102)  (offsets 20,33,46; top-offsets 36,23,10)
  (77, 78, 79)  (offsets 21,22,23; top-offsets 35,34,33)
  (77, 79, 81)  (offsets 21,23,25; top-offsets 35,33,31)
  (77, 81, 85)  (offsets 21,25,29; top-offsets 35,31,27)
  (77, 83, 89)  (offsets 21,27,33; top-offsets 35,29,23)
  (77, 87, 97)  (offsets 21,31,41; top-offsets 35,25,15)
  (77, 91, 105)  (offsets 21,35,49; top-offsets 35,21,7)
  (77, 93, 109)  (offsets 21,37,53; top-offsets 35,19,3)
  (77, 94, 111)  (offsets 21,38,55; top-offsets 35,18,1)
  (78, 79, 80)  (offsets 22,23,24; top-offsets 34,33,32)
  (78, 83, 88)  (offsets 22,27,32; top-offsets 34,29,24)
  (78, 94, 110)  (offsets 22,38,54; top-offsets 34,18,2)
  (79, 80, 81)  (offsets 23,24,25; top-offsets 33,32,31)
  (79, 81, 83)  (offsets 23,25,27; top-offsets 33,31,29)
  (79, 83, 87)  (offsets 23,27,31; top-offsets 33,29,25)
  (79, 93, 107)  (offsets 23,37,51; top-offsets 33,19,5)
  (79, 94, 109)  (offsets 23,38,53; top-offsets 33,18,3)
  (80, 81, 82)  (offsets 24,25,26; top-offsets 32,31,30)
  (80, 87, 94)  (offsets 24,31,38; top-offsets 32,25,18)
  (81, 82, 83)  (offsets 25,26,27; top-offsets 31,30,29)
  (81, 83, 85)  (offsets 25,27,29; top-offsets 31,29,27)
  (81, 85, 89)  (offsets 25,29,33; top-offsets 31,27,23)
  (81, 89, 97)  (offsets 25,33,41; top-offsets 31,23,15)
  (81, 93, 105)  (offsets 25,37,49; top-offsets 31,19,7)
  (82, 83, 84)  (offsets 26,27,28; top-offsets 30,29,28)
  (83, 85, 87)  (offsets 27,29,31; top-offsets 29,27,25)
  (83, 87, 91)  (offsets 27,31,35; top-offsets 29,25,21)
  (83, 88, 93)  (offsets 27,32,37; top-offsets 29,24,19)
  (83, 91, 99)  (offsets 27,35,43; top-offsets 29,21,13)
  (83, 92, 101)  (offsets 27,36,45; top-offsets 29,20,11)
  (84, 97, 110)  (offsets 28,41,54; top-offsets 28,15,2)
  (85, 89, 93)  (offsets 29,33,37; top-offsets 27,23,19)
  (87, 89, 91)  (offsets 31,33,35; top-offsets 25,23,21)
  (87, 91, 95)  (offsets 31,35,39; top-offsets 25,21,17)
  (87, 99, 111)  (offsets 31,43,55; top-offsets 25,13,1)
  (88, 93, 98)  (offsets 32,37,42; top-offsets 24,19,14)
  (89, 91, 93)  (offsets 33,35,37; top-offsets 23,21,19)
  (89, 93, 97)  (offsets 33,37,41; top-offsets 23,19,15)
  (92, 101, 110)  (offsets 36,45,54; top-offsets 20,11,2)
  (93, 97, 101)  (offsets 37,41,45; top-offsets 19,15,11)
  (95, 99, 103)  (offsets 39,43,47; top-offsets 17,13,9)
  (97, 101, 105)  (offsets 41,45,49; top-offsets 15,11,7)
  (99, 103, 107)  (offsets 43,47,51; top-offsets 13,9,5)
  (101, 105, 109)  (offsets 45,49,53; top-offsets 11,7,3)
