K=42: initial triple core 230 (0s)
  ... 0/217 (0s)
  ... 0/215 (0s)
  ... 0/203 (0s)
  ... 0/200 (0s)
  ... 0/199 (0s)
  ... 0/198 (0s)
  ... 0/187 (0s)
  ... 0/184 (0s)
  ... 0/177 (0s)
  ... 0/176 (0s)
  ... 0/171 (0s)
  ... 0/170 (0s)
  ... 0/165 (0s)
  ... 0/159 (0s)
  ... 0/157 (0s)
  ... 0/155 (0s)
  ... 0/149 (0s)
  ... 0/132 (0s)
  ... 20/75 (0s)
  ... 40/71 (0s)
  ... 60/67 (0s)
MUS (66 triples):
  (43, 52, 61)  (offsets 1,10,19; top-offsets 41,32,23)
  (43, 53, 63)  (offsets 1,11,21; top-offsets 41,31,21)
  (43, 55, 67)  (offsets 1,13,25; top-offsets 41,29,17)
  (43, 59, 75)  (offsets 1,17,33; top-offsets 41,25,9)
  (43, 61, 79)  (offsets 1,19,37; top-offsets 41,23,5)
  (43, 62, 81)  (offsets 1,20,39; top-offsets 41,22,3)
  (44, 59, 74)  (offsets 2,17,32; top-offsets 40,25,10)
  (44, 61, 78)  (offsets 2,19,36; top-offsets 40,23,6)
  (45, 57, 69)  (offsets 3,15,27; top-offsets 39,27,15)
  (45, 59, 73)  (offsets 3,17,31; top-offsets 39,25,11)
  (45, 61, 77)  (offsets 3,19,35; top-offsets 39,23,7)
  (45, 63, 81)  (offsets 3,21,39; top-offsets 39,21,3)
  (46, 54, 62)  (offsets 4,12,20; top-offsets 38,30,22)
  (46, 58, 70)  (offsets 4,16,28; top-offsets 38,26,14)
  (47, 61, 75)  (offsets 5,19,33; top-offsets 37,23,9)
  (47, 63, 79)  (offsets 5,21,37; top-offsets 37,21,5)
  (48, 58, 68)  (offsets 6,16,26; top-offsets 36,26,16)
  (48, 59, 70)  (offsets 6,17,28; top-offsets 36,25,14)
  (48, 63, 78)  (offsets 6,21,36; top-offsets 36,21,6)
  (49, 59, 69)  (offsets 7,17,27; top-offsets 35,25,15)
  (49, 60, 71)  (offsets 7,18,29; top-offsets 35,24,13)
  (49, 61, 73)  (offsets 7,19,31; top-offsets 35,23,11)
  (52, 53, 54)  (offsets 10,11,12; top-offsets 32,31,30)
  (52, 61, 70)  (offsets 10,19,28; top-offsets 32,23,14)
  (53, 54, 55)  (offsets 11,12,13; top-offsets 31,30,29)
  (53, 63, 73)  (offsets 11,21,31; top-offsets 31,21,11)
  (54, 61, 68)  (offsets 12,19,26; top-offsets 30,23,16)
  (54, 62, 70)  (offsets 12,20,28; top-offsets 30,22,14)
  (55, 59, 63)  (offsets 13,17,21; top-offsets 29,25,21)
  (55, 61, 67)  (offsets 13,19,25; top-offsets 29,23,17)
  (55, 64, 73)  (offsets 13,22,31; top-offsets 29,20,11)
  (55, 67, 79)  (offsets 13,25,37; top-offsets 29,17,5)
  (57, 59, 61)  (offsets 15,17,19; top-offsets 27,25,23)
  (57, 63, 69)  (offsets 15,21,27; top-offsets 27,21,15)
  (57, 69, 81)  (offsets 15,27,39; top-offsets 27,15,3)
  (58, 61, 64)  (offsets 16,19,22; top-offsets 26,23,20)
  (58, 63, 68)  (offsets 16,21,26; top-offsets 26,21,16)
  (58, 68, 78)  (offsets 16,26,36; top-offsets 26,16,6)
  (59, 60, 61)  (offsets 17,18,19; top-offsets 25,24,23)
  (59, 63, 67)  (offsets 17,21,25; top-offsets 25,21,17)
  (59, 67, 75)  (offsets 17,25,33; top-offsets 25,17,9)
  (59, 69, 79)  (offsets 17,27,37; top-offsets 25,15,5)
  (59, 71, 83)  (offsets 17,29,41; top-offsets 25,13,1)
  (60, 61, 62)  (offsets 18,19,20; top-offsets 24,23,22)
  (60, 67, 74)  (offsets 18,25,32; top-offsets 24,17,10)
  (61, 62, 63)  (offsets 19,20,21; top-offsets 23,22,21)
  (61, 64, 67)  (offsets 19,22,25; top-offsets 23,20,17)
  (61, 67, 73)  (offsets 19,25,31; top-offsets 23,17,11)
  (61, 68, 75)  (offsets 19,26,33; top-offsets 23,16,9)
  (62, 63, 64)  (offsets 20,21,22; top-offsets 22,21,20)
  (63, 64, 65)  (offsets 21,22,23; top-offsets 21,20,19)
  (63, 67, 71)  (offsets 21,25,29; top-offsets 21,17,13)
  (63, 69, 75)  (offsets 21,27,33; top-offsets 21,15,9)
  (64, 67, 70)  (offsets 22,25,28; top-offsets 20,17,14)
  (64, 73, 82)  (offsets 22,31,40; top-offsets 20,11,2)
  (65, 67, 69)  (offsets 23,25,27; top-offsets 19,17,15)
  (67, 69, 71)  (offsets 25,27,29; top-offsets 17,15,13)
  (67, 71, 75)  (offsets 25,29,33; top-offsets 17,13,9)
  (67, 73, 79)  (offsets 25,31,37; top-offsets 17,11,5)
  (67, 74, 81)  (offsets 25,32,39; top-offsets 17,10,3)
  (67, 75, 83)  (offsets 25,33,41; top-offsets 17,9,1)
  (68, 75, 82)  (offsets 26,33,40; top-offsets 16,9,2)
  (69, 71, 73)  (offsets 27,29,31; top-offsets 15,13,11)
  (71, 73, 75)  (offsets 29,31,33; top-offsets 13,11,9)
  (71, 75, 79)  (offsets 29,33,37; top-offsets 13,9,5)
  (73, 75, 77)  (offsets 31,33,35; top-offsets 11,9,7)
