== (0) lazy-vs-eager cross-validation
  M=40: 15-family SAT lazy=True eager=True; 15+16(1..3) SAT lazy=False eager=False  AGREE  (0s)
  M=44: 15-family SAT lazy=True eager=True; 15+16(1..3) SAT lazy=False eager=False  AGREE  (0s)

== (1) prefix scan at test M: j*(M) = least j with 15-family + 16{1..j} UNSAT  (claim: j* <= 3)
  M= 40: 15-family SAT; j* = 3   (0s)
  M= 44: 15-family SAT; j* = 3   (1s)
  M= 48: 15-family SAT; j* = 2   (1s)
  M= 52: 15-family SAT; j* = 3   (1s)
  M= 60: 15-family SAT; j* = 3   (1s)

== (2) deletion-minimal attack cores inside 15{1..7} u 16{1..3} (full AP constraints; two deletion orders)
  M= 40: fwd core ['15:5', '15:6', '16:3']   bwd core ['15:1', '15:2', '15:5', '16:3']   (1s)
  M= 44: fwd core ['15:4', '15:6', '16:2', '16:3']   bwd core ['15:1', '15:2', '15:5', '16:3']   (1s)
  M= 48: fwd core ['15:5', '15:6', '16:3']   bwd core ['15:4', '16:1', '16:2']   (1s)
  M= 52: fwd core ['15:4', '15:6', '16:2', '16:3']   bwd core ['15:1', '15:2', '15:5', '16:3']   (1s)
  M= 60: fwd core ['15:4', '15:6', '16:2', '16:3']   bwd core ['15:1', '15:2', '15:5', '16:3']   (1s)

== (3) broad sweep: 15-family + 16{1,2,3} infeasible?  (both parities)
  swept M in {40..100} u {104,108,112,120,128,150,200}: UNSAT everywhere except [51, 67, 83, 99]   (23s)

== (4) bottom-vs-guard forced orders under the maximal consistent prefix H*(M) = 15-family + 16{1..j*-1}
  M= 40: H* forces ['t14<b1', 't12<b2', 'b3<t10', 'b5<t6', 'b7<t2'];  b5<t6 under 15-family alone: False   (23s)
  M= 44: H* forces ['t14<b1', 't12<b2', 'b3<t10', 'b5<t6', 'b6<t4', 'b7<t2'];  b5<t6 under 15-family alone: False   (23s)
  M= 48: H* forces ['t14<b1', 'b2<t12', 'b3<t10', 'b5<t6', 'b7<t2'];  b5<t6 under 15-family alone: False   (23s)
  M= 52: H* forces ['t14<b1', 't12<b2', 'b3<t10', 'b5<t6', 'b6<t4', 'b7<t2'];  b5<t6 under 15-family alone: False   (23s)
  M= 60: H* forces ['t14<b1', 't12<b2', 'b3<t10', 'b5<t6', 'b6<t4', 'b7<t2'];  b5<t6 under 15-family alone: False   (23s)

== (5) anchor-lift scan: which lifts (through the M=40 value) does H*(M) force at ALL of M=44,48,52,60 (non-vacuous: H* SAT)
  66<53  :  NONE -- M40-ONLY literal   (23s)
  51<61  :  M+11 < M+21 | M+11 < 2M-19 | 2M-29 < M+21 | 2M-29 < 2M-19   (23s)
  71<61  :  M+31 < M+21 | M+31 < 2M-19 | 2M-9 < M+21 | 2M-9 < 2M-19   (23s)
  55<61  :  M+15 < M+21 | M+15 < 2M-19 | 2M-25 < M+21 | 2M-25 < 2M-19   (23s)
  67<61  :  2M-13 < 2M-19   (23s)
  59<53  :  M+19 < M+13 | M+19 < 2M-27 | 2M-21 < 2M-27   (23s)
  59<65  :  M+19 < M+25 | 2M-21 < M+25 | 2M-21 < 2M-15   (23s)
  71<65  :  M+31 < M+25 | M+31 < 2M-15 | 2M-9 < M+25 | 2M-9 < 2M-15   (23s)
  59<57  :  M+19 < M+17 | M+19 < 2M-23 | (3M-2)/2 < M+17 | 2M-21 < M+17 | 2M-21 < 2M-23   (23s)
  59<61  :  M+19 < M+21 | M+19 < 2M-19 | (3M-2)/2 < 2M-19 | 2M-21 < M+21 | 2M-21 < 2M-19   (23s)
  63<61  :  M+23 < M+21 | M+23 < 2M-19 | 2M-17 < 2M-19   (23s)
  55<65  :  M+15 < M+25 | 2M-25 < M+25 | 2M-25 < 2M-15   (23s)
  71<69  :  M+31 < 2M-11 | 2M-9 < 2M-11   (23s)
  63<65  :  M+23 < M+25 | M+23 < 2M-15 | 2M-17 < M+25 | 2M-17 < 2M-15   (23s)
  47<61  :  M+7 < M+21 | M+7 < 2M-19   (23s)
  71<73  :  M+31 < 2M-7 | 2M-9 < 2M-7   (23s)
  67<65  :  2M-13 < M+25 | 2M-13 < 2M-15   (23s)
  67<57  :  2M-13 < M+17 | 2M-13 < 2M-23   (23s)
  51<65  :  M+11 < M+25 | 2M-29 < M+25 | 2M-29 < 2M-15   (23s)
  51<42  :  M+11 < M+2 | (3M-18)/2 < M+2 | 2M-29 < M+2   (23s)
  51<60  :  M+11 < M+20 | M+11 < (3M+0)/2 | M+11 < 2M-20 | (3M-18)/2 < M+20 | (3M-18)/2 < (3M+0)/2 | (3M-18)/2 < 2M-20 | 2M-29 < M+20 | 2M-29 < (3M+0)/2 | 2M-29 < 2M-20   (23s)
  69<60  :  2M-11 < M+20 | 2M-11 < (3M+0)/2 | 2M-11 < 2M-20   (23s)
  71<60  :  M+31 < M+20 | M+31 < (3M+0)/2 | M+31 < 2M-20 | (3M+22)/2 < M+20 | (3M+22)/2 < (3M+0)/2 | (3M+22)/2 < 2M-20 | (7M+4)/4 < M+20 | 2M-9 < M+20 | 2M-9 < (3M+0)/2 | 2M-9 < 2M-20   (23s)
  69<78  :  2M-11 < 2M-2   (23s)
  61<44  :  M+21 < M+4 | (3M+2)/2 < M+4 | 2M-19 < M+4   (23s)
  61<78  :  M+21 < 2M-2 | (3M+2)/2 < 2M-2 | 2M-19 < 2M-2   (23s)
  47<78  :  M+7 < 2M-2   (23s)

== (6) deletion-minimal triple supports under H2(M) = 15-family + 16{1,2}, at M=44 and M=60 (selectorized instances); units then also minimized
  M=44 b7<b21: |triples|=124 units=['15:1', '15:2', '15:3', '15:4', '15:5', '15:6', '16:1']   (25s)
  M=44 b21<t2: |triples|=131 units=['15:1', '15:2', '15:4', '15:5', '15:6', '15:7', '16:1', '16:2']   (26s)
  M=44 m2<b4: |triples|=131 units=['15:1', '15:2', '15:3', '15:4', '15:5', '15:6', '15:7', '16:1', '16:2']   (27s)
  M=44 b7<t2: |triples|=138 units=['15:1', '15:2', '15:3', '15:4', '15:5', '15:6', '15:7', '16:1', '16:2']   (29s)
  M=60 b7<b21: |triples|=246 units=['15:1', '15:2', '15:3', '15:4', '15:5', '15:6', '15:7', '16:1', '16:2']   (62s)
  M=60 b21<t2: |triples|=262 units=['15:1', '15:2', '15:3', '15:4', '15:5', '15:6', '15:7', '16:1', '16:2']   (161s)
  M=60 m2<b4: |triples|=262 units=['15:1', '15:2', '15:3', '15:4', '15:5', '15:6', '15:7', '16:1', '16:2']   (219s)
  M=60 b7<t2: |triples|=270 units=['15:1', '15:2', '15:3', '15:4', '15:5', '15:6', '16:1', '16:2']   (271s)
  b7<b21: common bottom-offset triples [(2, 6, 10), (3, 9, 15), (3, 13, 23), (3, 15, 27), (3, 17, 31), (3, 21, 39), (4, 10, 16), (4, 18, 32), (5, 9, 13), (5, 13, 21), (5, 23, 41), (6, 14, 22), (6, 21, 36), (6, 25, 44), (7, 21, 35), (8, 20, 32), (8, 26, 44), (9, 19, 29), (9, 23, 37), (13, 19, 25), (13, 21, 29), (13, 25, 37), (14, 17, 20), (14, 24, 34), (14, 25, 36), (15, 21, 27), (16, 22, 28), (16, 30, 44), (17, 21, 25), (18, 25, 32), (19, 27, 35), (19, 29, 39), (21, 29, 37), (24, 25, 26), (27, 32, 37), (27, 33, 39), (29, 31, 33), (29, 34, 39), (30, 31, 32), (33, 37, 41), (37, 39, 41)]; common top-offset triples [(-42, -22, -2), (-41, -35, -29), (-41, -31, -21), (-41, -29, -17), (-41, -27, -13), (-41, -23, -5), (-40, -30, -20), (-40, -26, -12), (-39, -35, -31), (-39, -31, -23), (-39, -21, -3), (-37, -35, -33), (-37, -24, -11), (-37, -20, -3), (-36, -24, -12), (-35, -29, -23), (-33, -29, -25), (-31, -23, -15), (-31, -21, -11), (-31, -19, -7), (-30, -22, -14), (-29, -17, -5), (-27, -23, -19), (-27, -15, -3), (-26, -20, -14), (-26, -14, -2), (-25, -15, -5), (-24, -19, -14), (-24, -12, 0), (-23, -15, -7), (-21, -17, -13), (-20, -12, -4), (-19, -14, -9), (-16, -13, -10), (-15, -13, -11), (-15, -10, -5), (-11, -7, -3)]
  b21<t2: common bottom-offset triples [(1, 20, 39), (2, 22, 42), (3, 12, 21), (3, 13, 23), (4, 10, 16), (4, 23, 42), (5, 7, 9), (5, 13, 21), (5, 22, 39), (5, 23, 41), (6, 14, 22), (6, 25, 44), (7, 13, 19), (8, 10, 12), (8, 20, 32), (8, 26, 44), (9, 11, 13), (9, 16, 23), (9, 19, 29), (9, 23, 37), (10, 18, 26), (12, 18, 24), (12, 23, 34), (13, 19, 25), (13, 25, 37), (15, 26, 37), (16, 22, 28), (16, 30, 44), (17, 19, 21), (17, 21, 25), (18, 25, 32), (19, 27, 35), (19, 29, 39), (20, 26, 32), (21, 29, 37), (23, 25, 27), (26, 32, 38), (27, 33, 39), (29, 31, 33), (29, 34, 39), (31, 33, 35), (33, 37, 41)]; common top-offset triples [(-42, -22, -2), (-41, -39, -37), (-41, -31, -21), (-41, -27, -13), (-41, -23, -5), (-40, -34, -28), (-40, -30, -20), (-40, -27, -14), (-39, -35, -31), (-39, -31, -23), (-39, -22, -5), (-39, -21, -3), (-38, -26, -14), (-37, -24, -11), (-37, -20, -3), (-36, -24, -12), (-36, -18, 0), (-34, -28, -22), (-32, -21, -10), (-31, -23, -15), (-31, -21, -11), (-31, -19, -7), (-30, -22, -14), (-27, -23, -19), (-26, -20, -14), (-26, -14, -2), (-24, -19, -14), (-24, -12, 0), (-22, -18, -14), (-22, -14, -6), (-21, -15, -9), (-19, -14, -9), (-18, -12, -6), (-18, -10, -2), (-17, -11, -5), (-16, -13, -10), (-15, -13, -11), (-15, -10, -5), (-14, -10, -6)]
  m2<b4: common bottom-offset triples [(1, 20, 39), (3, 12, 21), (3, 13, 23), (3, 17, 31), (4, 10, 16), (4, 23, 42), (5, 7, 9), (5, 13, 21), (5, 22, 39), (6, 25, 44), (7, 13, 19), (8, 10, 12), (8, 19, 30), (8, 20, 32), (8, 26, 44), (9, 23, 37), (12, 18, 24), (13, 19, 25), (14, 24, 34), (15, 26, 37), (16, 22, 28), (16, 30, 44), (17, 19, 21), (17, 21, 25), (18, 25, 32), (19, 27, 35), (19, 29, 39), (23, 25, 27), (24, 25, 26), (26, 32, 38), (27, 33, 39), (29, 31, 33), (29, 34, 39), (30, 31, 32), (31, 33, 35), (33, 37, 41), (42, 43, 44)]; common top-offset triples [(-42, -22, -2), (-41, -39, -37), (-41, -31, -21), (-41, -29, -17), (-41, -27, -13), (-40, -27, -14), (-39, -22, -5), (-37, -24, -11), (-37, -20, -3), (-36, -24, -12), (-36, -18, 0), (-34, -28, -22), (-34, -25, -16), (-34, -19, -4), (-31, -23, -15), (-31, -21, -11), (-31, -19, -7), (-30, -22, -14), (-28, -25, -22), (-27, -23, -19), (-26, -20, -14), (-26, -14, -2), (-24, -18, -12), (-24, -12, 0), (-23, -12, -1), (-22, -14, -6), (-21, -17, -13), (-21, -15, -9), (-20, -12, -4), (-18, -12, -6), (-17, -11, -5), (-16, -13, -10), (-15, -13, -11), (-15, -10, -5), (-14, -10, -6), (-13, -12, -11)]
  b7<t2: common bottom-offset triples [(1, 20, 39), (3, 15, 27), (4, 10, 16), (4, 18, 32), (4, 22, 40), (4, 23, 42), (5, 13, 21), (5, 22, 39), (5, 23, 41), (6, 14, 22), (6, 21, 36), (6, 25, 44), (7, 13, 19), (8, 10, 12), (8, 20, 32), (8, 26, 44), (9, 19, 29), (9, 23, 37), (10, 15, 20), (11, 27, 43), (13, 19, 25), (13, 21, 29), (15, 21, 27), (16, 20, 24), (16, 22, 28), (16, 26, 36), (17, 19, 21), (17, 21, 25), (18, 25, 32), (19, 27, 35), (19, 29, 39), (20, 26, 32), (25, 34, 43), (26, 32, 38), (27, 33, 39), (29, 31, 33), (29, 34, 39), (31, 33, 35), (33, 37, 41), (37, 39, 41), (40, 42, 44)]; common top-offset triples [(-42, -22, -2), (-41, -39, -37), (-41, -31, -21), (-41, -29, -17), (-41, -23, -5), (-40, -34, -28), (-40, -30, -20), (-40, -27, -14), (-40, -26, -12), (-39, -22, -5), (-39, -21, -3), (-38, -23, -8), (-37, -24, -11), (-37, -20, -3), (-36, -24, -12), (-36, -18, 0), (-35, -26, -17), (-34, -28, -22), (-33, -29, -25), (-31, -23, -15), (-31, -21, -11), (-31, -19, -7), (-30, -22, -14), (-28, -24, -20), (-27, -23, -19), (-26, -20, -14), (-26, -14, -2), (-25, -14, -3), (-24, -19, -14), (-24, -18, -12), (-24, -12, 0), (-23, -15, -7), (-22, -18, -14), (-22, -14, -6), (-21, -17, -13), (-18, -12, -6), (-18, -10, -2), (-17, -11, -5), (-16, -13, -10), (-15, -13, -11), (-13, -10, -7), (-4, -2, 0)]

== (7) P3 skeleton F1..F7 instantiation at test M (arithmetic: inside (M,2M], AP)
  F1: M=40:ok  M=44:ok  M=48:ok  M=52:ok  M=60:ok
  F2: M=40:ok  M=44:ok  M=48:ok  M=52:ok  M=60:ok
  F3: M=40:ok  M=44:ok  M=48:ok  M=52:ok  M=60:ok
  F4: M=40:ok  M=44:ok  M=48:ok  M=52:ok  M=60:ok
  F5: M=40:ok  M=44:ok  M=48:ok  M=52:ok  M=60:ok
  F6: M=40:ok  M=44:ok  M=48:ok  M=52:ok  M=60:ok
  F7: M=40:ok  M=44:ok  M=48:ok  M=52:ok  M=60:ok

== (8) uniform-core sweeps (both parities, M=40..100 + big):  C4 = {15:1,15:2,15:5,16:3}   C3 = {15:5,15:6,16:3}
  C4: SAT (i.e. NOT a core) at [41, 42, 43, 45, 46, 47, 49, 50, 51, 53, 54, 55, 57, 58, 59, 61, 62, 63, 65, 66, 67, 69, 70, 71, 73, 74, 75, 77, 78, 79, 81, 82, 83, 85, 86, 87, 89, 90, 91, 93, 94, 95, 97, 98, 99, 150]   (283s)
  C3: SAT (i.e. NOT a core) at [41, 42, 43, 44, 45, 46, 47, 49, 50, 51, 52, 53, 54, 55, 57, 58, 59, 60, 61, 62, 63, 65, 66, 67, 68, 69, 70, 71, 73, 74, 75, 76, 77, 78, 79, 81, 82, 83, 84, 85, 86, 87, 89, 90, 91, 92, 93, 94, 95, 97, 98, 99, 100, 150]   (295s)

== (9) exceptional M (15-family + 16{1..3} SAT): j*(M) there, and does the FULL 16-family still refute?
  M=51 (M mod 16 = 3): j* = 4; 15-family+16{1..8} SAT=False   (295s)
  M=67 (M mod 16 = 3): j* = 4; 15-family+16{1..8} SAT=False   (295s)
  M=83 (M mod 16 = 3): j* = 4; 15-family+16{1..8} SAT=False   (295s)
  M=99 (M mod 16 = 3): j* = 4; 15-family+16{1..8} SAT=False   (296s)
  M=115 (M mod 16 = 3): j* = 4; 15-family+16{1..8} SAT=False   (296s)
  M=131 (M mod 16 = 3): j* = 4; 15-family+16{1..8} SAT=False   (297s)

== (10) final-chain literals under H*(M): F = forced, R = reverse forced, - = undetermined
  M= 40: b7<m2:F  m2<t2:F  m2<b4:F  b7<b21:F  b21<t2:F  b7<t2:F
  M= 44: b7<m2:-  m2<t2:F  m2<b4:F  b7<b21:F  b21<t2:F  b7<t2:F
  M= 48: b7<m2:F  m2<t2:F  m2<b4:F  b7<b21:F  b21<t2:F  b7<t2:F
  M= 52: b7<m2:-  m2<t2:F  m2<b4:F  b7<b21:F  b21<t2:F  b7<t2:F
  M= 60: b7<m2:-  m2<t2:F  m2<b4:F  b7<b21:F  b21<t2:F  b7<t2:F

total 297s
