==== M = 41  (mod4=1, mod8=1, mod16=9) ====
  S6: 15-family SAT=True; j*=2   (0s)
  S7: 10-unit core SAT=False (exception class: False)
  S9: 11-unit core SAT=False
  S8: C4 SAT=True (claim: UNSAT iff M==0 mod4; here mod4=1)   C3 SAT=True (claim: UNSAT iff M==0 mod8; here mod8=1)
  S11: {'b3<t10': '-', 'b5<t6': '-', 'b7<t2': '-'}  b5<t6 under 15fam alone: - (draft: not forced)   (0s)
  *** FAIL [S11 @ M=41] invariant b3<t10 not forced (status -)
  *** FAIL [S11 @ M=41] invariant b5<t6 not forced (status -)
  *** FAIL [S11 @ M=41] invariant b7<t2 not forced (status -)
  S12: O1a:-  O1b:R  O2a:-  O2b:R  O3a:R  O3b:R  O3c:F  O4a:R  O4b:R  O4c:F  O5:-  O6a:-  O6b:PARITY-SKIP  O6c:F  O7a:PARITY-SKIP  O7b:R  O7c:F  O8a:-  O8b:F   (0s)
  *** FAIL [S12 @ M=41] lemma O1a not forced under H* (status -)
  *** FAIL [S12 @ M=41] lemma O1b not forced under H* (status R)
  *** FAIL [S12 @ M=41] lemma O2a not forced under H* (status -)
  *** FAIL [S12 @ M=41] lemma O2b not forced under H* (status R)
  *** FAIL [S12 @ M=41] lemma O3a not forced under H* (status R)
  *** FAIL [S12 @ M=41] lemma O3b not forced under H* (status R)
  *** FAIL [S12 @ M=41] lemma O4a not forced under H* (status R)
  *** FAIL [S12 @ M=41] lemma O4b not forced under H* (status R)
  *** FAIL [S12 @ M=41] lemma O5 not forced under H* (status -)
  *** FAIL [S12 @ M=41] lemma O6a not forced under H* (status -)
  *** FAIL [S12 @ M=41] lemma O7b not forced under H* (status R)
  *** FAIL [S12 @ M=41] lemma O8a not forced under H* (status -)
  S13/G6 (odd): AP ok=True; m3<b5:F  m3<t2:F  (draft left this untested)
  S14: {'b7<b21': '-', 'b21<t2': '-', 'b7<t2': '-'}   (0s)
  *** FAIL [S14 @ M=41] chain literal b7<b21 not forced (status -)
  *** FAIL [S14 @ M=41] chain literal b21<t2 not forced (status -)
  *** FAIL [S14 @ M=41] chain literal b7<t2 not forced (status -)
  S16: F1:PARITY-SKIP  F2:PARITY-SKIP  F3:PARITY-SKIP  F4:PARITY-SKIP  F5:PARITY-SKIP  F6:PARITY-SKIP  F7:PARITY-SKIP

==== M = 43  (mod4=3, mod8=3, mod16=11) ====
  S6: 15-family SAT=True; j*=3   (0s)
  S7: 10-unit core SAT=False (exception class: False)
  S9: 11-unit core SAT=False
  S8: C4 SAT=True (claim: UNSAT iff M==0 mod4; here mod4=3)   C3 SAT=True (claim: UNSAT iff M==0 mod8; here mod8=3)
  S11: {'b3<t10': 'F', 'b5<t6': '-', 'b7<t2': '-'}  b5<t6 under 15fam alone: - (draft: not forced)   (0s)
  *** FAIL [S11 @ M=43] invariant b5<t6 not forced (status -)
  *** FAIL [S11 @ M=43] invariant b7<t2 not forced (status -)
  S12: O1a:F  O1b:R  O2a:F  O2b:R  O3a:R  O3b:R  O3c:F  O4a:R  O4b:R  O4c:F  O5:F  O6a:-  O6b:PARITY-SKIP  O6c:F  O7a:PARITY-SKIP  O7b:R  O7c:-  O8a:F  O8b:F   (0s)
  *** FAIL [S12 @ M=43] lemma O1b not forced under H* (status R)
  *** FAIL [S12 @ M=43] lemma O2b not forced under H* (status R)
  *** FAIL [S12 @ M=43] lemma O3a not forced under H* (status R)
  *** FAIL [S12 @ M=43] lemma O3b not forced under H* (status R)
  *** FAIL [S12 @ M=43] lemma O4a not forced under H* (status R)
  *** FAIL [S12 @ M=43] lemma O4b not forced under H* (status R)
  *** FAIL [S12 @ M=43] lemma O6a not forced under H* (status -)
  *** FAIL [S12 @ M=43] lemma O7b not forced under H* (status R)
  *** FAIL [S12 @ M=43] lemma O7c not forced under H* (status -)
  S13/G6 (odd): AP ok=True; m3<b5:F  m3<t2:F  (draft left this untested)
  S14: {'b7<b21': 'F', 'b21<t2': '-', 'b7<t2': '-'}   (0s)
  *** FAIL [S14 @ M=43] chain literal b21<t2 not forced (status -)
  *** FAIL [S14 @ M=43] chain literal b7<t2 not forced (status -)
  S16: F1:PARITY-SKIP  F2:PARITY-SKIP  F3:PARITY-SKIP  F4:PARITY-SKIP  F5:PARITY-SKIP  F6:PARITY-SKIP  F7:PARITY-SKIP

==== M = 45  (mod4=1, mod8=5, mod16=13) ====
  S6: 15-family SAT=True; j*=2   (0s)
  S7: 10-unit core SAT=False (exception class: False)
  S9: 11-unit core SAT=False
  S8: C4 SAT=True (claim: UNSAT iff M==0 mod4; here mod4=1)   C3 SAT=True (claim: UNSAT iff M==0 mod8; here mod8=5)
  S11: {'b3<t10': '-', 'b5<t6': '-', 'b7<t2': '-'}  b5<t6 under 15fam alone: - (draft: not forced)   (0s)
  *** FAIL [S11 @ M=45] invariant b3<t10 not forced (status -)
  *** FAIL [S11 @ M=45] invariant b5<t6 not forced (status -)
  *** FAIL [S11 @ M=45] invariant b7<t2 not forced (status -)
  S12: O1a:-  O1b:-  O2a:-  O2b:-  O3a:-  O3b:-  O3c:F  O4a:-  O4b:-  O4c:F  O5:-  O6a:-  O6b:PARITY-SKIP  O6c:F  O7a:PARITY-SKIP  O7b:R  O7c:-  O8a:-  O8b:F   (0s)
  *** FAIL [S12 @ M=45] lemma O1a not forced under H* (status -)
  *** FAIL [S12 @ M=45] lemma O1b not forced under H* (status -)
  *** FAIL [S12 @ M=45] lemma O2a not forced under H* (status -)
  *** FAIL [S12 @ M=45] lemma O2b not forced under H* (status -)
  *** FAIL [S12 @ M=45] lemma O3a not forced under H* (status -)
  *** FAIL [S12 @ M=45] lemma O3b not forced under H* (status -)
  *** FAIL [S12 @ M=45] lemma O4a not forced under H* (status -)
  *** FAIL [S12 @ M=45] lemma O4b not forced under H* (status -)
  *** FAIL [S12 @ M=45] lemma O5 not forced under H* (status -)
  *** FAIL [S12 @ M=45] lemma O6a not forced under H* (status -)
  *** FAIL [S12 @ M=45] lemma O7b not forced under H* (status R)
  *** FAIL [S12 @ M=45] lemma O7c not forced under H* (status -)
  *** FAIL [S12 @ M=45] lemma O8a not forced under H* (status -)
  S13/G6 (odd): AP ok=True; m3<b5:F  m3<t2:F  (draft left this untested)
  S14: {'b7<b21': '-', 'b21<t2': '-', 'b7<t2': '-'}   (0s)
  *** FAIL [S14 @ M=45] chain literal b7<b21 not forced (status -)
  *** FAIL [S14 @ M=45] chain literal b21<t2 not forced (status -)
  *** FAIL [S14 @ M=45] chain literal b7<t2 not forced (status -)
  S16: F1:PARITY-SKIP  F2:PARITY-SKIP  F3:PARITY-SKIP  F4:PARITY-SKIP  F5:PARITY-SKIP  F6:PARITY-SKIP  F7:PARITY-SKIP

==== M = 47  (mod4=3, mod8=7, mod16=15) ====
  S6: 15-family SAT=True; j*=3   (0s)
  S7: 10-unit core SAT=False (exception class: False)
  S9: 11-unit core SAT=False
  S8: C4 SAT=True (claim: UNSAT iff M==0 mod4; here mod4=3)   C3 SAT=True (claim: UNSAT iff M==0 mod8; here mod8=7)
  S11: {'b3<t10': 'F', 'b5<t6': '-', 'b7<t2': '-'}  b5<t6 under 15fam alone: - (draft: not forced)   (0s)
  *** FAIL [S11 @ M=47] invariant b5<t6 not forced (status -)
  *** FAIL [S11 @ M=47] invariant b7<t2 not forced (status -)
  S12: O1a:F  O1b:R  O2a:F  O2b:R  O3a:R  O3b:R  O3c:F  O4a:R  O4b:R  O4c:F  O5:F  O6a:-  O6b:PARITY-SKIP  O6c:F  O7a:PARITY-SKIP  O7b:R  O7c:-  O8a:F  O8b:F   (0s)
  *** FAIL [S12 @ M=47] lemma O1b not forced under H* (status R)
  *** FAIL [S12 @ M=47] lemma O2b not forced under H* (status R)
  *** FAIL [S12 @ M=47] lemma O3a not forced under H* (status R)
  *** FAIL [S12 @ M=47] lemma O3b not forced under H* (status R)
  *** FAIL [S12 @ M=47] lemma O4a not forced under H* (status R)
  *** FAIL [S12 @ M=47] lemma O4b not forced under H* (status R)
  *** FAIL [S12 @ M=47] lemma O6a not forced under H* (status -)
  *** FAIL [S12 @ M=47] lemma O7b not forced under H* (status R)
  *** FAIL [S12 @ M=47] lemma O7c not forced under H* (status -)
  S13/G6 (odd): AP ok=True; m3<b5:-  m3<t2:-  (draft left this untested)
  *** FAIL [S13/G6 @ M=47] odd-M analogue m3<b5 NOT forced (status -) -- the proposed odd-parity pivot step fails
  S14: {'b7<b21': 'F', 'b21<t2': '-', 'b7<t2': '-'}   (0s)
  *** FAIL [S14 @ M=47] chain literal b21<t2 not forced (status -)
  *** FAIL [S14 @ M=47] chain literal b7<t2 not forced (status -)
  S16: F1:PARITY-SKIP  F2:PARITY-SKIP  F3:PARITY-SKIP  F4:PARITY-SKIP  F5:PARITY-SKIP  F6:PARITY-SKIP  F7:PARITY-SKIP

==== M = 49  (mod4=1, mod8=1, mod16=1) ====
  S6: 15-family SAT=True; j*=2   (0s)
  S7: 10-unit core SAT=False (exception class: False)
  S9: 11-unit core SAT=False
  S8: C4 SAT=True (claim: UNSAT iff M==0 mod4; here mod4=1)   C3 SAT=True (claim: UNSAT iff M==0 mod8; here mod8=1)
  S11: {'b3<t10': '-', 'b5<t6': '-', 'b7<t2': '-'}  b5<t6 under 15fam alone: - (draft: not forced)   (0s)
  *** FAIL [S11 @ M=49] invariant b3<t10 not forced (status -)
  *** FAIL [S11 @ M=49] invariant b5<t6 not forced (status -)
  *** FAIL [S11 @ M=49] invariant b7<t2 not forced (status -)
  S12: O1a:-  O1b:-  O2a:-  O2b:-  O3a:-  O3b:-  O3c:F  O4a:-  O4b:-  O4c:F  O5:-  O6a:-  O6b:PARITY-SKIP  O6c:F  O7a:PARITY-SKIP  O7b:R  O7c:-  O8a:-  O8b:F   (1s)
  *** FAIL [S12 @ M=49] lemma O1a not forced under H* (status -)
  *** FAIL [S12 @ M=49] lemma O1b not forced under H* (status -)
  *** FAIL [S12 @ M=49] lemma O2a not forced under H* (status -)
  *** FAIL [S12 @ M=49] lemma O2b not forced under H* (status -)
  *** FAIL [S12 @ M=49] lemma O3a not forced under H* (status -)
  *** FAIL [S12 @ M=49] lemma O3b not forced under H* (status -)
  *** FAIL [S12 @ M=49] lemma O4a not forced under H* (status -)
  *** FAIL [S12 @ M=49] lemma O4b not forced under H* (status -)
  *** FAIL [S12 @ M=49] lemma O5 not forced under H* (status -)
  *** FAIL [S12 @ M=49] lemma O6a not forced under H* (status -)
  *** FAIL [S12 @ M=49] lemma O7b not forced under H* (status R)
  *** FAIL [S12 @ M=49] lemma O7c not forced under H* (status -)
  *** FAIL [S12 @ M=49] lemma O8a not forced under H* (status -)
  S13/G6 (odd): AP ok=True; m3<b5:F  m3<t2:F  (draft left this untested)
  S14: {'b7<b21': '-', 'b21<t2': '-', 'b7<t2': '-'}   (1s)
  *** FAIL [S14 @ M=49] chain literal b7<b21 not forced (status -)
  *** FAIL [S14 @ M=49] chain literal b21<t2 not forced (status -)
  *** FAIL [S14 @ M=49] chain literal b7<t2 not forced (status -)
  S16: F1:PARITY-SKIP  F2:PARITY-SKIP  F3:PARITY-SKIP  F4:PARITY-SKIP  F5:PARITY-SKIP  F6:PARITY-SKIP  F7:PARITY-SKIP

==== M = 53  (mod4=1, mod8=5, mod16=5) ====
  S6: 15-family SAT=True; j*=2   (1s)
  S7: 10-unit core SAT=False (exception class: False)
  S9: 11-unit core SAT=False
  S8: C4 SAT=True (claim: UNSAT iff M==0 mod4; here mod4=1)   C3 SAT=True (claim: UNSAT iff M==0 mod8; here mod8=5)
  S11: {'b3<t10': '-', 'b5<t6': '-', 'b7<t2': '-'}  b5<t6 under 15fam alone: - (draft: not forced)   (1s)
  *** FAIL [S11 @ M=53] invariant b3<t10 not forced (status -)
  *** FAIL [S11 @ M=53] invariant b5<t6 not forced (status -)
  *** FAIL [S11 @ M=53] invariant b7<t2 not forced (status -)
  S12: O1a:-  O1b:-  O2a:-  O2b:-  O3a:-  O3b:-  O3c:F  O4a:-  O4b:-  O4c:F  O5:-  O6a:-  O6b:PARITY-SKIP  O6c:F  O7a:PARITY-SKIP  O7b:R  O7c:-  O8a:-  O8b:-   (1s)
  *** FAIL [S12 @ M=53] lemma O1a not forced under H* (status -)
  *** FAIL [S12 @ M=53] lemma O1b not forced under H* (status -)
  *** FAIL [S12 @ M=53] lemma O2a not forced under H* (status -)
  *** FAIL [S12 @ M=53] lemma O2b not forced under H* (status -)
  *** FAIL [S12 @ M=53] lemma O3a not forced under H* (status -)
  *** FAIL [S12 @ M=53] lemma O3b not forced under H* (status -)
  *** FAIL [S12 @ M=53] lemma O4a not forced under H* (status -)
  *** FAIL [S12 @ M=53] lemma O4b not forced under H* (status -)
  *** FAIL [S12 @ M=53] lemma O5 not forced under H* (status -)
  *** FAIL [S12 @ M=53] lemma O6a not forced under H* (status -)
  *** FAIL [S12 @ M=53] lemma O7b not forced under H* (status R)
  *** FAIL [S12 @ M=53] lemma O7c not forced under H* (status -)
  *** FAIL [S12 @ M=53] lemma O8a not forced under H* (status -)
  *** FAIL [S12 @ M=53] lemma O8b not forced under H* (status -)
  S13/G6 (odd): AP ok=True; m3<b5:F  m3<t2:F  (draft left this untested)
  S14: {'b7<b21': '-', 'b21<t2': '-', 'b7<t2': '-'}   (1s)
  *** FAIL [S14 @ M=53] chain literal b7<b21 not forced (status -)
  *** FAIL [S14 @ M=53] chain literal b21<t2 not forced (status -)
  *** FAIL [S14 @ M=53] chain literal b7<t2 not forced (status -)
  S16: F1:PARITY-SKIP  F2:PARITY-SKIP  F3:PARITY-SKIP  F4:PARITY-SKIP  F5:PARITY-SKIP  F6:PARITY-SKIP  F7:PARITY-SKIP

==== M = 100  (mod4=0, mod8=4, mod16=4) ====
  S6: 15-family SAT=True; j*=3   (1s)
  S7: 10-unit core SAT=False (exception class: False)
  S9: 11-unit core SAT=False
  S8: C4 SAT=False (claim: UNSAT iff M==0 mod4; here mod4=0)   C3 SAT=True (claim: UNSAT iff M==0 mod8; here mod8=4)
  S11: {'b3<t10': 'F', 'b5<t6': 'F', 'b7<t2': 'F'}  b5<t6 under 15fam alone: - (draft: not forced)   (1s)
  S12: O1a:F  O1b:F  O2a:F  O2b:F  O3a:F  O3b:F  O3c:F  O4a:F  O4b:F  O4c:F  O5:F  O6a:F  O6b:F  O6c:F  O7a:F  O7b:F  O7c:F  O8a:F  O8b:F   (1s)
  S13 (even): AP ok=True; m2<b4:F  m2<t2:F
  S14: {'b7<b21': 'F', 'b21<t2': 'F', 'b7<t2': 'F'}   (1s)
  S16: F1:ok  F2:ok  F3:ok  F4:ok  F5:ok  F6:ok  F7:ok

==== M = 128  (mod4=0, mod8=0, mod16=0) ====
  S6: 15-family SAT=True; j*=2   (2s)
  S7: 10-unit core SAT=False (exception class: False)
  S9: 11-unit core SAT=False
  S8: C4 SAT=False (claim: UNSAT iff M==0 mod4; here mod4=0)   C3 SAT=False (claim: UNSAT iff M==0 mod8; here mod8=0)
  S11: {'b3<t10': 'F', 'b5<t6': 'F', 'b7<t2': 'F'}  b5<t6 under 15fam alone: - (draft: not forced)   (5s)
  S12: O1a:F  O1b:F  O2a:F  O2b:F  O3a:F  O3b:F  O3c:F  O4a:F  O4b:F  O4c:F  O5:F  O6a:F  O6b:F  O6c:F  O7a:F  O7b:F  O7c:F  O8a:F  O8b:F   (5s)
  S13 (even): AP ok=True; m2<b4:F  m2<t2:F
  S14: {'b7<b21': 'F', 'b21<t2': 'F', 'b7<t2': 'F'}   (5s)
  S16: F1:ok  F2:ok  F3:ok  F4:ok  F5:ok  F6:ok  F7:ok

==== M0 threshold scan: full OG(M) = (i) + 15{1..7} + 16{1..8}, M = 30..40 ====
  M=30: UNSAT   (5s)
  M=31: UNSAT   (5s)
  M=32: UNSAT   (5s)
  M=33: UNSAT   (5s)
  M=34: UNSAT   (5s)
  M=35: UNSAT   (5s)
  M=36: UNSAT   (5s)
  M=37: UNSAT   (5s)
  M=38: UNSAT   (5s)
  M=39: UNSAT   (5s)
  M=40: UNSAT   (5s)
  => least M with OG(M') UNSAT for all M' in [M,40]: 30

FAILURES: 103
  [S11 @ M=41] invariant b3<t10 not forced (status -)
  [S11 @ M=41] invariant b5<t6 not forced (status -)
  [S11 @ M=41] invariant b7<t2 not forced (status -)
  [S12 @ M=41] lemma O1a not forced under H* (status -)
  [S12 @ M=41] lemma O1b not forced under H* (status R)
  [S12 @ M=41] lemma O2a not forced under H* (status -)
  [S12 @ M=41] lemma O2b not forced under H* (status R)
  [S12 @ M=41] lemma O3a not forced under H* (status R)
  [S12 @ M=41] lemma O3b not forced under H* (status R)
  [S12 @ M=41] lemma O4a not forced under H* (status R)
  [S12 @ M=41] lemma O4b not forced under H* (status R)
  [S12 @ M=41] lemma O5 not forced under H* (status -)
  [S12 @ M=41] lemma O6a not forced under H* (status -)
  [S12 @ M=41] lemma O7b not forced under H* (status R)
  [S12 @ M=41] lemma O8a not forced under H* (status -)
  [S14 @ M=41] chain literal b7<b21 not forced (status -)
  [S14 @ M=41] chain literal b21<t2 not forced (status -)
  [S14 @ M=41] chain literal b7<t2 not forced (status -)
  [S11 @ M=43] invariant b5<t6 not forced (status -)
  [S11 @ M=43] invariant b7<t2 not forced (status -)
  [S12 @ M=43] lemma O1b not forced under H* (status R)
  [S12 @ M=43] lemma O2b not forced under H* (status R)
  [S12 @ M=43] lemma O3a not forced under H* (status R)
  [S12 @ M=43] lemma O3b not forced under H* (status R)
  [S12 @ M=43] lemma O4a not forced under H* (status R)
  [S12 @ M=43] lemma O4b not forced under H* (status R)
  [S12 @ M=43] lemma O6a not forced under H* (status -)
  [S12 @ M=43] lemma O7b not forced under H* (status R)
  [S12 @ M=43] lemma O7c not forced under H* (status -)
  [S14 @ M=43] chain literal b21<t2 not forced (status -)
  [S14 @ M=43] chain literal b7<t2 not forced (status -)
  [S11 @ M=45] invariant b3<t10 not forced (status -)
  [S11 @ M=45] invariant b5<t6 not forced (status -)
  [S11 @ M=45] invariant b7<t2 not forced (status -)
  [S12 @ M=45] lemma O1a not forced under H* (status -)
  [S12 @ M=45] lemma O1b not forced under H* (status -)
  [S12 @ M=45] lemma O2a not forced under H* (status -)
  [S12 @ M=45] lemma O2b not forced under H* (status -)
  [S12 @ M=45] lemma O3a not forced under H* (status -)
  [S12 @ M=45] lemma O3b not forced under H* (status -)
  [S12 @ M=45] lemma O4a not forced under H* (status -)
  [S12 @ M=45] lemma O4b not forced under H* (status -)
  [S12 @ M=45] lemma O5 not forced under H* (status -)
  [S12 @ M=45] lemma O6a not forced under H* (status -)
  [S12 @ M=45] lemma O7b not forced under H* (status R)
  [S12 @ M=45] lemma O7c not forced under H* (status -)
  [S12 @ M=45] lemma O8a not forced under H* (status -)
  [S14 @ M=45] chain literal b7<b21 not forced (status -)
  [S14 @ M=45] chain literal b21<t2 not forced (status -)
  [S14 @ M=45] chain literal b7<t2 not forced (status -)
  [S11 @ M=47] invariant b5<t6 not forced (status -)
  [S11 @ M=47] invariant b7<t2 not forced (status -)
  [S12 @ M=47] lemma O1b not forced under H* (status R)
  [S12 @ M=47] lemma O2b not forced under H* (status R)
  [S12 @ M=47] lemma O3a not forced under H* (status R)
  [S12 @ M=47] lemma O3b not forced under H* (status R)
  [S12 @ M=47] lemma O4a not forced under H* (status R)
  [S12 @ M=47] lemma O4b not forced under H* (status R)
  [S12 @ M=47] lemma O6a not forced under H* (status -)
  [S12 @ M=47] lemma O7b not forced under H* (status R)
  [S12 @ M=47] lemma O7c not forced under H* (status -)
  [S13/G6 @ M=47] odd-M analogue m3<b5 NOT forced (status -) -- the proposed odd-parity pivot step fails
  [S14 @ M=47] chain literal b21<t2 not forced (status -)
  [S14 @ M=47] chain literal b7<t2 not forced (status -)
  [S11 @ M=49] invariant b3<t10 not forced (status -)
  [S11 @ M=49] invariant b5<t6 not forced (status -)
  [S11 @ M=49] invariant b7<t2 not forced (status -)
  [S12 @ M=49] lemma O1a not forced under H* (status -)
  [S12 @ M=49] lemma O1b not forced under H* (status -)
  [S12 @ M=49] lemma O2a not forced under H* (status -)
  [S12 @ M=49] lemma O2b not forced under H* (status -)
  [S12 @ M=49] lemma O3a not forced under H* (status -)
  [S12 @ M=49] lemma O3b not forced under H* (status -)
  [S12 @ M=49] lemma O4a not forced under H* (status -)
  [S12 @ M=49] lemma O4b not forced under H* (status -)
  [S12 @ M=49] lemma O5 not forced under H* (status -)
  [S12 @ M=49] lemma O6a not forced under H* (status -)
  [S12 @ M=49] lemma O7b not forced under H* (status R)
  [S12 @ M=49] lemma O7c not forced under H* (status -)
  [S12 @ M=49] lemma O8a not forced under H* (status -)
  [S14 @ M=49] chain literal b7<b21 not forced (status -)
  [S14 @ M=49] chain literal b21<t2 not forced (status -)
  [S14 @ M=49] chain literal b7<t2 not forced (status -)
  [S11 @ M=53] invariant b3<t10 not forced (status -)
  [S11 @ M=53] invariant b5<t6 not forced (status -)
  [S11 @ M=53] invariant b7<t2 not forced (status -)
  [S12 @ M=53] lemma O1a not forced under H* (status -)
  [S12 @ M=53] lemma O1b not forced under H* (status -)
  [S12 @ M=53] lemma O2a not forced under H* (status -)
  [S12 @ M=53] lemma O2b not forced under H* (status -)
  [S12 @ M=53] lemma O3a not forced under H* (status -)
  [S12 @ M=53] lemma O3b not forced under H* (status -)
  [S12 @ M=53] lemma O4a not forced under H* (status -)
  [S12 @ M=53] lemma O4b not forced under H* (status -)
  [S12 @ M=53] lemma O5 not forced under H* (status -)
  [S12 @ M=53] lemma O6a not forced under H* (status -)
  [S12 @ M=53] lemma O7b not forced under H* (status R)
  [S12 @ M=53] lemma O7c not forced under H* (status -)
  [S12 @ M=53] lemma O8a not forced under H* (status -)
  [S12 @ M=53] lemma O8b not forced under H* (status -)
  [S14 @ M=53] chain literal b7<b21 not forced (status -)
  [S14 @ M=53] chain literal b21<t2 not forced (status -)
  [S14 @ M=53] chain literal b7<t2 not forced (status -)
total 5s
