[    0.0s] CHECK0 lin_nat: oracle == g3.build_labels on [1,2^16]: True
[    0.0s] CHECK0 lin_alt: oracle == g3.build_labels on [1,2^16]: True
[    0.1s] CHECK0 geo_nat: oracle == g3.build_labels on [1,2^16]: True
[    0.1s] CHECK0 geo_alt: oracle == g3.build_labels on [1,2^16]: True
[    0.1s] CHECK0 nearfull_nat: oracle == g3.build_labels on [1,2^16]: True
[    0.1s] CHECK0 nearfull_alt: oracle == g3.build_labels on [1,2^16]: True
[    0.2s] CHECK0 genstage_nat: oracle == g3.build_labels on [1,2^16]: True
[    0.2s] CHECK0 genstage_alt: oracle == g3.build_labels on [1,2^16]: True
[    0.2s] CHECK1 lin: d_t law iff on t in [8,40], x<=8: 131 predicted attacks + 133 predicted blanks all match: True
[    0.2s] CHECK1 geo: d_t law iff on t in [8,40], x<=8: 149 predicted attacks + 115 predicted blanks all match: True
[    0.2s] CHECK1 nearfull: d_t law iff on t in [8,40], x<=8: 132 predicted attacks + 132 predicted blanks all match: True
[    0.2s] CHECK1 genstage: d_t law iff on t in [8,40], x<=8: 131 predicted attacks + 133 predicted blanks all match: True
[    0.2s] CHECK2 lin_nat/A recv@odd: x=2 attacks all 26 claimed octaves (t=9..59), e.g. (2, 265, 528) .. (2, 288230376151711803, 576460752303423604)
[    0.2s] CHECK2 lin_nat/B recv@even: x=1 attacks all 27 claimed octaves (t=8..60), e.g. (1, 136, 271) .. (1, 576460752303423548, 1152921504606847095)
[    0.2s] CHECK2 geo_nat/B recv@even: x=1 attacks all 27 claimed octaves (t=8..60), e.g. (1, 144, 287) .. (1, 576460753377165312, 1152921506754330623)
[    0.2s] CHECK2 geo_nat/B kept@odd: x=3 attacks all 26 claimed octaves (t=9..59), e.g. (3, 273, 543) .. (3, 288230376688582657, 576460753377165311)
[    0.2s] CHECK2 nearfull_nat/A recv@odd: x=2 attacks all 26 claimed octaves (t=9..59), e.g. (2, 312, 622) .. (2, 298000897377193498, 596001794754386994)
[    0.2s] CHECK2 nearfull_nat/B recv@even: x=1 attacks all 27 claimed octaves (t=8..60), e.g. (1, 160, 319) .. (1, 595676110713537604, 1191352221427075207)
[    0.2s] CHECK2 genstage_nat/A recv@odd-plateau: x=2 attacks all 24 claimed octaves (t=9..59), e.g. (2, 288, 574) .. (2, 288265560523800576, 576531121047601150)
[    0.2s] CHECK2 genstage_nat/B recv@even-plateau: x=1 attacks all 24 claimed octaves (t=8..58), e.g. (1, 160, 319) .. (1, 144150372447944704, 288300744895889407)
[    0.2s] CHECK2 genstage_nat/A kept@jumps[12, 32, 60]: x=2 attacks all 3 claimed octaves (t=12..60), e.g. (2, 2081, 4160) .. (2, 576495936675512321, 1152991873351024640)
[    0.2s] CHECK2 genstage_nat/B kept@jumps[21, 45]: x=1 attacks all 2 claimed octaves (t=21..45), e.g. (1, 1052673, 2105345) .. (1, 17596481011713, 35192962023425)
[    0.2s] CHECK2 lin_alt/A recv@odd: x=2 attacks all 26 claimed octaves (t=9..59), e.g. (2, 265, 528) .. (2, 288230376151711803, 576460752303423604)
[    0.2s] CHECK2 lin_alt/B recv@even: x=1 attacks all 27 claimed octaves (t=8..60), e.g. (1, 136, 271) .. (1, 576460752303423548, 1152921504606847095)
[    0.2s] CHECK2 geo_alt/B recv@even: x=1 attacks all 27 claimed octaves (t=8..60), e.g. (1, 144, 287) .. (1, 576460753377165312, 1152921506754330623)
[    0.2s] CHECK2 geo_alt/B kept@odd: x=4 attacks all 26 claimed octaves (t=9..59), e.g. (4, 273, 542) .. (4, 288230376688582657, 576460753377165310)
[    0.2s] CHECK2 nearfull_alt/A recv@odd: x=2 attacks all 26 claimed octaves (t=9..59), e.g. (2, 312, 622) .. (2, 298000897377193498, 596001794754386994)
[    0.2s] CHECK2 nearfull_alt/B recv@even: x=1 attacks all 27 claimed octaves (t=8..60), e.g. (1, 160, 319) .. (1, 595676110713537604, 1191352221427075207)
[    0.2s] CHECK2 genstage_alt/A recv@odd-plateau: x=2 attacks all 24 claimed octaves (t=9..59), e.g. (2, 288, 574) .. (2, 288265560523800576, 576531121047601150)
[    0.2s] CHECK2 genstage_alt/B recv@even-plateau: x=1 attacks all 24 claimed octaves (t=8..58), e.g. (1, 160, 319) .. (1, 144150372447944704, 288300744895889407)
[    0.2s] CHECK2 genstage_alt/A kept@jumps[12, 32, 60]: x=2 attacks all 3 claimed octaves (t=12..60), e.g. (2, 2081, 4160) .. (2, 576495936675512321, 1152991873351024640)
[    0.2s] CHECK2 genstage_alt/B kept@jumps[21, 45]: x=1 attacks all 2 claimed octaves (t=21..45), e.g. (1, 1052673, 2105345) .. (1, 17596481011713, 35192962023425)
[    0.2s] CHECK2 geo_alt/A crown-plant family (2, 2^j-1, 2^(j+1)-4) verified at odd j in [9,59]
[    0.2s] CHECK2 concrete example triples from notes/38: all verified: True
[    0.2s] CHECK3 lin_nat/A: brute-force attacked octaves == d_t prediction for all in-team x<=64, t in [8,14]: True
[    0.2s] CHECK3 lin_nat/B: brute-force attacked octaves == d_t prediction for all in-team x<=64, t in [8,14]: True
[    0.2s] CHECK3 lin_alt/A: brute-force attacked octaves == d_t prediction for all in-team x<=64, t in [8,14]: True (+102 alt-plant extras, expected)
[    0.2s] CHECK3 lin_alt/B: brute-force attacked octaves == d_t prediction for all in-team x<=64, t in [8,14]: True (+86 alt-plant extras, expected)
[    0.3s] CHECK3 geo_nat/A: brute-force attacked octaves == d_t prediction for all in-team x<=64, t in [8,14]: True
[    0.3s] CHECK3 geo_nat/A cleanliness: no in-team x<=64 attacks any octave >= 12 (max attacked octave = 10): True
[    0.3s] CHECK3 geo_nat/B: brute-force attacked octaves == d_t prediction for all in-team x<=64, t in [8,14]: True
[    0.3s] CHECK3 geo_alt/A: brute-force attacked octaves == d_t prediction for all in-team x<=64, t in [8,14]: True (+108 alt-plant extras, expected)
[    0.3s] CHECK3 geo_alt/B: brute-force attacked octaves == d_t prediction for all in-team x<=64, t in [8,14]: True (+33 alt-plant extras, expected)
[    0.3s] CHECK3 nearfull_nat/A: brute-force attacked octaves == d_t prediction for all in-team x<=64, t in [8,14]: True
[    0.3s] CHECK3 nearfull_nat/B: brute-force attacked octaves == d_t prediction for all in-team x<=64, t in [8,14]: True
[    0.3s] CHECK3 nearfull_alt/A: brute-force attacked octaves == d_t prediction for all in-team x<=64, t in [8,14]: True (+53 alt-plant extras, expected)
[    0.3s] CHECK3 nearfull_alt/B: brute-force attacked octaves == d_t prediction for all in-team x<=64, t in [8,14]: True (+50 alt-plant extras, expected)
[    0.4s] CHECK3 genstage_nat/A: brute-force attacked octaves == d_t prediction for all in-team x<=64, t in [8,14]: True
[    0.4s] CHECK3 genstage_nat/B: brute-force attacked octaves == d_t prediction for all in-team x<=64, t in [8,14]: True
[    0.4s] CHECK3 genstage_alt/A: brute-force attacked octaves == d_t prediction for all in-team x<=64, t in [8,14]: True (+2 alt-plant extras, expected)
[    0.4s] CHECK3 genstage_alt/B: brute-force attacked octaves == d_t prediction for all in-team x<=64, t in [8,14]: True (+90 alt-plant extras, expected)
[    0.4s] CHECK4 lin_nat/B stored ray witness (16 nodes, max reflector 35): every step re-verified: True
[    0.4s] CHECK4 lin_nat/B: ray DFS-extended from stored node 65554 (octave 17) 63 steps to octave 80 (u ~ 2^80, max new reflector 266), all steps verified: True — censoring at 2^18 was not a horizon artifact
[    0.4s] CHECK4 geo_nat/B stored ray witness (18 nodes, max reflector 513): every step re-verified: True
[    0.4s] CHECK4 geo_nat/B: ray DFS-extended from stored node 65793 (octave 17) 63 steps to octave 80 (u ~ 2^80, max new reflector 1099512676353), all steps verified: True — censoring at 2^18 was not a horizon artifact
[    0.5s] CHECK5 bit-reversal order on [1,4096]: monotone 3-APs = 0
[    0.6s] CHECK5 geo_nat/A restricted to bit-reversal order at 2^12: monotone 3-APs = 0 (SAT confirmed independently)
[    0.7s] CHECK5 lin_nat/B restricted to bit-reversal order at 2^12: monotone 3-APs = 0 (SAT confirmed independently)
[    0.7s] ALL CHECKS PASS: True -> /Users/will/Dev/personal/tasks/math/erdos197/data/v1_verify.json
