== G3 calibrations ==
  s=0 == S_A | S_B: ok
  s=8 == h2 dyadic_bottom8: ok
  ray(S_A, cap 64): span 0, no flag: ok
  ray(Z+, cap 64): span 14 censored, flag: ok
  ray(bottom8/A, cap 64): span 10 censored flag, witness [23, 44, 71, 140]... reflectors [2, 5, 17]: ok (h2 orbit rediscovered)
  persistence top_gap=2: sa flagged, geneson clean: ok

== v2 geomix: s = 2^{t/2+1} even | 3*2^{(t-1)/2} odd  (d_even = 2^{t/2}, d_odd = 2^{(t+1)/2}) ==
   |A|=174249 |B|=87895  d_t (t=10..21): [32, 64, 64, 128, 128, 256, 256, 512, 512, 1024, 1024, 2048]
   d_t-law prediction A: ['recv-top (d>=2 at 15 octaves, e.g. t=[11, 13, 15, 17])']
   d_t-law prediction B: ['recv-top (d>=2 at 15 octaves, e.g. t=[10, 12, 14, 16])']
    [v2_geomix/A] H=2^12: ['ORBIT', 'RAY-GROW', 'CROWNP', 'ADAPT-kept-bottom', 'ADAPT-recv-top'] (0.0s)
    [v2_geomix/A] H=2^15: ['RAY-GROW', 'CROWNP', 'ADAPT-kept-bottom', 'ADAPT-recv-top'] (0.2s)
    [v2_geomix/A] H=2^18: ['RAY-GROW', 'CROWNP', 'ADAPT-kept-bottom', 'ADAPT-recv-top'] (2.5s)
    [v2_geomix/A] SAT H=4096: SAT (SAT, model verified, 4.6s)
    [v2_geomix/A] SAT H=32768: SAT (abj, fully verified, 0.7s)
    [v2_geomix/A] SAT H=262144: SAT (abj, verified on 2046 sampled gaps, 1.2s)
    [v2_geomix/B] H=2^12: ['RAY-GROW', 'CROWNP', 'ADAPT-kept-bottom', 'ADAPT-recv-top'] (0.0s)
    [v2_geomix/B] H=2^15: ['RAY-GROW', 'CROWNP', 'ADAPT-kept-bottom', 'ADAPT-recv-top'] (0.3s)
    [v2_geomix/B] H=2^18: ['RAY-GROW', 'CROWNP', 'ADAPT-kept-bottom', 'ADAPT-recv-top'] (1.5s)
    [v2_geomix/B] SAT H=4096: SAT (SAT, model verified, 1.2s)
    [v2_geomix/B] SAT H=32768: SAT (abj, fully verified, 0.7s)
    [v2_geomix/B] SAT H=262144: SAT (abj, verified on 2046 sampled gaps, 0.9s)
   -> DEAD-SIGNATURE  A death=['CROWNP'] | B death=['CROWNP']  law-match={'A': True, 'B': True} (14.0s)

== v2 geomirror: s = 2^{floor((t-1)/2)}  (mirror of geo: d_odd -> inf, d_even = 0) ==
   |A|=174762 |B|=87382  d_t (t=10..21): [0, 32, 0, 64, 0, 128, 0, 256, 0, 512, 0, 1024]
   d_t-law prediction A: ['kept-bottom (d<=6 at 15 octaves, e.g. t=[10, 12, 14, 16])', 'recv-top (d>=2 at 15 octaves, e.g. t=[11, 13, 15, 17])']
   d_t-law prediction B: ['CLEAN predicted']
    [v2_geomirror/A] H=2^12: ['ORBIT', 'RAY-GROW', 'CROWNP', 'ADAPT-kept-bottom', 'ADAPT-recv-top'] (0.1s)
    [v2_geomirror/A] H=2^15: ['ORBIT', 'RAY-GROW', 'CROWN', 'CROWNP', 'ADAPT-kept-bottom', 'ADAPT-recv-top'] (0.3s)
    [v2_geomirror/A] H=2^18: ['ORBIT', 'RAY-GROW', 'CROWNP', 'ADAPT-kept-bottom', 'ADAPT-recv-top'] (3.8s)
    [v2_geomirror/A] SAT H=4096: SAT (SAT, model verified, 5.0s)
    [v2_geomirror/A] SAT H=32768: SAT (abj, fully verified, 0.8s)
    [v2_geomirror/A] SAT H=262144: SAT (abj, verified on 2046 sampled gaps, 1.2s)
    [v2_geomirror/B] H=2^12: ['CROWN', 'ADAPT-kept-bottom'] (0.0s)
    [v2_geomirror/B] H=2^15: ['ADAPT-kept-bottom'] (0.1s)
    [v2_geomirror/B] H=2^18: ['ADAPT-kept-bottom'] (0.7s)
    [v2_geomirror/B] SAT H=4096: SAT (SAT, model verified, 1.1s)
    [v2_geomirror/B] SAT H=32768: SAT (abj, fully verified, 0.7s)
    [v2_geomirror/B] SAT H=262144: SAT (abj, verified on 2046 sampled gaps, 1.0s)
   -> DEAD-SIGNATURE  A death=['CROWNP', 'ORBIT'] | B death=-  law-match={'A': True, 'B': True} (14.9s)

== v2 geo3: s = 2^{floor(t/3)}  (d = 0 at t = 2 mod 3, else 2^{t/3}) ==
   |A|=174720 |B|=87424  d_t (t=10..21): [8, 0, 16, 16, 0, 32, 32, 0, 64, 64, 0, 128]
   d_t-law prediction A: ['kept-bottom (d<=6 at 5 octaves, e.g. t=[14, 20, 26, 32])', 'recv-top (d>=2 at 10 octaves, e.g. t=[13, 15, 19, 21])']
   d_t-law prediction B: ['kept-bottom (d<=6 at 5 octaves, e.g. t=[11, 17, 23, 29])', 'recv-top (d>=2 at 10 octaves, e.g. t=[10, 12, 16, 18])']
    [v2_geo3/A] H=2^12: ['CROWN', 'CROWNP', 'ADAPT-kept-bottom', 'ADAPT-recv-top'] (0.0s)
    [v2_geo3/A] H=2^15: ['CROWN', 'CROWNP', 'ADAPT-kept-bottom', 'ADAPT-recv-top'] (0.2s)
    [v2_geo3/A] H=2^18: ['CROWNP', 'ADAPT-kept-bottom', 'ADAPT-recv-top'] (2.4s)
    [v2_geo3/A] SAT H=4096: SAT (SAT, model verified, 4.9s)
    [v2_geo3/A] SAT H=32768: SAT (abj, fully verified, 0.7s)
    [v2_geo3/A] SAT H=262144: SAT (abj, verified on 2046 sampled gaps, 1.1s)
    [v2_geo3/B] H=2^12: ['CROWN', 'CROWNP', 'ADAPT-kept-bottom', 'ADAPT-recv-top'] (0.0s)
    [v2_geo3/B] H=2^15: ['CROWNP', 'ADAPT-kept-bottom'] (0.2s)
    [v2_geo3/B] H=2^18: ['CROWN', 'CROWNP', 'ADAPT-kept-bottom', 'ADAPT-recv-top'] (0.9s)
    [v2_geo3/B] SAT H=4096: SAT (SAT, model verified, 1.3s)
    [v2_geo3/B] SAT H=32768: SAT (abj, fully verified, 0.8s)
    [v2_geo3/B] SAT H=262144: SAT (abj, verified on 2046 sampled gaps, 1.0s)
   -> DEAD-SIGNATURE  A death=['CROWNP'] | B death=['CROWN', 'CROWNP']  law-match={'A': True, 'B': True} (13.5s)

== v2 addgeo: s = 2^{floor(t/2)} + t  (d_even ~ 2^{t/2}, d_odd = t-1) ==
   |A|=174242 |B|=87902  d_t (t=10..21): [41, 10, 75, 12, 141, 14, 271, 16, 529, 18, 1043, 20]
   d_t-law prediction A: ['recv-top (d>=2 at 15 octaves, e.g. t=[11, 13, 15, 17])']
   d_t-law prediction B: ['recv-top (d>=2 at 15 octaves, e.g. t=[10, 12, 14, 16])']
    [v2_addgeo/A] H=2^12: ['ORBIT', 'RAY-GROW', 'CROWNP', 'ADAPT-kept-bottom', 'ADAPT-recv-top'] (0.0s)
    [v2_addgeo/A] H=2^15: ['RAY-GROW', 'CROWNP', 'ADAPT-kept-bottom', 'ADAPT-recv-top'] (0.2s)
    [v2_addgeo/A] H=2^18: ['RAY-GROW', 'CROWNP', 'ADAPT-kept-bottom', 'ADAPT-recv-top'] (2.7s)
    [v2_addgeo/A] SAT H=4096: SAT (SAT, model verified, 4.6s)
    [v2_addgeo/A] SAT H=32768: SAT (abj, fully verified, 0.7s)
    [v2_addgeo/A] SAT H=262144: SAT (abj, verified on 2046 sampled gaps, 1.1s)
    [v2_addgeo/B] H=2^12: ['ORBIT', 'RAY-GROW', 'CROWN', 'CROWNP', 'ADAPT-kept-bottom', 'ADAPT-recv-top'] (0.0s)
    [v2_addgeo/B] H=2^15: ['ORBIT', 'RAY-GROW', 'CROWNP', 'ADAPT-kept-bottom', 'ADAPT-recv-top'] (0.3s)
    [v2_addgeo/B] H=2^18: ['RAY-GROW', 'CROWN', 'CROWNP', 'ADAPT-kept-bottom', 'ADAPT-recv-top'] (1.7s)
    [v2_addgeo/B] SAT H=4096: SAT (SAT, model verified, 1.4s)
    [v2_addgeo/B] SAT H=32768: SAT (abj, fully verified, 0.9s)
    [v2_addgeo/B] SAT H=262144: SAT (abj, verified on 2046 sampled gaps, 1.0s)
   -> DEAD-SIGNATURE  A death=['CROWNP'] | B death=['CROWN', 'CROWNP']  law-match={'A': True, 'B': True} (14.8s)

== v2 linmix: s = 3t even | 2t odd  (d_even = 4t-2, d_odd = t-3) ==
   |A|=174659 |B|=87485  d_t (t=10..21): [38, 8, 46, 10, 54, 12, 62, 14, 70, 16, 78, 18]
   d_t-law prediction A: ['recv-top (d>=2 at 15 octaves, e.g. t=[11, 13, 15, 17])']
   d_t-law prediction B: ['recv-top (d>=2 at 15 octaves, e.g. t=[10, 12, 14, 16])']
    [v2_linmix/A] H=2^12: ['CROWNP', 'ADAPT-kept-bottom', 'ADAPT-recv-top'] (0.0s)
    [v2_linmix/A] H=2^15: ['CROWN', 'CROWNP', 'ADAPT-kept-bottom', 'ADAPT-recv-top'] (0.1s)
    [v2_linmix/A] H=2^18: ['ORBIT', 'RAY-GROW', 'CROWNP', 'ADAPT-kept-bottom', 'ADAPT-recv-top'] (2.3s)
    [v2_linmix/A] SAT H=4096: SAT (SAT, model verified, 4.9s)
    [v2_linmix/A] SAT H=32768: SAT (abj, fully verified, 0.8s)
    [v2_linmix/A] SAT H=262144: SAT (abj, verified on 2046 sampled gaps, 1.1s)
    [v2_linmix/B] H=2^12: ['ORBIT', 'RAY-GROW', 'CROWN', 'CROWNP', 'ADAPT-kept-bottom', 'ADAPT-recv-top'] (0.0s)
    [v2_linmix/B] H=2^15: ['ORBIT', 'RAY-GROW', 'CROWNP', 'ADAPT-kept-bottom', 'ADAPT-recv-top'] (0.4s)
    [v2_linmix/B] H=2^18: ['ORBIT', 'RAY-GROW', 'CROWN', 'CROWNP', 'ADAPT-kept-bottom', 'ADAPT-recv-top'] (2.2s)
    [v2_linmix/B] SAT H=4096: SAT (SAT, model verified, 1.3s)
    [v2_linmix/B] SAT H=32768: SAT (abj, fully verified, 0.8s)
    [v2_linmix/B] SAT H=262144: SAT (abj, verified on 2046 sampled gaps, 1.0s)
   -> DEAD-SIGNATURE  A death=['CROWNP', 'ORBIT'] | B death=['CROWN', 'CROWNP', 'ORBIT']  law-match={'A': True, 'B': True} (15.0s)

== v2 neck2: s = floor(7*2^t/128) + 2  (constant neck d_t = 2) ==
   |A|=165204 |B|=96940  d_t (t=10..21): [2, 2, 2, 2, 2, 2, 2, 2, 2, 2, 2, 2]
   d_t-law prediction A: ['kept-bottom (d<=6 at 15 octaves, e.g. t=[10, 12, 14, 16])', 'recv-top (d>=2 at 15 octaves, e.g. t=[11, 13, 15, 17])']
   d_t-law prediction B: ['kept-bottom (d<=6 at 15 octaves, e.g. t=[11, 13, 15, 17])', 'recv-top (d>=2 at 15 octaves, e.g. t=[10, 12, 14, 16])']
    [v2_neck2/A] H=2^12: ['CROWNP', 'ADAPT-kept-bottom'] (0.0s)
    [v2_neck2/A] H=2^15: ['CROWN', 'CROWNP', 'ADAPT-kept-bottom'] (0.2s)
    [v2_neck2/A] H=2^18: ['CROWNP', 'ADAPT-kept-bottom'] (2.3s)
    [v2_neck2/A] SAT H=4096: SAT (SAT, model verified, 4.3s)
    [v2_neck2/A] SAT H=32768: SAT (abj, fully verified, 0.8s)
    [v2_neck2/A] SAT H=262144: SAT (abj, verified on 2046 sampled gaps, 1.1s)
    [v2_neck2/B] H=2^12: ['CROWN', 'CROWNP', 'ADAPT-kept-bottom', 'ADAPT-recv-top'] (0.0s)
    [v2_neck2/B] H=2^15: ['ORBIT', 'RAY-GROW', 'CROWNP', 'ADAPT-kept-bottom', 'ADAPT-recv-top'] (0.2s)
    [v2_neck2/B] H=2^18: ['ORBIT', 'RAY-GROW', 'CROWN', 'CROWNP', 'ADAPT-kept-bottom', 'ADAPT-recv-top'] (1.6s)
    [v2_neck2/B] SAT H=4096: SAT (SAT, model verified, 1.5s)
    [v2_neck2/B] SAT H=32768: SAT (abj, fully verified, 0.7s)
    [v2_neck2/B] SAT H=262144: SAT (abj, verified on 2046 sampled gaps, 1.0s)
   -> DEAD-SIGNATURE  A death=['CROWNP'] | B death=['CROWN', 'CROWNP', 'ORBIT']  law-match={'A': True, 'B': True} (13.9s)

both-teams-clean survivors: NONE
